[baseline-browser-mapping] The data in this module is over two months old.  To ensure accurate Baseline data, please update: `npm i baseline-browser-mapping@latest -D`
   ▲ Next.js 16.0.3 (Turbopack)
   - Environments: .env.local

 ⚠ The "middleware" file convention is deprecated. Please use "proxy" instead. Learn more: https://nextjs.org/docs/messages/middleware-to-proxy
   Creating an optimized production build ...
[baseline-browser-mapping] The data in this module is over two months old.  To ensure accurate Baseline data, please update: `npm i baseline-browser-mapping@latest -D`
Found 2 warnings while optimizing generated CSS:

Issue #1:
[2m│   initial-value: 0;[22m
[2m│ }[22m
[2m│[22m @import url('https://fonts.googleapis.com/css2?family=Inter:wght@400;500;600;700;800;900&display=swap');
[2m┆[22m        [33m[2m^--[22m @import rules must precede all rules aside from @charset and @layer statements[39m
[2m┆[22m
[2m│ :root {[22m
[2m│   --background: #FAFAFA;[22m

Issue #2:
[2m│     display: none;[22m
[2m│   }[22m
[2m│[22m   .print\\:hidden {
[2m┆[22m            [33m[2m^--[22m 'hidden' is not recognized as a valid pseudo-class. Did you mean '::hidden' (pseudo-element) or is this a typo?[39m
[2m┆[22m
[2m│     display: none !important;[22m
[2m│   }[22m


> Build error occurred
Error: Turbopack build failed with 1 errors:
./app/globals.css:2:121917
Parsing CSS source code failed
[0m [90m 1 |[39m [90m/*! tailwindcss v4.1.17 | MIT License | https://tailwindcss.com */[39m
[31m[1m>[22m[39m[90m 2 |[39m [33m@[39mlayer properties{[33m@[39msupports ((([33m-[39mwebkit[33m-[39mhyphens[33m:[39mnone)) and (not (margin[33m-[39mtrim[33m:[39minline))) or (([33m-[39mmoz[33m-[39morient[33m:[39minline) and (not (color[33m:[39mrgb([36mfrom[39m red r g b)))){[33m*[39m[33m,[39m[33m:[39mbefore[33m,[39m[33m:[39mafter[33m,[39m[33m:[39m[33m:[39mbackdrop{[33m--[39mtw[33m-[39mtranslate[33m-[39mx[33m:[39m[35m0[39m[33m;[39m[33m--[39mtw[33m-[39mtranslate[33m-[39my[33m:[39m[35m0[39m[33m;[39m[33m--[39mtw[33m-[39mtranslate[33m-[39mz[33m:[39m[35m0[39m[33m;[39m[33m--[39mtw[33m-[39mscale[33m-[39mx[33m:[39m[35m1[39m[33m;[39m[33m--[39mtw[33m-[39mscale[33m-[39my[33m:[39m[35m1[39m[33m;[39m[33m--[39mtw[33m-[39mscale[33m-[39mz[33m:[39m[35m1[39m[33m;[39m[33m--[39mtw[33m-[39mrotate[33m-[39mx[33m:[39minitial[33m;[39m[33m--[39mtw[33m-[39mrotate[33m-[39my[33m:[39minitial[33m;[39m[33m--[39mtw[33m-[39mrotate[33m-[39mz[33m:[39minitial[33m;[39m[33m--[39mtw[33m-[39mskew[33m-[39mx[33m:[39minitial[33m;[39m[33m--[39mtw[33m-[39mskew[33m-[39my[33m:[39minitial[33m;[39m[33m--[39mtw[33m-[39mspace[33m-[39my[33m-[39mreverse[33m:[39m[35m0[39m[33m;[39m[33m--[39mtw[33m-[39mspace[33m-[39mx[33m-[39mreverse[33m:[39m[35m0[39m[33m;[39m[33m--[39mtw[33m-[39mdivide[33m-[39my[33m-[39mreverse[33m:[39m[35m0[39m[33m;[39m[33m--[39mtw[33m-[39mborder[33m-[39mstyle[33m:[39msolid[33m;[39m[33m--[39mtw[33m-[39mgradient[33m-[39mposition[33m:[39minitial[33m;[39m[33m--[39mtw[33m-[39mgradient[33m-[39m[36mfrom[39m[33m:[39m[33m#[39m[35m0000[39m[33m;[39m[33m--[39mtw[33m-[39mgradient[33m-[39mvia[33m:[39m[33m#[39m[35m0000[39m[33m;[39m[33m--[39mtw[33m-[39mgradient[33m-[39mto[33m:[39m[33m#[39m[35m0000[39m[33m;[39m[33m--[39mtw[33m-[39mgradient[33m-[39mstops[33m:[39minitial[33m;[39m[33m--[39mtw[33m-[39mgradient[33m-[39mvia[33m-[39mstops[33m:[39minitial[33m;[39m[33m--[39mtw[33m-[39mgradient[33m-[39m[36mfrom[39m[33m-[39mposition[33m:[39m[35m0[39m[33m%[39m[33m;[39m[33m--[39mtw[33m-[39mgradient[33m-[39mvia[33m-[39mposition[33m:[39m[35m50[39m[33m%[39m[33m;[39m[33m--[39mtw[33m-[39mgradient[33m-[39mto[33m-[39mposition[33m:[39m[35m100[39m[33m%[39m[33m;[39m[33m--[39mtw[33m-[39mleading[33m:[39minitial[33m;[39m[33m--[39mtw[33m-[39mfont[33m-[39mweight[33m:[39minitial[33m;[39m[33m--[39mtw[33m-[39mtracking[33m:[39minitial[33m;[39m[33m--[39mtw[33m-[39mordinal[33m:[39minitial[33m;[39m[33m--[39mtw[33m-[39mslashed[33m-[39mzero[33m:[39minitial[33m;[39m[33m--[39mtw[33m-[39mnumeric[33m-[39mfigure[33m:[39minitial[33m;[39m[33m--[39mtw[33m-[39mnumeric[33m-[39mspacing[33m:[39minitial[33m;[39m[33m--[39mtw[33m-[39mnumeric[33m-[39mfraction[33m:[39minitial[33m;[39m[33m--[39mtw[33m-[39mshadow[33m:[39m[35m0[39m [35m0[39m [33m#[39m[35m0000[39m[33m;[39m[33m--[39mtw[33m-[39mshadow[33m-[39mcolor[33m:[39minitial[33m;[39m[33m--[39mtw[33m-[39mshadow[33m-[39malpha[33m:[39m[35m100[39m[33m%[39m[33m;[39m[33m--[39mtw[33m-[39minset[33m-[39mshadow[33m:[39m[35m0[39m [35m0[39m [33m#[39m[35m0000[39m[33m;[39m[33m--[39mtw[33m-[39minset[33m-[39mshadow[33m-[39mcolor[33m:[39minitial[33m;[39m[33m--[39mtw[33m-[39minset[33m-[39mshadow[33m-[39malpha[33m:[39m[35m100[39m[33m%[39m[33m;[39m[33m--[39mtw[33m-[39mring[33m-[39mcolor[33m:[39minitial[33m;[39m[33m--[39mtw[33m-[39mring[33m-[39mshadow[33m:[39m[35m0[39m [35m0[39m [33m#[39m[35m0000[39m[33m;[39m[33m--[39mtw[33m-[39minset[33m-[39mring[33m-[39mcolor[33m:[39minitial[33m;[39m[33m--[39mtw[33m-[39minset[33m-[39mring[33m-[39mshadow[33m:[39m[35m0[39m [35m0[39m [33m#[39m[35m0000[39m[33m;[39m[33m--[39mtw[33m-[39mring[33m-[39minset[33m:[39minitial[33m;[39m[33m--[39mtw[33m-[39mring[33m-[39moffset[33m-[39mwidth[33m:[39m[35m0[39mpx[33m;[39m[33m--[39mtw[33m-[39mring[33m-[39moffset[33m-[39mcolor[33m:[39m[33m#[39mfff[33m;[39m[33m--[39mtw[33m-[39mring[33m-[39moffset[33m-[39mshadow[33m:[39m[35m0[39m [35m0[39m [33m#[39m[35m0000[39m[33m;[39m[33m--[39mtw[33m-[39moutline[33m-[39mstyle[33m:[39msolid[33m;[39m[33m--[39mtw[33m-[39mduration[33m:[39minitial[33m;[39m[33m--[39mtw[33m-[39mease[33m:[39minitial[33m;[39m[33m--[39mtw[33m-[39mcontent[33m:[39m[32m""[39m[33m;[39m[33m--[39mtw[33m-[39manimation[33m-[39mdelay[33m:[39m[35m0[39ms[33m;[39m[33m--[39mtw[33m-[39manimation[33m-[39mdirection[33m:[39mnormal[33m;[39m[33m--[39mtw[33m-[39manimation[33m-[39mduration[33m:[39minitial[33m;[39m[33m--[39mtw[33m-[39manimation[33m-[39mfill[33m-[39mmode[33m:[39mforwards[33m;[39m[33m--[39mtw[33m-[39manimation[33m-[39miteration[33m-[39mcount[33m:[39m[35m1[39m[33m;[39m[33m--[39mtw[33m-[39menter[33m-[39mopacity[33m:[39m[35m1[39m[33m;[39m[33m--[39mtw[33m-[39menter[33m-[39mrotate[33m:[39m[35m0[39m[33m;[39m[33m--[39mtw[33m-[39menter[33m-[39mscale[33m:[39m[35m1[39m[33m;[39m[33m--[39mtw[33m-[39menter[33m-[39mtranslate[33m-[39mx[33m:[39m[35m0[39m[33m;[39m[33m--[39mtw[33m-[39menter[33m-[39mtranslate[33m-[39my[33m:[39m[35m0[39m[33m;[39m[33m--[39mtw[33m-[39mexit[33m-[39mopacity[33m:[39m[35m1[39m[33m;[39m[33m--[39mtw[33m-[39mexit[33m-[39mrotate[33m:[39m[35m0[39m[33m;[39m[33m--[39mtw[33m-[39mexit[33m-[39mscale[33m:[39m[35m1[39m[33m;[39m[33m--[39mtw[33m-[39mexit[33m-[39mtranslate[33m-[39mx[33m:[39m[35m0[39m[33m;[39m[33m--[39mtw[33m-[39mexit[33m-[39mtranslate[33m-[39my[33m:[39m[35m0[39m}}}[33m@[39mlayer theme{[33m:[39mroot[33m,[39m[33m:[39mhost{[33m--[39mcolor[33m-[39mred[33m-[39m[35m50[39m[33m:[39moklch([35m97.1[39m[33m%[39m [35m.013[39m [35m17.38[39m)[33m;[39m[33m--[39mcolor[33m-[39mred[33m-[39m[35m300[39m[33m:[39moklch([35m80.8[39m[33m%[39m [35m.114[39m [35m19.571[39m)[33m;[39m[33m--[39mcolor[33m-[39mred[33m-[39m[35m400[39m[33m:[39moklch([35m70.4[39m[33m%[39m [35m.191[39m [35m22.216[39m)[33m;[39m[33m--[39mcolor[33m-[39mred[33m-[39m[35m600[39m[33m:[39moklch([35m57.7[39m[33m%[39m [35m.245[39m [35m27.325[39m)[33m;[39m[33m--[39mcolor[33m-[39morange[33m-[39m[35m500[39m[33m:[39moklch([35m70.5[39m[33m%[39m [35m.213[39m [35m47.604[39m)[33m;[39m[33m--[39mcolor[33m-[39mgreen[33m-[39m[35m400[39m[33m:[39moklch([35m79.2[39m[33m%[39m [35m.209[39m [35m151.711[39m)[33m;[39m[33m--[39mcolor[33m-[39mgreen[33m-[39m[35m500[39m[33m:[39moklch([35m72.3[39m[33m%[39m [35m.219[39m [35m149.579[39m)[33m;[39m[33m--[39mcolor[33m-[39mgreen[33m-[39m[35m600[39m[33m:[39moklch([35m62.7[39m[33m%[39m [35m.194[39m [35m149.214[39m)[33m;[39m[33m--[39mcolor[33m-[39memerald[33m-[39m[35m500[39m[33m:[39moklch([35m69.6[39m[33m%[39m [35m.17[39m [35m162.48[39m)[33m;[39m[33m--[39mcolor[33m-[39mblack[33m:[39m[33m#[39m[35m000[39m[33m;[39m[33m--[39mcolor[33m-[39mwhite[33m:[39m[33m#[39mfff[33m;[39m[33m--[39mspacing[33m:[39m[35m.25[39mrem[33m;[39m[33m--[39mcontainer[33m-[39mxs[33m:[39m[35m20[39mrem[33m;[39m[33m--[39mcontainer[33m-[39msm[33m:[39m[35m24[39mrem[33m;[39m[33m--[39mcontainer[33m-[39mmd[33m:[39m[35m28[39mrem[33m;[39m[33m--[39mcontainer[33m-[39mlg[33m:[39m[35m32[39mrem[33m;[39m[33m--[39mcontainer[33m-[39m[35m2[39mxl[33m:[39m[35m42[39mrem[33m;[39m[33m--[39mcontainer[33m-[39m[35m4[39mxl[33m:[39m[35m56[39mrem[33m;[39m[33m--[39mcontainer[33m-[39m[35m6[39mxl[33m:[39m[35m72[39mrem[33m;[39m[33m--[39mcontainer[33m-[39m[35m7[39mxl[33m:[39m[35m80[39mrem[33m;[39m[33m--[39mtext[33m-[39mxs[33m:[39m[35m.75[39mrem[33m;[39m[33m--[39mtext[33m-[39mxs[33m--[39mline[33m-[39mheight[33m:[39mcalc([35m1[39m[33m/[39m[35m.75[39m)[33m;[39m[33m--[39mtext[33m-[39msm[33m:[39m[35m.875[39mrem[33m;[39m[33m--[39mtext[33m-[39msm[33m--[39mline[33m-[39mheight[33m:[39mcalc([35m1.25[39m[33m/[39m[35m.875[39m)[33m;[39m[33m--[39mtext[33m-[39mbase[33m:[39m[35m1[39mrem[33m;[39m[33m--[39mtext[33m-[39mbase[33m--[39mline[33m-[39mheight[33m:[39mcalc([35m1.5[39m[33m/[39m[35m1[39m)[33m;[39m[33m--[39mtext[33m-[39mlg[33m:[39m[35m1.125[39mrem[33m;[39m[33m--[39mtext[33m-[39mlg[33m--[39mline[33m-[39mheight[33m:[39mcalc([35m1.75[39m[33m/[39m[35m1.125[39m)[33m;[39m[33m--[39mtext[33m-[39mxl[33m:[39m[35m1.25[39mrem[33m;[39m[33m--[39mtext[33m-[39mxl[33m--[39mline[33m-[39mheight[33m:[39mcalc([35m1.75[39m[33m/[39m[35m1.25[39m)[33m;[39m[33m--[39mtext[33m-[39m[35m2[39mxl[33m:[39m[35m1.5[39mrem[33m;[39m[33m--[39mtext[33m-[39m[35m2[39mxl[33m--[39mline[33m-[39mheight[33m:[39mcalc([35m2[39m[33m/[39m[35m1.5[39m)[33m;[39m[33m--[39mtext[33m-[39m[35m3[39mxl[33m:[39m[35m1.875[39mrem[33m;[39m[33m--[39mtext[33m-[39m[35m3[39mxl[33m--[39mline[33m-[39mheight[33m:[39mcalc([35m2.25[39m[33m/[39m[35m1.875[39m)[33m;[39m[33m--[39mtext[33m-[39m[35m4[39mxl[33m:[39m[35m2.25[39mrem[33m;[39m[33m--[39mtext[33m-[39m[35m4[39mxl[33m--[39mline[33m-[39mheight[33m:[39mcalc([35m2.5[39m[33m/[39m[35m2.25[39m)[33m;[39m[33m--[39mtext[33m-[39m[35m5[39mxl[33m:[39m[35m3[39mrem[33m;[39m[33m--[39mtext[33m-[39m[35m5[39mxl[33m--[39mline[33m-[39mheight[33m:[39m[35m1[39m[33m;[39m[33m--[39mtext[33m-[39m[35m6[39mxl[33m:[39m[35m3.75[39mrem[33m;[39m[33m--[39mtext[33m-[39m[35m6[39mxl[33m--[39mline[33m-[39mheight[33m:[39m[35m1[39m[33m;[39m[33m--[39mtext[33m-[39m[35m7[39mxl[33m:[39m[35m4.5[39mrem[33m;[39m[33m--[39mtext[33m-[39m[35m7[39mxl[33m--[39mline[33m-[39mheight[33m:[39m[35m1[39m[33m;[39m[33m--[39mfont[33m-[39mweight[33m-[39mnormal[33m:[39m[35m400[39m[33m;[39m[33m--[39mfont[33m-[39mweight[33m-[39mmedium[33m:[39m[35m500[39m[33m;[39m[33m--[39mfont[33m-[39mweight[33m-[39msemibold[33m:[39m[35m600[39m[33m;[39m[33m--[39mfont[33m-[39mweight[33m-[39mbold[33m:[39m[35m700[39m[33m;[39m[33m--[39mtracking[33m-[39mtight[33m:[39m[33m-[39m[35m.025[39mem[33m;[39m[33m--[39mtracking[33m-[39mwidest[33m:[39m[35m.1[39mem[33m;[39m[33m--[39mleading[33m-[39mtight[33m:[39m[35m1.25[39m[33m;[39m[33m--[39mleading[33m-[39msnug[33m:[39m[35m1.375[39m[33m;[39m[33m--[39mleading[33m-[39mnormal[33m:[39m[35m1.5[39m[33m;[39m[33m--[39mleading[33m-[39mrelaxed[33m:[39m[35m1.625[39m[33m;[39m[33m--[39mradius[33m-[39mxs[33m:[39m[35m.125[39mrem[33m;[39m[33m--[39mease[33m-[39m[36min[39m[33m-[39mout[33m:[39mcubic[33m-[39mbezier([35m.4[39m[33m,[39m[35m0[39m[33m,[39m[35m.2[39m[33m,[39m[35m1[39m)[33m;[39m[33m--[39manimate[33m-[39mspin[33m:[39mspin [35m1[39ms linear infinite[33m;[39m[33m--[39manimate[33m-[39mpulse[33m:[39mpulse [35m2[39ms cubic[33m-[39mbezier([35m.4[39m[33m,[39m[35m0[39m[33m,[39m[35m.6[39m[33m,[39m[35m1[39m)infinite[33m;[39m[33m--[39maspect[33m-[39mvideo[33m:[39m[35m16[39m[33m/[39m[35m9[39m[33m;[39m[33m--[39m[36mdefault[39m[33m-[39mtransition[33m-[39mduration[33m:[39m[35m.15[39ms[33m;[39m[33m--[39m[36mdefault[39m[33m-[39mtransition[33m-[39mtiming[33m-[39m[36mfunction[39m[33m:[39mcubic[33m-[39mbezier([35m.4[39m[33m,[39m[35m0[39m[33m,[39m[35m.2[39m[33m,[39m[35m1[39m)[33m;[39m[33m--[39m[36mdefault[39m[33m-[39mfont[33m-[39mfamily[33m:[39m[32m"Inter"[39m[33m,[39m[32m"system-ui"[39m[33m,[39m[32m"sans-serif"[39m[33m;[39m[33m--[39m[36mdefault[39m[33m-[39mmono[33m-[39mfont[33m-[39mfamily[33m:[39m[32m"Geist Mono"[39m[33m,[39m[32m"Geist Mono Fallback"[39m[33m;[39m[33m--[39mcolor[33m-[39mborder[33m:[39m[36mvar[39m([33m--[39mborder)}}[33m@[39mlayer base{[33m*[39m[33m,[39m[33m:[39mafter[33m,[39m[33m:[39mbefore[33m,[39m[33m:[39m[33m:[39mbackdrop{box[33m-[39msizing[33m:[39mborder[33m-[39mbox[33m;[39mborder[33m:[39m[35m0[39m solid[33m;[39mmargin[33m:[39m[35m0[39m[33m;[39mpadding[33m:[39m[35m0[39m}[33m:[39m[33m:[39mfile[33m-[39mselector[33m-[39mbutton{box[33m-[39msizing[33m:[39mborder[33m-[39mbox[33m;[39mborder[33m:[39m[35m0[39m solid[33m;[39mmargin[33m:[39m[35m0[39m[33m;[39mpadding[33m:[39m[35m0[39m}html[33m,[39m[33m:[39mhost{[33m-[39mwebkit[33m-[39mtext[33m-[39msize[33m-[39madjust[33m:[39m[35m100[39m[33m%[39m[33m;[39mtab[33m-[39msize[33m:[39m[35m4[39m[33m;[39mline[33m-[39mheight[33m:[39m[35m1.5[39m[33m;[39mfont[33m-[39mfamily[33m:[39m[36mvar[39m([33m--[39m[36mdefault[39m[33m-[39mfont[33m-[39mfamily[33m,[39mui[33m-[39msans[33m-[39mserif[33m,[39msystem[33m-[39mui[33m,[39msans[33m-[39mserif[33m,[39m[32m"Apple Color Emoji"[39m[33m,[39m[32m"Segoe UI Emoji"[39m[33m,[39m[32m"Segoe UI Symbol"[39m[33m,[39m[32m"Noto Color Emoji"[39m)[33m;[39mfont[33m-[39mfeature[33m-[39msettings[33m:[39m[36mvar[39m([33m--[39m[36mdefault[39m[33m-[39mfont[33m-[39mfeature[33m-[39msettings[33m,[39mnormal)[33m;[39mfont[33m-[39mvariation[33m-[39msettings[33m:[39m[36mvar[39m([33m--[39m[36mdefault[39m[33m-[39mfont[33m-[39mvariation[33m-[39msettings[33m,[39mnormal)[33m;[39m[33m-[39mwebkit[33m-[39mtap[33m-[39mhighlight[33m-[39mcolor[33m:[39mtransparent}hr{height[33m:[39m[35m0[39m[33m;[39mcolor[33m:[39minherit[33m;[39mborder[33m-[39mtop[33m-[39mwidth[33m:[39m[35m1[39mpx}abbr[33m:[39mwhere([title]){[33m-[39mwebkit[33m-[39mtext[33m-[39mdecoration[33m:[39munderline dotted[33m;[39mtext[33m-[39mdecoration[33m:[39munderline dotted}h1[33m,[39mh2[33m,[39mh3[33m,[39mh4[33m,[39mh5[33m,[39mh6{font[33m-[39msize[33m:[39minherit[33m;[39mfont[33m-[39mweight[33m:[39minherit}a{color[33m:[39minherit[33m;[39m[33m-[39mwebkit[33m-[39mtext[33m-[39mdecoration[33m:[39minherit[33m;[39m[33m-[39mwebkit[33m-[39mtext[33m-[39mdecoration[33m:[39minherit[33m;[39m[33m-[39mwebkit[33m-[39mtext[33m-[39mdecoration[33m:[39minherit[33m;[39mtext[33m-[39mdecoration[33m:[39minherit}b[33m,[39mstrong{font[33m-[39mweight[33m:[39mbolder}code[33m,[39mkbd[33m,[39msamp[33m,[39mpre{font[33m-[39mfamily[33m:[39m[36mvar[39m([33m--[39m[36mdefault[39m[33m-[39mmono[33m-[39mfont[33m-[39mfamily[33m,[39mui[33m-[39mmonospace[33m,[39m[33mSFMono[39m[33m-[39m[33mRegular[39m[33m,[39m[33mMenlo[39m[33m,[39m[33mMonaco[39m[33m,[39m[33mConsolas[39m[33m,[39m[32m"Liberation Mono"[39m[33m,[39m[32m"Courier New"[39m[33m,[39mmonospace)[33m;[39mfont[33m-[39mfeature[33m-[39msettings[33m:[39m[36mvar[39m([33m--[39m[36mdefault[39m[33m-[39mmono[33m-[39mfont[33m-[39mfeature[33m-[39msettings[33m,[39mnormal)[33m;[39mfont[33m-[39mvariation[33m-[39msettings[33m:[39m[36mvar[39m([33m--[39m[36mdefault[39m[33m-[39mmono[33m-[39mfont[33m-[39mvariation[33m-[39msettings[33m,[39mnormal)[33m;[39mfont[33m-[39msize[33m:[39m[35m1[39mem}small{font[33m-[39msize[33m:[39m[35m80[39m[33m%[39m}sub[33m,[39msup{vertical[33m-[39malign[33m:[39mbaseline[33m;[39mfont[33m-[39msize[33m:[39m[35m75[39m[33m%[39m[33m;[39mline[33m-[39mheight[33m:[39m[35m0[39m[33m;[39mposition[33m:[39mrelative}sub{bottom[33m:[39m[33m-[39m[35m.25[39mem}sup{top[33m:[39m[33m-[39m[35m.5[39mem}table{text[33m-[39mindent[33m:[39m[35m0[39m[33m;[39mborder[33m-[39mcolor[33m:[39minherit[33m;[39mborder[33m-[39mcollapse[33m:[39mcollapse}[33m:[39m[33m-[39mmoz[33m-[39mfocusring{outline[33m:[39mauto}progress{vertical[33m-[39malign[33m:[39mbaseline}summary{display[33m:[39mlist[33m-[39mitem}ol[33m,[39mul[33m,[39mmenu{list[33m-[39mstyle[33m:[39mnone}img[33m,[39msvg[33m,[39mvideo[33m,[39mcanvas[33m,[39maudio[33m,[39miframe[33m,[39membed[33m,[39mobject{vertical[33m-[39malign[33m:[39mmiddle[33m;[39mdisplay[33m:[39mblock}img[33m,[39mvideo{max[33m-[39mwidth[33m:[39m[35m100[39m[33m%[39m[33m;[39mheight[33m:[39mauto}button[33m,[39minput[33m,[39mselect[33m,[39moptgroup[33m,[39mtextarea{font[33m:[39minherit[33m;[39mfont[33m-[39mfeature[33m-[39msettings[33m:[39minherit[33m;[39mfont[33m-[39mvariation[33m-[39msettings[33m:[39minherit[33m;[39mletter[33m-[39mspacing[33m:[39minherit[33m;[39mcolor[33m:[39minherit[33m;[39mopacity[33m:[39m[35m1[39m[33m;[39mbackground[33m-[39mcolor[33m:[39m[33m#[39m[35m0000[39m[33m;[39mborder[33m-[39mradius[33m:[39m[35m0[39m}[33m:[39m[33m:[39mfile[33m-[39mselector[33m-[39mbutton{font[33m:[39minherit[33m;[39mfont[33m-[39mfeature[33m-[39msettings[33m:[39minherit[33m;[39mfont[33m-[39mvariation[33m-[39msettings[33m:[39minherit[33m;[39mletter[33m-[39mspacing[33m:[39minherit[33m;[39mcolor[33m:[39minherit[33m;[39mopacity[33m:[39m[35m1[39m[33m;[39mbackground[33m-[39mcolor[33m:[39m[33m#[39m[35m0000[39m[33m;[39mborder[33m-[39mradius[33m:[39m[35m0[39m}[33m:[39mwhere(select[33m:[39mis([multiple][33m,[39m[size])) optgroup{font[33m-[39mweight[33m:[39mbolder}[33m:[39mwhere(select[33m:[39mis([multiple][33m,[39m[size])) optgroup option{padding[33m-[39minline[33m-[39mstart[33m:[39m[35m20[39mpx}[33m:[39m[33m:[39mfile[33m-[39mselector[33m-[39mbutton{margin[33m-[39minline[33m-[39mend[33m:[39m[35m4[39mpx}[33m:[39m[33m:[39mplaceholder{opacity[33m:[39m[35m1[39m}[33m@[39msupports (not (([33m-[39mwebkit[33m-[39mappearance[33m:[39m[33m-[39mapple[33m-[39mpay[33m-[39mbutton))) or (contain[33m-[39mintrinsic[33m-[39msize[33m:[39m[35m1[39mpx){[33m:[39m[33m:[39mplaceholder{color[33m:[39mcurrentColor}[33m@[39msupports (color[33m:[39mcolor[33m-[39mmix([36min[39m lab[33m,[39m red[33m,[39m red)){[33m:[39m[33m:[39mplaceholder{color[33m:[39mcolor[33m-[39mmix([36min[39m oklab[33m,[39mcurrentcolor [35m50[39m[33m%[39m[33m,[39mtransparent)}}}textarea{resize[33m:[39mvertical}[33m:[39m[33m:[39m[33m-[39mwebkit[33m-[39msearch[33m-[39mdecoration{[33m-[39mwebkit[33m-[39mappearance[33m:[39mnone}[33m:[39m[33m:[39m[33m-[39mwebkit[33m-[39mdate[33m-[39mand[33m-[39mtime[33m-[39mvalue{min[33m-[39mheight[33m:[39m[35m1[39mlh[33m;[39mtext[33m-[39malign[33m:[39minherit}[33m:[39m[33m:[39m[33m-[39mwebkit[33m-[39mdatetime[33m-[39medit{display[33m:[39minline[33m-[39mflex}[33m:[39m[33m:[39m[33m-[39mwebkit[33m-[39mdatetime[33m-[39medit[33m-[39mfields[33m-[39mwrapper{padding[33m:[39m[35m0[39m}[33m:[39m[33m:[39m[33m-[39mwebkit[33m-[39mdatetime[33m-[39medit{padding[33m-[39mblock[33m:[39m[35m0[39m}[33m:[39m[33m:[39m[33m-[39mwebkit[33m-[39mdatetime[33m-[39medit[33m-[39myear[33m-[39mfield{padding[33m-[39mblock[33m:[39m[35m0[39m}[33m:[39m[33m:[39m[33m-[39mwebkit[33m-[39mdatetime[33m-[39medit[33m-[39mmonth[33m-[39mfield{padding[33m-[39mblock[33m:[39m[35m0[39m}[33m:[39m[33m:[39m[33m-[39mwebkit[33m-[39mdatetime[33m-[39medit[33m-[39mday[33m-[39mfield{padding[33m-[39mblock[33m:[39m[35m0[39m}[33m:[39m[33m:[39m[33m-[39mwebkit[33m-[39mdatetime[33m-[39medit[33m-[39mhour[33m-[39mfield{padding[33m-[39mblock[33m:[39m[35m0[39m}[33m:[39m[33m:[39m[33m-[39mwebkit[33m-[39mdatetime[33m-[39medit[33m-[39mminute[33m-[39mfield{padding[33m-[39mblock[33m:[39m[35m0[39m}[33m:[39m[33m:[39m[33m-[39mwebkit[33m-[39mdatetime[33m-[39medit[33m-[39msecond[33m-[39mfield{padding[33m-[39mblock[33m:[39m[35m0[39m}[33m:[39m[33m:[39m[33m-[39mwebkit[33m-[39mdatetime[33m-[39medit[33m-[39mmillisecond[33m-[39mfield{padding[33m-[39mblock[33m:[39m[35m0[39m}[33m:[39m[33m:[39m[33m-[39mwebkit[33m-[39mdatetime[33m-[39medit[33m-[39mmeridiem[33m-[39mfield{padding[33m-[39mblock[33m:[39m[35m0[39m}[33m:[39m[33m:[39m[33m-[39mwebkit[33m-[39mcalendar[33m-[39mpicker[33m-[39mindicator{line[33m-[39mheight[33m:[39m[35m1[39m}[33m:[39m[33m-[39mmoz[33m-[39mui[33m-[39minvalid{box[33m-[39mshadow[33m:[39mnone}button[33m,[39minput[33m:[39mwhere([type[33m=[39mbutton][33m,[39m[type[33m=[39mreset][33m,[39m[type[33m=[39msubmit]){appearance[33m:[39mbutton}[33m:[39m[33m:[39mfile[33m-[39mselector[33m-[39mbutton{appearance[33m:[39mbutton}[33m:[39m[33m:[39m[33m-[39mwebkit[33m-[39minner[33m-[39mspin[33m-[39mbutton{height[33m:[39mauto}[33m:[39m[33m:[39m[33m-[39mwebkit[33m-[39mouter[33m-[39mspin[33m-[39mbutton{height[33m:[39mauto}[hidden][33m:[39mwhere([33m:[39mnot([hidden[33m=[39muntil[33m-[39mfound])){display[33m:[39mnone[33m![39mimportant}[33m*[39m{border[33m-[39mcolor[33m:[39m[36mvar[39m([33m--[39mborder)[33m;[39moutline[33m-[39mcolor[33m:[39m[36mvar[39m([33m--[39mring)}[33m@[39msupports (color[33m:[39mcolor[33m-[39mmix([36min[39m lab[33m,[39m red[33m,[39m red)){[33m*[39m{outline[33m-[39mcolor[33m:[39mcolor[33m-[39mmix([36min[39m oklab[33m,[39m[36mvar[39m([33m--[39mring)[35m50[39m[33m%[39m[33m,[39mtransparent)}}body{background[33m-[39mcolor[33m:[39m[36mvar[39m([33m--[39mbackground)[33m;[39mcolor[33m:[39m[36mvar[39m([33m--[39mforeground)[33m;[39m[33m-[39mwebkit[33m-[39mfont[33m-[39msmoothing[33m:[39mantialiased[33m;[39m[33m-[39mmoz[33m-[39mosx[33m-[39mfont[33m-[39msmoothing[33m:[39mgrayscale[33m;[39mfont[33m-[39mfeature[33m-[39msettings[33m:[39m[32m"rlig"[39m [35m1[39m[33m,[39m[32m"calt"[39m [35m1[39m[33m;[39mfont[33m-[39mfamily[33m:[39m[33mInter[39m[33m,[39m[32m"system-ui"[39m[33m,[39m[32m"sans-serif"[39m}body[33m:[39mbefore{content[33m:[39m[32m""[39m[33m;[39mwidth[33m:[39m[35m100[39m[33m%[39m[33m;[39mheight[33m:[39m[35m100[39m[33m%[39m[33m;[39mopacity[33m:[39m[36mvar[39m([33m--[39mpattern[33m-[39mopacity)[33m;[39mpointer[33m-[39mevents[33m:[39mnone[33m;[39mz[33m-[39mindex[33m:[39m[35m0[39m[33m;[39mbackground[33m-[39mimage[33m:[39mrepeating[33m-[39mlinear[33m-[39mgradient([35m45[39mdeg[33m,[39m[33m#[39m[35m0000[39m[33m,[39m[33m#[39m[35m0000[39m [35m35[39mpx[33m,[39m[33m#[39mff6a001a [35m35[39mpx [35m70[39mpx)[33m,[39mrepeating[33m-[39mlinear[33m-[39mgradient([33m-[39m[35m45[39mdeg[33m,[39m[33m#[39m[35m0000[39m[33m,[39m[33m#[39m[35m0000[39m [35m35[39mpx[33m,[39m[33m#[39m[35m22[39mc55e1a [35m35[39mpx [35m70[39mpx)[33m;[39mposition[33m:[39mfixed[33m;[39mtop[33m:[39m[35m0[39m[33m;[39mleft[33m:[39m[35m0[39m}main{z[33m-[39mindex[33m:[39m[35m1[39m[33m;[39mposition[33m:[39mrelative}html{scroll[33m-[39mbehavior[33m:[39msmooth}[33m:[39mfocus[33m-[39mvisible{[33m--[39mtw[33m-[39mring[33m-[39mshadow[33m:[39m[36mvar[39m([33m--[39mtw[33m-[39mring[33m-[39minset[33m,[39m)[35m0[39m [35m0[39m [35m0[39m calc([35m2[39mpx [33m+[39m [36mvar[39m([33m--[39mtw[33m-[39mring[33m-[39moffset[33m-[39mwidth))[36mvar[39m([33m--[39mtw[33m-[39mring[33m-[39mcolor[33m,[39mcurrentcolor)[33m;[39mbox[33m-[39mshadow[33m:[39m[36mvar[39m([33m--[39mtw[33m-[39minset[33m-[39mshadow)[33m,[39m[36mvar[39m([33m--[39mtw[33m-[39minset[33m-[39mring[33m-[39mshadow)[33m,[39m[36mvar[39m([33m--[39mtw[33m-[39mring[33m-[39moffset[33m-[39mshadow)[33m,[39m[36mvar[39m([33m--[39mtw[33m-[39mring[33m-[39mshadow)[33m,[39m[36mvar[39m([33m--[39mtw[33m-[39mshadow)[33m;[39m[33m--[39mtw[33m-[39mring[33m-[39mcolor[33m:[39m[36mvar[39m([33m--[39mprimary)[33m;[39m[33m--[39mtw[33m-[39mring[33m-[39moffset[33m-[39mwidth[33m:[39m[35m2[39mpx[33m;[39m[33m--[39mtw[33m-[39mring[33m-[39moffset[33m-[39mshadow[33m:[39m[36mvar[39m([33m--[39mtw[33m-[39mring[33m-[39minset[33m,[39m)[35m0[39m [35m0[39m [35m0[39m [36mvar[39m([33m--[39mtw[33m-[39mring[33m-[39moffset[33m-[39mwidth)[36mvar[39m([33m--[39mtw[33m-[39mring[33m-[39moffset[33m-[39mcolor)[33m;[39m[33m--[39mtw[33m-[39mring[33m-[39moffset[33m-[39mcolor[33m:[39m[36mvar[39m([33m--[39mbackground)[33m;[39m[33m--[39mtw[33m-[39moutline[33m-[39mstyle[33m:[39mnone[33m;[39moutline[33m-[39mstyle[33m:[39mnone}}[33m@[39mlayer components{[33m.[39minvoice[33m-[39mtable{border[33m-[39mcollapse[33m:[39mcollapse[33m;[39mwidth[33m:[39m[35m100[39m[33m%[39m}[33m.[39minvoice[33m-[39mtable th{border[33m-[39mbottom[33m-[39mstyle[33m:[39m[36mvar[39m([33m--[39mtw[33m-[39mborder[33m-[39mstyle)[33m;[39mborder[33m-[39mbottom[33m-[39mwidth[33m:[39m[35m2[39mpx[33m;[39mborder[33m-[39mcolor[33m:[39m[36mvar[39m([33m--[39mborder)[33m;[39mbackground[33m-[39mcolor[33m:[39m[36mvar[39m([33m--[39msecondary)[33m;[39mpadding[33m-[39minline[33m:[39mcalc([36mvar[39m([33m--[39mspacing)[33m*[39m[35m6[39m)[33m;[39mpadding[33m-[39mblock[33m:[39mcalc([36mvar[39m([33m--[39mspacing)[33m*[39m[35m4[39m)[33m;[39mtext[33m-[39malign[33m:[39mleft[33m;[39mfont[33m-[39msize[33m:[39m[36mvar[39m([33m--[39mtext[33m-[39msm)[33m;[39mline[33m-[39mheight[33m:[39m[36mvar[39m([33m--[39mtw[33m-[39mleading[33m,[39m[36mvar[39m([33m--[39mtext[33m-[39msm[33m--[39mline[33m-[39mheight))[33m;[39m[33m--[39mtw[33m-[39mfont[33m-[39mweight[33m:[39m[36mvar[39m([33m--[39mfont[33m-[39mweight[33m-[39mbold)[33m;[39mfont[33m-[39mweight[33m:[39m[36mvar[39m([33m--[39mfont[33m-[39mweight[33m-[39mbold)[33m;[39mcolor[33m:[39m[36mvar[39m([33m--[39mforeground)}[33m.[39minvoice[33m-[39mtable td{border[33m-[39mbottom[33m-[39mstyle[33m:[39m[36mvar[39m([33m--[39mtw[33m-[39mborder[33m-[39mstyle)[33m;[39mborder[33m-[39mbottom[33m-[39mwidth[33m:[39m[35m1[39mpx[33m;[39mborder[33m-[39mcolor[33m:[39m[36mvar[39m([33m--[39mborder)[33m;[39mpadding[33m-[39minline[33m:[39mcalc([36mvar[39m([33m--[39mspacing)[33m*[39m[35m6[39m)[33m;[39mpadding[33m-[39mblock[33m:[39mcalc([36mvar[39m([33m--[39mspacing)[33m*[39m[35m4[39m)[33m;[39mfont[33m-[39msize[33m:[39m[36mvar[39m([33m--[39mtext[33m-[39msm)[33m;[39mline[33m-[39mheight[33m:[39m[36mvar[39m([33m--[39mtw[33m-[39mleading[33m,[39m[36mvar[39m([33m--[39mtext[33m-[39msm[33m--[39mline[33m-[39mheight))}[33m.[39minvoice[33m-[39mtable tbody tr{transition[33m-[39mproperty[33m:[39mall[33m;[39mtransition[33m-[39mtiming[33m-[39m[36mfunction[39m[33m:[39m[36mvar[39m([33m--[39mtw[33m-[39mease[33m,[39m[36mvar[39m([33m--[39m[36mdefault[39m[33m-[39mtransition[33m-[39mtiming[33m-[39m[36mfunction[39m))[33m;[39mtransition[33m-[39mduration[33m:[39m[36mvar[39m([33m--[39mtw[33m-[39mduration[33m,[39m[36mvar[39m([33m--[39m[36mdefault[39m[33m-[39mtransition[33m-[39mduration))[33m;[39m[33m--[39mtw[33m-[39mduration[33m:[39m[35m.2[39ms[33m;[39mtransition[33m-[39mduration[33m:[39m[35m.2[39ms}[33m.[39minvoice[33m-[39mtable tbody tr[33m:[39mhover{background[33m-[39mcolor[33m:[39m[36mvar[39m([33m--[39msecondary)[33m;[39mscale[33m:[39m[35m1.01[39m}[33m@[39msupports (color[33m:[39mcolor[33m-[39mmix([36min[39m lab[33m,[39m red[33m,[39m red)){[33m.[39minvoice[33m-[39mtable tbody tr[33m:[39mhover{background[33m-[39mcolor[33m:[39mcolor[33m-[39mmix([36min[39m oklab[33m,[39m[36mvar[39m([33m--[39msecondary)[35m50[39m[33m%[39m[33m,[39mtransparent)}}[33m.[39minvoice[33m-[39mtable tbody tr[33m:[39mhover{[33m--[39mtw[33m-[39mshadow[33m:[39m[35m0[39m [35m1[39mpx [35m3[39mpx [35m0[39m [36mvar[39m([33m--[39mtw[33m-[39mshadow[33m-[39mcolor[33m,[39m[33m#[39m[35m0000001[39ma)[33m,[39m[35m0[39m [35m1[39mpx [35m2[39mpx [33m-[39m[35m1[39mpx [36mvar[39m([33m--[39mtw[33m-[39mshadow[33m-[39mcolor[33m,[39m[33m#[39m[35m0000001[39ma)[33m;[39mbox[33m-[39mshadow[33m:[39m[36mvar[39m([33m--[39mtw[33m-[39minset[33m-[39mshadow)[33m,[39m[36mvar[39m([33m--[39mtw[33m-[39minset[33m-[39mring[33m-[39mshadow)[33m,[39m[36mvar[39m([33m--[39mtw[33m-[39mring[33m-[39moffset[33m-[39mshadow)[33m,[39m[36mvar[39m([33m--[39mtw[33m-[39mring[33m-[39mshadow)[33m,[39m[36mvar[39m([33m--[39mtw[33m-[39mshadow)}[33m.[39mglow[33m-[39morange{[33m--[39mtw[33m-[39mshadow[33m:[39m[35m0[39m [35m10[39mpx [35m15[39mpx [33m-[39m[35m3[39mpx [36mvar[39m([33m--[39mtw[33m-[39mshadow[33m-[39mcolor[33m,[39m[33m#[39m[35m0000001[39ma)[33m,[39m[35m0[39m [35m4[39mpx [35m6[39mpx [33m-[39m[35m4[39mpx [36mvar[39m([33m--[39mtw[33m-[39mshadow[33m-[39mcolor[33m,[39m[33m#[39m[35m0000001[39ma)[33m;[39mbox[33m-[39mshadow[33m:[39m[36mvar[39m([33m--[39mtw[33m-[39minset[33m-[39mshadow)[33m,[39m[36mvar[39m([33m--[39mtw[33m-[39minset[33m-[39mring[33m-[39mshadow)[33m,[39m[36mvar[39m([33m--[39mtw[33m-[39mring[33m-[39moffset[33m-[39mshadow)[33m,[39m[36mvar[39m([33m--[39mtw[33m-[39mring[33m-[39mshadow)[33m,[39m[36mvar[39m([33m--[39mtw[33m-[39mshadow)[33m;[39m[33m--[39mtw[33m-[39mshadow[33m-[39mcolor[33m:[39m[36mvar[39m([33m--[39mprimary)}[33m@[39msupports (color[33m:[39mcolor[33m-[39mmix([36min[39m lab[33m,[39m red[33m,[39m red)){[33m.[39mglow[33m-[39morange{[33m--[39mtw[33m-[39mshadow[33m-[39mcolor[33m:[39mcolor[33m-[39mmix([36min[39m oklab[33m,[39mcolor[33m-[39mmix([36min[39m oklab[33m,[39m[36mvar[39m([33m--[39mprimary)[35m30[39m[33m%[39m[33m,[39mtransparent)[36mvar[39m([33m--[39mtw[33m-[39mshadow[33m-[39malpha)[33m,[39mtransparent)}}[33m.[39mglow[33m-[39morange{transition[33m-[39mproperty[33m:[39mall[33m;[39mtransition[33m-[39mtiming[33m-[39m[36mfunction[39m[33m:[39m[36mvar[39m([33m--[39mtw[33m-[39mease[33m,[39m[36mvar[39m([33m--[39m[36mdefault[39m[33m-[39mtransition[33m-[39mtiming[33m-[39m[36mfunction[39m))[33m;[39mtransition[33m-[39mduration[33m:[39m[36mvar[39m([33m--[39mtw[33m-[39mduration[33m,[39m[36mvar[39m([33m--[39m[36mdefault[39m[33m-[39mtransition[33m-[39mduration))[33m;[39m[33m--[39mtw[33m-[39mduration[33m:[39m[35m.3[39ms[33m;[39mtransition[33m-[39mduration[33m:[39m[35m.3[39ms}[33m@[39mmedia (hover[33m:[39mhover){[33m.[39mglow[33m-[39morange[33m:[39mhover{[33m--[39mtw[33m-[39mshadow[33m:[39m[35m0[39m [35m20[39mpx [35m25[39mpx [33m-[39m[35m5[39mpx [36mvar[39m([33m--[39mtw[33m-[39mshadow[33m-[39mcolor[33m,[39m[33m#[39m[35m0000001[39ma)[33m,[39m[35m0[39m [35m8[39mpx [35m10[39mpx [33m-[39m[35m6[39mpx [36mvar[39m([33m--[39mtw[33m-[39mshadow[33m-[39mcolor[33m,[39m[33m#[39m[35m0000001[39ma)[33m;[39mbox[33m-[39mshadow[33m:[39m[36mvar[39m([33m--[39mtw[33m-[39minset[33m-[39mshadow)[33m,[39m[36mvar[39m([33m--[39mtw[33m-[39minset[33m-[39mring[33m-[39mshadow)[33m,[39m[36mvar[39m([33m--[39mtw[33m-[39mring[33m-[39moffset[33m-[39mshadow)[33m,[39m[36mvar[39m([33m--[39mtw[33m-[39mring[33m-[39mshadow)[33m,[39m[36mvar[39m([33m--[39mtw[33m-[39mshadow)[33m;[39m[33m--[39mtw[33m-[39mshadow[33m-[39mcolor[33m:[39m[36mvar[39m([33m--[39mprimary)}[33m@[39msupports (color[33m:[39mcolor[33m-[39mmix([36min[39m lab[33m,[39m red[33m,[39m red)){[33m.[39mglow[33m-[39morange[33m:[39mhover{[33m--[39mtw[33m-[39mshadow[33m-[39mcolor[33m:[39mcolor[33m-[39mmix([36min[39m oklab[33m,[39mcolor[33m-[39mmix([36min[39m oklab[33m,[39m[36mvar[39m([33m--[39mprimary)[35m50[39m[33m%[39m[33m,[39mtransparent)[36mvar[39m([33m--[39mtw[33m-[39mshadow[33m-[39malpha)[33m,[39mtransparent)}}}[33m.[39mglow[33m-[39mgreen{[33m--[39mtw[33m-[39mshadow[33m:[39m[35m0[39m [35m10[39mpx [35m15[39mpx [33m-[39m[35m3[39mpx [36mvar[39m([33m--[39mtw[33m-[39mshadow[33m-[39mcolor[33m,[39m[33m#[39m[35m0000001[39ma)[33m,[39m[35m0[39m [35m4[39mpx [35m6[39mpx [33m-[39m[35m4[39mpx [36mvar[39m([33m--[39mtw[33m-[39mshadow[33m-[39mcolor[33m,[39m[33m#[39m[35m0000001[39ma)[33m;[39mbox[33m-[39mshadow[33m:[39m[36mvar[39m([33m--[39mtw[33m-[39minset[33m-[39mshadow)[33m,[39m[36mvar[39m([33m--[39mtw[33m-[39minset[33m-[39mring[33m-[39mshadow)[33m,[39m[36mvar[39m([33m--[39mtw[33m-[39mring[33m-[39moffset[33m-[39mshadow)[33m,[39m[36mvar[39m([33m--[39mtw[33m-[39mring[33m-[39mshadow)[33m,[39m[36mvar[39m([33m--[39mtw[33m-[39mshadow)[33m;[39m[33m--[39mtw[33m-[39mshadow[33m-[39mcolor[33m:[39m[36mvar[39m([33m--[39maccent)}[33m@[39msupports (color[33m:[39mcolor[33m-[39mmix([36min[39m lab[33m,[39m red[33m,[39m red)){[33m.[39mglow[33m-[39mgreen{[33m--[39mtw[33m-[39mshadow[33m-[39mcolor[33m:[39mcolor[33m-[39mmix([36min[39m oklab[33m,[39mcolor[33m-[39mmix([36min[39m oklab[33m,[39m[36mvar[39m([33m--[39maccent)[35m30[39m[33m%[39m[33m,[39mtransparent)[36mvar[39m([33m--[39mtw[33m-[39mshadow[33m-[39malpha)[33m,[39mtransparent)}}[33m.[39mglow[33m-[39mgreen{transition[33m-[39mproperty[33m:[39mall[33m;[39mtransition[33m-[39mtiming[33m-[39m[36mfunction[39m[33m:[39m[36mvar[39m([33m--[39mtw[33m-[39mease[33m,[39m[36mvar[39m([33m--[39m[36mdefault[39m[33m-[39mtransition[33m-[39mtiming[33m-[39m[36mfunction[39m))[33m;[39mtransition[33m-[39mduration[33m:[39m[36mvar[39m([33m--[39mtw[33m-[39mduration[33m,[39m[36mvar[39m([33m--[39m[36mdefault[39m[33m-[39mtransition[33m-[39mduration))[33m;[39m[33m--[39mtw[33m-[39mduration[33m:[39m[35m.3[39ms[33m;[39mtransition[33m-[39mduration[33m:[39m[35m.3[39ms}[33m@[39mmedia (hover[33m:[39mhover){[33m.[39mglow[33m-[39mgreen[33m:[39mhover{[33m--[39mtw[33m-[39mshadow[33m:[39m[35m0[39m [35m20[39mpx [35m25[39mpx [33m-[39m[35m5[39mpx [36mvar[39m([33m--[39mtw[33m-[39mshadow[33m-[39mcolor[33m,[39m[33m#[39m[35m0000001[39ma)[33m,[39m[35m0[39m [35m8[39mpx [35m10[39mpx [33m-[39m[35m6[39mpx [36mvar[39m([33m--[39mtw[33m-[39mshadow[33m-[39mcolor[33m,[39m[33m#[39m[35m0000001[39ma)[33m;[39mbox[33m-[39mshadow[33m:[39m[36mvar[39m([33m--[39mtw[33m-[39minset[33m-[39mshadow)[33m,[39m[36mvar[39m([33m--[39mtw[33m-[39minset[33m-[39mring[33m-[39mshadow)[33m,[39m[36mvar[39m([33m--[39mtw[33m-[39mring[33m-[39moffset[33m-[39mshadow)[33m,[39m[36mvar[39m([33m--[39mtw[33m-[39mring[33m-[39mshadow)[33m,[39m[36mvar[39m([33m--[39mtw[33m-[39mshadow)[33m;[39m[33m--[39mtw[33m-[39mshadow[33m-[39mcolor[33m:[39m[36mvar[39m([33m--[39maccent)}[33m@[39msupports (color[33m:[39mcolor[33m-[39mmix([36min[39m lab[33m,[39m red[33m,[39m red)){[33m.[39mglow[33m-[39mgreen[33m:[39mhover{[33m--[39mtw[33m-[39mshadow[33m-[39mcolor[33m:[39mcolor[33m-[39mmix([36min[39m oklab[33m,[39mcolor[33m-[39mmix([36min[39m oklab[33m,[39m[36mvar[39m([33m--[39maccent)[35m50[39m[33m%[39m[33m,[39mtransparent)[36mvar[39m([33m--[39mtw[33m-[39mshadow[33m-[39malpha)[33m,[39mtransparent)}}}[33m.[39mfab{right[33m:[39mcalc([36mvar[39m([33m--[39mspacing)[33m*[39m[35m6[39m)[33m;[39mbottom[33m:[39mcalc([36mvar[39m([33m--[39mspacing)[33m*[39m[35m6[39m)[33m;[39mz[33m-[39mindex[33m:[39m[35m50[39m[33m;[39mheight[33m:[39mcalc([36mvar[39m([33m--[39mspacing)[33m*[39m[35m16[39m)[33m;[39mwidth[33m:[39mcalc([36mvar[39m([33m--[39mspacing)[33m*[39m[35m16[39m)[33m;[39mbackground[33m-[39mcolor[33m:[39m[36mvar[39m([33m--[39mprimary)[33m;[39mfont[33m-[39msize[33m:[39m[36mvar[39m([33m--[39mtext[33m-[39m[35m2[39mxl)[33m;[39mline[33m-[39mheight[33m:[39m[36mvar[39m([33m--[39mtw[33m-[39mleading[33m,[39m[36mvar[39m([33m--[39mtext[33m-[39m[35m2[39mxl[33m--[39mline[33m-[39mheight))[33m;[39m[33m--[39mtw[33m-[39mfont[33m-[39mweight[33m:[39m[36mvar[39m([33m--[39mfont[33m-[39mweight[33m-[39mbold)[33m;[39mfont[33m-[39mweight[33m:[39m[36mvar[39m([33m--[39mfont[33m-[39mweight[33m-[39mbold)[33m;[39mcolor[33m:[39m[36mvar[39m([33m--[39mprimary[33m-[39mforeground)[33m;[39m[33m--[39mtw[33m-[39mshadow[33m:[39m[35m0[39m [35m25[39mpx [35m50[39mpx [33m-[39m[35m12[39mpx [36mvar[39m([33m--[39mtw[33m-[39mshadow[33m-[39mcolor[33m,[39m[33m#[39m[35m00000040[39m)[33m;[39mbox[33m-[39mshadow[33m:[39m[36mvar[39m([33m--[39mtw[33m-[39minset[33m-[39mshadow)[33m,[39m[36mvar[39m([33m--[39mtw[33m-[39minset[33m-[39mring[33m-[39mshadow)[33m,[39m[36mvar[39m([33m--[39mtw[33m-[39mring[33m-[39moffset[33m-[39mshadow)[33m,[39m[36mvar[39m([33m--[39mtw[33m-[39mring[33m-[39mshadow)[33m,[39m[36mvar[39m([33m--[39mtw[33m-[39mshadow)[33m;[39m[33m--[39mtw[33m-[39mshadow[33m-[39mcolor[33m:[39m[36mvar[39m([33m--[39mprimary)[33m;[39mborder[33m-[39mradius[33m:[39m[35m3.40282e38[39mpx[33m;[39mjustify[33m-[39mcontent[33m:[39mcenter[33m;[39malign[33m-[39mitems[33m:[39mcenter[33m;[39mdisplay[33m:[39mflex[33m;[39mposition[33m:[39mfixed}[33m@[39msupports (color[33m:[39mcolor[33m-[39mmix([36min[39m lab[33m,[39m red[33m,[39m red)){[33m.[39mfab{[33m--[39mtw[33m-[39mshadow[33m-[39mcolor[33m:[39mcolor[33m-[39mmix([36min[39m oklab[33m,[39mcolor[33m-[39mmix([36min[39m oklab[33m,[39m[36mvar[39m([33m--[39mprimary)[35m50[39m[33m%[39m[33m,[39mtransparent)[36mvar[39m([33m--[39mtw[33m-[39mshadow[33m-[39malpha)[33m,[39mtransparent)}}[33m.[39mfab{transition[33m-[39mproperty[33m:[39mall[33m;[39mtransition[33m-[39mtiming[33m-[39m[36mfunction[39m[33m:[39m[36mvar[39m([33m--[39mtw[33m-[39mease[33m,[39m[36mvar[39m([33m--[39m[36mdefault[39m[33m-[39mtransition[33m-[39mtiming[33m-[39m[36mfunction[39m))[33m;[39mtransition[33m-[39mduration[33m:[39m[36mvar[39m([33m--[39mtw[33m-[39mduration[33m,[39m[36mvar[39m([33m--[39m[36mdefault[39m[33m-[39mtransition[33m-[39mduration))[33m;[39m[33m--[39mtw[33m-[39mduration[33m:[39m[35m.3[39ms[33m;[39mtransition[33m-[39mduration[33m:[39m[35m.3[39ms}[33m@[39mmedia (hover[33m:[39mhover){[33m.[39mfab[33m:[39mhover{[33m--[39mtw[33m-[39mscale[33m-[39mx[33m:[39m[35m110[39m[33m%[39m[33m;[39m[33m--[39mtw[33m-[39mscale[33m-[39my[33m:[39m[35m110[39m[33m%[39m[33m;[39m[33m--[39mtw[33m-[39mscale[33m-[39mz[33m:[39m[35m110[39m[33m%[39m[33m;[39mscale[33m:[39m[36mvar[39m([33m--[39mtw[33m-[39mscale[33m-[39mx)[36mvar[39m([33m--[39mtw[33m-[39mscale[33m-[39my)[33m;[39mrotate[33m:[39m[35m90[39mdeg}}[33m.[39mfab[33m:[39mactive{[33m--[39mtw[33m-[39mscale[33m-[39mx[33m:[39m[35m95[39m[33m%[39m[33m;[39m[33m--[39mtw[33m-[39mscale[33m-[39my[33m:[39m[35m95[39m[33m%[39m[33m;[39m[33m--[39mtw[33m-[39mscale[33m-[39mz[33m:[39m[35m95[39m[33m%[39m[33m;[39mscale[33m:[39m[36mvar[39m([33m--[39mtw[33m-[39mscale[33m-[39mx)[36mvar[39m([33m--[39mtw[33m-[39mscale[33m-[39my)}[33m.[39mbottom[33m-[39mnav{right[33m:[39mcalc([36mvar[39m([33m--[39mspacing)[33m*[39m[35m0[39m)[33m;[39mbottom[33m:[39mcalc([36mvar[39m([33m--[39mspacing)[33m*[39m[35m0[39m)[33m;[39mleft[33m:[39mcalc([36mvar[39m([33m--[39mspacing)[33m*[39m[35m0[39m)[33m;[39mz[33m-[39mindex[33m:[39m[35m40[39m[33m;[39mborder[33m-[39mtop[33m-[39mstyle[33m:[39m[36mvar[39m([33m--[39mtw[33m-[39mborder[33m-[39mstyle)[33m;[39mborder[33m-[39mtop[33m-[39mwidth[33m:[39m[35m1[39mpx[33m;[39mborder[33m-[39mcolor[33m:[39m[36mvar[39m([33m--[39mborder)[33m;[39mbackground[33m-[39mcolor[33m:[39m[36mvar[39m([33m--[39mcard)[33m;[39m[33m--[39mtw[33m-[39mshadow[33m:[39m[35m0[39m [35m25[39mpx [35m50[39mpx [33m-[39m[35m12[39mpx [36mvar[39m([33m--[39mtw[33m-[39mshadow[33m-[39mcolor[33m,[39m[33m#[39m[35m00000040[39m)[33m;[39mbox[33m-[39mshadow[33m:[39m[36mvar[39m([33m--[39mtw[33m-[39minset[33m-[39mshadow)[33m,[39m[36mvar[39m([33m--[39mtw[33m-[39minset[33m-[39mring[33m-[39mshadow)[33m,[39m[36mvar[39m([33m--[39mtw[33m-[39mring[33m-[39moffset[33m-[39mshadow)[33m,[39m[36mvar[39m([33m--[39mtw[33m-[39mring[33m-[39mshadow)[33m,[39m[36mvar[39m([33m--[39mtw[33m-[39mshadow)[33m;[39mposition[33m:[39mfixed}[33m@[39mmedia (min[33m-[39mwidth[33m:[39m[35m48[39mrem){[33m.[39mbottom[33m-[39mnav{display[33m:[39mnone}}[33m.[39mstat[33m-[39mcard{border[33m-[39mradius[33m:[39mcalc([36mvar[39m([33m--[39mradius) [33m+[39m [35m10[39mpx)[33m;[39mborder[33m-[39mstyle[33m:[39m[36mvar[39m([33m--[39mtw[33m-[39mborder[33m-[39mstyle)[33m;[39mborder[33m-[39mwidth[33m:[39m[35m1[39mpx[33m;[39mborder[33m-[39mcolor[33m:[39m[36mvar[39m([33m--[39mborder)[33m;[39mbackground[33m-[39mcolor[33m:[39m[36mvar[39m([33m--[39mcard)[33m;[39mpadding[33m:[39mcalc([36mvar[39m([33m--[39mspacing)[33m*[39m[35m6[39m)[33m;[39m[33m--[39mtw[33m-[39mshadow[33m:[39m[35m0[39m [35m10[39mpx [35m15[39mpx [33m-[39m[35m3[39mpx [36mvar[39m([33m--[39mtw[33m-[39mshadow[33m-[39mcolor[33m,[39m[33m#[39m[35m0000001[39ma)[33m,[39m[35m0[39m [35m4[39mpx [35m6[39mpx [33m-[39m[35m4[39mpx [36mvar[39m([33m--[39mtw[33m-[39mshadow[33m-[39mcolor[33m,[39m[33m#[39m[35m0000001[39ma)[33m;[39mbox[33m-[39mshadow[33m:[39m[36mvar[39m([33m--[39mtw[33m-[39minset[33m-[39mshadow)[33m,[39m[36mvar[39m([33m--[39mtw[33m-[39minset[33m-[39mring[33m-[39mshadow)[33m,[39m[36mvar[39m([33m--[39mtw[33m-[39mring[33m-[39moffset[33m-[39mshadow)[33m,[39m[36mvar[39m([33m--[39mtw[33m-[39mring[33m-[39mshadow)[33m,[39m[36mvar[39m([33m--[39mtw[33m-[39mshadow)[33m;[39mtransition[33m-[39mproperty[33m:[39mall[33m;[39mtransition[33m-[39mtiming[33m-[39m[36mfunction[39m[33m:[39m[36mvar[39m([33m--[39mtw[33m-[39mease[33m,[39m[36mvar[39m([33m--[39m[36mdefault[39m[33m-[39mtransition[33m-[39mtiming[33m-[39m[36mfunction[39m))[33m;[39mtransition[33m-[39mduration[33m:[39m[36mvar[39m([33m--[39mtw[33m-[39mduration[33m,[39m[36mvar[39m([33m--[39m[36mdefault[39m[33m-[39mtransition[33m-[39mduration))[33m;[39m[33m--[39mtw[33m-[39mduration[33m:[39m[35m.3[39ms[33m;[39mtransition[33m-[39mduration[33m:[39m[35m.3[39ms}[33m@[39mmedia (hover[33m:[39mhover){[33m.[39mstat[33m-[39mcard[33m:[39mhover{[33m--[39mtw[33m-[39mtranslate[33m-[39my[33m:[39mcalc([36mvar[39m([33m--[39mspacing)[33m*[39m[33m-[39m[35m1[39m)[33m;[39mtranslate[33m:[39m[36mvar[39m([33m--[39mtw[33m-[39mtranslate[33m-[39mx)[36mvar[39m([33m--[39mtw[33m-[39mtranslate[33m-[39my)[33m;[39m[33m--[39mtw[33m-[39mshadow[33m:[39m[35m0[39m [35m20[39mpx [35m25[39mpx [33m-[39m[35m5[39mpx [36mvar[39m([33m--[39mtw[33m-[39mshadow[33m-[39mcolor[33m,[39m[33m#[39m[35m0000001[39ma)[33m,[39m[35m0[39m [35m8[39mpx [35m10[39mpx [33m-[39m[35m6[39mpx [36mvar[39m([33m--[39mtw[33m-[39mshadow[33m-[39mcolor[33m,[39m[33m#[39m[35m0000001[39ma)[33m;[39mbox[33m-[39mshadow[33m:[39m[36mvar[39m([33m--[39mtw[33m-[39minset[33m-[39mshadow)[33m,[39m[36mvar[39m([33m--[39mtw[33m-[39minset[33m-[39mring[33m-[39mshadow)[33m,[39m[36mvar[39m([33m--[39mtw[33m-[39mring[33m-[39moffset[33m-[39mshadow)[33m,[39m[36mvar[39m([33m--[39mtw[33m-[39mring[33m-[39mshadow)[33m,[39m[36mvar[39m([33m--[39mtw[33m-[39mshadow)}}[33m.[39mproduct[33m-[39mcard{cursor[33m:[39mpointer[33m;[39mborder[33m-[39mradius[33m:[39mcalc([36mvar[39m([33m--[39mradius) [33m+[39m [35m6[39mpx)[33m;[39mborder[33m-[39mstyle[33m:[39m[36mvar[39m([33m--[39mtw[33m-[39mborder[33m-[39mstyle)[33m;[39mborder[33m-[39mwidth[33m:[39m[35m1[39mpx[33m;[39mborder[33m-[39mcolor[33m:[39m[36mvar[39m([33m--[39mborder)[33m;[39mbackground[33m-[39mcolor[33m:[39m[36mvar[39m([33m--[39mcard)[33m;[39mpadding[33m:[39mcalc([36mvar[39m([33m--[39mspacing)[33m*[39m[35m4[39m)[33m;[39m[33m--[39mtw[33m-[39mshadow[33m:[39m[35m0[39m [35m4[39mpx [35m6[39mpx [33m-[39m[35m1[39mpx [36mvar[39m([33m--[39mtw[33m-[39mshadow[33m-[39mcolor[33m,[39m[33m#[39m[35m0000001[39ma)[33m,[39m[35m0[39m [35m2[39mpx [35m4[39mpx [33m-[39m[35m2[39mpx [36mvar[39m([33m--[39mtw[33m-[39mshadow[33m-[39mcolor[33m,[39m[33m#[39m[35m0000001[39ma)[33m;[39mbox[33m-[39mshadow[33m:[39m[36mvar[39m([33m--[39mtw[33m-[39minset[33m-[39mshadow)[33m,[39m[36mvar[39m([33m--[39mtw[33m-[39minset[33m-[39mring[33m-[39mshadow)[33m,[39m[36mvar[39m([33m--[39mtw[33m-[39mring[33m-[39moffset[33m-[39mshadow)[33m,[39m[36mvar[39m([33m--[39mtw[33m-[39mring[33m-[39mshadow)[33m,[39m[36mvar[39m([33m--[39mtw[33m-[39mshadow)[33m;[39mtransition[33m-[39mproperty[33m:[39mall[33m;[39mtransition[33m-[39mtiming[33m-[39m[36mfunction[39m[33m:[39m[36mvar[39m([33m--[39mtw[33m-[39mease[33m,[39m[36mvar[39m([33m--[39m[36mdefault[39m[33m-[39mtransition[33m-[39mtiming[33m-[39m[36mfunction[39m))[33m;[39mtransition[33m-[39mduration[33m:[39m[36mvar[39m([33m--[39mtw[33m-[39mduration[33m,[39m[36mvar[39m([33m--[39m[36mdefault[39m[33m-[39mtransition[33m-[39mduration))[33m;[39m[33m--[39mtw[33m-[39mduration[33m:[39m[35m.3[39ms[33m;[39mtransition[33m-[39mduration[33m:[39m[35m.3[39ms}[33m@[39mmedia (hover[33m:[39mhover){[33m.[39mproduct[33m-[39mcard[33m:[39mhover{[33m--[39mtw[33m-[39mtranslate[33m-[39my[33m:[39mcalc([36mvar[39m([33m--[39mspacing)[33m*[39m[33m-[39m[35m1[39m)[33m;[39mtranslate[33m:[39m[36mvar[39m([33m--[39mtw[33m-[39mtranslate[33m-[39mx)[36mvar[39m([33m--[39mtw[33m-[39mtranslate[33m-[39my)[33m;[39m[33m--[39mtw[33m-[39mshadow[33m:[39m[35m0[39m [35m20[39mpx [35m25[39mpx [33m-[39m[35m5[39mpx [36mvar[39m([33m--[39mtw[33m-[39mshadow[33m-[39mcolor[33m,[39m[33m#[39m[35m0000001[39ma)[33m,[39m[35m0[39m [35m8[39mpx [35m10[39mpx [33m-[39m[35m6[39mpx [36mvar[39m([33m--[39mtw[33m-[39mshadow[33m-[39mcolor[33m,[39m[33m#[39m[35m0000001[39ma)[33m;[39mbox[33m-[39mshadow[33m:[39m[36mvar[39m([33m--[39mtw[33m-[39minset[33m-[39mshadow)[33m,[39m[36mvar[39m([33m--[39mtw[33m-[39minset[33m-[39mring[33m-[39mshadow)[33m,[39m[36mvar[39m([33m--[39mtw[33m-[39mring[33m-[39moffset[33m-[39mshadow)[33m,[39m[36mvar[39m([33m--[39mtw[33m-[39mring[33m-[39mshadow)[33m,[39m[36mvar[39m([33m--[39mtw[33m-[39mshadow)}}[33m.[39mcategory[33m-[39mtab{cursor[33m:[39mpointer[33m;[39mpadding[33m-[39minline[33m:[39mcalc([36mvar[39m([33m--[39mspacing)[33m*[39m[35m6[39m)[33m;[39mpadding[33m-[39mblock[33m:[39mcalc([36mvar[39m([33m--[39mspacing)[33m*[39m[35m3[39m)[33m;[39m[33m--[39mtw[33m-[39mfont[33m-[39mweight[33m:[39m[36mvar[39m([33m--[39mfont[33m-[39mweight[33m-[39msemibold)[33m;[39mfont[33m-[39mweight[33m:[39m[36mvar[39m([33m--[39mfont[33m-[39mweight[33m-[39msemibold)[33m;[39mtransition[33m-[39mproperty[33m:[39mall[33m;[39mtransition[33m-[39mtiming[33m-[39m[36mfunction[39m[33m:[39m[36mvar[39m([33m--[39mtw[33m-[39mease[33m,[39m[36mvar[39m([33m--[39m[36mdefault[39m[33m-[39mtransition[33m-[39mtiming[33m-[39m[36mfunction[39m))[33m;[39mtransition[33m-[39mduration[33m:[39m[36mvar[39m([33m--[39mtw[33m-[39mduration[33m,[39m[36mvar[39m([33m--[39m[36mdefault[39m[33m-[39mtransition[33m-[39mduration))[33m;[39m[33m--[39mtw[33m-[39mduration[33m:[39m[35m.2[39ms[33m;[39mborder[33m-[39mradius[33m:[39m[35m3.40282e38[39mpx[33m;[39mtransition[33m-[39mduration[33m:[39m[35m.2[39ms}[33m.[39mcategory[33m-[39mtab[33m-[39mactive{background[33m-[39mcolor[33m:[39m[36mvar[39m([33m--[39mprimary)[33m;[39mcolor[33m:[39m[36mvar[39m([33m--[39mprimary[33m-[39mforeground)[33m;[39m[33m--[39mtw[33m-[39mshadow[33m:[39m[35m0[39m [35m10[39mpx [35m15[39mpx [33m-[39m[35m3[39mpx [36mvar[39m([33m--[39mtw[33m-[39mshadow[33m-[39mcolor[33m,[39m[33m#[39m[35m0000001[39ma)[33m,[39m[35m0[39m [35m4[39mpx [35m6[39mpx [33m-[39m[35m4[39mpx [36mvar[39m([33m--[39mtw[33m-[39mshadow[33m-[39mcolor[33m,[39m[33m#[39m[35m0000001[39ma)[33m;[39mbox[33m-[39mshadow[33m:[39m[36mvar[39m([33m--[39mtw[33m-[39minset[33m-[39mshadow)[33m,[39m[36mvar[39m([33m--[39mtw[33m-[39minset[33m-[39mring[33m-[39mshadow)[33m,[39m[36mvar[39m([33m--[39mtw[33m-[39mring[33m-[39moffset[33m-[39mshadow)[33m,[39m[36mvar[39m([33m--[39mtw[33m-[39mring[33m-[39mshadow)[33m,[39m[36mvar[39m([33m--[39mtw[33m-[39mshadow)[33m;[39m[33m--[39mtw[33m-[39mshadow[33m-[39mcolor[33m:[39m[36mvar[39m([33m--[39mprimary)}[33m@[39msupports (color[33m:[39mcolor[33m-[39mmix([36min[39m lab[33m,[39m red[33m,[39m red)){[33m.[39mcategory[33m-[39mtab[33m-[39mactive{[33m--[39mtw[33m-[39mshadow[33m-[39mcolor[33m:[39mcolor[33m-[39mmix([36min[39m oklab[33m,[39mcolor[33m-[39mmix([36min[39m oklab[33m,[39m[36mvar[39m([33m--[39mprimary)[35m30[39m[33m%[39m[33m,[39mtransparent)[36mvar[39m([33m--[39mtw[33m-[39mshadow[33m-[39malpha)[33m,[39mtransparent)}}[33m.[39mcategory[33m-[39mtab[33m-[39minactive{background[33m-[39mcolor[33m:[39m[36mvar[39m([33m--[39msecondary)[33m;[39mcolor[33m:[39m[36mvar[39m([33m--[39mforeground)}[33m@[39mmedia (hover[33m:[39mhover){[33m.[39mcategory[33m-[39mtab[33m-[39minactive[33m:[39mhover{background[33m-[39mcolor[33m:[39m[36mvar[39m([33m--[39msecondary)}[33m@[39msupports (color[33m:[39mcolor[33m-[39mmix([36min[39m lab[33m,[39m red[33m,[39m red)){[33m.[39mcategory[33m-[39mtab[33m-[39minactive[33m:[39mhover{background[33m-[39mcolor[33m:[39mcolor[33m-[39mmix([36min[39m oklab[33m,[39m[36mvar[39m([33m--[39msecondary)[35m80[39m[33m%[39m[33m,[39mtransparent)}}}[33m.[39mspinner{height[33m:[39mcalc([36mvar[39m([33m--[39mspacing)[33m*[39m[35m8[39m)[33m;[39mwidth[33m:[39mcalc([36mvar[39m([33m--[39mspacing)[33m*[39m[35m8[39m)[33m;[39manimation[33m:[39m[36mvar[39m([33m--[39manimate[33m-[39mspin)[33m;[39mborder[33m-[39mstyle[33m:[39m[36mvar[39m([33m--[39mtw[33m-[39mborder[33m-[39mstyle)[33m;[39m[33m--[39mtw[33m-[39mborder[33m-[39mstyle[33m:[39msolid[33m;[39mborder[33m-[39mstyle[33m:[39msolid[33m;[39mborder[33m-[39mwidth[33m:[39m[35m4[39mpx[33m;[39mborder[33m-[39mcolor[33m:[39m[36mvar[39m([33m--[39mprimary)[33m;[39mborder[33m-[39mright[33m-[39mcolor[33m:[39m[33m#[39m[35m0000[39m[33m;[39mborder[33m-[39mradius[33m:[39m[35m3.40282e38[39mpx[33m;[39mdisplay[33m:[39minline[33m-[39mblock}[33m.[39mempty[33m-[39mstate{padding[33m-[39minline[33m:[39mcalc([36mvar[39m([33m--[39mspacing)[33m*[39m[35m4[39m)[33m;[39mpadding[33m-[39mblock[33m:[39mcalc([36mvar[39m([33m--[39mspacing)[33m*[39m[35m16[39m)[33m;[39mtext[33m-[39malign[33m:[39mcenter[33m;[39mflex[33m-[39mdirection[33m:[39mcolumn[33m;[39mjustify[33m-[39mcontent[33m:[39mcenter[33m;[39malign[33m-[39mitems[33m:[39mcenter[33m;[39mdisplay[33m:[39mflex}[33m.[39mtoast[33m-[39msuccess{border[33m-[39mradius[33m:[39mcalc([36mvar[39m([33m--[39mradius) [33m+[39m [35m6[39mpx)[33m;[39mbackground[33m-[39mcolor[33m:[39m[36mvar[39m([33m--[39maccent)[33m;[39mpadding[33m:[39mcalc([36mvar[39m([33m--[39mspacing)[33m*[39m[35m4[39m)[33m;[39m[33m--[39mtw[33m-[39mfont[33m-[39mweight[33m:[39m[36mvar[39m([33m--[39mfont[33m-[39mweight[33m-[39msemibold)[33m;[39mfont[33m-[39mweight[33m:[39m[36mvar[39m([33m--[39mfont[33m-[39mweight[33m-[39msemibold)[33m;[39mcolor[33m:[39m[36mvar[39m([33m--[39maccent[33m-[39mforeground)[33m;[39m[33m--[39mtw[33m-[39mshadow[33m:[39m[35m0[39m [35m20[39mpx [35m25[39mpx [33m-[39m[35m5[39mpx [36mvar[39m([33m--[39mtw[33m-[39mshadow[33m-[39mcolor[33m,[39m[33m#[39m[35m0000001[39ma)[33m,[39m[35m0[39m [35m8[39mpx [35m10[39mpx [33m-[39m[35m6[39mpx [36mvar[39m([33m--[39mtw[33m-[39mshadow[33m-[39mcolor[33m,[39m[33m#[39m[35m0000001[39ma)[33m;[39mbox[33m-[39mshadow[33m:[39m[36mvar[39m([33m--[39mtw[33m-[39minset[33m-[39mshadow)[33m,[39m[36mvar[39m([33m--[39mtw[33m-[39minset[33m-[39mring[33m-[39mshadow)[33m,[39m[36mvar[39m([33m--[39mtw[33m-[39mring[33m-[39moffset[33m-[39mshadow)[33m,[39m[36mvar[39m([33m--[39mtw[33m-[39mring[33m-[39mshadow)[33m,[39m[36mvar[39m([33m--[39mtw[33m-[39mshadow)[33m;[39m[33m--[39mtw[33m-[39mshadow[33m-[39mcolor[33m:[39m[36mvar[39m([33m--[39maccent)}[33m@[39msupports (color[33m:[39mcolor[33m-[39mmix([36min[39m lab[33m,[39m red[33m,[39m red)){[33m.[39mtoast[33m-[39msuccess{[33m--[39mtw[33m-[39mshadow[33m-[39mcolor[33m:[39mcolor[33m-[39mmix([36min[39m oklab[33m,[39mcolor[33m-[39mmix([36min[39m oklab[33m,[39m[36mvar[39m([33m--[39maccent)[35m30[39m[33m%[39m[33m,[39mtransparent)[36mvar[39m([33m--[39mtw[33m-[39mshadow[33m-[39malpha)[33m,[39mtransparent)}}}[33m@[39mlayer utilities{[33m.[39m[37m[41m[1m\[22m[49m[39m[33m@[39mcontainer[37m[41m[1m\[22m[49m[39m[33m/[39mcard[33m-[39mheader{container[33m:[39mcard[33m-[39mheader[33m/[39minline[33m-[39msize}[33m.[39m[37m[41m[1m\[22m[49m[39m[33m@[39mcontainer[37m[41m[1m\[22m[49m[39m[33m/[39mfield[33m-[39mgroup{container[33m:[39mfield[33m-[39mgroup[33m/[39minline[33m-[39msize}[33m.[39mpointer[33m-[39mevents[33m-[39mauto{pointer[33m-[39mevents[33m:[39mauto}[33m.[39mpointer[33m-[39mevents[33m-[39mnone{pointer[33m-[39mevents[33m:[39mnone}[33m.[39minvisible{visibility[33m:[39mhidden}[33m.[39msr[33m-[39monly{clip[33m-[39mpath[33m:[39minset([35m50[39m[33m%[39m)[33m;[39mwhite[33m-[39mspace[33m:[39mnowrap[33m;[39mborder[33m-[39mwidth[33m:[39m[35m0[39m[33m;[39mwidth[33m:[39m[35m1[39mpx[33m;[39mheight[33m:[39m[35m1[39mpx[33m;[39mmargin[33m:[39m[33m-[39m[35m1[39mpx[33m;[39mpadding[33m:[39m[35m0[39m[33m;[39mposition[33m:[39mabsolute[33m;[39moverflow[33m:[39mhidden}[33m.[39mabsolute{position[33m:[39mabsolute}[33m.[39mfixed{position[33m:[39mfixed}[33m.[39mrelative{position[33m:[39mrelative}[33m.[39msticky{position[33m:[39msticky}[33m.[39minset[33m-[39m[35m0[39m{inset[33m:[39mcalc([36mvar[39m([33m--[39mspacing)[33m*[39m[35m0[39m)}[33m.[39minset[33m-[39mx[33m-[39m[35m0[39m{inset[33m-[39minline[33m:[39mcalc([36mvar[39m([33m--[39mspacing)[33m*[39m[35m0[39m)}[33m.[39minset[33m-[39my[33m-[39m[35m0[39m{inset[33m-[39mblock[33m:[39mcalc([36mvar[39m([33m--[39mspacing)[33m*[39m[35m0[39m)}[33m.[39m[33m-[39mtop[33m-[39m[35m12[39m{top[33m:[39mcalc([36mvar[39m([33m--[39mspacing)[33m*[39m[33m-[39m[35m12[39m)}[33m.[39mtop[33m-[39m[35m0[39m{top[33m:[39mcalc([36mvar[39m([33m--[39mspacing)[33m*[39m[35m0[39m)}[33m.[39mtop[33m-[39m[35m1[39m[37m[41m[1m\[22m[49m[39m[35m.5[39m{top[33m:[39mcalc([36mvar[39m([33m--[39mspacing)[33m*[39m[35m1.5[39m)}[33m.[39mtop[33m-[39m[35m1[39m[37m[41m[1m\[22m[49m[39m[33m/[39m[35m2[39m{top[33m:[39m[35m50[39m[33m%[39m}[33m.[39mtop[33m-[39m[35m2[39m{top[33m:[39mcalc([36mvar[39m([33m--[39mspacing)[33m*[39m[35m2[39m)}[33m.[39mtop[33m-[39m[35m3[39m[37m[41m[1m\[22m[49m[39m[35m.5[39m{top[33m:[39mcalc([36mvar[39m([33m--[39mspacing)[33m*[39m[35m3.5[39m)}[33m.[39mtop[33m-[39m[35m4[39m{top[33m:[39mcalc([36mvar[39m([33m--[39mspacing)[33m*[39m[35m4[39m)}[33m.[39mtop[33m-[39m[35m20[39m{top[33m:[39mcalc([36mvar[39m([33m--[39mspacing)[33m*[39m[35m20[39m)}[33m.[39mtop[33m-[39m[37m[41m[1m\[22m[49m[39m[[35m1[39mpx[37m[41m[1m\[22m[49m[39m]{top[33m:[39m[35m1[39mpx}[33m.[39mtop[33m-[39m[37m[41m[1m\[22m[49m[39m[[35m50[39m[37m[41m[1m\[22m[49m[39m[33m%[39m[37m[41m[1m\[22m[49m[39m]{top[33m:[39m[35m50[39m[33m%[39m}[33m.[39mtop[33m-[39m[37m[41m[1m\[22m[49m[39m[[35m60[39m[37m[41m[1m\[22m[49m[39m[33m%[39m[37m[41m[1m\[22m[49m[39m]{top[33m:[39m[35m60[39m[33m%[39m}[33m.[39mtop[33m-[39mfull{top[33m:[39m[35m100[39m[33m%[39m}[33m.[39m[33m-[39mright[33m-[39m[35m12[39m{right[33m:[39mcalc([36mvar[39m([33m--[39mspacing)[33m*[39m[33m-[39m[35m12[39m)}[33m.[39mright[33m-[39m[35m0[39m{right[33m:[39mcalc([36mvar[39m([33m--[39mspacing)[33m*[39m[35m0[39m)}[33m.[39mright[33m-[39m[35m1[39m{right[33m:[39mcalc([36mvar[39m([33m--[39mspacing)[33m*[39m[35m1[39m)}[33m.[39mright[33m-[39m[35m2[39m{right[33m:[39mcalc([36mvar[39m([33m--[39mspacing)[33m*[39m[35m2[39m)}[33m.[39mright[33m-[39m[35m3[39m{right[33m:[39mcalc([36mvar[39m([33m--[39mspacing)[33m*[39m[35m3[39m)}[33m.[39mright[33m-[39m[35m4[39m{right[33m:[39mcalc([36mvar[39m([33m--[39mspacing)[33m*[39m[35m4[39m)}[33m.[39m[33m-[39mbottom[33m-[39m[35m12[39m{bottom[33m:[39mcalc([36mvar[39m([33m--[39mspacing)[33m*[39m[33m-[39m[35m12[39m)}[33m.[39mbottom[33m-[39m[35m0[39m{bottom[33m:[39mcalc([36mvar[39m([33m--[39mspacing)[33m*[39m[35m0[39m)}[33m.[39m[33m-[39mleft[33m-[39m[35m12[39m{left[33m:[39mcalc([36mvar[39m([33m--[39mspacing)[33m*[39m[33m-[39m[35m12[39m)}[33m.[39mleft[33m-[39m[35m0[39m{left[33m:[39mcalc([36mvar[39m([33m--[39mspacing)[33m*[39m[35m0[39m)}[33m.[39mleft[33m-[39m[35m1[39m[37m[41m[1m\[22m[49m[39m[33m/[39m[35m2[39m{left[33m:[39m[35m50[39m[33m%[39m}[33m.[39mleft[33m-[39m[35m2[39m{left[33m:[39mcalc([36mvar[39m([33m--[39mspacing)[33m*[39m[35m2[39m)}[33m.[39mleft[33m-[39m[37m[41m[1m\[22m[49m[39m[[35m50[39m[37m[41m[1m\[22m[49m[39m[33m%[39m[37m[41m[1m\[22m[49m[39m]{left[33m:[39m[35m50[39m[33m%[39m}[33m.[39misolate{isolation[33m:[39misolate}[33m.[39mz[33m-[39m[35m10[39m{z[33m-[39mindex[33m:[39m[35m10[39m}[33m.[39mz[33m-[39m[35m20[39m{z[33m-[39mindex[33m:[39m[35m20[39m}[33m.[39mz[33m-[39m[35m40[39m{z[33m-[39mindex[33m:[39m[35m40[39m}[33m.[39mz[33m-[39m[35m50[39m{z[33m-[39mindex[33m:[39m[35m50[39m}[33m.[39mz[33m-[39m[37m[41m[1m\[22m[49m[39m[[35m1[39m[37m[41m[1m\[22m[49m[39m]{z[33m-[39mindex[33m:[39m[35m1[39m}[33m.[39mz[33m-[39m[37m[41m[1m\[22m[49m[39m[[35m100[39m[37m[41m[1m\[22m[49m[39m]{z[33m-[39mindex[33m:[39m[35m100[39m}[33m.[39morder[33m-[39mfirst{order[33m:[39m[33m-[39m[35m9999[39m}[33m.[39morder[33m-[39mlast{order[33m:[39m[35m9999[39m}[33m.[39mcol[33m-[39mstart[33m-[39m[35m2[39m{grid[33m-[39mcolumn[33m-[39mstart[33m:[39m[35m2[39m}[33m.[39mrow[33m-[39mspan[33m-[39m[35m2[39m{grid[33m-[39mrow[33m:[39mspan [35m2[39m[33m/[39mspan [35m2[39m}[33m.[39mrow[33m-[39mstart[33m-[39m[35m1[39m{grid[33m-[39mrow[33m-[39mstart[33m:[39m[35m1[39m}[33m.[39m[37m[41m[1m\[22m[49m[39m[33m![39mm[33m-[39m[35m0[39m{margin[33m:[39mcalc([36mvar[39m([33m--[39mspacing)[33m*[39m[35m0[39m)[33m![39mimportant}[33m.[39m[33m-[39mmx[33m-[39m[35m1[39m{margin[33m-[39minline[33m:[39mcalc([36mvar[39m([33m--[39mspacing)[33m*[39m[33m-[39m[35m1[39m)}[33m.[39mmx[33m-[39m[35m2[39m{margin[33m-[39minline[33m:[39mcalc([36mvar[39m([33m--[39mspacing)[33m*[39m[35m2[39m)}[33m.[39mmx[33m-[39m[35m3[39m[37m[41m[1m\[22m[49m[39m[35m.5[39m{margin[33m-[39minline[33m:[39mcalc([36mvar[39m([33m--[39mspacing)[33m*[39m[35m3.5[39m)}[33m.[39mmx[33m-[39mauto{margin[33m-[39minline[33m:[39mauto}[33m.[39m[33m-[39mmy[33m-[39m[35m2[39m{margin[33m-[39mblock[33m:[39mcalc([36mvar[39m([33m--[39mspacing)[33m*[39m[33m-[39m[35m2[39m)}[33m.[39mmy[33m-[39m[35m0[39m{margin[33m-[39mblock[33m:[39mcalc([36mvar[39m([33m--[39mspacing)[33m*[39m[35m0[39m)}[33m.[39mmy[33m-[39m[35m0[39m[37m[41m[1m\[22m[49m[39m[35m.5[39m{margin[33m-[39mblock[33m:[39mcalc([36mvar[39m([33m--[39mspacing)[33m*[39m[35m.5[39m)}[33m.[39mmy[33m-[39m[35m1[39m{margin[33m-[39mblock[33m:[39mcalc([36mvar[39m([33m--[39mspacing)[33m*[39m[35m1[39m)}[33m.[39m[33m-[39mmt[33m-[39m[35m4[39m{margin[33m-[39mtop[33m:[39mcalc([36mvar[39m([33m--[39mspacing)[33m*[39m[33m-[39m[35m4[39m)}[33m.[39m[33m-[39mmt[33m-[39m[35m8[39m{margin[33m-[39mtop[33m:[39mcalc([36mvar[39m([33m--[39mspacing)[33m*[39m[33m-[39m[35m8[39m)}[33m.[39mmt[33m-[39m[35m0[39m[37m[41m[1m\[22m[49m[39m[35m.5[39m{margin[33m-[39mtop[33m:[39mcalc([36mvar[39m([33m--[39mspacing)[33m*[39m[35m.5[39m)}[33m.[39mmt[33m-[39m[35m1[39m{margin[33m-[39mtop[33m:[39mcalc([36mvar[39m([33m--[39mspacing)[33m*[39m[35m1[39m)}[33m.[39mmt[33m-[39m[35m1[39m[37m[41m[1m\[22m[49m[39m[35m.5[39m{margin[33m-[39mtop[33m:[39mcalc([36mvar[39m([33m--[39mspacing)[33m*[39m[35m1.5[39m)}[33m.[39mmt[33m-[39m[35m2[39m{margin[33m-[39mtop[33m:[39mcalc([36mvar[39m([33m--[39mspacing)[33m*[39m[35m2[39m)}[33m.[39mmt[33m-[39m[35m4[39m{margin[33m-[39mtop[33m:[39mcalc([36mvar[39m([33m--[39mspacing)[33m*[39m[35m4[39m)}[33m.[39mmt[33m-[39m[35m6[39m{margin[33m-[39mtop[33m:[39mcalc([36mvar[39m([33m--[39mspacing)[33m*[39m[35m6[39m)}[33m.[39mmt[33m-[39mauto{margin[33m-[39mtop[33m:[39mauto}[33m.[39mmb[33m-[39m[35m1[39m{margin[33m-[39mbottom[33m:[39mcalc([36mvar[39m([33m--[39mspacing)[33m*[39m[35m1[39m)}[33m.[39mmb[33m-[39m[35m2[39m{margin[33m-[39mbottom[33m:[39mcalc([36mvar[39m([33m--[39mspacing)[33m*[39m[35m2[39m)}[33m.[39mmb[33m-[39m[35m3[39m{margin[33m-[39mbottom[33m:[39mcalc([36mvar[39m([33m--[39mspacing)[33m*[39m[35m3[39m)}[33m.[39mmb[33m-[39m[35m4[39m{margin[33m-[39mbottom[33m:[39mcalc([36mvar[39m([33m--[39mspacing)[33m*[39m[35m4[39m)}[33m.[39mmb[33m-[39m[35m6[39m{margin[33m-[39mbottom[33m:[39mcalc([36mvar[39m([33m--[39mspacing)[33m*[39m[35m6[39m)}[33m.[39mmb[33m-[39m[35m8[39m{margin[33m-[39mbottom[33m:[39mcalc([36mvar[39m([33m--[39mspacing)[33m*[39m[35m8[39m)}[33m.[39m[33m-[39mml[33m-[39m[35m4[39m{margin[33m-[39mleft[33m:[39mcalc([36mvar[39m([33m--[39mspacing)[33m*[39m[33m-[39m[35m4[39m)}[33m.[39mml[33m-[39m[35m1[39m{margin[33m-[39mleft[33m:[39mcalc([36mvar[39m([33m--[39mspacing)[33m*[39m[35m1[39m)}[33m.[39mml[33m-[39m[35m2[39m{margin[33m-[39mleft[33m:[39mcalc([36mvar[39m([33m--[39mspacing)[33m*[39m[35m2[39m)}[33m.[39mml[33m-[39m[35m4[39m{margin[33m-[39mleft[33m:[39mcalc([36mvar[39m([33m--[39mspacing)[33m*[39m[35m4[39m)}[33m.[39mml[33m-[39mauto{margin[33m-[39mleft[33m:[39mauto}[33m.[39mline[33m-[39mclamp[33m-[39m[35m1[39m{[33m-[39mwebkit[33m-[39mline[33m-[39mclamp[33m:[39m[35m1[39m[33m;[39m[33m-[39mwebkit[33m-[39mbox[33m-[39morient[33m:[39mvertical[33m;[39mdisplay[33m:[39m[33m-[39mwebkit[33m-[39mbox[33m;[39moverflow[33m:[39mhidden}[33m.[39mline[33m-[39mclamp[33m-[39m[35m2[39m{[33m-[39mwebkit[33m-[39mline[33m-[39mclamp[33m:[39m[35m2[39m[33m;[39m[33m-[39mwebkit[33m-[39mbox[33m-[39morient[33m:[39mvertical[33m;[39mdisplay[33m:[39m[33m-[39mwebkit[33m-[39mbox[33m;[39moverflow[33m:[39mhidden}[33m.[39mblock{display[33m:[39mblock}[33m.[39mflex{display[33m:[39mflex}[33m.[39mgrid{display[33m:[39mgrid}[33m.[39mhidden{display[33m:[39mnone}[33m.[39minline[33m-[39mflex{display[33m:[39minline[33m-[39mflex}[33m.[39mtable{display[33m:[39mtable}[33m.[39mtable[33m-[39mcaption{display[33m:[39mtable[33m-[39mcaption}[33m.[39mtable[33m-[39mcell{display[33m:[39mtable[33m-[39mcell}[33m.[39mtable[33m-[39mrow{display[33m:[39mtable[33m-[39mrow}[33m.[39mfield[33m-[39msizing[33m-[39mcontent{field[33m-[39msizing[33m:[39mcontent}[33m.[39maspect[33m-[39msquare{aspect[33m-[39mratio[33m:[39m[35m1[39m}[33m.[39maspect[33m-[39mvideo{aspect[33m-[39mratio[33m:[39m[36mvar[39m([33m--[39maspect[33m-[39mvideo)}[33m.[39msize[33m-[39m[37m[41m[1m\[22m[49m[39m([33m--[39mcell[33m-[39msize[37m[41m[1m\[22m[49m[39m){width[33m:[39m[36mvar[39m([33m--[39mcell[33m-[39msize)[33m;[39mheight[33m:[39m[36mvar[39m([33m--[39mcell[33m-[39msize)}[33m.[39msize[33m-[39m[35m2[39m{width[33m:[39mcalc([36mvar[39m([33m--[39mspacing)[33m*[39m[35m2[39m)[33m;[39mheight[33m:[39mcalc([36mvar[39m([33m--[39mspacing)[33m*[39m[35m2[39m)}[33m.[39msize[33m-[39m[35m2[39m[37m[41m[1m\[22m[49m[39m[35m.5[39m{width[33m:[39mcalc([36mvar[39m([33m--[39mspacing)[33m*[39m[35m2.5[39m)[33m;[39mheight[33m:[39mcalc([36mvar[39m([33m--[39mspacing)[33m*[39m[35m2.5[39m)}[33m.[39msize[33m-[39m[35m3[39m{width[33m:[39mcalc([36mvar[39m([33m--[39mspacing)[33m*[39m[35m3[39m)[33m;[39mheight[33m:[39mcalc([36mvar[39m([33m--[39mspacing)[33m*[39m[35m3[39m)}[33m.[39msize[33m-[39m[35m3[39m[37m[41m[1m\[22m[49m[39m[35m.5[39m{width[33m:[39mcalc([36mvar[39m([33m--[39mspacing)[33m*[39m[35m3.5[39m)[33m;[39mheight[33m:[39mcalc([36mvar[39m([33m--[39mspacing)[33m*[39m[35m3.5[39m)}[33m.[39msize[33m-[39m[35m4[39m{width[33m:[39mcalc([36mvar[39m([33m--[39mspacing)[33m*[39m[35m4[39m)[33m;[39mheight[33m:[39mcalc([36mvar[39m([33m--[39mspacing)[33m*[39m[35m4[39m)}[33m.[39msize[33m-[39m[35m6[39m{width[33m:[39mcalc([36mvar[39m([33m--[39mspacing)[33m*[39m[35m6[39m)[33m;[39mheight[33m:[39mcalc([36mvar[39m([33m--[39mspacing)[33m*[39m[35m6[39m)}[33m.[39msize[33m-[39m[35m7[39m{width[33m:[39mcalc([36mvar[39m([33m--[39mspacing)[33m*[39m[35m7[39m)[33m;[39mheight[33m:[39mcalc([36mvar[39m([33m--[39mspacing)[33m*[39m[35m7[39m)}[33m.[39msize[33m-[39m[35m8[39m{width[33m:[39mcalc([36mvar[39m([33m--[39mspacing)[33m*[39m[35m8[39m)[33m;[39mheight[33m:[39mcalc([36mvar[39m([33m--[39mspacing)[33m*[39m[35m8[39m)}[33m.[39msize[33m-[39m[35m9[39m{width[33m:[39mcalc([36mvar[39m([33m--[39mspacing)[33m*[39m[35m9[39m)[33m;[39mheight[33m:[39mcalc([36mvar[39m([33m--[39mspacing)[33m*[39m[35m9[39m)}[33m.[39msize[33m-[39m[35m10[39m{width[33m:[39mcalc([36mvar[39m([33m--[39mspacing)[33m*[39m[35m10[39m)[33m;[39mheight[33m:[39mcalc([36mvar[39m([33m--[39mspacing)[33m*[39m[35m10[39m)}[33m.[39msize[33m-[39mauto{width[33m:[39mauto[33m;[39mheight[33m:[39mauto}[33m.[39msize[33m-[39mfull{width[33m:[39m[35m100[39m[33m%[39m[33m;[39mheight[33m:[39m[35m100[39m[33m%[39m}[33m.[39mh[33m-[39m[37m[41m[1m\[22m[49m[39m([33m--[39mcell[33m-[39msize[37m[41m[1m\[22m[49m[39m){height[33m:[39m[36mvar[39m([33m--[39mcell[33m-[39msize)}[33m.[39mh[33m-[39m[35m1[39m[37m[41m[1m\[22m[49m[39m[35m.5[39m{height[33m:[39mcalc([36mvar[39m([33m--[39mspacing)[33m*[39m[35m1.5[39m)}[33m.[39mh[33m-[39m[35m2[39m{height[33m:[39mcalc([36mvar[39m([33m--[39mspacing)[33m*[39m[35m2[39m)}[33m.[39mh[33m-[39m[35m2[39m[37m[41m[1m\[22m[49m[39m[35m.5[39m{height[33m:[39mcalc([36mvar[39m([33m--[39mspacing)[33m*[39m[35m2.5[39m)}[33m.[39mh[33m-[39m[35m4[39m{height[33m:[39mcalc([36mvar[39m([33m--[39mspacing)[33m*[39m[35m4[39m)}[33m.[39mh[33m-[39m[35m5[39m{height[33m:[39mcalc([36mvar[39m([33m--[39mspacing)[33m*[39m[35m5[39m)}[33m.[39mh[33m-[39m[35m6[39m{height[33m:[39mcalc([36mvar[39m([33m--[39mspacing)[33m*[39m[35m6[39m)}[33m.[39mh[33m-[39m[35m7[39m{height[33m:[39mcalc([36mvar[39m([33m--[39mspacing)[33m*[39m[35m7[39m)}[33m.[39mh[33m-[39m[35m8[39m{height[33m:[39mcalc([36mvar[39m([33m--[39mspacing)[33m*[39m[35m8[39m)}[33m.[39mh[33m-[39m[35m9[39m{height[33m:[39mcalc([36mvar[39m([33m--[39mspacing)[33m*[39m[35m9[39m)}[33m.[39mh[33m-[39m[35m10[39m{height[33m:[39mcalc([36mvar[39m([33m--[39mspacing)[33m*[39m[35m10[39m)}[33m.[39mh[33m-[39m[35m12[39m{height[33m:[39mcalc([36mvar[39m([33m--[39mspacing)[33m*[39m[35m12[39m)}[33m.[39mh[33m-[39m[35m14[39m{height[33m:[39mcalc([36mvar[39m([33m--[39mspacing)[33m*[39m[35m14[39m)}[33m.[39mh[33m-[39m[35m16[39m{height[33m:[39mcalc([36mvar[39m([33m--[39mspacing)[33m*[39m[35m16[39m)}[33m.[39mh[33m-[39m[37m[41m[1m\[22m[49m[39m[[35m1[39m[37m[41m[1m\[22m[49m[39m[35m.15[39mrem[37m[41m[1m\[22m[49m[39m]{height[33m:[39m[35m1.15[39mrem}[33m.[39mh[33m-[39m[37m[41m[1m\[22m[49m[39m[calc[37m[41m[1m\[22m[49m[39m([35m100[39m[37m[41m[1m\[22m[49m[39m[33m%[39m[33m-[39m[35m1[39mpx[37m[41m[1m\[22m[49m[39m)[37m[41m[1m\[22m[49m[39m]{height[33m:[39mcalc([35m100[39m[33m%[39m [33m-[39m [35m1[39mpx)}[33m.[39mh[33m-[39m[37m[41m[1m\[22m[49m[39m[[36mvar[39m[37m[41m[1m\[22m[49m[39m([33m--[39mradix[33m-[39mnavigation[33m-[39mmenu[33m-[39mviewport[33m-[39mheight[37m[41m[1m\[22m[49m[39m)[37m[41m[1m\[22m[49m[39m]{height[33m:[39m[36mvar[39m([33m--[39mradix[33m-[39mnavigation[33m-[39mmenu[33m-[39mviewport[33m-[39mheight)}[33m.[39mh[33m-[39m[37m[41m[1m\[22m[49m[39m[[36mvar[39m[37m[41m[1m\[22m[49m[39m([33m--[39mradix[33m-[39mselect[33m-[39mtrigger[33m-[39mheight[37m[41m[1m\[22m[49m[39m)[37m[41m[1m\[22m[49m[39m]{height[33m:[39m[36mvar[39m([33m--[39mradix[33m-[39mselect[33m-[39mtrigger[33m-[39mheight)}[33m.[39mh[33m-[39mauto{height[33m:[39mauto}[33m.[39mh[33m-[39mfull{height[33m:[39m[35m100[39m[33m%[39m}[33m.[39mh[33m-[39mpx{height[33m:[39m[35m1[39mpx}[33m.[39mh[33m-[39msvh{height[33m:[39m[35m100[39msvh}[33m.[39mmax[33m-[39mh[33m-[39m[37m[41m[1m\[22m[49m[39m([33m--[39mradix[33m-[39mcontext[33m-[39mmenu[33m-[39mcontent[33m-[39mavailable[33m-[39mheight[37m[41m[1m\[22m[49m[39m){max[33m-[39mheight[33m:[39m[36mvar[39m([33m--[39mradix[33m-[39mcontext[33m-[39mmenu[33m-[39mcontent[33m-[39mavailable[33m-[39mheight)}[33m.[39mmax[33m-[39mh[33m-[39m[37m[41m[1m\[22m[49m[39m([33m--[39mradix[33m-[39mdropdown[33m-[39mmenu[33m-[39mcontent[33m-[39mavailable[33m-[39mheight[37m[41m[1m\[22m[49m[39m){max[33m-[39mheight[33m:[39m[36mvar[39m([33m--[39mradix[33m-[39mdropdown[33m-[39mmenu[33m-[39mcontent[33m-[39mavailable[33m-[39mheight)}[33m.[39mmax[33m-[39mh[33m-[39m[37m[41m[1m\[22m[49m[39m([33m--[39mradix[33m-[39mselect[33m-[39mcontent[33m-[39mavailable[33m-[39mheight[37m[41m[1m\[22m[49m[39m){max[33m-[39mheight[33m:[39m[36mvar[39m([33m--[39mradix[33m-[39mselect[33m-[39mcontent[33m-[39mavailable[33m-[39mheight)}[33m.[39mmax[33m-[39mh[33m-[39m[37m[41m[1m\[22m[49m[39m[[35m300[39mpx[37m[41m[1m\[22m[49m[39m]{max[33m-[39mheight[33m:[39m[35m300[39mpx}[33m.[39mmax[33m-[39mh[33m-[39mscreen{max[33m-[39mheight[33m:[39m[35m100[39mvh}[33m.[39mmin[33m-[39mh[33m-[39m[35m0[39m{min[33m-[39mheight[33m:[39mcalc([36mvar[39m([33m--[39mspacing)[33m*[39m[35m0[39m)}[33m.[39mmin[33m-[39mh[33m-[39m[35m4[39m{min[33m-[39mheight[33m:[39mcalc([36mvar[39m([33m--[39mspacing)[33m*[39m[35m4[39m)}[33m.[39mmin[33m-[39mh[33m-[39m[35m16[39m{min[33m-[39mheight[33m:[39mcalc([36mvar[39m([33m--[39mspacing)[33m*[39m[35m16[39m)}[33m.[39mmin[33m-[39mh[33m-[39m[37m[41m[1m\[22m[49m[39m[[35m400[39mpx[37m[41m[1m\[22m[49m[39m]{min[33m-[39mheight[33m:[39m[35m400[39mpx}[33m.[39mmin[33m-[39mh[33m-[39mscreen{min[33m-[39mheight[33m:[39m[35m100[39mvh}[33m.[39mmin[33m-[39mh[33m-[39msvh{min[33m-[39mheight[33m:[39m[35m100[39msvh}[33m.[39mw[33m-[39m[37m[41m[1m\[22m[49m[39m([33m--[39mcell[33m-[39msize[37m[41m[1m\[22m[49m[39m){width[33m:[39m[36mvar[39m([33m--[39mcell[33m-[39msize)}[33m.[39mw[33m-[39m[37m[41m[1m\[22m[49m[39m([33m--[39msidebar[33m-[39mwidth[37m[41m[1m\[22m[49m[39m){width[33m:[39m[36mvar[39m([33m--[39msidebar[33m-[39mwidth)}[33m.[39mw[33m-[39m[35m0[39m{width[33m:[39mcalc([36mvar[39m([33m--[39mspacing)[33m*[39m[35m0[39m)}[33m.[39mw[33m-[39m[35m1[39m{width[33m:[39mcalc([36mvar[39m([33m--[39mspacing)[33m*[39m[35m1[39m)}[33m.[39mw[33m-[39m[35m2[39m{width[33m:[39mcalc([36mvar[39m([33m--[39mspacing)[33m*[39m[35m2[39m)}[33m.[39mw[33m-[39m[35m2[39m[37m[41m[1m\[22m[49m[39m[35m.5[39m{width[33m:[39mcalc([36mvar[39m([33m--[39mspacing)[33m*[39m[35m2.5[39m)}[33m.[39mw[33m-[39m[35m3[39m{width[33m:[39mcalc([36mvar[39m([33m--[39mspacing)[33m*[39m[35m3[39m)}[33m.[39mw[33m-[39m[35m3[39m[37m[41m[1m\[22m[49m[39m[33m/[39m[35m4[39m{width[33m:[39m[35m75[39m[33m%[39m}[33m.[39mw[33m-[39m[35m4[39m{width[33m:[39mcalc([36mvar[39m([33m--[39mspacing)[33m*[39m[35m4[39m)}[33m.[39mw[33m-[39m[35m5[39m{width[33m:[39mcalc([36mvar[39m([33m--[39mspacing)[33m*[39m[35m5[39m)}[33m.[39mw[33m-[39m[35m6[39m{width[33m:[39mcalc([36mvar[39m([33m--[39mspacing)[33m*[39m[35m6[39m)}[33m.[39mw[33m-[39m[35m7[39m{width[33m:[39mcalc([36mvar[39m([33m--[39mspacing)[33m*[39m[35m7[39m)}[33m.[39mw[33m-[39m[35m8[39m{width[33m:[39mcalc([36mvar[39m([33m--[39mspacing)[33m*[39m[35m8[39m)}[33m.[39mw[33m-[39m[35m9[39m{width[33m:[39mcalc([36mvar[39m([33m--[39mspacing)[33m*[39m[35m9[39m)}[33m.[39mw[33m-[39m[35m12[39m{width[33m:[39mcalc([36mvar[39m([33m--[39mspacing)[33m*[39m[35m12[39m)}[33m.[39mw[33m-[39m[35m14[39m{width[33m:[39mcalc([36mvar[39m([33m--[39mspacing)[33m*[39m[35m14[39m)}[33m.[39mw[33m-[39m[35m20[39m{width[33m:[39mcalc([36mvar[39m([33m--[39mspacing)[33m*[39m[35m20[39m)}[33m.[39mw[33m-[39m[35m64[39m{width[33m:[39mcalc([36mvar[39m([33m--[39mspacing)[33m*[39m[35m64[39m)}[33m.[39mw[33m-[39m[35m72[39m{width[33m:[39mcalc([36mvar[39m([33m--[39mspacing)[33m*[39m[35m72[39m)}[33m.[39mw[33m-[39m[37m[41m[1m\[22m[49m[39m[[35m100[39mpx[37m[41m[1m\[22m[49m[39m]{width[33m:[39m[35m100[39mpx}[33m.[39mw[33m-[39mauto{width[33m:[39mauto}[33m.[39mw[33m-[39mfit{width[33m:[39mfit[33m-[39mcontent}[33m.[39mw[33m-[39mfull{width[33m:[39m[35m100[39m[33m%[39m}[33m.[39mw[33m-[39mmax{width[33m:[39mmax[33m-[39mcontent}[33m.[39mw[33m-[39mpx{width[33m:[39m[35m1[39mpx}[33m.[39mmax[33m-[39mw[33m-[39m[37m[41m[1m\[22m[49m[39m([33m--[39mskeleton[33m-[39mwidth[37m[41m[1m\[22m[49m[39m){max[33m-[39mwidth[33m:[39m[36mvar[39m([33m--[39mskeleton[33m-[39mwidth)}[33m.[39mmax[33m-[39mw[33m-[39m[35m2[39mxl{max[33m-[39mwidth[33m:[39m[36mvar[39m([33m--[39mcontainer[33m-[39m[35m2[39mxl)}[33m.[39mmax[33m-[39mw[33m-[39m[35m4[39mxl{max[33m-[39mwidth[33m:[39m[36mvar[39m([33m--[39mcontainer[33m-[39m[35m4[39mxl)}[33m.[39mmax[33m-[39mw[33m-[39m[35m6[39mxl{max[33m-[39mwidth[33m:[39m[36mvar[39m([33m--[39mcontainer[33m-[39m[35m6[39mxl)}[33m.[39mmax[33m-[39mw[33m-[39m[35m7[39mxl{max[33m-[39mwidth[33m:[39m[36mvar[39m([33m--[39mcontainer[33m-[39m[35m7[39mxl)}[33m.[39mmax[33m-[39mw[33m-[39m[37m[41m[1m\[22m[49m[39m[calc[37m[41m[1m\[22m[49m[39m([35m100[39m[37m[41m[1m\[22m[49m[39m[33m%[39m[33m-[39m[35m2[39mrem[37m[41m[1m\[22m[49m[39m)[37m[41m[1m\[22m[49m[39m]{max[33m-[39mwidth[33m:[39mcalc([35m100[39m[33m%[39m [33m-[39m [35m2[39mrem)}[33m.[39mmax[33m-[39mw[33m-[39mmax{max[33m-[39mwidth[33m:[39mmax[33m-[39mcontent}[33m.[39mmax[33m-[39mw[33m-[39mmd{max[33m-[39mwidth[33m:[39m[36mvar[39m([33m--[39mcontainer[33m-[39mmd)}[33m.[39mmax[33m-[39mw[33m-[39msm{max[33m-[39mwidth[33m:[39m[36mvar[39m([33m--[39mcontainer[33m-[39msm)}[33m.[39mmax[33m-[39mw[33m-[39mxs{max[33m-[39mwidth[33m:[39m[36mvar[39m([33m--[39mcontainer[33m-[39mxs)}[33m.[39mmin[33m-[39mw[33m-[39m[37m[41m[1m\[22m[49m[39m([33m--[39mcell[33m-[39msize[37m[41m[1m\[22m[49m[39m){min[33m-[39mwidth[33m:[39m[36mvar[39m([33m--[39mcell[33m-[39msize)}[33m.[39mmin[33m-[39mw[33m-[39m[35m0[39m{min[33m-[39mwidth[33m:[39mcalc([36mvar[39m([33m--[39mspacing)[33m*[39m[35m0[39m)}[33m.[39mmin[33m-[39mw[33m-[39m[35m5[39m{min[33m-[39mwidth[33m:[39mcalc([36mvar[39m([33m--[39mspacing)[33m*[39m[35m5[39m)}[33m.[39mmin[33m-[39mw[33m-[39m[35m8[39m{min[33m-[39mwidth[33m:[39mcalc([36mvar[39m([33m--[39mspacing)[33m*[39m[35m8[39m)}[33m.[39mmin[33m-[39mw[33m-[39m[35m9[39m{min[33m-[39mwidth[33m:[39mcalc([36mvar[39m([33m--[39mspacing)[33m*[39m[35m9[39m)}[33m.[39mmin[33m-[39mw[33m-[39m[35m10[39m{min[33m-[39mwidth[33m:[39mcalc([36mvar[39m([33m--[39mspacing)[33m*[39m[35m10[39m)}[33m.[39mmin[33m-[39mw[33m-[39m[37m[41m[1m\[22m[49m[39m[[35m8[39mrem[37m[41m[1m\[22m[49m[39m]{min[33m-[39mwidth[33m:[39m[35m8[39mrem}[33m.[39mmin[33m-[39mw[33m-[39m[37m[41m[1m\[22m[49m[39m[[35m12[39mrem[37m[41m[1m\[22m[49m[39m]{min[33m-[39mwidth[33m:[39m[35m12[39mrem}[33m.[39mmin[33m-[39mw[33m-[39m[37m[41m[1m\[22m[49m[39m[[36mvar[39m[37m[41m[1m\[22m[49m[39m([33m--[39mradix[33m-[39mselect[33m-[39mtrigger[33m-[39mwidth[37m[41m[1m\[22m[49m[39m)[37m[41m[1m\[22m[49m[39m]{min[33m-[39mwidth[33m:[39m[36mvar[39m([33m--[39mradix[33m-[39mselect[33m-[39mtrigger[33m-[39mwidth)}[33m.[39mflex[33m-[39m[35m1[39m{flex[33m:[39m[35m1[39m}[33m.[39mflex[33m-[39mshrink[33m-[39m[35m0[39m[33m,[39m[33m.[39mshrink[33m-[39m[35m0[39m{flex[33m-[39mshrink[33m:[39m[35m0[39m}[33m.[39mgrow{flex[33m-[39mgrow[33m:[39m[35m1[39m}[33m.[39mgrow[33m-[39m[35m0[39m{flex[33m-[39mgrow[33m:[39m[35m0[39m}[33m.[39mbasis[33m-[39mfull{flex[33m-[39mbasis[33m:[39m[35m100[39m[33m%[39m}[33m.[39mcaption[33m-[39mbottom{caption[33m-[39mside[33m:[39mbottom}[33m.[39mborder[33m-[39mcollapse{border[33m-[39mcollapse[33m:[39mcollapse}[33m.[39morigin[33m-[39m[37m[41m[1m\[22m[49m[39m([33m--[39mradix[33m-[39mcontext[33m-[39mmenu[33m-[39mcontent[33m-[39mtransform[33m-[39morigin[37m[41m[1m\[22m[49m[39m){transform[33m-[39morigin[33m:[39m[36mvar[39m([33m--[39mradix[33m-[39mcontext[33m-[39mmenu[33m-[39mcontent[33m-[39mtransform[33m-[39morigin)}[33m.[39morigin[33m-[39m[37m[41m[1m\[22m[49m[39m([33m--[39mradix[33m-[39mdropdown[33m-[39mmenu[33m-[39mcontent[33m-[39mtransform[33m-[39morigin[37m[41m[1m\[22m[49m[39m){transform[33m-[39morigin[33m:[39m[36mvar[39m([33m--[39mradix[33m-[39mdropdown[33m-[39mmenu[33m-[39mcontent[33m-[39mtransform[33m-[39morigin)}[33m.[39morigin[33m-[39m[37m[41m[1m\[22m[49m[39m([33m--[39mradix[33m-[39mhover[33m-[39mcard[33m-[39mcontent[33m-[39mtransform[33m-[39morigin[37m[41m[1m\[22m[49m[39m){transform[33m-[39morigin[33m:[39m[36mvar[39m([33m--[39mradix[33m-[39mhover[33m-[39mcard[33m-[39mcontent[33m-[39mtransform[33m-[39morigin)}[33m.[39morigin[33m-[39m[37m[41m[1m\[22m[49m[39m([33m--[39mradix[33m-[39mmenubar[33m-[39mcontent[33m-[39mtransform[33m-[39morigin[37m[41m[1m\[22m[49m[39m){transform[33m-[39morigin[33m:[39m[36mvar[39m([33m--[39mradix[33m-[39mmenubar[33m-[39mcontent[33m-[39mtransform[33m-[39morigin)}[33m.[39morigin[33m-[39m[37m[41m[1m\[22m[49m[39m([33m--[39mradix[33m-[39mpopover[33m-[39mcontent[33m-[39mtransform[33m-[39morigin[37m[41m[1m\[22m[49m[39m){transform[33m-[39morigin[33m:[39m[36mvar[39m([33m--[39mradix[33m-[39mpopover[33m-[39mcontent[33m-[39mtransform[33m-[39morigin)}[33m.[39morigin[33m-[39m[37m[41m[1m\[22m[49m[39m([33m--[39mradix[33m-[39mselect[33m-[39mcontent[33m-[39mtransform[33m-[39morigin[37m[41m[1m\[22m[49m[39m){transform[33m-[39morigin[33m:[39m[36mvar[39m([33m--[39mradix[33m-[39mselect[33m-[39mcontent[33m-[39mtransform[33m-[39morigin)}[33m.[39morigin[33m-[39m[37m[41m[1m\[22m[49m[39m([33m--[39mradix[33m-[39mtooltip[33m-[39mcontent[33m-[39mtransform[33m-[39morigin[37m[41m[1m\[22m[49m[39m){transform[33m-[39morigin[33m:[39m[36mvar[39m([33m--[39mradix[33m-[39mtooltip[33m-[39mcontent[33m-[39mtransform[33m-[39morigin)}[33m.[39m[33m-[39mtranslate[33m-[39mx[33m-[39m[35m1[39m[37m[41m[1m\[22m[49m[39m[33m/[39m[35m2[39m{[33m--[39mtw[33m-[39mtranslate[33m-[39mx[33m:[39mcalc(calc([35m1[39m[33m/[39m[35m2[39m[33m*[39m[35m100[39m[33m%[39m)[33m*[39m[33m-[39m[35m1[39m)[33m;[39mtranslate[33m:[39m[36mvar[39m([33m--[39mtw[33m-[39mtranslate[33m-[39mx)[36mvar[39m([33m--[39mtw[33m-[39mtranslate[33m-[39my)}[33m.[39m[33m-[39mtranslate[33m-[39mx[33m-[39mpx{[33m--[39mtw[33m-[39mtranslate[33m-[39mx[33m:[39m[33m-[39m[35m1[39mpx[33m;[39mtranslate[33m:[39m[36mvar[39m([33m--[39mtw[33m-[39mtranslate[33m-[39mx)[36mvar[39m([33m--[39mtw[33m-[39mtranslate[33m-[39my)}[33m.[39mtranslate[33m-[39mx[33m-[39m[37m[41m[1m\[22m[49m[39m[[33m-[39m[35m50[39m[37m[41m[1m\[22m[49m[39m[33m%[39m[37m[41m[1m\[22m[49m[39m]{[33m--[39mtw[33m-[39mtranslate[33m-[39mx[33m:[39m[33m-[39m[35m50[39m[33m%[39m[33m;[39mtranslate[33m:[39m[36mvar[39m([33m--[39mtw[33m-[39mtranslate[33m-[39mx)[36mvar[39m([33m--[39mtw[33m-[39mtranslate[33m-[39my)}[33m.[39mtranslate[33m-[39mx[33m-[39mpx{[33m--[39mtw[33m-[39mtranslate[33m-[39mx[33m:[39m[35m1[39mpx[33m;[39mtranslate[33m:[39m[36mvar[39m([33m--[39mtw[33m-[39mtranslate[33m-[39mx)[36mvar[39m([33m--[39mtw[33m-[39mtranslate[33m-[39my)}[33m.[39m[33m-[39mtranslate[33m-[39my[33m-[39m[35m1[39m[37m[41m[1m\[22m[49m[39m[33m/[39m[35m2[39m{[33m--[39mtw[33m-[39mtranslate[33m-[39my[33m:[39mcalc(calc([35m1[39m[33m/[39m[35m2[39m[33m*[39m[35m100[39m[33m%[39m)[33m*[39m[33m-[39m[35m1[39m)[33m;[39mtranslate[33m:[39m[36mvar[39m([33m--[39mtw[33m-[39mtranslate[33m-[39mx)[36mvar[39m([33m--[39mtw[33m-[39mtranslate[33m-[39my)}[33m.[39mtranslate[33m-[39my[33m-[39m[35m0[39m[37m[41m[1m\[22m[49m[39m[35m.5[39m{[33m--[39mtw[33m-[39mtranslate[33m-[39my[33m:[39mcalc([36mvar[39m([33m--[39mspacing)[33m*[39m[35m.5[39m)[33m;[39mtranslate[33m:[39m[36mvar[39m([33m--[39mtw[33m-[39mtranslate[33m-[39mx)[36mvar[39m([33m--[39mtw[33m-[39mtranslate[33m-[39my)}[33m.[39mtranslate[33m-[39my[33m-[39m[37m[41m[1m\[22m[49m[39m[[33m-[39m[35m50[39m[37m[41m[1m\[22m[49m[39m[33m%[39m[37m[41m[1m\[22m[49m[39m]{[33m--[39mtw[33m-[39mtranslate[33m-[39my[33m:[39m[33m-[39m[35m50[39m[33m%[39m[33m;[39mtranslate[33m:[39m[36mvar[39m([33m--[39mtw[33m-[39mtranslate[33m-[39mx)[36mvar[39m([33m--[39mtw[33m-[39mtranslate[33m-[39my)}[33m.[39mtranslate[33m-[39my[33m-[39m[37m[41m[1m\[22m[49m[39m[calc[37m[41m[1m\[22m[49m[39m([33m-[39m[35m50[39m[37m[41m[1m\[22m[49m[39m[33m%[39m_[33m-[39m_2px[37m[41m[1m\[22m[49m[39m)[37m[41m[1m\[22m[49m[39m]{[33m--[39mtw[33m-[39mtranslate[33m-[39my[33m:[39mcalc([33m-[39m[35m50[39m[33m%[39m [33m-[39m [35m2[39mpx)[33m;[39mtranslate[33m:[39m[36mvar[39m([33m--[39mtw[33m-[39mtranslate[33m-[39mx)[36mvar[39m([33m--[39mtw[33m-[39mtranslate[33m-[39my)}[33m.[39mscale[33m-[39m[35m110[39m{[33m--[39mtw[33m-[39mscale[33m-[39mx[33m:[39m[35m110[39m[33m%[39m[33m;[39m[33m--[39mtw[33m-[39mscale[33m-[39my[33m:[39m[35m110[39m[33m%[39m[33m;[39m[33m--[39mtw[33m-[39mscale[33m-[39mz[33m:[39m[35m110[39m[33m%[39m[33m;[39mscale[33m:[39m[36mvar[39m([33m--[39mtw[33m-[39mscale[33m-[39mx)[36mvar[39m([33m--[39mtw[33m-[39mscale[33m-[39my)}[33m.[39mrotate[33m-[39m[35m45[39m{rotate[33m:[39m[35m45[39mdeg}[33m.[39mrotate[33m-[39m[35m90[39m{rotate[33m:[39m[35m90[39mdeg}[33m.[39mtransform{transform[33m:[39m[36mvar[39m([33m--[39mtw[33m-[39mrotate[33m-[39mx[33m,[39m)[36mvar[39m([33m--[39mtw[33m-[39mrotate[33m-[39my[33m,[39m)[36mvar[39m([33m--[39mtw[33m-[39mrotate[33m-[39mz[33m,[39m)[36mvar[39m([33m--[39mtw[33m-[39mskew[33m-[39mx[33m,[39m)[36mvar[39m([33m--[39mtw[33m-[39mskew[33m-[39my[33m,[39m)}[33m.[39manimate[33m-[39mcaret[33m-[39mblink{animation[33m:[39m[35m1.25[39ms ease[33m-[39mout infinite caret[33m-[39mblink}[33m.[39manimate[33m-[39m[36min[39m{animation[33m:[39menter [36mvar[39m([33m--[39mtw[33m-[39manimation[33m-[39mduration[33m,[39m[36mvar[39m([33m--[39mtw[33m-[39mduration[33m,[39m[35m.15[39ms))[36mvar[39m([33m--[39mtw[33m-[39mease[33m,[39mease)[36mvar[39m([33m--[39mtw[33m-[39manimation[33m-[39mdelay[33m,[39m[35m0[39ms)[36mvar[39m([33m--[39mtw[33m-[39manimation[33m-[39miteration[33m-[39mcount[33m,[39m[35m1[39m)[36mvar[39m([33m--[39mtw[33m-[39manimation[33m-[39mdirection[33m,[39mnormal)[36mvar[39m([33m--[39mtw[33m-[39manimation[33m-[39mfill[33m-[39mmode[33m,[39mforwards)}[33m.[39manimate[33m-[39mpulse{animation[33m:[39m[36mvar[39m([33m--[39manimate[33m-[39mpulse)}[33m.[39manimate[33m-[39mspin{animation[33m:[39m[36mvar[39m([33m--[39manimate[33m-[39mspin)}[33m.[39mcursor[33m-[39m[36mdefault[39m{cursor[33m:[39m[36mdefault[39m}[33m.[39mcursor[33m-[39mpointer{cursor[33m:[39mpointer}[33m.[39mcursor[33m-[39mtext{cursor[33m:[39mtext}[33m.[39mtouch[33m-[39mnone{touch[33m-[39maction[33m:[39mnone}[33m.[39mresize[33m-[39mnone{resize[33m:[39mnone}[33m.[39mscroll[33m-[39mmy[33m-[39m[35m1[39m{scroll[33m-[39mmargin[33m-[39mblock[33m:[39mcalc([36mvar[39m([33m--[39mspacing)[33m*[39m[35m1[39m)}[33m.[39mscroll[33m-[39mpy[33m-[39m[35m1[39m{scroll[33m-[39mpadding[33m-[39mblock[33m:[39mcalc([36mvar[39m([33m--[39mspacing)[33m*[39m[35m1[39m)}[33m.[39mlist[33m-[39mdisc{list[33m-[39mstyle[33m-[39mtype[33m:[39mdisc}[33m.[39mlist[33m-[39mnone{list[33m-[39mstyle[33m-[39mtype[33m:[39mnone}[33m.[39mauto[33m-[39mrows[33m-[39mmin{grid[33m-[39mauto[33m-[39mrows[33m:[39mmin[33m-[39mcontent}[33m.[39mgrid[33m-[39mcols[33m-[39m[35m1[39m{grid[33m-[39mtemplate[33m-[39mcolumns[33m:[39mrepeat([35m1[39m[33m,[39mminmax([35m0[39m[33m,[39m[35m1[39mfr))}[33m.[39mgrid[33m-[39mcols[33m-[39m[35m2[39m{grid[33m-[39mtemplate[33m-[39mcolumns[33m:[39mrepeat([35m2[39m[33m,[39mminmax([35m0[39m[33m,[39m[35m1[39mfr))}[33m.[39mgrid[33m-[39mcols[33m-[39m[37m[41m[1m\[22m[49m[39m[[35m0[39m_1fr[37m[41m[1m\[22m[49m[39m]{grid[33m-[39mtemplate[33m-[39mcolumns[33m:[39m[35m0[39m [35m1[39mfr}[33m.[39mgrid[33m-[39mrows[33m-[39m[37m[41m[1m\[22m[49m[39m[auto_auto[37m[41m[1m\[22m[49m[39m]{grid[33m-[39mtemplate[33m-[39mrows[33m:[39mauto auto}[33m.[39mflex[33m-[39mcol{flex[33m-[39mdirection[33m:[39mcolumn}[33m.[39mflex[33m-[39mcol[33m-[39mreverse{flex[33m-[39mdirection[33m:[39mcolumn[33m-[39mreverse}[33m.[39mflex[33m-[39mrow{flex[33m-[39mdirection[33m:[39mrow}[33m.[39mflex[33m-[39mwrap{flex[33m-[39mwrap[33m:[39mwrap}[33m.[39mitems[33m-[39mcenter{align[33m-[39mitems[33m:[39mcenter}[33m.[39mitems[33m-[39mend{align[33m-[39mitems[33m:[39mflex[33m-[39mend}[33m.[39mitems[33m-[39mstart{align[33m-[39mitems[33m:[39mflex[33m-[39mstart}[33m.[39mitems[33m-[39mstretch{align[33m-[39mitems[33m:[39mstretch}[33m.[39mjustify[33m-[39maround{justify[33m-[39mcontent[33m:[39mspace[33m-[39maround}[33m.[39mjustify[33m-[39mbetween{justify[33m-[39mcontent[33m:[39mspace[33m-[39mbetween}[33m.[39mjustify[33m-[39mcenter{justify[33m-[39mcontent[33m:[39mcenter}[33m.[39mjustify[33m-[39mend{justify[33m-[39mcontent[33m:[39mflex[33m-[39mend}[33m.[39mjustify[33m-[39mstart{justify[33m-[39mcontent[33m:[39mflex[33m-[39mstart}[33m.[39mjustify[33m-[39mitems[33m-[39mstart{justify[33m-[39mitems[33m:[39mstart}[33m.[39mgap[33m-[39m[35m0[39m[37m[41m[1m\[22m[49m[39m[35m.5[39m{gap[33m:[39mcalc([36mvar[39m([33m--[39mspacing)[33m*[39m[35m.5[39m)}[33m.[39mgap[33m-[39m[35m1[39m{gap[33m:[39mcalc([36mvar[39m([33m--[39mspacing)[33m*[39m[35m1[39m)}[33m.[39mgap[33m-[39m[35m1[39m[37m[41m[1m\[22m[49m[39m[35m.5[39m{gap[33m:[39mcalc([36mvar[39m([33m--[39mspacing)[33m*[39m[35m1.5[39m)}[33m.[39mgap[33m-[39m[35m2[39m{gap[33m:[39mcalc([36mvar[39m([33m--[39mspacing)[33m*[39m[35m2[39m)}[33m.[39mgap[33m-[39m[35m2[39m[37m[41m[1m\[22m[49m[39m[35m.5[39m{gap[33m:[39mcalc([36mvar[39m([33m--[39mspacing)[33m*[39m[35m2.5[39m)}[33m.[39mgap[33m-[39m[35m3[39m{gap[33m:[39mcalc([36mvar[39m([33m--[39mspacing)[33m*[39m[35m3[39m)}[33m.[39mgap[33m-[39m[35m4[39m{gap[33m:[39mcalc([36mvar[39m([33m--[39mspacing)[33m*[39m[35m4[39m)}[33m.[39mgap[33m-[39m[35m6[39m{gap[33m:[39mcalc([36mvar[39m([33m--[39mspacing)[33m*[39m[35m6[39m)}[33m.[39mgap[33m-[39m[35m7[39m{gap[33m:[39mcalc([36mvar[39m([33m--[39mspacing)[33m*[39m[35m7[39m)}[33m.[39mgap[33m-[39m[35m8[39m{gap[33m:[39mcalc([36mvar[39m([33m--[39mspacing)[33m*[39m[35m8[39m)}[33m:[39mwhere([33m.[39mspace[33m-[39my[33m-[39m[35m1[39m[33m>[39m[33m:[39mnot([33m:[39mlast[33m-[39mchild)){[33m--[39mtw[33m-[39mspace[33m-[39my[33m-[39mreverse[33m:[39m[35m0[39m[33m;[39mmargin[33m-[39mblock[33m-[39mstart[33m:[39mcalc(calc([36mvar[39m([33m--[39mspacing)[33m*[39m[35m1[39m)[33m*[39m[36mvar[39m([33m--[39mtw[33m-[39mspace[33m-[39my[33m-[39mreverse))[33m;[39mmargin[33m-[39mblock[33m-[39mend[33m:[39mcalc(calc([36mvar[39m([33m--[39mspacing)[33m*[39m[35m1[39m)[33m*[39mcalc([35m1[39m [33m-[39m [36mvar[39m([33m--[39mtw[33m-[39mspace[33m-[39my[33m-[39mreverse)))}[33m:[39mwhere([33m.[39mspace[33m-[39my[33m-[39m[35m2[39m[33m>[39m[33m:[39mnot([33m:[39mlast[33m-[39mchild)){[33m--[39mtw[33m-[39mspace[33m-[39my[33m-[39mreverse[33m:[39m[35m0[39m[33m;[39mmargin[33m-[39mblock[33m-[39mstart[33m:[39mcalc(calc([36mvar[39m([33m--[39mspacing)[33m*[39m[35m2[39m)[33m*[39m[36mvar[39m([33m--[39mtw[33m-[39mspace[33m-[39my[33m-[39mreverse))[33m;[39mmargin[33m-[39mblock[33m-[39mend[33m:[39mcalc(calc([36mvar[39m([33m--[39mspacing)[33m*[39m[35m2[39m)[33m*[39mcalc([35m1[39m [33m-[39m [36mvar[39m([33m--[39mtw[33m-[39mspace[33m-[39my[33m-[39mreverse)))}[33m:[39mwhere([33m.[39mspace[33m-[39my[33m-[39m[35m4[39m[33m>[39m[33m:[39mnot([33m:[39mlast[33m-[39mchild)){[33m--[39mtw[33m-[39mspace[33m-[39my[33m-[39mreverse[33m:[39m[35m0[39m[33m;[39mmargin[33m-[39mblock[33m-[39mstart[33m:[39mcalc(calc([36mvar[39m([33m--[39mspacing)[33m*[39m[35m4[39m)[33m*[39m[36mvar[39m([33m--[39mtw[33m-[39mspace[33m-[39my[33m-[39mreverse))[33m;[39mmargin[33m-[39mblock[33m-[39mend[33m:[39mcalc(calc([36mvar[39m([33m--[39mspacing)[33m*[39m[35m4[39m)[33m*[39mcalc([35m1[39m [33m-[39m [36mvar[39m([33m--[39mtw[33m-[39mspace[33m-[39my[33m-[39mreverse)))}[33m:[39mwhere([33m.[39mspace[33m-[39my[33m-[39m[35m6[39m[33m>[39m[33m:[39mnot([33m:[39mlast[33m-[39mchild)){[33m--[39mtw[33m-[39mspace[33m-[39my[33m-[39mreverse[33m:[39m[35m0[39m[33m;[39mmargin[33m-[39mblock[33m-[39mstart[33m:[39mcalc(calc([36mvar[39m([33m--[39mspacing)[33m*[39m[35m6[39m)[33m*[39m[36mvar[39m([33m--[39mtw[33m-[39mspace[33m-[39my[33m-[39mreverse))[33m;[39mmargin[33m-[39mblock[33m-[39mend[33m:[39mcalc(calc([36mvar[39m([33m--[39mspacing)[33m*[39m[35m6[39m)[33m*[39mcalc([35m1[39m [33m-[39m [36mvar[39m([33m--[39mtw[33m-[39mspace[33m-[39my[33m-[39mreverse)))}[33m:[39mwhere([33m.[39mspace[33m-[39mx[33m-[39m[35m4[39m[33m>[39m[33m:[39mnot([33m:[39mlast[33m-[39mchild)){[33m--[39mtw[33m-[39mspace[33m-[39mx[33m-[39mreverse[33m:[39m[35m0[39m[33m;[39mmargin[33m-[39minline[33m-[39mstart[33m:[39mcalc(calc([36mvar[39m([33m--[39mspacing)[33m*[39m[35m4[39m)[33m*[39m[36mvar[39m([33m--[39mtw[33m-[39mspace[33m-[39mx[33m-[39mreverse))[33m;[39mmargin[33m-[39minline[33m-[39mend[33m:[39mcalc(calc([36mvar[39m([33m--[39mspacing)[33m*[39m[35m4[39m)[33m*[39mcalc([35m1[39m [33m-[39m [36mvar[39m([33m--[39mtw[33m-[39mspace[33m-[39mx[33m-[39mreverse)))}[33m.[39mgap[33m-[39my[33m-[39m[35m0[39m[37m[41m[1m\[22m[49m[39m[35m.5[39m{row[33m-[39mgap[33m:[39mcalc([36mvar[39m([33m--[39mspacing)[33m*[39m[35m.5[39m)}[33m:[39mwhere([33m.[39mdivide[33m-[39my[33m>[39m[33m:[39mnot([33m:[39mlast[33m-[39mchild)){[33m--[39mtw[33m-[39mdivide[33m-[39my[33m-[39mreverse[33m:[39m[35m0[39m[33m;[39mborder[33m-[39mbottom[33m-[39mstyle[33m:[39m[36mvar[39m([33m--[39mtw[33m-[39mborder[33m-[39mstyle)[33m;[39mborder[33m-[39mtop[33m-[39mstyle[33m:[39m[36mvar[39m([33m--[39mtw[33m-[39mborder[33m-[39mstyle)[33m;[39mborder[33m-[39mtop[33m-[39mwidth[33m:[39mcalc([35m1[39mpx[33m*[39m[36mvar[39m([33m--[39mtw[33m-[39mdivide[33m-[39my[33m-[39mreverse))[33m;[39mborder[33m-[39mbottom[33m-[39mwidth[33m:[39mcalc([35m1[39mpx[33m*[39mcalc([35m1[39m [33m-[39m [36mvar[39m([33m--[39mtw[33m-[39mdivide[33m-[39my[33m-[39mreverse)))}[33m:[39mwhere([33m.[39mdivide[33m-[39mborder[33m>[39m[33m:[39mnot([33m:[39mlast[33m-[39mchild)){border[33m-[39mcolor[33m:[39m[36mvar[39m([33m--[39mborder)}[33m.[39mself[33m-[39mstart{align[33m-[39mself[33m:[39mflex[33m-[39mstart}[33m.[39mself[33m-[39mstretch{align[33m-[39mself[33m:[39mstretch}[33m.[39mjustify[33m-[39mself[33m-[39mend{justify[33m-[39mself[33m:[39mflex[33m-[39mend}[33m.[39mtruncate{text[33m-[39moverflow[33m:[39mellipsis[33m;[39mwhite[33m-[39mspace[33m:[39mnowrap[33m;[39moverflow[33m:[39mhidden}[33m.[39moverflow[33m-[39mauto{overflow[33m:[39mauto}[33m.[39moverflow[33m-[39mhidden{overflow[33m:[39mhidden}[33m.[39moverflow[33m-[39mx[33m-[39mauto{overflow[33m-[39mx[33m:[39mauto}[33m.[39moverflow[33m-[39mx[33m-[39mhidden{overflow[33m-[39mx[33m:[39mhidden}[33m.[39moverflow[33m-[39my[33m-[39mauto{overflow[33m-[39my[33m:[39mauto}[33m.[39mrounded{border[33m-[39mradius[33m:[39m[35m.25[39mrem}[33m.[39mrounded[33m-[39m[35m2[39mxl{border[33m-[39mradius[33m:[39mcalc([36mvar[39m([33m--[39mradius) [33m+[39m [35m10[39mpx)}[33m.[39mrounded[33m-[39m[37m[41m[1m\[22m[49m[39m[[35m2[39mpx[37m[41m[1m\[22m[49m[39m]{border[33m-[39mradius[33m:[39m[35m2[39mpx}[33m.[39mrounded[33m-[39m[37m[41m[1m\[22m[49m[39m[[35m4[39mpx[37m[41m[1m\[22m[49m[39m]{border[33m-[39mradius[33m:[39m[35m4[39mpx}[33m.[39mrounded[33m-[39m[37m[41m[1m\[22m[49m[39m[calc[37m[41m[1m\[22m[49m[39m([36mvar[39m[37m[41m[1m\[22m[49m[39m([33m--[39mradius[37m[41m[1m\[22m[49m[39m)[33m-[39m[35m5[39mpx[37m[41m[1m\[22m[49m[39m)[37m[41m[1m\[22m[49m[39m]{border[33m-[39mradius[33m:[39mcalc([36mvar[39m([33m--[39mradius) [33m-[39m [35m5[39mpx)}[33m.[39mrounded[33m-[39m[37m[41m[1m\[22m[49m[39m[inherit[37m[41m[1m\[22m[49m[39m]{border[33m-[39mradius[33m:[39minherit}[33m.[39mrounded[33m-[39mfull{border[33m-[39mradius[33m:[39m[35m3.40282e38[39mpx}[33m.[39mrounded[33m-[39mlg{border[33m-[39mradius[33m:[39m[36mvar[39m([33m--[39mradius)}[33m.[39mrounded[33m-[39mmd{border[33m-[39mradius[33m:[39mcalc([36mvar[39m([33m--[39mradius) [33m-[39m [35m2[39mpx)}[33m.[39mrounded[33m-[39mnone{border[33m-[39mradius[33m:[39m[35m0[39m}[33m.[39mrounded[33m-[39msm{border[33m-[39mradius[33m:[39mcalc([36mvar[39m([33m--[39mradius) [33m-[39m [35m4[39mpx)}[33m.[39mrounded[33m-[39mxl{border[33m-[39mradius[33m:[39mcalc([36mvar[39m([33m--[39mradius) [33m+[39m [35m6[39mpx)}[33m.[39mrounded[33m-[39mxs{border[33m-[39mradius[33m:[39m[36mvar[39m([33m--[39mradius[33m-[39mxs)}[33m.[39mrounded[33m-[39ml[33m-[39mmd{border[33m-[39mtop[33m-[39mleft[33m-[39mradius[33m:[39mcalc([36mvar[39m([33m--[39mradius) [33m-[39m [35m2[39mpx)[33m;[39mborder[33m-[39mbottom[33m-[39mleft[33m-[39mradius[33m:[39mcalc([36mvar[39m([33m--[39mradius) [33m-[39m [35m2[39mpx)}[33m.[39mrounded[33m-[39mtl[33m-[39msm{border[33m-[39mtop[33m-[39mleft[33m-[39mradius[33m:[39mcalc([36mvar[39m([33m--[39mradius) [33m-[39m [35m4[39mpx)}[33m.[39mrounded[33m-[39mr[33m-[39mmd{border[33m-[39mtop[33m-[39mright[33m-[39mradius[33m:[39mcalc([36mvar[39m([33m--[39mradius) [33m-[39m [35m2[39mpx)[33m;[39mborder[33m-[39mbottom[33m-[39mright[33m-[39mradius[33m:[39mcalc([36mvar[39m([33m--[39mradius) [33m-[39m [35m2[39mpx)}[33m.[39mborder{border[33m-[39mstyle[33m:[39m[36mvar[39m([33m--[39mtw[33m-[39mborder[33m-[39mstyle)[33m;[39mborder[33m-[39mwidth[33m:[39m[35m1[39mpx}[33m.[39mborder[33m-[39m[35m0[39m{border[33m-[39mstyle[33m:[39m[36mvar[39m([33m--[39mtw[33m-[39mborder[33m-[39mstyle)[33m;[39mborder[33m-[39mwidth[33m:[39m[35m0[39m}[33m.[39mborder[33m-[39m[35m2[39m{border[33m-[39mstyle[33m:[39m[36mvar[39m([33m--[39mtw[33m-[39mborder[33m-[39mstyle)[33m;[39mborder[33m-[39mwidth[33m:[39m[35m2[39mpx}[33m.[39mborder[33m-[39m[37m[41m[1m\[22m[49m[39m[[35m1[39m[37m[41m[1m\[22m[49m[39m[35m.5[39mpx[37m[41m[1m\[22m[49m[39m]{border[33m-[39mstyle[33m:[39m[36mvar[39m([33m--[39mtw[33m-[39mborder[33m-[39mstyle)[33m;[39mborder[33m-[39mwidth[33m:[39m[35m1.5[39mpx}[33m.[39mborder[33m-[39my{border[33m-[39mblock[33m-[39mstyle[33m:[39m[36mvar[39m([33m--[39mtw[33m-[39mborder[33m-[39mstyle)[33m;[39mborder[33m-[39mblock[33m-[39mwidth[33m:[39m[35m1[39mpx}[33m.[39mborder[33m-[39mt{border[33m-[39mtop[33m-[39mstyle[33m:[39m[36mvar[39m([33m--[39mtw[33m-[39mborder[33m-[39mstyle)[33m;[39mborder[33m-[39mtop[33m-[39mwidth[33m:[39m[35m1[39mpx}[33m.[39mborder[33m-[39mr{border[33m-[39mright[33m-[39mstyle[33m:[39m[36mvar[39m([33m--[39mtw[33m-[39mborder[33m-[39mstyle)[33m;[39mborder[33m-[39mright[33m-[39mwidth[33m:[39m[35m1[39mpx}[33m.[39mborder[33m-[39mb{border[33m-[39mbottom[33m-[39mstyle[33m:[39m[36mvar[39m([33m--[39mtw[33m-[39mborder[33m-[39mstyle)[33m;[39mborder[33m-[39mbottom[33m-[39mwidth[33m:[39m[35m1[39mpx}[33m.[39mborder[33m-[39ml{border[33m-[39mleft[33m-[39mstyle[33m:[39m[36mvar[39m([33m--[39mtw[33m-[39mborder[33m-[39mstyle)[33m;[39mborder[33m-[39mleft[33m-[39mwidth[33m:[39m[35m1[39mpx}[33m.[39mborder[33m-[39mdashed{[33m--[39mtw[33m-[39mborder[33m-[39mstyle[33m:[39mdashed[33m;[39mborder[33m-[39mstyle[33m:[39mdashed}[33m.[39mborder[33m-[39m[37m[41m[1m\[22m[49m[39m([33m--[39mcolor[33m-[39mborder[37m[41m[1m\[22m[49m[39m){border[33m-[39mcolor[33m:[39m[36mvar[39m([33m--[39mcolor[33m-[39mborder)}[33m.[39mborder[33m-[39mborder[33m,[39m[33m.[39mborder[33m-[39mborder[37m[41m[1m\[22m[49m[39m[33m/[39m[35m50[39m{border[33m-[39mcolor[33m:[39m[36mvar[39m([33m--[39mborder)}[33m@[39msupports (color[33m:[39mcolor[33m-[39mmix([36min[39m lab[33m,[39m red[33m,[39m red)){[33m.[39mborder[33m-[39mborder[37m[41m[1m\[22m[49m[39m[33m/[39m[35m50[39m{border[33m-[39mcolor[33m:[39mcolor[33m-[39mmix([36min[39m oklab[33m,[39m[36mvar[39m([33m--[39mborder)[35m50[39m[33m%[39m[33m,[39mtransparent)}}[33m.[39mborder[33m-[39mdestructive[33m,[39m[33m.[39mborder[33m-[39mdestructive[37m[41m[1m\[22m[49m[39m[33m/[39m[35m20[39m{border[33m-[39mcolor[33m:[39m[36mvar[39m([33m--[39mdestructive)}[33m@[39msupports (color[33m:[39mcolor[33m-[39mmix([36min[39m lab[33m,[39m red[33m,[39m red)){[33m.[39mborder[33m-[39mdestructive[37m[41m[1m\[22m[49m[39m[33m/[39m[35m20[39m{border[33m-[39mcolor[33m:[39mcolor[33m-[39mmix([36min[39m oklab[33m,[39m[36mvar[39m([33m--[39mdestructive)[35m20[39m[33m%[39m[33m,[39mtransparent)}}[33m.[39mborder[33m-[39mgreen[33m-[39m[35m500[39m[37m[41m[1m\[22m[49m[39m[33m/[39m[35m20[39m{border[33m-[39mcolor[33m:[39m[33m#[39m[35m00[39mc75833}[33m@[39msupports (color[33m:[39mcolor[33m-[39mmix([36min[39m lab[33m,[39m red[33m,[39m red)){[33m.[39mborder[33m-[39mgreen[33m-[39m[35m500[39m[37m[41m[1m\[22m[49m[39m[33m/[39m[35m20[39m{border[33m-[39mcolor[33m:[39mcolor[33m-[39mmix([36min[39m oklab[33m,[39m[36mvar[39m([33m--[39mcolor[33m-[39mgreen[33m-[39m[35m500[39m)[35m20[39m[33m%[39m[33m,[39mtransparent)}}[33m.[39mborder[33m-[39minput{border[33m-[39mcolor[33m:[39m[36mvar[39m([33m--[39minput)}[33m.[39mborder[33m-[39mprimary{border[33m-[39mcolor[33m:[39m[36mvar[39m([33m--[39mprimary)}[33m.[39mborder[33m-[39mtransparent{border[33m-[39mcolor[33m:[39m[33m#[39m[35m0000[39m}[33m.[39mborder[33m-[39mt[33m-[39mtransparent{border[33m-[39mtop[33m-[39mcolor[33m:[39m[33m#[39m[35m0000[39m}[33m.[39mborder[33m-[39ml[33m-[39mtransparent{border[33m-[39mleft[33m-[39mcolor[33m:[39m[33m#[39m[35m0000[39m}[33m.[39mbg[33m-[39m[37m[41m[1m\[22m[49m[39m([33m--[39mcolor[33m-[39mbg[37m[41m[1m\[22m[49m[39m){background[33m-[39mcolor[33m:[39m[36mvar[39m([33m--[39mcolor[33m-[39mbg)}[33m.[39mbg[33m-[39maccent{background[33m-[39mcolor[33m:[39m[36mvar[39m([33m--[39maccent)}[33m.[39mbg[33m-[39mbackground{background[33m-[39mcolor[33m:[39m[36mvar[39m([33m--[39mbackground)}[33m.[39mbg[33m-[39mblack[37m[41m[1m\[22m[49m[39m[33m/[39m[35m50[39m{background[33m-[39mcolor[33m:[39m[33m#[39m[35m00000080[39m}[33m@[39msupports (color[33m:[39mcolor[33m-[39mmix([36min[39m lab[33m,[39m red[33m,[39m red)){[33m.[39mbg[33m-[39mblack[37m[41m[1m\[22m[49m[39m[33m/[39m[35m50[39m{background[33m-[39mcolor[33m:[39mcolor[33m-[39mmix([36min[39m oklab[33m,[39m[36mvar[39m([33m--[39mcolor[33m-[39mblack)[35m50[39m[33m%[39m[33m,[39mtransparent)}}[33m.[39mbg[33m-[39mborder{background[33m-[39mcolor[33m:[39m[36mvar[39m([33m--[39mborder)}[33m.[39mbg[33m-[39mcard{background[33m-[39mcolor[33m:[39m[36mvar[39m([33m--[39mcard)}[33m.[39mbg[33m-[39mdestructive[33m,[39m[33m.[39mbg[33m-[39mdestructive[37m[41m[1m\[22m[49m[39m[33m/[39m[35m10[39m{background[33m-[39mcolor[33m:[39m[36mvar[39m([33m--[39mdestructive)}[33m@[39msupports (color[33m:[39mcolor[33m-[39mmix([36min[39m lab[33m,[39m red[33m,[39m red)){[33m.[39mbg[33m-[39mdestructive[37m[41m[1m\[22m[49m[39m[33m/[39m[35m10[39m{background[33m-[39mcolor[33m:[39mcolor[33m-[39mmix([36min[39m oklab[33m,[39m[36mvar[39m([33m--[39mdestructive)[35m10[39m[33m%[39m[33m,[39mtransparent)}}[33m.[39mbg[33m-[39mforeground{background[33m-[39mcolor[33m:[39m[36mvar[39m([33m--[39mforeground)}[33m.[39mbg[33m-[39mgreen[33m-[39m[35m500[39m[37m[41m[1m\[22m[49m[39m[33m/[39m[35m10[39m{background[33m-[39mcolor[33m:[39m[33m#[39m[35m00[39mc7581a}[33m@[39msupports (color[33m:[39mcolor[33m-[39mmix([36min[39m lab[33m,[39m red[33m,[39m red)){[33m.[39mbg[33m-[39mgreen[33m-[39m[35m500[39m[37m[41m[1m\[22m[49m[39m[33m/[39m[35m10[39m{background[33m-[39mcolor[33m:[39mcolor[33m-[39mmix([36min[39m oklab[33m,[39m[36mvar[39m([33m--[39mcolor[33m-[39mgreen[33m-[39m[35m500[39m)[35m10[39m[33m%[39m[33m,[39mtransparent)}}[33m.[39mbg[33m-[39minput{background[33m-[39mcolor[33m:[39m[36mvar[39m([33m--[39minput)}[33m.[39mbg[33m-[39mmuted[33m,[39m[33m.[39mbg[33m-[39mmuted[37m[41m[1m\[22m[49m[39m[33m/[39m[35m50[39m{background[33m-[39mcolor[33m:[39m[36mvar[39m([33m--[39mmuted)}[33m@[39msupports (color[33m:[39mcolor[33m-[39mmix([36min[39m lab[33m,[39m red[33m,[39m red)){[33m.[39mbg[33m-[39mmuted[37m[41m[1m\[22m[49m[39m[33m/[39m[35m50[39m{background[33m-[39mcolor[33m:[39mcolor[33m-[39mmix([36min[39m oklab[33m,[39m[36mvar[39m([33m--[39mmuted)[35m50[39m[33m%[39m[33m,[39mtransparent)}}[33m.[39mbg[33m-[39mpopover{background[33m-[39mcolor[33m:[39m[36mvar[39m([33m--[39mpopover)}[33m.[39mbg[33m-[39mprimary[33m,[39m[33m.[39mbg[33m-[39mprimary[37m[41m[1m\[22m[49m[39m[33m/[39m[35m10[39m{background[33m-[39mcolor[33m:[39m[36mvar[39m([33m--[39mprimary)}[33m@[39msupports (color[33m:[39mcolor[33m-[39mmix([36min[39m lab[33m,[39m red[33m,[39m red)){[33m.[39mbg[33m-[39mprimary[37m[41m[1m\[22m[49m[39m[33m/[39m[35m10[39m{background[33m-[39mcolor[33m:[39mcolor[33m-[39mmix([36min[39m oklab[33m,[39m[36mvar[39m([33m--[39mprimary)[35m10[39m[33m%[39m[33m,[39mtransparent)}}[33m.[39mbg[33m-[39mprimary[37m[41m[1m\[22m[49m[39m[33m/[39m[35m20[39m{background[33m-[39mcolor[33m:[39m[36mvar[39m([33m--[39mprimary)}[33m@[39msupports (color[33m:[39mcolor[33m-[39mmix([36min[39m lab[33m,[39m red[33m,[39m red)){[33m.[39mbg[33m-[39mprimary[37m[41m[1m\[22m[49m[39m[33m/[39m[35m20[39m{background[33m-[39mcolor[33m:[39mcolor[33m-[39mmix([36min[39m oklab[33m,[39m[36mvar[39m([33m--[39mprimary)[35m20[39m[33m%[39m[33m,[39mtransparent)}}[33m.[39mbg[33m-[39msecondary[33m,[39m[33m.[39mbg[33m-[39msecondary[37m[41m[1m\[22m[49m[39m[33m/[39m[35m50[39m{background[33m-[39mcolor[33m:[39m[36mvar[39m([33m--[39msecondary)}[33m@[39msupports (color[33m:[39mcolor[33m-[39mmix([36min[39m lab[33m,[39m red[33m,[39m red)){[33m.[39mbg[33m-[39msecondary[37m[41m[1m\[22m[49m[39m[33m/[39m[35m50[39m{background[33m-[39mcolor[33m:[39mcolor[33m-[39mmix([36min[39m oklab[33m,[39m[36mvar[39m([33m--[39msecondary)[35m50[39m[33m%[39m[33m,[39mtransparent)}}[33m.[39mbg[33m-[39mtransparent{background[33m-[39mcolor[33m:[39m[33m#[39m[35m0000[39m}[33m.[39mbg[33m-[39mwhite{background[33m-[39mcolor[33m:[39m[36mvar[39m([33m--[39mcolor[33m-[39mwhite)}[33m.[39mbg[33m-[39mgradient[33m-[39mto[33m-[39mr{[33m--[39mtw[33m-[39mgradient[33m-[39mposition[33m:[39mto right [36min[39m oklab[33m;[39mbackground[33m-[39mimage[33m:[39mlinear[33m-[39mgradient([36mvar[39m([33m--[39mtw[33m-[39mgradient[33m-[39mstops))}[33m.[39m[36mfrom[39m[33m-[39mprimary[37m[41m[1m\[22m[49m[39m[33m/[39m[35m10[39m{[33m--[39mtw[33m-[39mgradient[33m-[39m[36mfrom[39m[33m:[39m[36mvar[39m([33m--[39mprimary)}[33m@[39msupports (color[33m:[39mcolor[33m-[39mmix([36min[39m lab[33m,[39m red[33m,[39m red)){[33m.[39m[36mfrom[39m[33m-[39mprimary[37m[41m[1m\[22m[49m[39m[33m/[39m[35m10[39m{[33m--[39mtw[33m-[39mgradient[33m-[39m[36mfrom[39m[33m:[39mcolor[33m-[39mmix([36min[39m oklab[33m,[39m[36mvar[39m([33m--[39mprimary)[35m10[39m[33m%[39m[33m,[39mtransparent)}}[33m.[39m[36mfrom[39m[33m-[39mprimary[37m[41m[1m\[22m[49m[39m[33m/[39m[35m10[39m{[33m--[39mtw[33m-[39mgradient[33m-[39mstops[33m:[39m[36mvar[39m([33m--[39mtw[33m-[39mgradient[33m-[39mvia[33m-[39mstops[33m,[39m[36mvar[39m([33m--[39mtw[33m-[39mgradient[33m-[39mposition)[33m,[39m[36mvar[39m([33m--[39mtw[33m-[39mgradient[33m-[39m[36mfrom[39m)[36mvar[39m([33m--[39mtw[33m-[39mgradient[33m-[39m[36mfrom[39m[33m-[39mposition)[33m,[39m[36mvar[39m([33m--[39mtw[33m-[39mgradient[33m-[39mto)[36mvar[39m([33m--[39mtw[33m-[39mgradient[33m-[39mto[33m-[39mposition))}[33m.[39mto[33m-[39maccent[37m[41m[1m\[22m[49m[39m[33m/[39m[35m10[39m{[33m--[39mtw[33m-[39mgradient[33m-[39mto[33m:[39m[36mvar[39m([33m--[39maccent)}[33m@[39msupports (color[33m:[39mcolor[33m-[39mmix([36min[39m lab[33m,[39m red[33m,[39m red)){[33m.[39mto[33m-[39maccent[37m[41m[1m\[22m[49m[39m[33m/[39m[35m10[39m{[33m--[39mtw[33m-[39mgradient[33m-[39mto[33m:[39mcolor[33m-[39mmix([36min[39m oklab[33m,[39m[36mvar[39m([33m--[39maccent)[35m10[39m[33m%[39m[33m,[39mtransparent)}}[33m.[39mto[33m-[39maccent[37m[41m[1m\[22m[49m[39m[33m/[39m[35m10[39m{[33m--[39mtw[33m-[39mgradient[33m-[39mstops[33m:[39m[36mvar[39m([33m--[39mtw[33m-[39mgradient[33m-[39mvia[33m-[39mstops[33m,[39m[36mvar[39m([33m--[39mtw[33m-[39mgradient[33m-[39mposition)[33m,[39m[36mvar[39m([33m--[39mtw[33m-[39mgradient[33m-[39m[36mfrom[39m)[36mvar[39m([33m--[39mtw[33m-[39mgradient[33m-[39m[36mfrom[39m[33m-[39mposition)[33m,[39m[36mvar[39m([33m--[39mtw[33m-[39mgradient[33m-[39mto)[36mvar[39m([33m--[39mtw[33m-[39mgradient[33m-[39mto[33m-[39mposition))}[33m.[39mfill[33m-[39mcurrent{fill[33m:[39mcurrentColor}[33m.[39mfill[33m-[39mforeground{fill[33m:[39m[36mvar[39m([33m--[39mforeground)}[33m.[39mfill[33m-[39mprimary{fill[33m:[39m[36mvar[39m([33m--[39mprimary)}[33m.[39mobject[33m-[39mcover{object[33m-[39mfit[33m:[39mcover}[33m.[39mp[33m-[39m[35m0[39m{padding[33m:[39mcalc([36mvar[39m([33m--[39mspacing)[33m*[39m[35m0[39m)}[33m.[39mp[33m-[39m[35m1[39m{padding[33m:[39mcalc([36mvar[39m([33m--[39mspacing)[33m*[39m[35m1[39m)}[33m.[39mp[33m-[39m[35m2[39m{padding[33m:[39mcalc([36mvar[39m([33m--[39mspacing)[33m*[39m[35m2[39m)}[33m.[39mp[33m-[39m[35m3[39m{padding[33m:[39mcalc([36mvar[39m([33m--[39mspacing)[33m*[39m[35m3[39m)}[33m.[39mp[33m-[39m[35m4[39m{padding[33m:[39mcalc([36mvar[39m([33m--[39mspacing)[33m*[39m[35m4[39m)}[33m.[39mp[33m-[39m[35m6[39m{padding[33m:[39mcalc([36mvar[39m([33m--[39mspacing)[33m*[39m[35m6[39m)}[33m.[39mp[33m-[39m[35m8[39m{padding[33m:[39mcalc([36mvar[39m([33m--[39mspacing)[33m*[39m[35m8[39m)}[33m.[39mp[33m-[39m[37m[41m[1m\[22m[49m[39m[[35m3[39mpx[37m[41m[1m\[22m[49m[39m]{padding[33m:[39m[35m3[39mpx}[33m.[39mp[33m-[39mpx{padding[33m:[39m[35m1[39mpx}[33m.[39mpx[33m-[39m[37m[41m[1m\[22m[49m[39m([33m--[39mcell[33m-[39msize[37m[41m[1m\[22m[49m[39m){padding[33m-[39minline[33m:[39m[36mvar[39m([33m--[39mcell[33m-[39msize)}[33m.[39mpx[33m-[39m[35m1[39m{padding[33m-[39minline[33m:[39mcalc([36mvar[39m([33m--[39mspacing)[33m*[39m[35m1[39m)}[33m.[39mpx[33m-[39m[35m1[39m[37m[41m[1m\[22m[49m[39m[35m.5[39m{padding[33m-[39minline[33m:[39mcalc([36mvar[39m([33m--[39mspacing)[33m*[39m[35m1.5[39m)}[33m.[39mpx[33m-[39m[35m2[39m{padding[33m-[39minline[33m:[39mcalc([36mvar[39m([33m--[39mspacing)[33m*[39m[35m2[39m)}[33m.[39mpx[33m-[39m[35m2[39m[37m[41m[1m\[22m[49m[39m[35m.5[39m{padding[33m-[39minline[33m:[39mcalc([36mvar[39m([33m--[39mspacing)[33m*[39m[35m2.5[39m)}[33m.[39mpx[33m-[39m[35m3[39m{padding[33m-[39minline[33m:[39mcalc([36mvar[39m([33m--[39mspacing)[33m*[39m[35m3[39m)}[33m.[39mpx[33m-[39m[35m4[39m{padding[33m-[39minline[33m:[39mcalc([36mvar[39m([33m--[39mspacing)[33m*[39m[35m4[39m)}[33m.[39mpx[33m-[39m[35m6[39m{padding[33m-[39minline[33m:[39mcalc([36mvar[39m([33m--[39mspacing)[33m*[39m[35m6[39m)}[33m.[39mpx[33m-[39m[35m8[39m{padding[33m-[39minline[33m:[39mcalc([36mvar[39m([33m--[39mspacing)[33m*[39m[35m8[39m)}[33m.[39mpy[33m-[39m[35m0[39m[37m[41m[1m\[22m[49m[39m[35m.5[39m{padding[33m-[39mblock[33m:[39mcalc([36mvar[39m([33m--[39mspacing)[33m*[39m[35m.5[39m)}[33m.[39mpy[33m-[39m[35m1[39m{padding[33m-[39mblock[33m:[39mcalc([36mvar[39m([33m--[39mspacing)[33m*[39m[35m1[39m)}[33m.[39mpy[33m-[39m[35m1[39m[37m[41m[1m\[22m[49m[39m[35m.5[39m{padding[33m-[39mblock[33m:[39mcalc([36mvar[39m([33m--[39mspacing)[33m*[39m[35m1.5[39m)}[33m.[39mpy[33m-[39m[35m2[39m{padding[33m-[39mblock[33m:[39mcalc([36mvar[39m([33m--[39mspacing)[33m*[39m[35m2[39m)}[33m.[39mpy[33m-[39m[35m2[39m[37m[41m[1m\[22m[49m[39m[35m.5[39m{padding[33m-[39mblock[33m:[39mcalc([36mvar[39m([33m--[39mspacing)[33m*[39m[35m2.5[39m)}[33m.[39mpy[33m-[39m[35m3[39m{padding[33m-[39mblock[33m:[39mcalc([36mvar[39m([33m--[39mspacing)[33m*[39m[35m3[39m)}[33m.[39mpy[33m-[39m[35m4[39m{padding[33m-[39mblock[33m:[39mcalc([36mvar[39m([33m--[39mspacing)[33m*[39m[35m4[39m)}[33m.[39mpy[33m-[39m[35m6[39m{padding[33m-[39mblock[33m:[39mcalc([36mvar[39m([33m--[39mspacing)[33m*[39m[35m6[39m)}[33m.[39mpy[33m-[39m[35m12[39m{padding[33m-[39mblock[33m:[39mcalc([36mvar[39m([33m--[39mspacing)[33m*[39m[35m12[39m)}[33m.[39mpt[33m-[39m[35m0[39m{padding[33m-[39mtop[33m:[39mcalc([36mvar[39m([33m--[39mspacing)[33m*[39m[35m0[39m)}[33m.[39mpt[33m-[39m[35m2[39m{padding[33m-[39mtop[33m:[39mcalc([36mvar[39m([33m--[39mspacing)[33m*[39m[35m2[39m)}[33m.[39mpt[33m-[39m[35m3[39m{padding[33m-[39mtop[33m:[39mcalc([36mvar[39m([33m--[39mspacing)[33m*[39m[35m3[39m)}[33m.[39mpt[33m-[39m[35m4[39m{padding[33m-[39mtop[33m:[39mcalc([36mvar[39m([33m--[39mspacing)[33m*[39m[35m4[39m)}[33m.[39mpt[33m-[39m[35m6[39m{padding[33m-[39mtop[33m:[39mcalc([36mvar[39m([33m--[39mspacing)[33m*[39m[35m6[39m)}[33m.[39mpr[33m-[39m[35m1[39m{padding[33m-[39mright[33m:[39mcalc([36mvar[39m([33m--[39mspacing)[33m*[39m[35m1[39m)}[33m.[39mpr[33m-[39m[35m2[39m{padding[33m-[39mright[33m:[39mcalc([36mvar[39m([33m--[39mspacing)[33m*[39m[35m2[39m)}[33m.[39mpr[33m-[39m[35m2[39m[37m[41m[1m\[22m[49m[39m[35m.5[39m{padding[33m-[39mright[33m:[39mcalc([36mvar[39m([33m--[39mspacing)[33m*[39m[35m2.5[39m)}[33m.[39mpr[33m-[39m[35m3[39m{padding[33m-[39mright[33m:[39mcalc([36mvar[39m([33m--[39mspacing)[33m*[39m[35m3[39m)}[33m.[39mpr[33m-[39m[35m8[39m{padding[33m-[39mright[33m:[39mcalc([36mvar[39m([33m--[39mspacing)[33m*[39m[35m8[39m)}[33m.[39mpb[33m-[39m[35m3[39m{padding[33m-[39mbottom[33m:[39mcalc([36mvar[39m([33m--[39mspacing)[33m*[39m[35m3[39m)}[33m.[39mpb[33m-[39m[35m4[39m{padding[33m-[39mbottom[33m:[39mcalc([36mvar[39m([33m--[39mspacing)[33m*[39m[35m4[39m)}[33m.[39mpb[33m-[39m[35m8[39m{padding[33m-[39mbottom[33m:[39mcalc([36mvar[39m([33m--[39mspacing)[33m*[39m[35m8[39m)}[33m.[39mpb[33m-[39m[35m24[39m{padding[33m-[39mbottom[33m:[39mcalc([36mvar[39m([33m--[39mspacing)[33m*[39m[35m24[39m)}[33m.[39mpl[33m-[39m[35m2[39m{padding[33m-[39mleft[33m:[39mcalc([36mvar[39m([33m--[39mspacing)[33m*[39m[35m2[39m)}[33m.[39mpl[33m-[39m[35m3[39m{padding[33m-[39mleft[33m:[39mcalc([36mvar[39m([33m--[39mspacing)[33m*[39m[35m3[39m)}[33m.[39mpl[33m-[39m[35m4[39m{padding[33m-[39mleft[33m:[39mcalc([36mvar[39m([33m--[39mspacing)[33m*[39m[35m4[39m)}[33m.[39mpl[33m-[39m[35m8[39m{padding[33m-[39mleft[33m:[39mcalc([36mvar[39m([33m--[39mspacing)[33m*[39m[35m8[39m)}[33m.[39mtext[33m-[39mcenter{text[33m-[39malign[33m:[39mcenter}[33m.[39mtext[33m-[39mleft{text[33m-[39malign[33m:[39mleft}[33m.[39mtext[33m-[39mright{text[33m-[39malign[33m:[39mright}[33m.[39malign[33m-[39mmiddle{vertical[33m-[39malign[33m:[39mmiddle}[33m.[39mfont[33m-[39mmono{font[33m-[39mfamily[33m:[39m[33mGeist[39m [33mMono[39m[33m,[39m[33mGeist[39m [33mMono[39m [33mFallback[39m}[33m.[39mfont[33m-[39msans{font[33m-[39mfamily[33m:[39m[33mInter[39m[33m,[39m[32m"system-ui"[39m[33m,[39m[32m"sans-serif"[39m}[33m.[39mtext[33m-[39m[35m2[39mxl{font[33m-[39msize[33m:[39m[36mvar[39m([33m--[39mtext[33m-[39m[35m2[39mxl)[33m;[39mline[33m-[39mheight[33m:[39m[36mvar[39m([33m--[39mtw[33m-[39mleading[33m,[39m[36mvar[39m([33m--[39mtext[33m-[39m[35m2[39mxl[33m--[39mline[33m-[39mheight))}[33m.[39mtext[33m-[39m[35m3[39mxl{font[33m-[39msize[33m:[39m[36mvar[39m([33m--[39mtext[33m-[39m[35m3[39mxl)[33m;[39mline[33m-[39mheight[33m:[39m[36mvar[39m([33m--[39mtw[33m-[39mleading[33m,[39m[36mvar[39m([33m--[39mtext[33m-[39m[35m3[39mxl[33m--[39mline[33m-[39mheight))}[33m.[39mtext[33m-[39m[35m6[39mxl{font[33m-[39msize[33m:[39m[36mvar[39m([33m--[39mtext[33m-[39m[35m6[39mxl)[33m;[39mline[33m-[39mheight[33m:[39m[36mvar[39m([33m--[39mtw[33m-[39mleading[33m,[39m[36mvar[39m([33m--[39mtext[33m-[39m[35m6[39mxl[33m--[39mline[33m-[39mheight))}[33m.[39mtext[33m-[39m[35m7[39mxl{font[33m-[39msize[33m:[39m[36mvar[39m([33m--[39mtext[33m-[39m[35m7[39mxl)[33m;[39mline[33m-[39mheight[33m:[39m[36mvar[39m([33m--[39mtw[33m-[39mleading[33m,[39m[36mvar[39m([33m--[39mtext[33m-[39m[35m7[39mxl[33m--[39mline[33m-[39mheight))}[33m.[39mtext[33m-[39mbase{font[33m-[39msize[33m:[39m[36mvar[39m([33m--[39mtext[33m-[39mbase)[33m;[39mline[33m-[39mheight[33m:[39m[36mvar[39m([33m--[39mtw[33m-[39mleading[33m,[39m[36mvar[39m([33m--[39mtext[33m-[39mbase[33m--[39mline[33m-[39mheight))}[33m.[39mtext[33m-[39mlg{font[33m-[39msize[33m:[39m[36mvar[39m([33m--[39mtext[33m-[39mlg)[33m;[39mline[33m-[39mheight[33m:[39m[36mvar[39m([33m--[39mtw[33m-[39mleading[33m,[39m[36mvar[39m([33m--[39mtext[33m-[39mlg[33m--[39mline[33m-[39mheight))}[33m.[39mtext[33m-[39msm{font[33m-[39msize[33m:[39m[36mvar[39m([33m--[39mtext[33m-[39msm)[33m;[39mline[33m-[39mheight[33m:[39m[36mvar[39m([33m--[39mtw[33m-[39mleading[33m,[39m[36mvar[39m([33m--[39mtext[33m-[39msm[33m--[39mline[33m-[39mheight))}[33m.[39mtext[33m-[39msm[37m[41m[1m\[22m[49m[39m[33m/[39mrelaxed{font[33m-[39msize[33m:[39m[36mvar[39m([33m--[39mtext[33m-[39msm)[33m;[39mline[33m-[39mheight[33m:[39m[36mvar[39m([33m--[39mleading[33m-[39mrelaxed)}[33m.[39mtext[33m-[39mxl{font[33m-[39msize[33m:[39m[36mvar[39m([33m--[39mtext[33m-[39mxl)[33m;[39mline[33m-[39mheight[33m:[39m[36mvar[39m([33m--[39mtw[33m-[39mleading[33m,[39m[36mvar[39m([33m--[39mtext[33m-[39mxl[33m--[39mline[33m-[39mheight))}[33m.[39mtext[33m-[39mxs{font[33m-[39msize[33m:[39m[36mvar[39m([33m--[39mtext[33m-[39mxs)[33m;[39mline[33m-[39mheight[33m:[39m[36mvar[39m([33m--[39mtw[33m-[39mleading[33m,[39m[36mvar[39m([33m--[39mtext[33m-[39mxs[33m--[39mline[33m-[39mheight))}[33m.[39mtext[33m-[39m[37m[41m[1m\[22m[49m[39m[[35m0[39m[37m[41m[1m\[22m[49m[39m[35m.8[39mrem[37m[41m[1m\[22m[49m[39m]{font[33m-[39msize[33m:[39m[35m.8[39mrem}[33m.[39mleading[33m-[39mnone{[33m--[39mtw[33m-[39mleading[33m:[39m[35m1[39m[33m;[39mline[33m-[39mheight[33m:[39m[35m1[39m}[33m.[39mleading[33m-[39mnormal{[33m--[39mtw[33m-[39mleading[33m:[39m[36mvar[39m([33m--[39mleading[33m-[39mnormal)[33m;[39mline[33m-[39mheight[33m:[39m[36mvar[39m([33m--[39mleading[33m-[39mnormal)}[33m.[39mleading[33m-[39msnug{[33m--[39mtw[33m-[39mleading[33m:[39m[36mvar[39m([33m--[39mleading[33m-[39msnug)[33m;[39mline[33m-[39mheight[33m:[39m[36mvar[39m([33m--[39mleading[33m-[39msnug)}[33m.[39mleading[33m-[39mtight{[33m--[39mtw[33m-[39mleading[33m:[39m[36mvar[39m([33m--[39mleading[33m-[39mtight)[33m;[39mline[33m-[39mheight[33m:[39m[36mvar[39m([33m--[39mleading[33m-[39mtight)}[33m.[39mfont[33m-[39mbold{[33m--[39mtw[33m-[39mfont[33m-[39mweight[33m:[39m[36mvar[39m([33m--[39mfont[33m-[39mweight[33m-[39mbold)[33m;[39mfont[33m-[39mweight[33m:[39m[36mvar[39m([33m--[39mfont[33m-[39mweight[33m-[39mbold)}[33m.[39mfont[33m-[39mmedium{[33m--[39mtw[33m-[39mfont[33m-[39mweight[33m:[39m[36mvar[39m([33m--[39mfont[33m-[39mweight[33m-[39mmedium)[33m;[39mfont[33m-[39mweight[33m:[39m[36mvar[39m([33m--[39mfont[33m-[39mweight[33m-[39mmedium)}[33m.[39mfont[33m-[39mnormal{[33m--[39mtw[33m-[39mfont[33m-[39mweight[33m:[39m[36mvar[39m([33m--[39mfont[33m-[39mweight[33m-[39mnormal)[33m;[39mfont[33m-[39mweight[33m:[39m[36mvar[39m([33m--[39mfont[33m-[39mweight[33m-[39mnormal)}[33m.[39mfont[33m-[39msemibold{[33m--[39mtw[33m-[39mfont[33m-[39mweight[33m:[39m[36mvar[39m([33m--[39mfont[33m-[39mweight[33m-[39msemibold)[33m;[39mfont[33m-[39mweight[33m:[39m[36mvar[39m([33m--[39mfont[33m-[39mweight[33m-[39msemibold)}[33m.[39mtracking[33m-[39mtight{[33m--[39mtw[33m-[39mtracking[33m:[39m[36mvar[39m([33m--[39mtracking[33m-[39mtight)[33m;[39mletter[33m-[39mspacing[33m:[39m[36mvar[39m([33m--[39mtracking[33m-[39mtight)}[33m.[39mtracking[33m-[39mwidest{[33m--[39mtw[33m-[39mtracking[33m:[39m[36mvar[39m([33m--[39mtracking[33m-[39mwidest)[33m;[39mletter[33m-[39mspacing[33m:[39m[36mvar[39m([33m--[39mtracking[33m-[39mwidest)}[33m.[39mtext[33m-[39mbalance{text[33m-[39mwrap[33m:[39mbalance}[33m.[39m[36mbreak[39m[33m-[39mwords{overflow[33m-[39mwrap[33m:[39m[36mbreak[39m[33m-[39mword}[33m.[39mwhitespace[33m-[39mnowrap{white[33m-[39mspace[33m:[39mnowrap}[33m.[39mwhitespace[33m-[39mpre[33m-[39mwrap{white[33m-[39mspace[33m:[39mpre[33m-[39mwrap}[33m.[39mtext[33m-[39maccent{color[33m:[39m[36mvar[39m([33m--[39maccent)}[33m.[39mtext[33m-[39maccent[33m-[39mforeground{color[33m:[39m[36mvar[39m([33m--[39maccent[33m-[39mforeground)}[33m.[39mtext[33m-[39mbackground{color[33m:[39m[36mvar[39m([33m--[39mbackground)}[33m.[39mtext[33m-[39mcard[33m-[39mforeground{color[33m:[39m[36mvar[39m([33m--[39mcard[33m-[39mforeground)}[33m.[39mtext[33m-[39mcurrent{color[33m:[39mcurrentColor}[33m.[39mtext[33m-[39mdestructive{color[33m:[39m[36mvar[39m([33m--[39mdestructive)}[33m.[39mtext[33m-[39mdestructive[33m-[39mforeground{color[33m:[39m[36mvar[39m([33m--[39mdestructive[33m-[39mforeground)}[33m.[39mtext[33m-[39mforeground[33m,[39m[33m.[39mtext[33m-[39mforeground[37m[41m[1m\[22m[49m[39m[33m/[39m[35m50[39m{color[33m:[39m[36mvar[39m([33m--[39mforeground)}[33m@[39msupports (color[33m:[39mcolor[33m-[39mmix([36min[39m lab[33m,[39m red[33m,[39m red)){[33m.[39mtext[33m-[39mforeground[37m[41m[1m\[22m[49m[39m[33m/[39m[35m50[39m{color[33m:[39mcolor[33m-[39mmix([36min[39m oklab[33m,[39m[36mvar[39m([33m--[39mforeground)[35m50[39m[33m%[39m[33m,[39mtransparent)}}[33m.[39mtext[33m-[39mgreen[33m-[39m[35m600[39m{color[33m:[39m[36mvar[39m([33m--[39mcolor[33m-[39mgreen[33m-[39m[35m600[39m)}[33m.[39mtext[33m-[39mmuted[33m-[39mforeground{color[33m:[39m[36mvar[39m([33m--[39mmuted[33m-[39mforeground)}[33m.[39mtext[33m-[39mpopover[33m-[39mforeground{color[33m:[39m[36mvar[39m([33m--[39mpopover[33m-[39mforeground)}[33m.[39mtext[33m-[39mprimary{color[33m:[39m[36mvar[39m([33m--[39mprimary)}[33m.[39mtext[33m-[39mprimary[33m-[39mforeground{color[33m:[39m[36mvar[39m([33m--[39mprimary[33m-[39mforeground)}[33m.[39mtext[33m-[39msecondary[33m-[39mforeground{color[33m:[39m[36mvar[39m([33m--[39msecondary[33m-[39mforeground)}[33m.[39mtext[33m-[39mwhite{color[33m:[39m[36mvar[39m([33m--[39mcolor[33m-[39mwhite)}[33m.[39muppercase{text[33m-[39mtransform[33m:[39muppercase}[33m.[39mtabular[33m-[39mnums{[33m--[39mtw[33m-[39mnumeric[33m-[39mspacing[33m:[39mtabular[33m-[39mnums[33m;[39mfont[33m-[39mvariant[33m-[39mnumeric[33m:[39m[36mvar[39m([33m--[39mtw[33m-[39mordinal[33m,[39m)[36mvar[39m([33m--[39mtw[33m-[39mslashed[33m-[39mzero[33m,[39m)[36mvar[39m([33m--[39mtw[33m-[39mnumeric[33m-[39mfigure[33m,[39m)[36mvar[39m([33m--[39mtw[33m-[39mnumeric[33m-[39mspacing[33m,[39m)[36mvar[39m([33m--[39mtw[33m-[39mnumeric[33m-[39mfraction[33m,[39m)}[33m.[39munderline[33m-[39moffset[33m-[39m[35m4[39m{text[33m-[39munderline[33m-[39moffset[33m:[39m[35m4[39mpx}[33m.[39mantialiased{[33m-[39mwebkit[33m-[39mfont[33m-[39msmoothing[33m:[39mantialiased[33m;[39m[33m-[39mmoz[33m-[39mosx[33m-[39mfont[33m-[39msmoothing[33m:[39mgrayscale}[33m.[39mopacity[33m-[39m[35m0[39m{opacity[33m:[39m[35m0[39m}[33m.[39mopacity[33m-[39m[35m50[39m{opacity[33m:[39m[35m.5[39m}[33m.[39mopacity[33m-[39m[35m70[39m{opacity[33m:[39m[35m.7[39m}[33m.[39mopacity[33m-[39m[35m90[39m{opacity[33m:[39m[35m.9[39m}[33m.[39mshadow{[33m--[39mtw[33m-[39mshadow[33m:[39m[35m0[39m [35m1[39mpx [35m3[39mpx [35m0[39m [36mvar[39m([33m--[39mtw[33m-[39mshadow[33m-[39mcolor[33m,[39m[33m#[39m[35m0000001[39ma)[33m,[39m[35m0[39m [35m1[39mpx [35m2[39mpx [33m-[39m[35m1[39mpx [36mvar[39m([33m--[39mtw[33m-[39mshadow[33m-[39mcolor[33m,[39m[33m#[39m[35m0000001[39ma)[33m;[39mbox[33m-[39mshadow[33m:[39m[36mvar[39m([33m--[39mtw[33m-[39minset[33m-[39mshadow)[33m,[39m[36mvar[39m([33m--[39mtw[33m-[39minset[33m-[39mring[33m-[39mshadow)[33m,[39m[36mvar[39m([33m--[39mtw[33m-[39mring[33m-[39moffset[33m-[39mshadow)[33m,[39m[36mvar[39m([33m--[39mtw[33m-[39mring[33m-[39mshadow)[33m,[39m[36mvar[39m([33m--[39mtw[33m-[39mshadow)}[33m.[39mshadow[33m-[39m[35m2[39mxl{[33m--[39mtw[33m-[39mshadow[33m:[39m[35m0[39m [35m25[39mpx [35m50[39mpx [33m-[39m[35m12[39mpx [36mvar[39m([33m--[39mtw[33m-[39mshadow[33m-[39mcolor[33m,[39m[33m#[39m[35m00000040[39m)[33m;[39mbox[33m-[39mshadow[33m:[39m[36mvar[39m([33m--[39mtw[33m-[39minset[33m-[39mshadow)[33m,[39m[36mvar[39m([33m--[39mtw[33m-[39minset[33m-[39mring[33m-[39mshadow)[33m,[39m[36mvar[39m([33m--[39mtw[33m-[39mring[33m-[39moffset[33m-[39mshadow)[33m,[39m[36mvar[39m([33m--[39mtw[33m-[39mring[33m-[39mshadow)[33m,[39m[36mvar[39m([33m--[39mtw[33m-[39mshadow)}[33m.[39mshadow[33m-[39m[37m[41m[1m\[22m[49m[39m[[35m0[39m_0_0_1px_hsl[37m[41m[1m\[22m[49m[39m([36mvar[39m[37m[41m[1m\[22m[49m[39m([33m--[39msidebar[33m-[39mborder[37m[41m[1m\[22m[49m[39m)[37m[41m[1m\[22m[49m[39m)[37m[41m[1m\[22m[49m[39m]{[33m--[39mtw[33m-[39mshadow[33m:[39m[35m0[39m [35m0[39m [35m0[39m [35m1[39mpx [36mvar[39m([33m--[39mtw[33m-[39mshadow[33m-[39mcolor[33m,[39mhsl([36mvar[39m([33m--[39msidebar[33m-[39mborder)))[33m;[39mbox[33m-[39mshadow[33m:[39m[36mvar[39m([33m--[39mtw[33m-[39minset[33m-[39mshadow)[33m,[39m[36mvar[39m([33m--[39mtw[33m-[39minset[33m-[39mring[33m-[39mshadow)[33m,[39m[36mvar[39m([33m--[39mtw[33m-[39mring[33m-[39moffset[33m-[39mshadow)[33m,[39m[36mvar[39m([33m--[39mtw[33m-[39mring[33m-[39mshadow)[33m,[39m[36mvar[39m([33m--[39mtw[33m-[39mshadow)}[33m.[39mshadow[33m-[39mlg{[33m--[39mtw[33m-[39mshadow[33m:[39m[35m0[39m [35m10[39mpx [35m15[39mpx [33m-[39m[35m3[39mpx [36mvar[39m([33m--[39mtw[33m-[39mshadow[33m-[39mcolor[33m,[39m[33m#[39m[35m0000001[39ma)[33m,[39m[35m0[39m [35m4[39mpx [35m6[39mpx [33m-[39m[35m4[39mpx [36mvar[39m([33m--[39mtw[33m-[39mshadow[33m-[39mcolor[33m,[39m[33m#[39m[35m0000001[39ma)[33m;[39mbox[33m-[39mshadow[33m:[39m[36mvar[39m([33m--[39mtw[33m-[39minset[33m-[39mshadow)[33m,[39m[36mvar[39m([33m--[39mtw[33m-[39minset[33m-[39mring[33m-[39mshadow)[33m,[39m[36mvar[39m([33m--[39mtw[33m-[39mring[33m-[39moffset[33m-[39mshadow)[33m,[39m[36mvar[39m([33m--[39mtw[33m-[39mring[33m-[39mshadow)[33m,[39m[36mvar[39m([33m--[39mtw[33m-[39mshadow)}[33m.[39mshadow[33m-[39mmd{[33m--[39mtw[33m-[39mshadow[33m:[39m[35m0[39m [35m4[39mpx [35m6[39mpx [33m-[39m[35m1[39mpx [36mvar[39m([33m--[39mtw[33m-[39mshadow[33m-[39mcolor[33m,[39m[33m#[39m[35m0000001[39ma)[33m,[39m[35m0[39m [35m2[39mpx [35m4[39mpx [33m-[39m[35m2[39mpx [36mvar[39m([33m--[39mtw[33m-[39mshadow[33m-[39mcolor[33m,[39m[33m#[39m[35m0000001[39ma)[33m;[39mbox[33m-[39mshadow[33m:[39m[36mvar[39m([33m--[39mtw[33m-[39minset[33m-[39mshadow)[33m,[39m[36mvar[39m([33m--[39mtw[33m-[39minset[33m-[39mring[33m-[39mshadow)[33m,[39m[36mvar[39m([33m--[39mtw[33m-[39mring[33m-[39moffset[33m-[39mshadow)[33m,[39m[36mvar[39m([33m--[39mtw[33m-[39mring[33m-[39mshadow)[33m,[39m[36mvar[39m([33m--[39mtw[33m-[39mshadow)}[33m.[39mshadow[33m-[39mnone{[33m--[39mtw[33m-[39mshadow[33m:[39m[35m0[39m [35m0[39m [33m#[39m[35m0000[39m[33m;[39mbox[33m-[39mshadow[33m:[39m[36mvar[39m([33m--[39mtw[33m-[39minset[33m-[39mshadow)[33m,[39m[36mvar[39m([33m--[39mtw[33m-[39minset[33m-[39mring[33m-[39mshadow)[33m,[39m[36mvar[39m([33m--[39mtw[33m-[39mring[33m-[39moffset[33m-[39mshadow)[33m,[39m[36mvar[39m([33m--[39mtw[33m-[39mring[33m-[39mshadow)[33m,[39m[36mvar[39m([33m--[39mtw[33m-[39mshadow)}[33m.[39mshadow[33m-[39msm{[33m--[39mtw[33m-[39mshadow[33m:[39m[35m0[39m [35m1[39mpx [35m3[39mpx [35m0[39m [36mvar[39m([33m--[39mtw[33m-[39mshadow[33m-[39mcolor[33m,[39m[33m#[39m[35m0000001[39ma)[33m,[39m[35m0[39m [35m1[39mpx [35m2[39mpx [33m-[39m[35m1[39mpx [36mvar[39m([33m--[39mtw[33m-[39mshadow[33m-[39mcolor[33m,[39m[33m#[39m[35m0000001[39ma)[33m;[39mbox[33m-[39mshadow[33m:[39m[36mvar[39m([33m--[39mtw[33m-[39minset[33m-[39mshadow)[33m,[39m[36mvar[39m([33m--[39mtw[33m-[39minset[33m-[39mring[33m-[39mshadow)[33m,[39m[36mvar[39m([33m--[39mtw[33m-[39mring[33m-[39moffset[33m-[39mshadow)[33m,[39m[36mvar[39m([33m--[39mtw[33m-[39mring[33m-[39mshadow)[33m,[39m[36mvar[39m([33m--[39mtw[33m-[39mshadow)}[33m.[39mshadow[33m-[39mxl{[33m--[39mtw[33m-[39mshadow[33m:[39m[35m0[39m [35m20[39mpx [35m25[39mpx [33m-[39m[35m5[39mpx [36mvar[39m([33m--[39mtw[33m-[39mshadow[33m-[39mcolor[33m,[39m[33m#[39m[35m0000001[39ma)[33m,[39m[35m0[39m [35m8[39mpx [35m10[39mpx [33m-[39m[35m6[39mpx [36mvar[39m([33m--[39mtw[33m-[39mshadow[33m-[39mcolor[33m,[39m[33m#[39m[35m0000001[39ma)[33m;[39mbox[33m-[39mshadow[33m:[39m[36mvar[39m([33m--[39mtw[33m-[39minset[33m-[39mshadow)[33m,[39m[36mvar[39m([33m--[39mtw[33m-[39minset[33m-[39mring[33m-[39mshadow)[33m,[39m[36mvar[39m([33m--[39mtw[33m-[39mring[33m-[39moffset[33m-[39mshadow)[33m,[39m[36mvar[39m([33m--[39mtw[33m-[39mring[33m-[39mshadow)[33m,[39m[36mvar[39m([33m--[39mtw[33m-[39mshadow)}[33m.[39mshadow[33m-[39mxs{[33m--[39mtw[33m-[39mshadow[33m:[39m[35m0[39m [35m1[39mpx [35m2[39mpx [35m0[39m [36mvar[39m([33m--[39mtw[33m-[39mshadow[33m-[39mcolor[33m,[39m[33m#[39m[35m0000000[39md)[33m;[39mbox[33m-[39mshadow[33m:[39m[36mvar[39m([33m--[39mtw[33m-[39minset[33m-[39mshadow)[33m,[39m[36mvar[39m([33m--[39mtw[33m-[39minset[33m-[39mring[33m-[39mshadow)[33m,[39m[36mvar[39m([33m--[39mtw[33m-[39mring[33m-[39moffset[33m-[39mshadow)[33m,[39m[36mvar[39m([33m--[39mtw[33m-[39mring[33m-[39mshadow)[33m,[39m[36mvar[39m([33m--[39mtw[33m-[39mshadow)}[33m.[39mring[33m-[39m[35m0[39m{[33m--[39mtw[33m-[39mring[33m-[39mshadow[33m:[39m[36mvar[39m([33m--[39mtw[33m-[39mring[33m-[39minset[33m,[39m)[35m0[39m [35m0[39m [35m0[39m calc([35m0[39mpx [33m+[39m [36mvar[39m([33m--[39mtw[33m-[39mring[33m-[39moffset[33m-[39mwidth))[36mvar[39m([33m--[39mtw[33m-[39mring[33m-[39mcolor[33m,[39mcurrentcolor)[33m;[39mbox[33m-[39mshadow[33m:[39m[36mvar[39m([33m--[39mtw[33m-[39minset[33m-[39mshadow)[33m,[39m[36mvar[39m([33m--[39mtw[33m-[39minset[33m-[39mring[33m-[39mshadow)[33m,[39m[36mvar[39m([33m--[39mtw[33m-[39mring[33m-[39moffset[33m-[39mshadow)[33m,[39m[36mvar[39m([33m--[39mtw[33m-[39mring[33m-[39mshadow)[33m,[39m[36mvar[39m([33m--[39mtw[33m-[39mshadow)}[33m.[39mshadow[33m-[39mprimary[37m[41m[1m\[22m[49m[39m[33m/[39m[35m50[39m{[33m--[39mtw[33m-[39mshadow[33m-[39mcolor[33m:[39m[36mvar[39m([33m--[39mprimary)}[33m@[39msupports (color[33m:[39mcolor[33m-[39mmix([36min[39m lab[33m,[39m red[33m,[39m red)){[33m.[39mshadow[33m-[39mprimary[37m[41m[1m\[22m[49m[39m[33m/[39m[35m50[39m{[33m--[39mtw[33m-[39mshadow[33m-[39mcolor[33m:[39mcolor[33m-[39mmix([36min[39m oklab[33m,[39mcolor[33m-[39mmix([36min[39m oklab[33m,[39m[36mvar[39m([33m--[39mprimary)[35m50[39m[33m%[39m[33m,[39mtransparent)[36mvar[39m([33m--[39mtw[33m-[39mshadow[33m-[39malpha)[33m,[39mtransparent)}}[33m.[39mring[33m-[39mring[37m[41m[1m\[22m[49m[39m[33m/[39m[35m50[39m{[33m--[39mtw[33m-[39mring[33m-[39mcolor[33m:[39m[36mvar[39m([33m--[39mring)}[33m@[39msupports (color[33m:[39mcolor[33m-[39mmix([36min[39m lab[33m,[39m red[33m,[39m red)){[33m.[39mring[33m-[39mring[37m[41m[1m\[22m[49m[39m[33m/[39m[35m50[39m{[33m--[39mtw[33m-[39mring[33m-[39mcolor[33m:[39mcolor[33m-[39mmix([36min[39m oklab[33m,[39m[36mvar[39m([33m--[39mring)[35m50[39m[33m%[39m[33m,[39mtransparent)}}[33m.[39mring[33m-[39moffset[33m-[39mbackground{[33m--[39mtw[33m-[39mring[33m-[39moffset[33m-[39mcolor[33m:[39m[36mvar[39m([33m--[39mbackground)}[33m.[39moutline[33m-[39mhidden{[33m--[39mtw[33m-[39moutline[33m-[39mstyle[33m:[39mnone[33m;[39moutline[33m-[39mstyle[33m:[39mnone}[33m@[39mmedia (forced[33m-[39mcolors[33m:[39mactive){[33m.[39moutline[33m-[39mhidden{outline[33m-[39moffset[33m:[39m[35m2[39mpx[33m;[39moutline[33m:[39m[35m2[39mpx solid [33m#[39m[35m0000[39m}}[33m.[39moutline{outline[33m-[39mstyle[33m:[39m[36mvar[39m([33m--[39mtw[33m-[39moutline[33m-[39mstyle)[33m;[39moutline[33m-[39mwidth[33m:[39m[35m1[39mpx}[33m.[39mtransition{transition[33m-[39mproperty[33m:[39mcolor[33m,[39mbackground[33m-[39mcolor[33m,[39mborder[33m-[39mcolor[33m,[39moutline[33m-[39mcolor[33m,[39mtext[33m-[39mdecoration[33m-[39mcolor[33m,[39mfill[33m,[39mstroke[33m,[39m[33m--[39mtw[33m-[39mgradient[33m-[39m[36mfrom[39m[33m,[39m[33m--[39mtw[33m-[39mgradient[33m-[39mvia[33m,[39m[33m--[39mtw[33m-[39mgradient[33m-[39mto[33m,[39mopacity[33m,[39mbox[33m-[39mshadow[33m,[39mtransform[33m,[39mtranslate[33m,[39mscale[33m,[39mrotate[33m,[39mfilter[33m,[39m[33m-[39mwebkit[33m-[39mbackdrop[33m-[39mfilter[33m,[39mbackdrop[33m-[39mfilter[33m,[39mdisplay[33m,[39mcontent[33m-[39mvisibility[33m,[39moverlay[33m,[39mpointer[33m-[39mevents[33m;[39mtransition[33m-[39mtiming[33m-[39m[36mfunction[39m[33m:[39m[36mvar[39m([33m--[39mtw[33m-[39mease[33m,[39m[36mvar[39m([33m--[39m[36mdefault[39m[33m-[39mtransition[33m-[39mtiming[33m-[39m[36mfunction[39m))[33m;[39mtransition[33m-[39mduration[33m:[39m[36mvar[39m([33m--[39mtw[33m-[39mduration[33m,[39m[36mvar[39m([33m--[39m[36mdefault[39m[33m-[39mtransition[33m-[39mduration))}[33m.[39mtransition[33m-[39m[37m[41m[1m\[22m[49m[39m[color[37m[41m[1m\[22m[49m[39m[33m,[39mbox[33m-[39mshadow[37m[41m[1m\[22m[49m[39m]{transition[33m-[39mproperty[33m:[39mcolor[33m,[39mbox[33m-[39mshadow[33m;[39mtransition[33m-[39mtiming[33m-[39m[36mfunction[39m[33m:[39m[36mvar[39m([33m--[39mtw[33m-[39mease[33m,[39m[36mvar[39m([33m--[39m[36mdefault[39m[33m-[39mtransition[33m-[39mtiming[33m-[39m[36mfunction[39m))[33m;[39mtransition[33m-[39mduration[33m:[39m[36mvar[39m([33m--[39mtw[33m-[39mduration[33m,[39m[36mvar[39m([33m--[39m[36mdefault[39m[33m-[39mtransition[33m-[39mduration))}[33m.[39mtransition[33m-[39m[37m[41m[1m\[22m[49m[39m[left[37m[41m[1m\[22m[49m[39m[33m,[39mright[37m[41m[1m\[22m[49m[39m[33m,[39mwidth[37m[41m[1m\[22m[49m[39m]{transition[33m-[39mproperty[33m:[39mleft[33m,[39mright[33m,[39mwidth[33m;[39mtransition[33m-[39mtiming[33m-[39m[36mfunction[39m[33m:[39m[36mvar[39m([33m--[39mtw[33m-[39mease[33m,[39m[36mvar[39m([33m--[39m[36mdefault[39m[33m-[39mtransition[33m-[39mtiming[33m-[39m[36mfunction[39m))[33m;[39mtransition[33m-[39mduration[33m:[39m[36mvar[39m([33m--[39mtw[33m-[39mduration[33m,[39m[36mvar[39m([33m--[39m[36mdefault[39m[33m-[39mtransition[33m-[39mduration))}[33m.[39mtransition[33m-[39m[37m[41m[1m\[22m[49m[39m[margin[37m[41m[1m\[22m[49m[39m[33m,[39mopacity[37m[41m[1m\[22m[49m[39m]{transition[33m-[39mproperty[33m:[39mmargin[33m,[39mopacity[33m;[39mtransition[33m-[39mtiming[33m-[39m[36mfunction[39m[33m:[39m[36mvar[39m([33m--[39mtw[33m-[39mease[33m,[39m[36mvar[39m([33m--[39m[36mdefault[39m[33m-[39mtransition[33m-[39mtiming[33m-[39m[36mfunction[39m))[33m;[39mtransition[33m-[39mduration[33m:[39m[36mvar[39m([33m--[39mtw[33m-[39mduration[33m,[39m[36mvar[39m([33m--[39m[36mdefault[39m[33m-[39mtransition[33m-[39mduration))}[33m.[39mtransition[33m-[39m[37m[41m[1m\[22m[49m[39m[width[37m[41m[1m\[22m[49m[39m[33m,[39mheight[37m[41m[1m\[22m[49m[39m[33m,[39mpadding[37m[41m[1m\[22m[49m[39m]{transition[33m-[39mproperty[33m:[39mwidth[33m,[39mheight[33m,[39mpadding[33m;[39mtransition[33m-[39mtiming[33m-[39m[36mfunction[39m[33m:[39m[36mvar[39m([33m--[39mtw[33m-[39mease[33m,[39m[36mvar[39m([33m--[39m[36mdefault[39m[33m-[39mtransition[33m-[39mtiming[33m-[39m[36mfunction[39m))[33m;[39mtransition[33m-[39mduration[33m:[39m[36mvar[39m([33m--[39mtw[33m-[39mduration[33m,[39m[36mvar[39m([33m--[39m[36mdefault[39m[33m-[39mtransition[33m-[39mduration))}[33m.[39mtransition[33m-[39m[37m[41m[1m\[22m[49m[39m[width[37m[41m[1m\[22m[49m[39m]{transition[33m-[39mproperty[33m:[39mwidth[33m;[39mtransition[33m-[39mtiming[33m-[39m[36mfunction[39m[33m:[39m[36mvar[39m([33m--[39mtw[33m-[39mease[33m,[39m[36mvar[39m([33m--[39m[36mdefault[39m[33m-[39mtransition[33m-[39mtiming[33m-[39m[36mfunction[39m))[33m;[39mtransition[33m-[39mduration[33m:[39m[36mvar[39m([33m--[39mtw[33m-[39mduration[33m,[39m[36mvar[39m([33m--[39m[36mdefault[39m[33m-[39mtransition[33m-[39mduration))}[33m.[39mtransition[33m-[39mall{transition[33m-[39mproperty[33m:[39mall[33m;[39mtransition[33m-[39mtiming[33m-[39m[36mfunction[39m[33m:[39m[36mvar[39m([33m--[39mtw[33m-[39mease[33m,[39m[36mvar[39m([33m--[39m[36mdefault[39m[33m-[39mtransition[33m-[39mtiming[33m-[39m[36mfunction[39m))[33m;[39mtransition[33m-[39mduration[33m:[39m[36mvar[39m([33m--[39mtw[33m-[39mduration[33m,[39m[36mvar[39m([33m--[39m[36mdefault[39m[33m-[39mtransition[33m-[39mduration))}[33m.[39mtransition[33m-[39mcolors{transition[33m-[39mproperty[33m:[39mcolor[33m,[39mbackground[33m-[39mcolor[33m,[39mborder[33m-[39mcolor[33m,[39moutline[33m-[39mcolor[33m,[39mtext[33m-[39mdecoration[33m-[39mcolor[33m,[39mfill[33m,[39mstroke[33m,[39m[33m--[39mtw[33m-[39mgradient[33m-[39m[36mfrom[39m[33m,[39m[33m--[39mtw[33m-[39mgradient[33m-[39mvia[33m,[39m[33m--[39mtw[33m-[39mgradient[33m-[39mto[33m;[39mtransition[33m-[39mtiming[33m-[39m[36mfunction[39m[33m:[39m[36mvar[39m([33m--[39mtw[33m-[39mease[33m,[39m[36mvar[39m([33m--[39m[36mdefault[39m[33m-[39mtransition[33m-[39mtiming[33m-[39m[36mfunction[39m))[33m;[39mtransition[33m-[39mduration[33m:[39m[36mvar[39m([33m--[39mtw[33m-[39mduration[33m,[39m[36mvar[39m([33m--[39m[36mdefault[39m[33m-[39mtransition[33m-[39mduration))}[33m.[39mtransition[33m-[39mopacity{transition[33m-[39mproperty[33m:[39mopacity[33m;[39mtransition[33m-[39mtiming[33m-[39m[36mfunction[39m[33m:[39m[36mvar[39m([33m--[39mtw[33m-[39mease[33m,[39m[36mvar[39m([33m--[39m[36mdefault[39m[33m-[39mtransition[33m-[39mtiming[33m-[39m[36mfunction[39m))[33m;[39mtransition[33m-[39mduration[33m:[39m[36mvar[39m([33m--[39mtw[33m-[39mduration[33m,[39m[36mvar[39m([33m--[39m[36mdefault[39m[33m-[39mtransition[33m-[39mduration))}[33m.[39mtransition[33m-[39mshadow{transition[33m-[39mproperty[33m:[39mbox[33m-[39mshadow[33m;[39mtransition[33m-[39mtiming[33m-[39m[36mfunction[39m[33m:[39m[36mvar[39m([33m--[39mtw[33m-[39mease[33m,[39m[36mvar[39m([33m--[39m[36mdefault[39m[33m-[39mtransition[33m-[39mtiming[33m-[39m[36mfunction[39m))[33m;[39mtransition[33m-[39mduration[33m:[39m[36mvar[39m([33m--[39mtw[33m-[39mduration[33m,[39m[36mvar[39m([33m--[39m[36mdefault[39m[33m-[39mtransition[33m-[39mduration))}[33m.[39mtransition[33m-[39mtransform{transition[33m-[39mproperty[33m:[39mtransform[33m,[39mtranslate[33m,[39mscale[33m,[39mrotate[33m;[39mtransition[33m-[39mtiming[33m-[39m[36mfunction[39m[33m:[39m[36mvar[39m([33m--[39mtw[33m-[39mease[33m,[39m[36mvar[39m([33m--[39m[36mdefault[39m[33m-[39mtransition[33m-[39mtiming[33m-[39m[36mfunction[39m))[33m;[39mtransition[33m-[39mduration[33m:[39m[36mvar[39m([33m--[39mtw[33m-[39mduration[33m,[39m[36mvar[39m([33m--[39m[36mdefault[39m[33m-[39mtransition[33m-[39mduration))}[33m.[39mtransition[33m-[39mnone{transition[33m-[39mproperty[33m:[39mnone}[33m.[39mduration[33m-[39m[35m100[39m{[33m--[39mtw[33m-[39mduration[33m:[39m[35m.1[39ms[33m;[39mtransition[33m-[39mduration[33m:[39m[35m.1[39ms}[33m.[39mduration[33m-[39m[35m200[39m{[33m--[39mtw[33m-[39mduration[33m:[39m[35m.2[39ms[33m;[39mtransition[33m-[39mduration[33m:[39m[35m.2[39ms}[33m.[39mduration[33m-[39m[35m300[39m{[33m--[39mtw[33m-[39mduration[33m:[39m[35m.3[39ms[33m;[39mtransition[33m-[39mduration[33m:[39m[35m.3[39ms}[33m.[39mduration[33m-[39m[35m1000[39m{[33m--[39mtw[33m-[39mduration[33m:[39m[35m1[39ms[33m;[39mtransition[33m-[39mduration[33m:[39m[35m1[39ms}[33m.[39mease[33m-[39m[36min[39m[33m-[39mout{[33m--[39mtw[33m-[39mease[33m:[39m[36mvar[39m([33m--[39mease[33m-[39m[36min[39m[33m-[39mout)[33m;[39mtransition[33m-[39mtiming[33m-[39m[36mfunction[39m[33m:[39m[36mvar[39m([33m--[39mease[33m-[39m[36min[39m[33m-[39mout)}[33m.[39mease[33m-[39mlinear{[33m--[39mtw[33m-[39mease[33m:[39mlinear[33m;[39mtransition[33m-[39mtiming[33m-[39m[36mfunction[39m[33m:[39mlinear}[33m.[39mfade[33m-[39m[36min[39m[33m-[39m[35m0[39m{[33m--[39mtw[33m-[39menter[33m-[39mopacity[33m:[39m[35m0[39m}[33m.[39moutline[33m-[39mnone{[33m--[39mtw[33m-[39moutline[33m-[39mstyle[33m:[39mnone[33m;[39moutline[33m-[39mstyle[33m:[39mnone}[33m.[39mselect[33m-[39mnone{[33m-[39mwebkit[33m-[39muser[33m-[39mselect[33m:[39mnone[33m;[39muser[33m-[39mselect[33m:[39mnone}[33m.[39mzoom[33m-[39m[36min[39m[33m-[39m[35m95[39m{[33m--[39mtw[33m-[39menter[33m-[39mscale[33m:[39m[35m.95[39m}[33m.[39m[37m[41m[1m\[22m[49m[39m[[33m--[39mcell[33m-[39msize[37m[41m[1m\[22m[49m[39m[33m:[39m[33m--[39mspacing[37m[41m[1m\[22m[49m[39m([35m8[39m[37m[41m[1m\[22m[49m[39m)[37m[41m[1m\[22m[49m[39m]{[33m--[39mcell[33m-[39msize[33m:[39mcalc([36mvar[39m([33m--[39mspacing)[33m*[39m[35m8[39m)}[33m.[39mgroup[33m-[39mfocus[33m-[39mwithin[37m[41m[1m\[22m[49m[39m[33m/[39mmenu[33m-[39mitem[37m[41m[1m\[22m[49m[39m[33m:[39mopacity[33m-[39m[35m100[39m[33m:[39mis([33m:[39mwhere([33m.[39mgroup[37m[41m[1m\[22m[49m[39m[33m/[39mmenu[33m-[39mitem)[33m:[39mfocus[33m-[39mwithin [33m*[39m){opacity[33m:[39m[35m1[39m}[33m@[39mmedia (hover[33m:[39mhover){[33m.[39mgroup[33m-[39mhover[37m[41m[1m\[22m[49m[39m[33m:[39mscale[33m-[39m[35m110[39m[33m:[39mis([33m:[39mwhere([33m.[39mgroup)[33m:[39mhover [33m*[39m){[33m--[39mtw[33m-[39mscale[33m-[39mx[33m:[39m[35m110[39m[33m%[39m[33m;[39m[33m--[39mtw[33m-[39mscale[33m-[39my[33m:[39m[35m110[39m[33m%[39m[33m;[39m[33m--[39mtw[33m-[39mscale[33m-[39mz[33m:[39m[35m110[39m[33m%[39m[33m;[39mscale[33m:[39m[36mvar[39m([33m--[39mtw[33m-[39mscale[33m-[39mx)[36mvar[39m([33m--[39mtw[33m-[39mscale[33m-[39my)}[33m.[39mgroup[33m-[39mhover[37m[41m[1m\[22m[49m[39m[33m:[39mtext[33m-[39mprimary[33m:[39mis([33m:[39mwhere([33m.[39mgroup)[33m:[39mhover [33m*[39m){color[33m:[39m[36mvar[39m([33m--[39mprimary)}[33m.[39mgroup[33m-[39mhover[37m[41m[1m\[22m[49m[39m[33m:[39mopacity[33m-[39m[35m100[39m[33m:[39mis([33m:[39mwhere([33m.[39mgroup)[33m:[39mhover [33m*[39m)[33m,[39m[33m.[39mgroup[33m-[39mhover[37m[41m[1m\[22m[49m[39m[33m/[39mmenu[33m-[39mitem[37m[41m[1m\[22m[49m[39m[33m:[39mopacity[33m-[39m[35m100[39m[33m:[39mis([33m:[39mwhere([33m.[39mgroup[37m[41m[1m\[22m[49m[39m[33m/[39mmenu[33m-[39mitem)[33m:[39mhover [33m*[39m){opacity[33m:[39m[35m1[39m}}[33m.[39mgroup[33m-[39mhas[33m-[39mdata[33m-[39m[37m[41m[1m\[22m[49m[39m[sidebar[37m[41m[1m\[22m[49m[39m[33m=[39mmenu[33m-[39maction[37m[41m[1m\[22m[49m[39m][37m[41m[1m\[22m[49m[39m[33m/[39mmenu[33m-[39mitem[37m[41m[1m\[22m[49m[39m[33m:[39mpr[33m-[39m[35m8[39m[33m:[39mis([33m:[39mwhere([33m.[39mgroup[37m[41m[1m\[22m[49m[39m[33m/[39mmenu[33m-[39mitem)[33m:[39mhas([data[33m-[39msidebar[33m=[39mmenu[33m-[39maction]) [33m*[39m){padding[33m-[39mright[33m:[39mcalc([36mvar[39m([33m--[39mspacing)[33m*[39m[35m8[39m)}[33m.[39mgroup[33m-[39mhas[33m-[39m[37m[41m[1m\[22m[49m[39m[[37m[41m[1m\[22m[49m[39m[data[33m-[39morientation[37m[41m[1m\[22m[49m[39m[33m=[39mhorizontal[37m[41m[1m\[22m[49m[39m][37m[41m[1m\[22m[49m[39m][37m[41m[1m\[22m[49m[39m[33m/[39mfield[37m[41m[1m\[22m[49m[39m[33m:[39mtext[33m-[39mbalance[33m:[39mis([33m:[39mwhere([33m.[39mgroup[37m[41m[1m\[22m[49m[39m[33m/[39mfield)[33m:[39mhas([data[33m-[39morientation[33m=[39mhorizontal]) [33m*[39m){text[33m-[39mwrap[33m:[39mbalance}[33m.[39mgroup[33m-[39mhas[33m-[39m[37m[41m[1m\[22m[49m[39m[[37m[41m[1m\[22m[49m[39m[data[33m-[39mslot[37m[41m[1m\[22m[49m[39m[33m=[39mitem[33m-[39mdescription[37m[41m[1m\[22m[49m[39m][37m[41m[1m\[22m[49m[39m][37m[41m[1m\[22m[49m[39m[33m/[39mitem[37m[41m[1m\[22m[49m[39m[33m:[39mtranslate[33m-[39my[33m-[39m[35m0[39m[37m[41m[1m\[22m[49m[39m[35m.5[39m[33m:[39mis([33m:[39mwhere([33m.[39mgroup[37m[41m[1m\[22m[49m[39m[33m/[39mitem)[33m:[39mhas([data[33m-[39mslot[33m=[39mitem[33m-[39mdescription]) [33m*[39m){[33m--[39mtw[33m-[39mtranslate[33m-[39my[33m:[39mcalc([36mvar[39m([33m--[39mspacing)[33m*[39m[35m.5[39m)[33m;[39mtranslate[33m:[39m[36mvar[39m([33m--[39mtw[33m-[39mtranslate[33m-[39mx)[36mvar[39m([33m--[39mtw[33m-[39mtranslate[33m-[39my)}[33m.[39mgroup[33m-[39mhas[33m-[39m[37m[41m[1m\[22m[49m[39m[[37m[41m[1m\[22m[49m[39m[data[33m-[39mslot[37m[41m[1m\[22m[49m[39m[33m=[39mitem[33m-[39mdescription[37m[41m[1m\[22m[49m[39m][37m[41m[1m\[22m[49m[39m][37m[41m[1m\[22m[49m[39m[33m/[39mitem[37m[41m[1m\[22m[49m[39m[33m:[39mself[33m-[39mstart[33m:[39mis([33m:[39mwhere([33m.[39mgroup[37m[41m[1m\[22m[49m[39m[33m/[39mitem)[33m:[39mhas([data[33m-[39mslot[33m=[39mitem[33m-[39mdescription]) [33m*[39m){align[33m-[39mself[33m:[39mflex[33m-[39mstart}[33m.[39mgroup[33m-[39mhas[33m-[39m[37m[41m[1m\[22m[49m[39m[[37m[41m[1m\[22m[49m[39m[33m>[39minput[37m[41m[1m\[22m[49m[39m][37m[41m[1m\[22m[49m[39m[33m/[39minput[33m-[39mgroup[37m[41m[1m\[22m[49m[39m[33m:[39mpt[33m-[39m[35m2[39m[37m[41m[1m\[22m[49m[39m[35m.5[39m[33m:[39mis([33m:[39mwhere([33m.[39mgroup[37m[41m[1m\[22m[49m[39m[33m/[39minput[33m-[39mgroup)[33m:[39mhas([33m>[39minput) [33m*[39m){padding[33m-[39mtop[33m:[39mcalc([36mvar[39m([33m--[39mspacing)[33m*[39m[35m2.5[39m)}[33m.[39mgroup[33m-[39mhas[33m-[39m[37m[41m[1m\[22m[49m[39m[[37m[41m[1m\[22m[49m[39m[33m>[39minput[37m[41m[1m\[22m[49m[39m][37m[41m[1m\[22m[49m[39m[33m/[39minput[33m-[39mgroup[37m[41m[1m\[22m[49m[39m[33m:[39mpb[33m-[39m[35m2[39m[37m[41m[1m\[22m[49m[39m[35m.5[39m[33m:[39mis([33m:[39mwhere([33m.[39mgroup[37m[41m[1m\[22m[49m[39m[33m/[39minput[33m-[39mgroup)[33m:[39mhas([33m>[39minput) [33m*[39m){padding[33m-[39mbottom[33m:[39mcalc([36mvar[39m([33m--[39mspacing)[33m*[39m[35m2.5[39m)}[33m.[39mgroup[33m-[39mdata[33m-[39m[37m[41m[1m\[22m[49m[39m[collapsible[37m[41m[1m\[22m[49m[39m[33m=[39micon[37m[41m[1m\[22m[49m[39m][37m[41m[1m\[22m[49m[39m[33m:[39m[33m-[39mmt[33m-[39m[35m8[39m[33m:[39mis([33m:[39mwhere([33m.[39mgroup)[data[33m-[39mcollapsible[33m=[39micon] [33m*[39m){margin[33m-[39mtop[33m:[39mcalc([36mvar[39m([33m--[39mspacing)[33m*[39m[33m-[39m[35m8[39m)}[33m.[39mgroup[33m-[39mdata[33m-[39m[37m[41m[1m\[22m[49m[39m[collapsible[37m[41m[1m\[22m[49m[39m[33m=[39micon[37m[41m[1m\[22m[49m[39m][37m[41m[1m\[22m[49m[39m[33m:[39mhidden[33m:[39mis([33m:[39mwhere([33m.[39mgroup)[data[33m-[39mcollapsible[33m=[39micon] [33m*[39m){display[33m:[39mnone}[33m.[39mgroup[33m-[39mdata[33m-[39m[37m[41m[1m\[22m[49m[39m[collapsible[37m[41m[1m\[22m[49m[39m[33m=[39micon[37m[41m[1m\[22m[49m[39m][37m[41m[1m\[22m[49m[39m[33m:[39msize[33m-[39m[35m8[39m[37m[41m[1m\[22m[49m[39m[33m![39m[33m:[39mis([33m:[39mwhere([33m.[39mgroup)[data[33m-[39mcollapsible[33m=[39micon] [33m*[39m){width[33m:[39mcalc([36mvar[39m([33m--[39mspacing)[33m*[39m[35m8[39m)[33m![39mimportant[33m;[39mheight[33m:[39mcalc([36mvar[39m([33m--[39mspacing)[33m*[39m[35m8[39m)[33m![39mimportant}[33m.[39mgroup[33m-[39mdata[33m-[39m[37m[41m[1m\[22m[49m[39m[collapsible[37m[41m[1m\[22m[49m[39m[33m=[39micon[37m[41m[1m\[22m[49m[39m][37m[41m[1m\[22m[49m[39m[33m:[39mw[33m-[39m[37m[41m[1m\[22m[49m[39m([33m--[39msidebar[33m-[39mwidth[33m-[39micon[37m[41m[1m\[22m[49m[39m)[33m:[39mis([33m:[39mwhere([33m.[39mgroup)[data[33m-[39mcollapsible[33m=[39micon] [33m*[39m){width[33m:[39m[36mvar[39m([33m--[39msidebar[33m-[39mwidth[33m-[39micon)}[33m.[39mgroup[33m-[39mdata[33m-[39m[37m[41m[1m\[22m[49m[39m[collapsible[37m[41m[1m\[22m[49m[39m[33m=[39micon[37m[41m[1m\[22m[49m[39m][37m[41m[1m\[22m[49m[39m[33m:[39mw[33m-[39m[37m[41m[1m\[22m[49m[39m[calc[37m[41m[1m\[22m[49m[39m([36mvar[39m[37m[41m[1m\[22m[49m[39m([33m--[39msidebar[33m-[39mwidth[33m-[39micon[37m[41m[1m\[22m[49m[39m)[37m[41m[1m\[22m[49m[39m[33m+[39m[37m[41m[1m\[22m[49m[39m([33m--[39mspacing[37m[41m[1m\[22m[49m[39m([35m4[39m[37m[41m[1m\[22m[49m[39m)[37m[41m[1m\[22m[49m[39m)[37m[41m[1m\[22m[49m[39m)[37m[41m[1m\[22m[49m[39m][33m:[39mis([33m:[39mwhere([33m.[39mgroup)[data[33m-[39mcollapsible[33m=[39micon] [33m*[39m){width[33m:[39mcalc([36mvar[39m([33m--[39msidebar[33m-[39mwidth[33m-[39micon) [33m+[39m (calc([36mvar[39m([33m--[39mspacing)[33m*[39m[35m4[39m)))}[33m.[39mgroup[33m-[39mdata[33m-[39m[37m[41m[1m\[22m[49m[39m[collapsible[37m[41m[1m\[22m[49m[39m[33m=[39micon[37m[41m[1m\[22m[49m[39m][37m[41m[1m\[22m[49m[39m[33m:[39mw[33m-[39m[37m[41m[1m\[22m[49m[39m[calc[37m[41m[1m\[22m[49m[39m([36mvar[39m[37m[41m[1m\[22m[49m[39m([33m--[39msidebar[33m-[39mwidth[33m-[39micon[37m[41m[1m\[22m[49m[39m)[37m[41m[1m\[22m[49m[39m[33m+[39m[37m[41m[1m\[22m[49m[39m([33m--[39mspacing[37m[41m[1m\[22m[49m[39m([35m4[39m[37m[41m[1m\[22m[49m[39m)[37m[41m[1m\[22m[49m[39m)[37m[41m[1m\[22m[49m[39m[33m+[39m[35m2[39mpx[37m[41m[1m\[22m[49m[39m)[37m[41m[1m\[22m[49m[39m][33m:[39mis([33m:[39mwhere([33m.[39mgroup)[data[33m-[39mcollapsible[33m=[39micon] [33m*[39m){width[33m:[39mcalc([36mvar[39m([33m--[39msidebar[33m-[39mwidth[33m-[39micon) [33m+[39m (calc([36mvar[39m([33m--[39mspacing)[33m*[39m[35m4[39m)) [33m+[39m [35m2[39mpx)}[33m.[39mgroup[33m-[39mdata[33m-[39m[37m[41m[1m\[22m[49m[39m[collapsible[37m[41m[1m\[22m[49m[39m[33m=[39micon[37m[41m[1m\[22m[49m[39m][37m[41m[1m\[22m[49m[39m[33m:[39moverflow[33m-[39mhidden[33m:[39mis([33m:[39mwhere([33m.[39mgroup)[data[33m-[39mcollapsible[33m=[39micon] [33m*[39m){overflow[33m:[39mhidden}[33m.[39mgroup[33m-[39mdata[33m-[39m[37m[41m[1m\[22m[49m[39m[collapsible[37m[41m[1m\[22m[49m[39m[33m=[39micon[37m[41m[1m\[22m[49m[39m][37m[41m[1m\[22m[49m[39m[33m:[39mp[33m-[39m[35m0[39m[37m[41m[1m\[22m[49m[39m[33m![39m[33m:[39mis([33m:[39mwhere([33m.[39mgroup)[data[33m-[39mcollapsible[33m=[39micon] [33m*[39m){padding[33m:[39mcalc([36mvar[39m([33m--[39mspacing)[33m*[39m[35m0[39m)[33m![39mimportant}[33m.[39mgroup[33m-[39mdata[33m-[39m[37m[41m[1m\[22m[49m[39m[collapsible[37m[41m[1m\[22m[49m[39m[33m=[39micon[37m[41m[1m\[22m[49m[39m][37m[41m[1m\[22m[49m[39m[33m:[39mp[33m-[39m[35m2[39m[37m[41m[1m\[22m[49m[39m[33m![39m[33m:[39mis([33m:[39mwhere([33m.[39mgroup)[data[33m-[39mcollapsible[33m=[39micon] [33m*[39m){padding[33m:[39mcalc([36mvar[39m([33m--[39mspacing)[33m*[39m[35m2[39m)[33m![39mimportant}[33m.[39mgroup[33m-[39mdata[33m-[39m[37m[41m[1m\[22m[49m[39m[collapsible[37m[41m[1m\[22m[49m[39m[33m=[39micon[37m[41m[1m\[22m[49m[39m][37m[41m[1m\[22m[49m[39m[33m:[39mopacity[33m-[39m[35m0[39m[33m:[39mis([33m:[39mwhere([33m.[39mgroup)[data[33m-[39mcollapsible[33m=[39micon] [33m*[39m){opacity[33m:[39m[35m0[39m}[33m.[39mgroup[33m-[39mdata[33m-[39m[37m[41m[1m\[22m[49m[39m[collapsible[37m[41m[1m\[22m[49m[39m[33m=[39moffcanvas[37m[41m[1m\[22m[49m[39m][37m[41m[1m\[22m[49m[39m[33m:[39mright[33m-[39m[37m[41m[1m\[22m[49m[39m[calc[37m[41m[1m\[22m[49m[39m([36mvar[39m[37m[41m[1m\[22m[49m[39m([33m--[39msidebar[33m-[39mwidth[37m[41m[1m\[22m[49m[39m)[37m[41m[1m\[22m[49m[39m[33m*[39m[33m-[39m[35m1[39m[37m[41m[1m\[22m[49m[39m)[37m[41m[1m\[22m[49m[39m][33m:[39mis([33m:[39mwhere([33m.[39mgroup)[data[33m-[39mcollapsible[33m=[39moffcanvas] [33m*[39m){right[33m:[39mcalc([36mvar[39m([33m--[39msidebar[33m-[39mwidth)[33m*[39m[33m-[39m[35m1[39m)}[33m.[39mgroup[33m-[39mdata[33m-[39m[37m[41m[1m\[22m[49m[39m[collapsible[37m[41m[1m\[22m[49m[39m[33m=[39moffcanvas[37m[41m[1m\[22m[49m[39m][37m[41m[1m\[22m[49m[39m[33m:[39mleft[33m-[39m[37m[41m[1m\[22m[49m[39m[calc[37m[41m[1m\[22m[49m[39m([36mvar[39m[37m[41m[1m\[22m[49m[39m([33m--[39msidebar[33m-[39mwidth[37m[41m[1m\[22m[49m[39m)[37m[41m[1m\[22m[49m[39m[33m*[39m[33m-[39m[35m1[39m[37m[41m[1m\[22m[49m[39m)[37m[41m[1m\[22m[49m[39m][33m:[39mis([33m:[39mwhere([33m.[39mgroup)[data[33m-[39mcollapsible[33m=[39moffcanvas] [33m*[39m){left[33m:[39mcalc([36mvar[39m([33m--[39msidebar[33m-[39mwidth)[33m*[39m[33m-[39m[35m1[39m)}[33m.[39mgroup[33m-[39mdata[33m-[39m[37m[41m[1m\[22m[49m[39m[collapsible[37m[41m[1m\[22m[49m[39m[33m=[39moffcanvas[37m[41m[1m\[22m[49m[39m][37m[41m[1m\[22m[49m[39m[33m:[39mw[33m-[39m[35m0[39m[33m:[39mis([33m:[39mwhere([33m.[39mgroup)[data[33m-[39mcollapsible[33m=[39moffcanvas] [33m*[39m){width[33m:[39mcalc([36mvar[39m([33m--[39mspacing)[33m*[39m[35m0[39m)}[33m.[39mgroup[33m-[39mdata[33m-[39m[37m[41m[1m\[22m[49m[39m[collapsible[37m[41m[1m\[22m[49m[39m[33m=[39moffcanvas[37m[41m[1m\[22m[49m[39m][37m[41m[1m\[22m[49m[39m[33m:[39mtranslate[33m-[39mx[33m-[39m[35m0[39m[33m:[39mis([33m:[39mwhere([33m.[39mgroup)[data[33m-[39mcollapsible[33m=[39moffcanvas] [33m*[39m){[33m--[39mtw[33m-[39mtranslate[33m-[39mx[33m:[39mcalc([36mvar[39m([33m--[39mspacing)[33m*[39m[35m0[39m)[33m;[39mtranslate[33m:[39m[36mvar[39m([33m--[39mtw[33m-[39mtranslate[33m-[39mx)[36mvar[39m([33m--[39mtw[33m-[39mtranslate[33m-[39my)}[33m.[39mgroup[33m-[39mdata[33m-[39m[37m[41m[1m\[22m[49m[39m[disabled[37m[41m[1m\[22m[49m[39m[33m=[39m[36mtrue[39m[37m[41m[1m\[22m[49m[39m][37m[41m[1m\[22m[49m[39m[33m:[39mpointer[33m-[39mevents[33m-[39mnone[33m:[39mis([33m:[39mwhere([33m.[39mgroup)[data[33m-[39mdisabled[33m=[39m[36mtrue[39m] [33m*[39m){pointer[33m-[39mevents[33m:[39mnone}[33m.[39mgroup[33m-[39mdata[33m-[39m[37m[41m[1m\[22m[49m[39m[disabled[37m[41m[1m\[22m[49m[39m[33m=[39m[36mtrue[39m[37m[41m[1m\[22m[49m[39m][37m[41m[1m\[22m[49m[39m[33m:[39mopacity[33m-[39m[35m50[39m[33m:[39mis([33m:[39mwhere([33m.[39mgroup)[data[33m-[39mdisabled[33m=[39m[36mtrue[39m] [33m*[39m)[33m,[39m[33m.[39mgroup[33m-[39mdata[33m-[39m[37m[41m[1m\[22m[49m[39m[disabled[37m[41m[1m\[22m[49m[39m[33m=[39m[36mtrue[39m[37m[41m[1m\[22m[49m[39m][37m[41m[1m\[22m[49m[39m[33m/[39mfield[37m[41m[1m\[22m[49m[39m[33m:[39mopacity[33m-[39m[35m50[39m[33m:[39mis([33m:[39mwhere([33m.[39mgroup[37m[41m[1m\[22m[49m[39m[33m/[39mfield)[data[33m-[39mdisabled[33m=[39m[36mtrue[39m] [33m*[39m)[33m,[39m[33m.[39mgroup[33m-[39mdata[33m-[39m[37m[41m[1m\[22m[49m[39m[disabled[37m[41m[1m\[22m[49m[39m[33m=[39m[36mtrue[39m[37m[41m[1m\[22m[49m[39m][37m[41m[1m\[22m[49m[39m[33m/[39minput[33m-[39mgroup[37m[41m[1m\[22m[49m[39m[33m:[39mopacity[33m-[39m[35m50[39m[33m:[39mis([33m:[39mwhere([33m.[39mgroup[37m[41m[1m\[22m[49m[39m[33m/[39minput[33m-[39mgroup)[data[33m-[39mdisabled[33m=[39m[36mtrue[39m] [33m*[39m){opacity[33m:[39m[35m.5[39m}[33m.[39mgroup[33m-[39mdata[33m-[39m[37m[41m[1m\[22m[49m[39m[focused[37m[41m[1m\[22m[49m[39m[33m=[39m[36mtrue[39m[37m[41m[1m\[22m[49m[39m][37m[41m[1m\[22m[49m[39m[33m/[39mday[37m[41m[1m\[22m[49m[39m[33m:[39mrelative[33m:[39mis([33m:[39mwhere([33m.[39mgroup[37m[41m[1m\[22m[49m[39m[33m/[39mday)[data[33m-[39mfocused[33m=[39m[36mtrue[39m] [33m*[39m){position[33m:[39mrelative}[33m.[39mgroup[33m-[39mdata[33m-[39m[37m[41m[1m\[22m[49m[39m[focused[37m[41m[1m\[22m[49m[39m[33m=[39m[36mtrue[39m[37m[41m[1m\[22m[49m[39m][37m[41m[1m\[22m[49m[39m[33m/[39mday[37m[41m[1m\[22m[49m[39m[33m:[39mz[33m-[39m[35m10[39m[33m:[39mis([33m:[39mwhere([33m.[39mgroup[37m[41m[1m\[22m[49m[39m[33m/[39mday)[data[33m-[39mfocused[33m=[39m[36mtrue[39m] [33m*[39m){z[33m-[39mindex[33m:[39m[35m10[39m}[33m.[39mgroup[33m-[39mdata[33m-[39m[37m[41m[1m\[22m[49m[39m[focused[37m[41m[1m\[22m[49m[39m[33m=[39m[36mtrue[39m[37m[41m[1m\[22m[49m[39m][37m[41m[1m\[22m[49m[39m[33m/[39mday[37m[41m[1m\[22m[49m[39m[33m:[39mborder[33m-[39mring[33m:[39mis([33m:[39mwhere([33m.[39mgroup[37m[41m[1m\[22m[49m[39m[33m/[39mday)[data[33m-[39mfocused[33m=[39m[36mtrue[39m] [33m*[39m){border[33m-[39mcolor[33m:[39m[36mvar[39m([33m--[39mring)}[33m.[39mgroup[33m-[39mdata[33m-[39m[37m[41m[1m\[22m[49m[39m[focused[37m[41m[1m\[22m[49m[39m[33m=[39m[36mtrue[39m[37m[41m[1m\[22m[49m[39m][37m[41m[1m\[22m[49m[39m[33m/[39mday[37m[41m[1m\[22m[49m[39m[33m:[39mring[33m-[39m[37m[41m[1m\[22m[49m[39m[[35m3[39mpx[37m[41m[1m\[22m[49m[39m][33m:[39mis([33m:[39mwhere([33m.[39mgroup[37m[41m[1m\[22m[49m[39m[33m/[39mday)[data[33m-[39mfocused[33m=[39m[36mtrue[39m] [33m*[39m){[33m--[39mtw[33m-[39mring[33m-[39mshadow[33m:[39m[36mvar[39m([33m--[39mtw[33m-[39mring[33m-[39minset[33m,[39m)[35m0[39m [35m0[39m [35m0[39m calc([35m3[39mpx [33m+[39m [36mvar[39m([33m--[39mtw[33m-[39mring[33m-[39moffset[33m-[39mwidth))[36mvar[39m([33m--[39mtw[33m-[39mring[33m-[39mcolor[33m,[39mcurrentcolor)[33m;[39mbox[33m-[39mshadow[33m:[39m[36mvar[39m([33m--[39mtw[33m-[39minset[33m-[39mshadow)[33m,[39m[36mvar[39m([33m--[39mtw[33m-[39minset[33m-[39mring[33m-[39mshadow)[33m,[39m[36mvar[39m([33m--[39mtw[33m-[39mring[33m-[39moffset[33m-[39mshadow)[33m,[39m[36mvar[39m([33m--[39mtw[33m-[39mring[33m-[39mshadow)[33m,[39m[36mvar[39m([33m--[39mtw[33m-[39mshadow)}[33m.[39mgroup[33m-[39mdata[33m-[39m[37m[41m[1m\[22m[49m[39m[focused[37m[41m[1m\[22m[49m[39m[33m=[39m[36mtrue[39m[37m[41m[1m\[22m[49m[39m][37m[41m[1m\[22m[49m[39m[33m/[39mday[37m[41m[1m\[22m[49m[39m[33m:[39mring[33m-[39mring[37m[41m[1m\[22m[49m[39m[33m/[39m[35m50[39m[33m:[39mis([33m:[39mwhere([33m.[39mgroup[37m[41m[1m\[22m[49m[39m[33m/[39mday)[data[33m-[39mfocused[33m=[39m[36mtrue[39m] [33m*[39m){[33m--[39mtw[33m-[39mring[33m-[39mcolor[33m:[39m[36mvar[39m([33m--[39mring)}[33m@[39msupports (color[33m:[39mcolor[33m-[39mmix([36min[39m lab[33m,[39m red[33m,[39m red)){[33m.[39mgroup[33m-[39mdata[33m-[39m[37m[41m[1m\[22m[49m[39m[focused[37m[41m[1m\[22m[49m[39m[33m=[39m[36mtrue[39m[37m[41m[1m\[22m[49m[39m][37m[41m[1m\[22m[49m[39m[33m/[39mday[37m[41m[1m\[22m[49m[39m[33m:[39mring[33m-[39mring[37m[41m[1m\[22m[49m[39m[33m/[39m[35m50[39m[33m:[39mis([33m:[39mwhere([33m.[39mgroup[37m[41m[1m\[22m[49m[39m[33m/[39mday)[data[33m-[39mfocused[33m=[39m[36mtrue[39m] [33m*[39m){[33m--[39mtw[33m-[39mring[33m-[39mcolor[33m:[39mcolor[33m-[39mmix([36min[39m oklab[33m,[39m[36mvar[39m([33m--[39mring)[35m50[39m[33m%[39m[33m,[39mtransparent)}}[33m.[39mgroup[33m-[39mdata[33m-[39m[37m[41m[1m\[22m[49m[39m[side[37m[41m[1m\[22m[49m[39m[33m=[39mleft[37m[41m[1m\[22m[49m[39m][37m[41m[1m\[22m[49m[39m[33m:[39m[33m-[39mright[33m-[39m[35m4[39m[33m:[39mis([33m:[39mwhere([33m.[39mgroup)[data[33m-[39mside[33m=[39mleft] [33m*[39m){right[33m:[39mcalc([36mvar[39m([33m--[39mspacing)[33m*[39m[33m-[39m[35m4[39m)}[33m.[39mgroup[33m-[39mdata[33m-[39m[37m[41m[1m\[22m[49m[39m[side[37m[41m[1m\[22m[49m[39m[33m=[39mleft[37m[41m[1m\[22m[49m[39m][37m[41m[1m\[22m[49m[39m[33m:[39mborder[33m-[39mr[33m:[39mis([33m:[39mwhere([33m.[39mgroup)[data[33m-[39mside[33m=[39mleft] [33m*[39m){border[33m-[39mright[33m-[39mstyle[33m:[39m[36mvar[39m([33m--[39mtw[33m-[39mborder[33m-[39mstyle)[33m;[39mborder[33m-[39mright[33m-[39mwidth[33m:[39m[35m1[39mpx}[33m.[39mgroup[33m-[39mdata[33m-[39m[37m[41m[1m\[22m[49m[39m[side[37m[41m[1m\[22m[49m[39m[33m=[39mright[37m[41m[1m\[22m[49m[39m][37m[41m[1m\[22m[49m[39m[33m:[39mleft[33m-[39m[35m0[39m[33m:[39mis([33m:[39mwhere([33m.[39mgroup)[data[33m-[39mside[33m=[39mright] [33m*[39m){left[33m:[39mcalc([36mvar[39m([33m--[39mspacing)[33m*[39m[35m0[39m)}[33m.[39mgroup[33m-[39mdata[33m-[39m[37m[41m[1m\[22m[49m[39m[side[37m[41m[1m\[22m[49m[39m[33m=[39mright[37m[41m[1m\[22m[49m[39m][37m[41m[1m\[22m[49m[39m[33m:[39mrotate[33m-[39m[35m180[39m[33m:[39mis([33m:[39mwhere([33m.[39mgroup)[data[33m-[39mside[33m=[39mright] [33m*[39m){rotate[33m:[39m[35m180[39mdeg}[33m.[39mgroup[33m-[39mdata[33m-[39m[37m[41m[1m\[22m[49m[39m[side[37m[41m[1m\[22m[49m[39m[33m=[39mright[37m[41m[1m\[22m[49m[39m][37m[41m[1m\[22m[49m[39m[33m:[39mborder[33m-[39ml[33m:[39mis([33m:[39mwhere([33m.[39mgroup)[data[33m-[39mside[33m=[39mright] [33m*[39m){border[33m-[39mleft[33m-[39mstyle[33m:[39m[36mvar[39m([33m--[39mtw[33m-[39mborder[33m-[39mstyle)[33m;[39mborder[33m-[39mleft[33m-[39mwidth[33m:[39m[35m1[39mpx}[33m.[39mgroup[33m-[39mdata[33m-[39m[37m[41m[1m\[22m[49m[39m[state[37m[41m[1m\[22m[49m[39m[33m=[39mopen[37m[41m[1m\[22m[49m[39m][37m[41m[1m\[22m[49m[39m[33m:[39mrotate[33m-[39m[35m180[39m[33m:[39mis([33m:[39mwhere([33m.[39mgroup)[data[33m-[39mstate[33m=[39mopen] [33m*[39m){rotate[33m:[39m[35m180[39mdeg}[33m.[39mgroup[33m-[39mdata[33m-[39m[37m[41m[1m\[22m[49m[39m[variant[37m[41m[1m\[22m[49m[39m[33m=[39mfloating[37m[41m[1m\[22m[49m[39m][37m[41m[1m\[22m[49m[39m[33m:[39mrounded[33m-[39mlg[33m:[39mis([33m:[39mwhere([33m.[39mgroup)[data[33m-[39mvariant[33m=[39mfloating] [33m*[39m){border[33m-[39mradius[33m:[39m[36mvar[39m([33m--[39mradius)}[33m.[39mgroup[33m-[39mdata[33m-[39m[37m[41m[1m\[22m[49m[39m[variant[37m[41m[1m\[22m[49m[39m[33m=[39mfloating[37m[41m[1m\[22m[49m[39m][37m[41m[1m\[22m[49m[39m[33m:[39mborder[33m:[39mis([33m:[39mwhere([33m.[39mgroup)[data[33m-[39mvariant[33m=[39mfloating] [33m*[39m){border[33m-[39mstyle[33m:[39m[36mvar[39m([33m--[39mtw[33m-[39mborder[33m-[39mstyle)[33m;[39mborder[33m-[39mwidth[33m:[39m[35m1[39mpx}[33m.[39mgroup[33m-[39mdata[33m-[39m[37m[41m[1m\[22m[49m[39m[variant[37m[41m[1m\[22m[49m[39m[33m=[39mfloating[37m[41m[1m\[22m[49m[39m][37m[41m[1m\[22m[49m[39m[33m:[39mshadow[33m-[39msm[33m:[39mis([33m:[39mwhere([33m.[39mgroup)[data[33m-[39mvariant[33m=[39mfloating] [33m*[39m){[33m--[39mtw[33m-[39mshadow[33m:[39m[35m0[39m [35m1[39mpx [35m3[39mpx [35m0[39m [36mvar[39m([33m--[39mtw[33m-[39mshadow[33m-[39mcolor[33m,[39m[33m#[39m[35m0000001[39ma)[33m,[39m[35m0[39m [35m1[39mpx [35m2[39mpx [33m-[39m[35m1[39mpx [36mvar[39m([33m--[39mtw[33m-[39mshadow[33m-[39mcolor[33m,[39m[33m#[39m[35m0000001[39ma)[33m;[39mbox[33m-[39mshadow[33m:[39m[36mvar[39m([33m--[39mtw[33m-[39minset[33m-[39mshadow)[33m,[39m[36mvar[39m([33m--[39mtw[33m-[39minset[33m-[39mring[33m-[39mshadow)[33m,[39m[36mvar[39m([33m--[39mtw[33m-[39mring[33m-[39moffset[33m-[39mshadow)[33m,[39m[36mvar[39m([33m--[39mtw[33m-[39mring[33m-[39mshadow)[33m,[39m[36mvar[39m([33m--[39mtw[33m-[39mshadow)}[33m.[39mgroup[33m-[39mdata[33m-[39m[37m[41m[1m\[22m[49m[39m[variant[37m[41m[1m\[22m[49m[39m[33m=[39moutline[37m[41m[1m\[22m[49m[39m][37m[41m[1m\[22m[49m[39m[33m/[39mfield[33m-[39mgroup[37m[41m[1m\[22m[49m[39m[33m:[39m[33m-[39mmb[33m-[39m[35m2[39m[33m:[39mis([33m:[39mwhere([33m.[39mgroup[37m[41m[1m\[22m[49m[39m[33m/[39mfield[33m-[39mgroup)[data[33m-[39mvariant[33m=[39moutline] [33m*[39m){margin[33m-[39mbottom[33m:[39mcalc([36mvar[39m([33m--[39mspacing)[33m*[39m[33m-[39m[35m2[39m)}[33m.[39mgroup[33m-[39mdata[33m-[39m[37m[41m[1m\[22m[49m[39m[vaul[33m-[39mdrawer[33m-[39mdirection[37m[41m[1m\[22m[49m[39m[33m=[39mbottom[37m[41m[1m\[22m[49m[39m][37m[41m[1m\[22m[49m[39m[33m/[39mdrawer[33m-[39mcontent[37m[41m[1m\[22m[49m[39m[33m:[39mblock[33m:[39mis([33m:[39mwhere([33m.[39mgroup[37m[41m[1m\[22m[49m[39m[33m/[39mdrawer[33m-[39mcontent)[data[33m-[39mvaul[33m-[39mdrawer[33m-[39mdirection[33m=[39mbottom] [33m*[39m){display[33m:[39mblock}[33m.[39mgroup[33m-[39mdata[33m-[39m[37m[41m[1m\[22m[49m[39m[vaul[33m-[39mdrawer[33m-[39mdirection[37m[41m[1m\[22m[49m[39m[33m=[39mbottom[37m[41m[1m\[22m[49m[39m][37m[41m[1m\[22m[49m[39m[33m/[39mdrawer[33m-[39mcontent[37m[41m[1m\[22m[49m[39m[33m:[39mtext[33m-[39mcenter[33m:[39mis([33m:[39mwhere([33m.[39mgroup[37m[41m[1m\[22m[49m[39m[33m/[39mdrawer[33m-[39mcontent)[data[33m-[39mvaul[33m-[39mdrawer[33m-[39mdirection[33m=[39mbottom] [33m*[39m)[33m,[39m[33m.[39mgroup[33m-[39mdata[33m-[39m[37m[41m[1m\[22m[49m[39m[vaul[33m-[39mdrawer[33m-[39mdirection[37m[41m[1m\[22m[49m[39m[33m=[39mtop[37m[41m[1m\[22m[49m[39m][37m[41m[1m\[22m[49m[39m[33m/[39mdrawer[33m-[39mcontent[37m[41m[1m\[22m[49m[39m[33m:[39mtext[33m-[39mcenter[33m:[39mis([33m:[39mwhere([33m.[39mgroup[37m[41m[1m\[22m[49m[39m[33m/[39mdrawer[33m-[39mcontent)[data[33m-[39mvaul[33m-[39mdrawer[33m-[39mdirection[33m=[39mtop] [33m*[39m){text[33m-[39malign[33m:[39mcenter}[33m.[39mgroup[33m-[39mdata[33m-[39m[37m[41m[1m\[22m[49m[39m[viewport[37m[41m[1m\[22m[49m[39m[33m=[39m[36mfalse[39m[37m[41m[1m\[22m[49m[39m][37m[41m[1m\[22m[49m[39m[33m/[39mnavigation[33m-[39mmenu[37m[41m[1m\[22m[49m[39m[33m:[39mtop[33m-[39mfull[33m:[39mis([33m:[39mwhere([33m.[39mgroup[37m[41m[1m\[22m[49m[39m[33m/[39mnavigation[33m-[39mmenu)[data[33m-[39mviewport[33m=[39m[36mfalse[39m] [33m*[39m){top[33m:[39m[35m100[39m[33m%[39m}[33m.[39mgroup[33m-[39mdata[33m-[39m[37m[41m[1m\[22m[49m[39m[viewport[37m[41m[1m\[22m[49m[39m[33m=[39m[36mfalse[39m[37m[41m[1m\[22m[49m[39m][37m[41m[1m\[22m[49m[39m[33m/[39mnavigation[33m-[39mmenu[37m[41m[1m\[22m[49m[39m[33m:[39mmt[33m-[39m[35m1[39m[37m[41m[1m\[22m[49m[39m[35m.5[39m[33m:[39mis([33m:[39mwhere([33m.[39mgroup[37m[41m[1m\[22m[49m[39m[33m/[39mnavigation[33m-[39mmenu)[data[33m-[39mviewport[33m=[39m[36mfalse[39m] [33m*[39m){margin[33m-[39mtop[33m:[39mcalc([36mvar[39m([33m--[39mspacing)[33m*[39m[35m1.5[39m)}[33m.[39mgroup[33m-[39mdata[33m-[39m[37m[41m[1m\[22m[49m[39m[viewport[37m[41m[1m\[22m[49m[39m[33m=[39m[36mfalse[39m[37m[41m[1m\[22m[49m[39m][37m[41m[1m\[22m[49m[39m[33m/[39mnavigation[33m-[39mmenu[37m[41m[1m\[22m[49m[39m[33m:[39moverflow[33m-[39mhidden[33m:[39mis([33m:[39mwhere([33m.[39mgroup[37m[41m[1m\[22m[49m[39m[33m/[39mnavigation[33m-[39mmenu)[data[33m-[39mviewport[33m=[39m[36mfalse[39m] [33m*[39m){overflow[33m:[39mhidden}[33m.[39mgroup[33m-[39mdata[33m-[39m[37m[41m[1m\[22m[49m[39m[viewport[37m[41m[1m\[22m[49m[39m[33m=[39m[36mfalse[39m[37m[41m[1m\[22m[49m[39m][37m[41m[1m\[22m[49m[39m[33m/[39mnavigation[33m-[39mmenu[37m[41m[1m\[22m[49m[39m[33m:[39mrounded[33m-[39mmd[33m:[39mis([33m:[39mwhere([33m.[39mgroup[37m[41m[1m\[22m[49m[39m[33m/[39mnavigation[33m-[39mmenu)[data[33m-[39mviewport[33m=[39m[36mfalse[39m] [33m*[39m){border[33m-[39mradius[33m:[39mcalc([36mvar[39m([33m--[39mradius) [33m-[39m [35m2[39mpx)}[33m.[39mgroup[33m-[39mdata[33m-[39m[37m[41m[1m\[22m[49m[39m[viewport[37m[41m[1m\[22m[49m[39m[33m=[39m[36mfalse[39m[37m[41m[1m\[22m[49m[39m][37m[41m[1m\[22m[49m[39m[33m/[39mnavigation[33m-[39mmenu[37m[41m[1m\[22m[49m[39m[33m:[39mborder[33m:[39mis([33m:[39mwhere([33m.[39mgroup[37m[41m[1m\[22m[49m[39m[33m/[39mnavigation[33m-[39mmenu)[data[33m-[39mviewport[33m=[39m[36mfalse[39m] [33m*[39m){border[33m-[39mstyle[33m:[39m[36mvar[39m([33m--[39mtw[33m-[39mborder[33m-[39mstyle)[33m;[39mborder[33m-[39mwidth[33m:[39m[35m1[39mpx}[33m.[39mgroup[33m-[39mdata[33m-[39m[37m[41m[1m\[22m[49m[39m[viewport[37m[41m[1m\[22m[49m[39m[33m=[39m[36mfalse[39m[37m[41m[1m\[22m[49m[39m][37m[41m[1m\[22m[49m[39m[33m/[39mnavigation[33m-[39mmenu[37m[41m[1m\[22m[49m[39m[33m:[39mbg[33m-[39mpopover[33m:[39mis([33m:[39mwhere([33m.[39mgroup[37m[41m[1m\[22m[49m[39m[33m/[39mnavigation[33m-[39mmenu)[data[33m-[39mviewport[33m=[39m[36mfalse[39m] [33m*[39m){background[33m-[39mcolor[33m:[39m[36mvar[39m([33m--[39mpopover)}[33m.[39mgroup[33m-[39mdata[33m-[39m[37m[41m[1m\[22m[49m[39m[viewport[37m[41m[1m\[22m[49m[39m[33m=[39m[36mfalse[39m[37m[41m[1m\[22m[49m[39m][37m[41m[1m\[22m[49m[39m[33m/[39mnavigation[33m-[39mmenu[37m[41m[1m\[22m[49m[39m[33m:[39mtext[33m-[39mpopover[33m-[39mforeground[33m:[39mis([33m:[39mwhere([33m.[39mgroup[37m[41m[1m\[22m[49m[39m[33m/[39mnavigation[33m-[39mmenu)[data[33m-[39mviewport[33m=[39m[36mfalse[39m] [33m*[39m){color[33m:[39m[36mvar[39m([33m--[39mpopover[33m-[39mforeground)}[33m.[39mgroup[33m-[39mdata[33m-[39m[37m[41m[1m\[22m[49m[39m[viewport[37m[41m[1m\[22m[49m[39m[33m=[39m[36mfalse[39m[37m[41m[1m\[22m[49m[39m][37m[41m[1m\[22m[49m[39m[33m/[39mnavigation[33m-[39mmenu[37m[41m[1m\[22m[49m[39m[33m:[39mshadow[33m:[39mis([33m:[39mwhere([33m.[39mgroup[37m[41m[1m\[22m[49m[39m[33m/[39mnavigation[33m-[39mmenu)[data[33m-[39mviewport[33m=[39m[36mfalse[39m] [33m*[39m){[33m--[39mtw[33m-[39mshadow[33m:[39m[35m0[39m [35m1[39mpx [35m3[39mpx [35m0[39m [36mvar[39m([33m--[39mtw[33m-[39mshadow[33m-[39mcolor[33m,[39m[33m#[39m[35m0000001[39ma)[33m,[39m[35m0[39m [35m1[39mpx [35m2[39mpx [33m-[39m[35m1[39mpx [36mvar[39m([33m--[39mtw[33m-[39mshadow[33m-[39mcolor[33m,[39m[33m#[39m[35m0000001[39ma)[33m;[39mbox[33m-[39mshadow[33m:[39m[36mvar[39m([33m--[39mtw[33m-[39minset[33m-[39mshadow)[33m,[39m[36mvar[39m([33m--[39mtw[33m-[39minset[33m-[39mring[33m-[39mshadow)[33m,[39m[36mvar[39m([33m--[39mtw[33m-[39mring[33m-[39moffset[33m-[39mshadow)[33m,[39m[36mvar[39m([33m--[39mtw[33m-[39mring[33m-[39mshadow)[33m,[39m[36mvar[39m([33m--[39mtw[33m-[39mshadow)}[33m.[39mgroup[33m-[39mdata[33m-[39m[37m[41m[1m\[22m[49m[39m[viewport[37m[41m[1m\[22m[49m[39m[33m=[39m[36mfalse[39m[37m[41m[1m\[22m[49m[39m][37m[41m[1m\[22m[49m[39m[33m/[39mnavigation[33m-[39mmenu[37m[41m[1m\[22m[49m[39m[33m:[39mduration[33m-[39m[35m200[39m[33m:[39mis([33m:[39mwhere([33m.[39mgroup[37m[41m[1m\[22m[49m[39m[33m/[39mnavigation[33m-[39mmenu)[data[33m-[39mviewport[33m=[39m[36mfalse[39m] [33m*[39m){[33m--[39mtw[33m-[39mduration[33m:[39m[35m.2[39ms[33m;[39mtransition[33m-[39mduration[33m:[39m[35m.2[39ms}[33m.[39mgroup[33m-[39m[37m[41m[1m\[22m[49m[39m[[37m[41m[1m\[22m[49m[39m[33m.[39mdestructive[37m[41m[1m\[22m[49m[39m][37m[41m[1m\[22m[49m[39m[33m:[39mborder[33m-[39mmuted[37m[41m[1m\[22m[49m[39m[33m/[39m[35m40[39m[33m:[39mis([33m:[39mwhere([33m.[39mgroup)[33m.[39mdestructive [33m*[39m){border[33m-[39mcolor[33m:[39m[36mvar[39m([33m--[39mmuted)}[33m@[39msupports (color[33m:[39mcolor[33m-[39mmix([36min[39m lab[33m,[39m red[33m,[39m red)){[33m.[39mgroup[33m-[39m[37m[41m[1m\[22m[49m[39m[[37m[41m[1m\[22m[49m[39m[33m.[39mdestructive[37m[41m[1m\[22m[49m[39m][37m[41m[1m\[22m[49m[39m[33m:[39mborder[33m-[39mmuted[37m[41m[1m\[22m[49m[39m[33m/[39m[35m40[39m[33m:[39mis([33m:[39mwhere([33m.[39mgroup)[33m.[39mdestructive [33m*[39m){border[33m-[39mcolor[33m:[39mcolor[33m-[39mmix([36min[39m oklab[33m,[39m[36mvar[39m([33m--[39mmuted)[35m40[39m[33m%[39m[33m,[39mtransparent)}}[33m.[39mgroup[33m-[39m[37m[41m[1m\[22m[49m[39m[[37m[41m[1m\[22m[49m[39m[33m.[39mdestructive[37m[41m[1m\[22m[49m[39m][37m[41m[1m\[22m[49m[39m[33m:[39mtext[33m-[39mred[33m-[39m[35m300[39m[33m:[39mis([33m:[39mwhere([33m.[39mgroup)[33m.[39mdestructive [33m*[39m){color[33m:[39m[36mvar[39m([33m--[39mcolor[33m-[39mred[33m-[39m[35m300[39m)}[33m.[39mpeer[33m-[39mdisabled[37m[41m[1m\[22m[49m[39m[33m:[39mcursor[33m-[39mnot[33m-[39mallowed[33m:[39mis([33m:[39mwhere([33m.[39mpeer)[33m:[39mdisabled[33m~[39m[33m*[39m){cursor[33m:[39mnot[33m-[39mallowed}[33m.[39mpeer[33m-[39mdisabled[37m[41m[1m\[22m[49m[39m[33m:[39mopacity[33m-[39m[35m50[39m[33m:[39mis([33m:[39mwhere([33m.[39mpeer)[33m:[39mdisabled[33m~[39m[33m*[39m){opacity[33m:[39m[35m.5[39m}[33m.[39mpeer[33m-[39mdata[33m-[39m[37m[41m[1m\[22m[49m[39m[size[37m[41m[1m\[22m[49m[39m[33m=[39m[36mdefault[39m[37m[41m[1m\[22m[49m[39m][37m[41m[1m\[22m[49m[39m[33m/[39mmenu[33m-[39mbutton[37m[41m[1m\[22m[49m[39m[33m:[39mtop[33m-[39m[35m1[39m[37m[41m[1m\[22m[49m[39m[35m.5[39m[33m:[39mis([33m:[39mwhere([33m.[39mpeer[37m[41m[1m\[22m[49m[39m[33m/[39mmenu[33m-[39mbutton)[data[33m-[39msize[33m=[39m[36mdefault[39m][33m~[39m[33m*[39m){top[33m:[39mcalc([36mvar[39m([33m--[39mspacing)[33m*[39m[35m1.5[39m)}[33m.[39mpeer[33m-[39mdata[33m-[39m[37m[41m[1m\[22m[49m[39m[size[37m[41m[1m\[22m[49m[39m[33m=[39mlg[37m[41m[1m\[22m[49m[39m][37m[41m[1m\[22m[49m[39m[33m/[39mmenu[33m-[39mbutton[37m[41m[1m\[22m[49m[39m[33m:[39mtop[33m-[39m[35m2[39m[37m[41m[1m\[22m[49m[39m[35m.5[39m[33m:[39mis([33m:[39mwhere([33m.[39mpeer[37m[41m[1m\[22m[49m[39m[33m/[39mmenu[33m-[39mbutton)[data[33m-[39msize[33m=[39mlg][33m~[39m[33m*[39m){top[33m:[39mcalc([36mvar[39m([33m--[39mspacing)[33m*[39m[35m2.5[39m)}[33m.[39mpeer[33m-[39mdata[33m-[39m[37m[41m[1m\[22m[49m[39m[size[37m[41m[1m\[22m[49m[39m[33m=[39msm[37m[41m[1m\[22m[49m[39m][37m[41m[1m\[22m[49m[39m[33m/[39mmenu[33m-[39mbutton[37m[41m[1m\[22m[49m[39m[33m:[39mtop[33m-[39m[35m1[39m[33m:[39mis([33m:[39mwhere([33m.[39mpeer[37m[41m[1m\[22m[49m[39m[33m/[39mmenu[33m-[39mbutton)[data[33m-[39msize[33m=[39msm][33m~[39m[33m*[39m){top[33m:[39mcalc([36mvar[39m([33m--[39mspacing)[33m*[39m[35m1[39m)}[33m.[39mselection[37m[41m[1m\[22m[49m[39m[33m:[39mbg[33m-[39mprimary [33m:[39m[33m:[39mselection{background[33m-[39mcolor[33m:[39m[36mvar[39m([33m--[39mprimary)}[33m.[39mselection[37m[41m[1m\[22m[49m[39m[33m:[39mbg[33m-[39mprimary[33m:[39m[33m:[39mselection{background[33m-[39mcolor[33m:[39m[36mvar[39m([33m--[39mprimary)}[33m.[39mselection[37m[41m[1m\[22m[49m[39m[33m:[39mtext[33m-[39mprimary[33m-[39mforeground [33m:[39m[33m:[39mselection{color[33m:[39m[36mvar[39m([33m--[39mprimary[33m-[39mforeground)}[33m.[39mselection[37m[41m[1m\[22m[49m[39m[33m:[39mtext[33m-[39mprimary[33m-[39mforeground[33m:[39m[33m:[39mselection{color[33m:[39m[36mvar[39m([33m--[39mprimary[33m-[39mforeground)}[33m.[39mfile[37m[41m[1m\[22m[49m[39m[33m:[39minline[33m-[39mflex[33m:[39m[33m:[39mfile[33m-[39mselector[33m-[39mbutton{display[33m:[39minline[33m-[39mflex}[33m.[39mfile[37m[41m[1m\[22m[49m[39m[33m:[39mh[33m-[39m[35m7[39m[33m:[39m[33m:[39mfile[33m-[39mselector[33m-[39mbutton{height[33m:[39mcalc([36mvar[39m([33m--[39mspacing)[33m*[39m[35m7[39m)}[33m.[39mfile[37m[41m[1m\[22m[49m[39m[33m:[39mborder[33m-[39m[35m0[39m[33m:[39m[33m:[39mfile[33m-[39mselector[33m-[39mbutton{border[33m-[39mstyle[33m:[39m[36mvar[39m([33m--[39mtw[33m-[39mborder[33m-[39mstyle)[33m;[39mborder[33m-[39mwidth[33m:[39m[35m0[39m}[33m.[39mfile[37m[41m[1m\[22m[49m[39m[33m:[39mbg[33m-[39mtransparent[33m:[39m[33m:[39mfile[33m-[39mselector[33m-[39mbutton{background[33m-[39mcolor[33m:[39m[33m#[39m[35m0000[39m}[33m.[39mfile[37m[41m[1m\[22m[49m[39m[33m:[39mtext[33m-[39msm[33m:[39m[33m:[39mfile[33m-[39mselector[33m-[39mbutton{font[33m-[39msize[33m:[39m[36mvar[39m([33m--[39mtext[33m-[39msm)[33m;[39mline[33m-[39mheight[33m:[39m[36mvar[39m([33m--[39mtw[33m-[39mleading[33m,[39m[36mvar[39m([33m--[39mtext[33m-[39msm[33m--[39mline[33m-[39mheight))}[33m.[39mfile[37m[41m[1m\[22m[49m[39m[33m:[39mfont[33m-[39mmedium[33m:[39m[33m:[39mfile[33m-[39mselector[33m-[39mbutton{[33m--[39mtw[33m-[39mfont[33m-[39mweight[33m:[39m[36mvar[39m([33m--[39mfont[33m-[39mweight[33m-[39mmedium)[33m;[39mfont[33m-[39mweight[33m:[39m[36mvar[39m([33m--[39mfont[33m-[39mweight[33m-[39mmedium)}[33m.[39mfile[37m[41m[1m\[22m[49m[39m[33m:[39mtext[33m-[39mforeground[33m:[39m[33m:[39mfile[33m-[39mselector[33m-[39mbutton{color[33m:[39m[36mvar[39m([33m--[39mforeground)}[33m.[39mplaceholder[37m[41m[1m\[22m[49m[39m[33m:[39mtext[33m-[39mmuted[33m-[39mforeground[33m:[39m[33m:[39mplaceholder{color[33m:[39m[36mvar[39m([33m--[39mmuted[33m-[39mforeground)}[33m.[39mafter[37m[41m[1m\[22m[49m[39m[33m:[39mabsolute[33m:[39mafter{content[33m:[39m[36mvar[39m([33m--[39mtw[33m-[39mcontent)[33m;[39mposition[33m:[39mabsolute}[33m.[39mafter[37m[41m[1m\[22m[49m[39m[33m:[39m[33m-[39minset[33m-[39m[35m2[39m[33m:[39mafter{content[33m:[39m[36mvar[39m([33m--[39mtw[33m-[39mcontent)[33m;[39minset[33m:[39mcalc([36mvar[39m([33m--[39mspacing)[33m*[39m[33m-[39m[35m2[39m)}[33m.[39mafter[37m[41m[1m\[22m[49m[39m[33m:[39minset[33m-[39my[33m-[39m[35m0[39m[33m:[39mafter{content[33m:[39m[36mvar[39m([33m--[39mtw[33m-[39mcontent)[33m;[39minset[33m-[39mblock[33m:[39mcalc([36mvar[39m([33m--[39mspacing)[33m*[39m[35m0[39m)}[33m.[39mafter[37m[41m[1m\[22m[49m[39m[33m:[39mleft[33m-[39m[35m1[39m[37m[41m[1m\[22m[49m[39m[33m/[39m[35m2[39m[33m:[39mafter{content[33m:[39m[36mvar[39m([33m--[39mtw[33m-[39mcontent)[33m;[39mleft[33m:[39m[35m50[39m[33m%[39m}[33m.[39mafter[37m[41m[1m\[22m[49m[39m[33m:[39mw[33m-[39m[35m1[39m[33m:[39mafter{content[33m:[39m[36mvar[39m([33m--[39mtw[33m-[39mcontent)[33m;[39mwidth[33m:[39mcalc([36mvar[39m([33m--[39mspacing)[33m*[39m[35m1[39m)}[33m.[39mafter[37m[41m[1m\[22m[49m[39m[33m:[39mw[33m-[39m[37m[41m[1m\[22m[49m[39m[[35m2[39mpx[37m[41m[1m\[22m[49m[39m][33m:[39mafter{content[33m:[39m[36mvar[39m([33m--[39mtw[33m-[39mcontent)[33m;[39mwidth[33m:[39m[35m2[39mpx}[33m.[39mafter[37m[41m[1m\[22m[49m[39m[33m:[39m[33m-[39mtranslate[33m-[39mx[33m-[39m[35m1[39m[37m[41m[1m\[22m[49m[39m[33m/[39m[35m2[39m[33m:[39mafter{content[33m:[39m[36mvar[39m([33m--[39mtw[33m-[39mcontent)[33m;[39m[33m--[39mtw[33m-[39mtranslate[33m-[39mx[33m:[39mcalc(calc([35m1[39m[33m/[39m[35m2[39m[33m*[39m[35m100[39m[33m%[39m)[33m*[39m[33m-[39m[35m1[39m)[33m;[39mtranslate[33m:[39m[36mvar[39m([33m--[39mtw[33m-[39mtranslate[33m-[39mx)[36mvar[39m([33m--[39mtw[33m-[39mtranslate[33m-[39my)}[33m.[39mgroup[33m-[39mdata[33m-[39m[37m[41m[1m\[22m[49m[39m[collapsible[37m[41m[1m\[22m[49m[39m[33m=[39moffcanvas[37m[41m[1m\[22m[49m[39m][37m[41m[1m\[22m[49m[39m[33m:[39mafter[37m[41m[1m\[22m[49m[39m[33m:[39mleft[33m-[39mfull[33m:[39mis([33m:[39mwhere([33m.[39mgroup)[data[33m-[39mcollapsible[33m=[39moffcanvas] [33m*[39m)[33m:[39mafter{content[33m:[39m[36mvar[39m([33m--[39mtw[33m-[39mcontent)[33m;[39mleft[33m:[39m[35m100[39m[33m%[39m}[33m.[39mfirst[37m[41m[1m\[22m[49m[39m[33m:[39mrounded[33m-[39ml[33m-[39mmd[33m:[39mfirst[33m-[39mchild{border[33m-[39mtop[33m-[39mleft[33m-[39mradius[33m:[39mcalc([36mvar[39m([33m--[39mradius) [33m-[39m [35m2[39mpx)[33m;[39mborder[33m-[39mbottom[33m-[39mleft[33m-[39mradius[33m:[39mcalc([36mvar[39m([33m--[39mradius) [33m-[39m [35m2[39mpx)}[33m.[39mfirst[37m[41m[1m\[22m[49m[39m[33m:[39mborder[33m-[39ml[33m:[39mfirst[33m-[39mchild{border[33m-[39mleft[33m-[39mstyle[33m:[39m[36mvar[39m([33m--[39mtw[33m-[39mborder[33m-[39mstyle)[33m;[39mborder[33m-[39mleft[33m-[39mwidth[33m:[39m[35m1[39mpx}[33m.[39mlast[37m[41m[1m\[22m[49m[39m[33m:[39mmt[33m-[39m[35m0[39m[33m:[39mlast[33m-[39mchild{margin[33m-[39mtop[33m:[39mcalc([36mvar[39m([33m--[39mspacing)[33m*[39m[35m0[39m)}[33m.[39mlast[37m[41m[1m\[22m[49m[39m[33m:[39mrounded[33m-[39mr[33m-[39mmd[33m:[39mlast[33m-[39mchild{border[33m-[39mtop[33m-[39mright[33m-[39mradius[33m:[39mcalc([36mvar[39m([33m--[39mradius) [33m-[39m [35m2[39mpx)[33m;[39mborder[33m-[39mbottom[33m-[39mright[33m-[39mradius[33m:[39mcalc([36mvar[39m([33m--[39mradius) [33m-[39m [35m2[39mpx)}[33m.[39mlast[37m[41m[1m\[22m[49m[39m[33m:[39mborder[33m-[39mb[33m-[39m[35m0[39m[33m:[39mlast[33m-[39mchild{border[33m-[39mbottom[33m-[39mstyle[33m:[39m[36mvar[39m([33m--[39mtw[33m-[39mborder[33m-[39mstyle)[33m;[39mborder[33m-[39mbottom[33m-[39mwidth[33m:[39m[35m0[39m}[33m@[39mmedia (hover[33m:[39mhover){[33m.[39mhover[37m[41m[1m\[22m[49m[39m[33m:[39mscale[33m-[39m[35m105[39m[33m:[39mhover{[33m--[39mtw[33m-[39mscale[33m-[39mx[33m:[39m[35m105[39m[33m%[39m[33m;[39m[33m--[39mtw[33m-[39mscale[33m-[39my[33m:[39m[35m105[39m[33m%[39m[33m;[39m[33m--[39mtw[33m-[39mscale[33m-[39mz[33m:[39m[35m105[39m[33m%[39m[33m;[39mscale[33m:[39m[36mvar[39m([33m--[39mtw[33m-[39mscale[33m-[39mx)[36mvar[39m([33m--[39mtw[33m-[39mscale[33m-[39my)}[33m.[39mhover[37m[41m[1m\[22m[49m[39m[33m:[39mbg[33m-[39maccent[33m:[39mhover{background[33m-[39mcolor[33m:[39m[36mvar[39m([33m--[39maccent)}[33m.[39mhover[37m[41m[1m\[22m[49m[39m[33m:[39mbg[33m-[39mdestructive[37m[41m[1m\[22m[49m[39m[33m/[39m[35m10[39m[33m:[39mhover{background[33m-[39mcolor[33m:[39m[36mvar[39m([33m--[39mdestructive)}[33m@[39msupports (color[33m:[39mcolor[33m-[39mmix([36min[39m lab[33m,[39m red[33m,[39m red)){[33m.[39mhover[37m[41m[1m\[22m[49m[39m[33m:[39mbg[33m-[39mdestructive[37m[41m[1m\[22m[49m[39m[33m/[39m[35m10[39m[33m:[39mhover{background[33m-[39mcolor[33m:[39mcolor[33m-[39mmix([36min[39m oklab[33m,[39m[36mvar[39m([33m--[39mdestructive)[35m10[39m[33m%[39m[33m,[39mtransparent)}}[33m.[39mhover[37m[41m[1m\[22m[49m[39m[33m:[39mbg[33m-[39mdestructive[37m[41m[1m\[22m[49m[39m[33m/[39m[35m90[39m[33m:[39mhover{background[33m-[39mcolor[33m:[39m[36mvar[39m([33m--[39mdestructive)}[33m@[39msupports (color[33m:[39mcolor[33m-[39mmix([36min[39m lab[33m,[39m red[33m,[39m red)){[33m.[39mhover[37m[41m[1m\[22m[49m[39m[33m:[39mbg[33m-[39mdestructive[37m[41m[1m\[22m[49m[39m[33m/[39m[35m90[39m[33m:[39mhover{background[33m-[39mcolor[33m:[39mcolor[33m-[39mmix([36min[39m oklab[33m,[39m[36mvar[39m([33m--[39mdestructive)[35m90[39m[33m%[39m[33m,[39mtransparent)}}[33m.[39mhover[37m[41m[1m\[22m[49m[39m[33m:[39mbg[33m-[39mmuted[33m:[39mhover[33m,[39m[33m.[39mhover[37m[41m[1m\[22m[49m[39m[33m:[39mbg[33m-[39mmuted[37m[41m[1m\[22m[49m[39m[33m/[39m[35m50[39m[33m:[39mhover{background[33m-[39mcolor[33m:[39m[36mvar[39m([33m--[39mmuted)}[33m@[39msupports (color[33m:[39mcolor[33m-[39mmix([36min[39m lab[33m,[39m red[33m,[39m red)){[33m.[39mhover[37m[41m[1m\[22m[49m[39m[33m:[39mbg[33m-[39mmuted[37m[41m[1m\[22m[49m[39m[33m/[39m[35m50[39m[33m:[39mhover{background[33m-[39mcolor[33m:[39mcolor[33m-[39mmix([36min[39m oklab[33m,[39m[36mvar[39m([33m--[39mmuted)[35m50[39m[33m%[39m[33m,[39mtransparent)}}[33m.[39mhover[37m[41m[1m\[22m[49m[39m[33m:[39mbg[33m-[39mprimary[33m:[39mhover{background[33m-[39mcolor[33m:[39m[36mvar[39m([33m--[39mprimary)}[33m.[39mhover[37m[41m[1m\[22m[49m[39m[33m:[39mbg[33m-[39mprimary[33m-[39mhover[33m:[39mhover{background[33m-[39mcolor[33m:[39m[36mvar[39m([33m--[39mprimary[33m-[39mhover)}[33m.[39mhover[37m[41m[1m\[22m[49m[39m[33m:[39mbg[33m-[39mprimary[37m[41m[1m\[22m[49m[39m[33m/[39m[35m10[39m[33m:[39mhover{background[33m-[39mcolor[33m:[39m[36mvar[39m([33m--[39mprimary)}[33m@[39msupports (color[33m:[39mcolor[33m-[39mmix([36min[39m lab[33m,[39m red[33m,[39m red)){[33m.[39mhover[37m[41m[1m\[22m[49m[39m[33m:[39mbg[33m-[39mprimary[37m[41m[1m\[22m[49m[39m[33m/[39m[35m10[39m[33m:[39mhover{background[33m-[39mcolor[33m:[39mcolor[33m-[39mmix([36min[39m oklab[33m,[39m[36mvar[39m([33m--[39mprimary)[35m10[39m[33m%[39m[33m,[39mtransparent)}}[33m.[39mhover[37m[41m[1m\[22m[49m[39m[33m:[39mbg[33m-[39mprimary[37m[41m[1m\[22m[49m[39m[33m/[39m[35m90[39m[33m:[39mhover{background[33m-[39mcolor[33m:[39m[36mvar[39m([33m--[39mprimary)}[33m@[39msupports (color[33m:[39mcolor[33m-[39mmix([36min[39m lab[33m,[39m red[33m,[39m red)){[33m.[39mhover[37m[41m[1m\[22m[49m[39m[33m:[39mbg[33m-[39mprimary[37m[41m[1m\[22m[49m[39m[33m/[39m[35m90[39m[33m:[39mhover{background[33m-[39mcolor[33m:[39mcolor[33m-[39mmix([36min[39m oklab[33m,[39m[36mvar[39m([33m--[39mprimary)[35m90[39m[33m%[39m[33m,[39mtransparent)}}[33m.[39mhover[37m[41m[1m\[22m[49m[39m[33m:[39mbg[33m-[39msecondary[33m:[39mhover[33m,[39m[33m.[39mhover[37m[41m[1m\[22m[49m[39m[33m:[39mbg[33m-[39msecondary[37m[41m[1m\[22m[49m[39m[33m/[39m[35m50[39m[33m:[39mhover{background[33m-[39mcolor[33m:[39m[36mvar[39m([33m--[39msecondary)}[33m@[39msupports (color[33m:[39mcolor[33m-[39mmix([36min[39m lab[33m,[39m red[33m,[39m red)){[33m.[39mhover[37m[41m[1m\[22m[49m[39m[33m:[39mbg[33m-[39msecondary[37m[41m[1m\[22m[49m[39m[33m/[39m[35m50[39m[33m:[39mhover{background[33m-[39mcolor[33m:[39mcolor[33m-[39mmix([36min[39m oklab[33m,[39m[36mvar[39m([33m--[39msecondary)[35m50[39m[33m%[39m[33m,[39mtransparent)}}[33m.[39mhover[37m[41m[1m\[22m[49m[39m[33m:[39mbg[33m-[39msecondary[37m[41m[1m\[22m[49m[39m[33m/[39m[35m80[39m[33m:[39mhover{background[33m-[39mcolor[33m:[39m[36mvar[39m([33m--[39msecondary)}[33m@[39msupports (color[33m:[39mcolor[33m-[39mmix([36min[39m lab[33m,[39m red[33m,[39m red)){[33m.[39mhover[37m[41m[1m\[22m[49m[39m[33m:[39mbg[33m-[39msecondary[37m[41m[1m\[22m[49m[39m[33m/[39m[35m80[39m[33m:[39mhover{background[33m-[39mcolor[33m:[39mcolor[33m-[39mmix([36min[39m oklab[33m,[39m[36mvar[39m([33m--[39msecondary)[35m80[39m[33m%[39m[33m,[39mtransparent)}}[33m.[39mhover[37m[41m[1m\[22m[49m[39m[33m:[39mbg[33m-[39msecondary[37m[41m[1m\[22m[49m[39m[33m/[39m[35m90[39m[33m:[39mhover{background[33m-[39mcolor[33m:[39m[36mvar[39m([33m--[39msecondary)}[33m@[39msupports (color[33m:[39mcolor[33m-[39mmix([36min[39m lab[33m,[39m red[33m,[39m red)){[33m.[39mhover[37m[41m[1m\[22m[49m[39m[33m:[39mbg[33m-[39msecondary[37m[41m[1m\[22m[49m[39m[33m/[39m[35m90[39m[33m:[39mhover{background[33m-[39mcolor[33m:[39mcolor[33m-[39mmix([36min[39m oklab[33m,[39m[36mvar[39m([33m--[39msecondary)[35m90[39m[33m%[39m[33m,[39mtransparent)}}[33m.[39mhover[37m[41m[1m\[22m[49m[39m[33m:[39mtext[33m-[39maccent[33m-[39mforeground[33m:[39mhover{color[33m:[39m[36mvar[39m([33m--[39maccent[33m-[39mforeground)}[33m.[39mhover[37m[41m[1m\[22m[49m[39m[33m:[39mtext[33m-[39mforeground[33m:[39mhover{color[33m:[39m[36mvar[39m([33m--[39mforeground)}[33m.[39mhover[37m[41m[1m\[22m[49m[39m[33m:[39mtext[33m-[39mmuted[33m-[39mforeground[33m:[39mhover{color[33m:[39m[36mvar[39m([33m--[39mmuted[33m-[39mforeground)}[33m.[39mhover[37m[41m[1m\[22m[49m[39m[33m:[39mtext[33m-[39mprimary[33m-[39mforeground[33m:[39mhover{color[33m:[39m[36mvar[39m([33m--[39mprimary[33m-[39mforeground)}[33m.[39mhover[37m[41m[1m\[22m[49m[39m[33m:[39munderline[33m:[39mhover{text[33m-[39mdecoration[33m-[39mline[33m:[39munderline}[33m.[39mhover[37m[41m[1m\[22m[49m[39m[33m:[39mopacity[33m-[39m[35m100[39m[33m:[39mhover{opacity[33m:[39m[35m1[39m}[33m.[39mhover[37m[41m[1m\[22m[49m[39m[33m:[39mshadow[33m-[39m[37m[41m[1m\[22m[49m[39m[[35m0[39m_0_0_1px_hsl[37m[41m[1m\[22m[49m[39m([36mvar[39m[37m[41m[1m\[22m[49m[39m([33m--[39msidebar[33m-[39maccent[37m[41m[1m\[22m[49m[39m)[37m[41m[1m\[22m[49m[39m)[37m[41m[1m\[22m[49m[39m][33m:[39mhover{[33m--[39mtw[33m-[39mshadow[33m:[39m[35m0[39m [35m0[39m [35m0[39m [35m1[39mpx [36mvar[39m([33m--[39mtw[33m-[39mshadow[33m-[39mcolor[33m,[39mhsl([36mvar[39m([33m--[39msidebar[33m-[39maccent)))[33m;[39mbox[33m-[39mshadow[33m:[39m[36mvar[39m([33m--[39mtw[33m-[39minset[33m-[39mshadow)[33m,[39m[36mvar[39m([33m--[39mtw[33m-[39minset[33m-[39mring[33m-[39mshadow)[33m,[39m[36mvar[39m([33m--[39mtw[33m-[39mring[33m-[39moffset[33m-[39mshadow)[33m,[39m[36mvar[39m([33m--[39mtw[33m-[39mring[33m-[39mshadow)[33m,[39m[36mvar[39m([33m--[39mtw[33m-[39mshadow)}[33m.[39mhover[37m[41m[1m\[22m[49m[39m[33m:[39mshadow[33m-[39mmd[33m:[39mhover{[33m--[39mtw[33m-[39mshadow[33m:[39m[35m0[39m [35m4[39mpx [35m6[39mpx [33m-[39m[35m1[39mpx [36mvar[39m([33m--[39mtw[33m-[39mshadow[33m-[39mcolor[33m,[39m[33m#[39m[35m0000001[39ma)[33m,[39m[35m0[39m [35m2[39mpx [35m4[39mpx [33m-[39m[35m2[39mpx [36mvar[39m([33m--[39mtw[33m-[39mshadow[33m-[39mcolor[33m,[39m[33m#[39m[35m0000001[39ma)[33m;[39mbox[33m-[39mshadow[33m:[39m[36mvar[39m([33m--[39mtw[33m-[39minset[33m-[39mshadow)[33m,[39m[36mvar[39m([33m--[39mtw[33m-[39minset[33m-[39mring[33m-[39mshadow)[33m,[39m[36mvar[39m([33m--[39mtw[33m-[39mring[33m-[39moffset[33m-[39mshadow)[33m,[39m[36mvar[39m([33m--[39mtw[33m-[39mring[33m-[39mshadow)[33m,[39m[36mvar[39m([33m--[39mtw[33m-[39mshadow)}[33m.[39mhover[37m[41m[1m\[22m[49m[39m[33m:[39mring[33m-[39m[35m4[39m[33m:[39mhover{[33m--[39mtw[33m-[39mring[33m-[39mshadow[33m:[39m[36mvar[39m([33m--[39mtw[33m-[39mring[33m-[39minset[33m,[39m)[35m0[39m [35m0[39m [35m0[39m calc([35m4[39mpx [33m+[39m [36mvar[39m([33m--[39mtw[33m-[39mring[33m-[39moffset[33m-[39mwidth))[36mvar[39m([33m--[39mtw[33m-[39mring[33m-[39mcolor[33m,[39mcurrentcolor)[33m;[39mbox[33m-[39mshadow[33m:[39m[36mvar[39m([33m--[39mtw[33m-[39minset[33m-[39mshadow)[33m,[39m[36mvar[39m([33m--[39mtw[33m-[39minset[33m-[39mring[33m-[39mshadow)[33m,[39m[36mvar[39m([33m--[39mtw[33m-[39mring[33m-[39moffset[33m-[39mshadow)[33m,[39m[36mvar[39m([33m--[39mtw[33m-[39mring[33m-[39mshadow)[33m,[39m[36mvar[39m([33m--[39mtw[33m-[39mshadow)}[33m.[39mgroup[33m-[39m[37m[41m[1m\[22m[49m[39m[[37m[41m[1m\[22m[49m[39m[33m.[39mdestructive[37m[41m[1m\[22m[49m[39m][37m[41m[1m\[22m[49m[39m[33m:[39mhover[37m[41m[1m\[22m[49m[39m[33m:[39mborder[33m-[39mdestructive[37m[41m[1m\[22m[49m[39m[33m/[39m[35m30[39m[33m:[39mis([33m:[39mwhere([33m.[39mgroup)[33m.[39mdestructive [33m*[39m)[33m:[39mhover{border[33m-[39mcolor[33m:[39m[36mvar[39m([33m--[39mdestructive)}[33m@[39msupports (color[33m:[39mcolor[33m-[39mmix([36min[39m lab[33m,[39m red[33m,[39m red)){[33m.[39mgroup[33m-[39m[37m[41m[1m\[22m[49m[39m[[37m[41m[1m\[22m[49m[39m[33m.[39mdestructive[37m[41m[1m\[22m[49m[39m][37m[41m[1m\[22m[49m[39m[33m:[39mhover[37m[41m[1m\[22m[49m[39m[33m:[39mborder[33m-[39mdestructive[37m[41m[1m\[22m[49m[39m[33m/[39m[35m30[39m[33m:[39mis([33m:[39mwhere([33m.[39mgroup)[33m.[39mdestructive [33m*[39m)[33m:[39mhover{border[33m-[39mcolor[33m:[39mcolor[33m-[39mmix([36min[39m oklab[33m,[39m[36mvar[39m([33m--[39mdestructive)[35m30[39m[33m%[39m[33m,[39mtransparent)}}[33m.[39mgroup[33m-[39m[37m[41m[1m\[22m[49m[39m[[37m[41m[1m\[22m[49m[39m[33m.[39mdestructive[37m[41m[1m\[22m[49m[39m][37m[41m[1m\[22m[49m[39m[33m:[39mhover[37m[41m[1m\[22m[49m[39m[33m:[39mbg[33m-[39mdestructive[33m:[39mis([33m:[39mwhere([33m.[39mgroup)[33m.[39mdestructive [33m*[39m)[33m:[39mhover{background[33m-[39mcolor[33m:[39m[36mvar[39m([33m--[39mdestructive)}[33m.[39mgroup[33m-[39m[37m[41m[1m\[22m[49m[39m[[37m[41m[1m\[22m[49m[39m[33m.[39mdestructive[37m[41m[1m\[22m[49m[39m][37m[41m[1m\[22m[49m[39m[33m:[39mhover[37m[41m[1m\[22m[49m[39m[33m:[39mtext[33m-[39mdestructive[33m-[39mforeground[33m:[39mis([33m:[39mwhere([33m.[39mgroup)[33m.[39mdestructive [33m*[39m)[33m:[39mhover{color[33m:[39m[36mvar[39m([33m--[39mdestructive[33m-[39mforeground)}[33m.[39mgroup[33m-[39m[37m[41m[1m\[22m[49m[39m[[37m[41m[1m\[22m[49m[39m[33m.[39mdestructive[37m[41m[1m\[22m[49m[39m][37m[41m[1m\[22m[49m[39m[33m:[39mhover[37m[41m[1m\[22m[49m[39m[33m:[39mtext[33m-[39mred[33m-[39m[35m50[39m[33m:[39mis([33m:[39mwhere([33m.[39mgroup)[33m.[39mdestructive [33m*[39m)[33m:[39mhover{color[33m:[39m[36mvar[39m([33m--[39mcolor[33m-[39mred[33m-[39m[35m50[39m)}}[33m.[39mfocus[37m[41m[1m\[22m[49m[39m[33m:[39mz[33m-[39m[35m10[39m[33m:[39mfocus{z[33m-[39mindex[33m:[39m[35m10[39m}[33m.[39mfocus[37m[41m[1m\[22m[49m[39m[33m:[39mbg[33m-[39maccent[33m:[39mfocus{background[33m-[39mcolor[33m:[39m[36mvar[39m([33m--[39maccent)}[33m.[39mfocus[37m[41m[1m\[22m[49m[39m[33m:[39mtext[33m-[39maccent[33m-[39mforeground[33m:[39mfocus{color[33m:[39m[36mvar[39m([33m--[39maccent[33m-[39mforeground)}[33m.[39mfocus[37m[41m[1m\[22m[49m[39m[33m:[39mopacity[33m-[39m[35m100[39m[33m:[39mfocus{opacity[33m:[39m[35m1[39m}[33m.[39mfocus[37m[41m[1m\[22m[49m[39m[33m:[39mring[33m-[39m[35m2[39m[33m:[39mfocus{[33m--[39mtw[33m-[39mring[33m-[39mshadow[33m:[39m[36mvar[39m([33m--[39mtw[33m-[39mring[33m-[39minset[33m,[39m)[35m0[39m [35m0[39m [35m0[39m calc([35m2[39mpx [33m+[39m [36mvar[39m([33m--[39mtw[33m-[39mring[33m-[39moffset[33m-[39mwidth))[36mvar[39m([33m--[39mtw[33m-[39mring[33m-[39mcolor[33m,[39mcurrentcolor)[33m;[39mbox[33m-[39mshadow[33m:[39m[36mvar[39m([33m--[39mtw[33m-[39minset[33m-[39mshadow)[33m,[39m[36mvar[39m([33m--[39mtw[33m-[39minset[33m-[39mring[33m-[39mshadow)[33m,[39m[36mvar[39m([33m--[39mtw[33m-[39mring[33m-[39moffset[33m-[39mshadow)[33m,[39m[36mvar[39m([33m--[39mtw[33m-[39mring[33m-[39mshadow)[33m,[39m[36mvar[39m([33m--[39mtw[33m-[39mshadow)}[33m.[39mfocus[37m[41m[1m\[22m[49m[39m[33m:[39mring[33m-[39mring[33m:[39mfocus{[33m--[39mtw[33m-[39mring[33m-[39mcolor[33m:[39m[36mvar[39m([33m--[39mring)}[33m.[39mfocus[37m[41m[1m\[22m[49m[39m[33m:[39mring[33m-[39moffset[33m-[39m[35m2[39m[33m:[39mfocus{[33m--[39mtw[33m-[39mring[33m-[39moffset[33m-[39mwidth[33m:[39m[35m2[39mpx[33m;[39m[33m--[39mtw[33m-[39mring[33m-[39moffset[33m-[39mshadow[33m:[39m[36mvar[39m([33m--[39mtw[33m-[39mring[33m-[39minset[33m,[39m)[35m0[39m [35m0[39m [35m0[39m [36mvar[39m([33m--[39mtw[33m-[39mring[33m-[39moffset[33m-[39mwidth)[36mvar[39m([33m--[39mtw[33m-[39mring[33m-[39moffset[33m-[39mcolor)}[33m.[39mfocus[37m[41m[1m\[22m[49m[39m[33m:[39moutline[33m-[39mhidden[33m:[39mfocus{[33m--[39mtw[33m-[39moutline[33m-[39mstyle[33m:[39mnone[33m;[39moutline[33m-[39mstyle[33m:[39mnone}[33m@[39mmedia (forced[33m-[39mcolors[33m:[39mactive){[33m.[39mfocus[37m[41m[1m\[22m[49m[39m[33m:[39moutline[33m-[39mhidden[33m:[39mfocus{outline[33m-[39moffset[33m:[39m[35m2[39mpx[33m;[39moutline[33m:[39m[35m2[39mpx solid [33m#[39m[35m0000[39m}}[33m.[39mfocus[37m[41m[1m\[22m[49m[39m[33m:[39moutline[33m-[39mnone[33m:[39mfocus{[33m--[39mtw[33m-[39moutline[33m-[39mstyle[33m:[39mnone[33m;[39moutline[33m-[39mstyle[33m:[39mnone}[33m.[39mgroup[33m-[39m[37m[41m[1m\[22m[49m[39m[[37m[41m[1m\[22m[49m[39m[33m.[39mdestructive[37m[41m[1m\[22m[49m[39m][37m[41m[1m\[22m[49m[39m[33m:[39mfocus[37m[41m[1m\[22m[49m[39m[33m:[39mring[33m-[39mdestructive[33m:[39mis([33m:[39mwhere([33m.[39mgroup)[33m.[39mdestructive [33m*[39m)[33m:[39mfocus{[33m--[39mtw[33m-[39mring[33m-[39mcolor[33m:[39m[36mvar[39m([33m--[39mdestructive)}[33m.[39mgroup[33m-[39m[37m[41m[1m\[22m[49m[39m[[37m[41m[1m\[22m[49m[39m[33m.[39mdestructive[37m[41m[1m\[22m[49m[39m][37m[41m[1m\[22m[49m[39m[33m:[39mfocus[37m[41m[1m\[22m[49m[39m[33m:[39mring[33m-[39mred[33m-[39m[35m400[39m[33m:[39mis([33m:[39mwhere([33m.[39mgroup)[33m.[39mdestructive [33m*[39m)[33m:[39mfocus{[33m--[39mtw[33m-[39mring[33m-[39mcolor[33m:[39m[36mvar[39m([33m--[39mcolor[33m-[39mred[33m-[39m[35m400[39m)}[33m.[39mgroup[33m-[39m[37m[41m[1m\[22m[49m[39m[[37m[41m[1m\[22m[49m[39m[33m.[39mdestructive[37m[41m[1m\[22m[49m[39m][37m[41m[1m\[22m[49m[39m[33m:[39mfocus[37m[41m[1m\[22m[49m[39m[33m:[39mring[33m-[39moffset[33m-[39mred[33m-[39m[35m600[39m[33m:[39mis([33m:[39mwhere([33m.[39mgroup)[33m.[39mdestructive [33m*[39m)[33m:[39mfocus{[33m--[39mtw[33m-[39mring[33m-[39moffset[33m-[39mcolor[33m:[39m[36mvar[39m([33m--[39mcolor[33m-[39mred[33m-[39m[35m600[39m)}[33m.[39mfocus[33m-[39mvisible[37m[41m[1m\[22m[49m[39m[33m:[39mz[33m-[39m[35m10[39m[33m:[39mfocus[33m-[39mvisible{z[33m-[39mindex[33m:[39m[35m10[39m}[33m.[39mfocus[33m-[39mvisible[37m[41m[1m\[22m[49m[39m[33m:[39mborder[33m-[39mring[33m:[39mfocus[33m-[39mvisible{border[33m-[39mcolor[33m:[39m[36mvar[39m([33m--[39mring)}[33m.[39mfocus[33m-[39mvisible[37m[41m[1m\[22m[49m[39m[33m:[39mring[33m-[39m[35m0[39m[33m:[39mfocus[33m-[39mvisible{[33m--[39mtw[33m-[39mring[33m-[39mshadow[33m:[39m[36mvar[39m([33m--[39mtw[33m-[39mring[33m-[39minset[33m,[39m)[35m0[39m [35m0[39m [35m0[39m calc([35m0[39mpx [33m+[39m [36mvar[39m([33m--[39mtw[33m-[39mring[33m-[39moffset[33m-[39mwidth))[36mvar[39m([33m--[39mtw[33m-[39mring[33m-[39mcolor[33m,[39mcurrentcolor)[33m;[39mbox[33m-[39mshadow[33m:[39m[36mvar[39m([33m--[39mtw[33m-[39minset[33m-[39mshadow)[33m,[39m[36mvar[39m([33m--[39mtw[33m-[39minset[33m-[39mring[33m-[39mshadow)[33m,[39m[36mvar[39m([33m--[39mtw[33m-[39mring[33m-[39moffset[33m-[39mshadow)[33m,[39m[36mvar[39m([33m--[39mtw[33m-[39mring[33m-[39mshadow)[33m,[39m[36mvar[39m([33m--[39mtw[33m-[39mshadow)}[33m.[39mfocus[33m-[39mvisible[37m[41m[1m\[22m[49m[39m[33m:[39mring[33m-[39m[35m1[39m[33m:[39mfocus[33m-[39mvisible{[33m--[39mtw[33m-[39mring[33m-[39mshadow[33m:[39m[36mvar[39m([33m--[39mtw[33m-[39mring[33m-[39minset[33m,[39m)[35m0[39m [35m0[39m [35m0[39m calc([35m1[39mpx [33m+[39m [36mvar[39m([33m--[39mtw[33m-[39mring[33m-[39moffset[33m-[39mwidth))[36mvar[39m([33m--[39mtw[33m-[39mring[33m-[39mcolor[33m,[39mcurrentcolor)[33m;[39mbox[33m-[39mshadow[33m:[39m[36mvar[39m([33m--[39mtw[33m-[39minset[33m-[39mshadow)[33m,[39m[36mvar[39m([33m--[39mtw[33m-[39minset[33m-[39mring[33m-[39mshadow)[33m,[39m[36mvar[39m([33m--[39mtw[33m-[39mring[33m-[39moffset[33m-[39mshadow)[33m,[39m[36mvar[39m([33m--[39mtw[33m-[39mring[33m-[39mshadow)[33m,[39m[36mvar[39m([33m--[39mtw[33m-[39mshadow)}[33m.[39mfocus[33m-[39mvisible[37m[41m[1m\[22m[49m[39m[33m:[39mring[33m-[39m[35m2[39m[33m:[39mfocus[33m-[39mvisible{[33m--[39mtw[33m-[39mring[33m-[39mshadow[33m:[39m[36mvar[39m([33m--[39mtw[33m-[39mring[33m-[39minset[33m,[39m)[35m0[39m [35m0[39m [35m0[39m calc([35m2[39mpx [33m+[39m [36mvar[39m([33m--[39mtw[33m-[39mring[33m-[39moffset[33m-[39mwidth))[36mvar[39m([33m--[39mtw[33m-[39mring[33m-[39mcolor[33m,[39mcurrentcolor)[33m;[39mbox[33m-[39mshadow[33m:[39m[36mvar[39m([33m--[39mtw[33m-[39minset[33m-[39mshadow)[33m,[39m[36mvar[39m([33m--[39mtw[33m-[39minset[33m-[39mring[33m-[39mshadow)[33m,[39m[36mvar[39m([33m--[39mtw[33m-[39mring[33m-[39moffset[33m-[39mshadow)[33m,[39m[36mvar[39m([33m--[39mtw[33m-[39mring[33m-[39mshadow)[33m,[39m[36mvar[39m([33m--[39mtw[33m-[39mshadow)}[33m.[39mfocus[33m-[39mvisible[37m[41m[1m\[22m[49m[39m[33m:[39mring[33m-[39m[35m4[39m[33m:[39mfocus[33m-[39mvisible{[33m--[39mtw[33m-[39mring[33m-[39mshadow[33m:[39m[36mvar[39m([33m--[39mtw[33m-[39mring[33m-[39minset[33m,[39m)[35m0[39m [35m0[39m [35m0[39m calc([35m4[39mpx [33m+[39m [36mvar[39m([33m--[39mtw[33m-[39mring[33m-[39moffset[33m-[39mwidth))[36mvar[39m([33m--[39mtw[33m-[39mring[33m-[39mcolor[33m,[39mcurrentcolor)[33m;[39mbox[33m-[39mshadow[33m:[39m[36mvar[39m([33m--[39mtw[33m-[39minset[33m-[39mshadow)[33m,[39m[36mvar[39m([33m--[39mtw[33m-[39minset[33m-[39mring[33m-[39mshadow)[33m,[39m[36mvar[39m([33m--[39mtw[33m-[39mring[33m-[39moffset[33m-[39mshadow)[33m,[39m[36mvar[39m([33m--[39mtw[33m-[39mring[33m-[39mshadow)[33m,[39m[36mvar[39m([33m--[39mtw[33m-[39mshadow)}[33m.[39mfocus[33m-[39mvisible[37m[41m[1m\[22m[49m[39m[33m:[39mring[33m-[39m[37m[41m[1m\[22m[49m[39m[[35m3[39mpx[37m[41m[1m\[22m[49m[39m][33m:[39mfocus[33m-[39mvisible{[33m--[39mtw[33m-[39mring[33m-[39mshadow[33m:[39m[36mvar[39m([33m--[39mtw[33m-[39mring[33m-[39minset[33m,[39m)[35m0[39m [35m0[39m [35m0[39m calc([35m3[39mpx [33m+[39m [36mvar[39m([33m--[39mtw[33m-[39mring[33m-[39moffset[33m-[39mwidth))[36mvar[39m([33m--[39mtw[33m-[39mring[33m-[39mcolor[33m,[39mcurrentcolor)[33m;[39mbox[33m-[39mshadow[33m:[39m[36mvar[39m([33m--[39mtw[33m-[39minset[33m-[39mshadow)[33m,[39m[36mvar[39m([33m--[39mtw[33m-[39minset[33m-[39mring[33m-[39mshadow)[33m,[39m[36mvar[39m([33m--[39mtw[33m-[39mring[33m-[39moffset[33m-[39mshadow)[33m,[39m[36mvar[39m([33m--[39mtw[33m-[39mring[33m-[39mshadow)[33m,[39m[36mvar[39m([33m--[39mtw[33m-[39mshadow)}[33m.[39mfocus[33m-[39mvisible[37m[41m[1m\[22m[49m[39m[33m:[39mring[33m-[39mdestructive[37m[41m[1m\[22m[49m[39m[33m/[39m[35m20[39m[33m:[39mfocus[33m-[39mvisible{[33m--[39mtw[33m-[39mring[33m-[39mcolor[33m:[39m[36mvar[39m([33m--[39mdestructive)}[33m@[39msupports (color[33m:[39mcolor[33m-[39mmix([36min[39m lab[33m,[39m red[33m,[39m red)){[33m.[39mfocus[33m-[39mvisible[37m[41m[1m\[22m[49m[39m[33m:[39mring[33m-[39mdestructive[37m[41m[1m\[22m[49m[39m[33m/[39m[35m20[39m[33m:[39mfocus[33m-[39mvisible{[33m--[39mtw[33m-[39mring[33m-[39mcolor[33m:[39mcolor[33m-[39mmix([36min[39m oklab[33m,[39m[36mvar[39m([33m--[39mdestructive)[35m20[39m[33m%[39m[33m,[39mtransparent)}}[33m.[39mfocus[33m-[39mvisible[37m[41m[1m\[22m[49m[39m[33m:[39mring[33m-[39mring[33m:[39mfocus[33m-[39mvisible[33m,[39m[33m.[39mfocus[33m-[39mvisible[37m[41m[1m\[22m[49m[39m[33m:[39mring[33m-[39mring[37m[41m[1m\[22m[49m[39m[33m/[39m[35m50[39m[33m:[39mfocus[33m-[39mvisible{[33m--[39mtw[33m-[39mring[33m-[39mcolor[33m:[39m[36mvar[39m([33m--[39mring)}[33m@[39msupports (color[33m:[39mcolor[33m-[39mmix([36min[39m lab[33m,[39m red[33m,[39m red)){[33m.[39mfocus[33m-[39mvisible[37m[41m[1m\[22m[49m[39m[33m:[39mring[33m-[39mring[37m[41m[1m\[22m[49m[39m[33m/[39m[35m50[39m[33m:[39mfocus[33m-[39mvisible{[33m--[39mtw[33m-[39mring[33m-[39mcolor[33m:[39mcolor[33m-[39mmix([36min[39m oklab[33m,[39m[36mvar[39m([33m--[39mring)[35m50[39m[33m%[39m[33m,[39mtransparent)}}[33m.[39mfocus[33m-[39mvisible[37m[41m[1m\[22m[49m[39m[33m:[39mring[33m-[39moffset[33m-[39m[35m1[39m[33m:[39mfocus[33m-[39mvisible{[33m--[39mtw[33m-[39mring[33m-[39moffset[33m-[39mwidth[33m:[39m[35m1[39mpx[33m;[39m[33m--[39mtw[33m-[39mring[33m-[39moffset[33m-[39mshadow[33m:[39m[36mvar[39m([33m--[39mtw[33m-[39mring[33m-[39minset[33m,[39m)[35m0[39m [35m0[39m [35m0[39m [36mvar[39m([33m--[39mtw[33m-[39mring[33m-[39moffset[33m-[39mwidth)[36mvar[39m([33m--[39mtw[33m-[39mring[33m-[39moffset[33m-[39mcolor)}[33m.[39mfocus[33m-[39mvisible[37m[41m[1m\[22m[49m[39m[33m:[39moutline[33m-[39mhidden[33m:[39mfocus[33m-[39mvisible{[33m--[39mtw[33m-[39moutline[33m-[39mstyle[33m:[39mnone[33m;[39moutline[33m-[39mstyle[33m:[39mnone}[33m@[39mmedia (forced[33m-[39mcolors[33m:[39mactive){[33m.[39mfocus[33m-[39mvisible[37m[41m[1m\[22m[49m[39m[33m:[39moutline[33m-[39mhidden[33m:[39mfocus[33m-[39mvisible{outline[33m-[39moffset[33m:[39m[35m2[39mpx[33m;[39moutline[33m:[39m[35m2[39mpx solid [33m#[39m[35m0000[39m}}[33m.[39mfocus[33m-[39mvisible[37m[41m[1m\[22m[49m[39m[33m:[39moutline[33m-[39m[35m1[39m[33m:[39mfocus[33m-[39mvisible{outline[33m-[39mstyle[33m:[39m[36mvar[39m([33m--[39mtw[33m-[39moutline[33m-[39mstyle)[33m;[39moutline[33m-[39mwidth[33m:[39m[35m1[39mpx}[33m.[39mfocus[33m-[39mvisible[37m[41m[1m\[22m[49m[39m[33m:[39moutline[33m-[39mring[33m:[39mfocus[33m-[39mvisible{outline[33m-[39mcolor[33m:[39m[36mvar[39m([33m--[39mring)}[33m.[39mactive[37m[41m[1m\[22m[49m[39m[33m:[39mscale[33m-[39m[35m95[39m[33m:[39mactive{[33m--[39mtw[33m-[39mscale[33m-[39mx[33m:[39m[35m95[39m[33m%[39m[33m;[39m[33m--[39mtw[33m-[39mscale[33m-[39my[33m:[39m[35m95[39m[33m%[39m[33m;[39m[33m--[39mtw[33m-[39mscale[33m-[39mz[33m:[39m[35m95[39m[33m%[39m[33m;[39mscale[33m:[39m[36mvar[39m([33m--[39mtw[33m-[39mscale[33m-[39mx)[36mvar[39m([33m--[39mtw[33m-[39mscale[33m-[39my)}[33m.[39mdisabled[37m[41m[1m\[22m[49m[39m[33m:[39mpointer[33m-[39mevents[33m-[39mnone[33m:[39mdisabled{pointer[33m-[39mevents[33m:[39mnone}[33m.[39mdisabled[37m[41m[1m\[22m[49m[39m[33m:[39mcursor[33m-[39mnot[33m-[39mallowed[33m:[39mdisabled{cursor[33m:[39mnot[33m-[39mallowed}[33m.[39mdisabled[37m[41m[1m\[22m[49m[39m[33m:[39mopacity[33m-[39m[35m50[39m[33m:[39mdisabled{opacity[33m:[39m[35m.5[39m}[33m:[39mwhere([data[33m-[39mside[33m=[39mleft]) [33m.[39m[36min[39m[33m-[39mdata[33m-[39m[37m[41m[1m\[22m[49m[39m[side[37m[41m[1m\[22m[49m[39m[33m=[39mleft[37m[41m[1m\[22m[49m[39m][37m[41m[1m\[22m[49m[39m[33m:[39mcursor[33m-[39mw[33m-[39mresize{cursor[33m:[39mw[33m-[39mresize}[33m:[39mwhere([data[33m-[39mside[33m=[39mright]) [33m.[39m[36min[39m[33m-[39mdata[33m-[39m[37m[41m[1m\[22m[49m[39m[side[37m[41m[1m\[22m[49m[39m[33m=[39mright[37m[41m[1m\[22m[49m[39m][37m[41m[1m\[22m[49m[39m[33m:[39mcursor[33m-[39me[33m-[39mresize{cursor[33m:[39me[33m-[39mresize}[33m.[39mhas[33m-[39mfocus[37m[41m[1m\[22m[49m[39m[33m:[39mborder[33m-[39mring[33m:[39mhas([33m:[39mfocus){border[33m-[39mcolor[33m:[39m[36mvar[39m([33m--[39mring)}[33m.[39mhas[33m-[39mfocus[37m[41m[1m\[22m[49m[39m[33m:[39mring[33m-[39m[37m[41m[1m\[22m[49m[39m[[35m3[39mpx[37m[41m[1m\[22m[49m[39m][33m:[39mhas([33m:[39mfocus){[33m--[39mtw[33m-[39mring[33m-[39mshadow[33m:[39m[36mvar[39m([33m--[39mtw[33m-[39mring[33m-[39minset[33m,[39m)[35m0[39m [35m0[39m [35m0[39m calc([35m3[39mpx [33m+[39m [36mvar[39m([33m--[39mtw[33m-[39mring[33m-[39moffset[33m-[39mwidth))[36mvar[39m([33m--[39mtw[33m-[39mring[33m-[39mcolor[33m,[39mcurrentcolor)[33m;[39mbox[33m-[39mshadow[33m:[39m[36mvar[39m([33m--[39mtw[33m-[39minset[33m-[39mshadow)[33m,[39m[36mvar[39m([33m--[39mtw[33m-[39minset[33m-[39mring[33m-[39mshadow)[33m,[39m[36mvar[39m([33m--[39mtw[33m-[39mring[33m-[39moffset[33m-[39mshadow)[33m,[39m[36mvar[39m([33m--[39mtw[33m-[39mring[33m-[39mshadow)[33m,[39m[36mvar[39m([33m--[39mtw[33m-[39mshadow)}[33m.[39mhas[33m-[39mfocus[37m[41m[1m\[22m[49m[39m[33m:[39mring[33m-[39mring[37m[41m[1m\[22m[49m[39m[33m/[39m[35m50[39m[33m:[39mhas([33m:[39mfocus){[33m--[39mtw[33m-[39mring[33m-[39mcolor[33m:[39m[36mvar[39m([33m--[39mring)}[33m@[39msupports (color[33m:[39mcolor[33m-[39mmix([36min[39m lab[33m,[39m red[33m,[39m red)){[33m.[39mhas[33m-[39mfocus[37m[41m[1m\[22m[49m[39m[33m:[39mring[33m-[39mring[37m[41m[1m\[22m[49m[39m[33m/[39m[35m50[39m[33m:[39mhas([33m:[39mfocus){[33m--[39mtw[33m-[39mring[33m-[39mcolor[33m:[39mcolor[33m-[39mmix([36min[39m oklab[33m,[39m[36mvar[39m([33m--[39mring)[35m50[39m[33m%[39m[33m,[39mtransparent)}}[33m.[39mhas[33m-[39mdisabled[37m[41m[1m\[22m[49m[39m[33m:[39mopacity[33m-[39m[35m50[39m[33m:[39mhas([33m:[39mdisabled){opacity[33m:[39m[35m.5[39m}[33m.[39mhas[33m-[39mdata[33m-[39m[37m[41m[1m\[22m[49m[39m[slot[37m[41m[1m\[22m[49m[39m[33m=[39mcard[33m-[39maction[37m[41m[1m\[22m[49m[39m][37m[41m[1m\[22m[49m[39m[33m:[39mgrid[33m-[39mcols[33m-[39m[37m[41m[1m\[22m[49m[39m[[35m1[39mfr_auto[37m[41m[1m\[22m[49m[39m][33m:[39mhas([data[33m-[39mslot[33m=[39mcard[33m-[39maction]){grid[33m-[39mtemplate[33m-[39mcolumns[33m:[39m[35m1[39mfr auto}[33m.[39mhas[33m-[39mdata[33m-[39m[37m[41m[1m\[22m[49m[39m[state[37m[41m[1m\[22m[49m[39m[33m=[39mchecked[37m[41m[1m\[22m[49m[39m][37m[41m[1m\[22m[49m[39m[33m:[39mborder[33m-[39mprimary[33m:[39mhas([data[33m-[39mstate[33m=[39mchecked]){border[33m-[39mcolor[33m:[39m[36mvar[39m([33m--[39mprimary)}[33m.[39mhas[33m-[39mdata[33m-[39m[37m[41m[1m\[22m[49m[39m[state[37m[41m[1m\[22m[49m[39m[33m=[39mchecked[37m[41m[1m\[22m[49m[39m][37m[41m[1m\[22m[49m[39m[33m:[39mbg[33m-[39mprimary[37m[41m[1m\[22m[49m[39m[33m/[39m[35m5[39m[33m:[39mhas([data[33m-[39mstate[33m=[39mchecked]){background[33m-[39mcolor[33m:[39m[36mvar[39m([33m--[39mprimary)}[33m@[39msupports (color[33m:[39mcolor[33m-[39mmix([36min[39m lab[33m,[39m red[33m,[39m red)){[33m.[39mhas[33m-[39mdata[33m-[39m[37m[41m[1m\[22m[49m[39m[state[37m[41m[1m\[22m[49m[39m[33m=[39mchecked[37m[41m[1m\[22m[49m[39m][37m[41m[1m\[22m[49m[39m[33m:[39mbg[33m-[39mprimary[37m[41m[1m\[22m[49m[39m[33m/[39m[35m5[39m[33m:[39mhas([data[33m-[39mstate[33m=[39mchecked]){background[33m-[39mcolor[33m:[39mcolor[33m-[39mmix([36min[39m oklab[33m,[39m[36mvar[39m([33m--[39mprimary)[35m5[39m[33m%[39m[33m,[39mtransparent)}}[33m.[39mhas[33m-[39m[37m[41m[1m\[22m[49m[39m[[37m[41m[1m\[22m[49m[39m[data[33m-[39mslot[37m[41m[1m\[22m[49m[39m[33m=[39minput[33m-[39mgroup[33m-[39mcontrol[37m[41m[1m\[22m[49m[39m][37m[41m[1m\[22m[49m[39m[33m:[39mfocus[33m-[39mvisible[37m[41m[1m\[22m[49m[39m][37m[41m[1m\[22m[49m[39m[33m:[39mborder[33m-[39mring[33m:[39mhas([data[33m-[39mslot[33m=[39minput[33m-[39mgroup[33m-[39mcontrol][33m:[39mfocus[33m-[39mvisible){border[33m-[39mcolor[33m:[39m[36mvar[39m([33m--[39mring)}[33m.[39mhas[33m-[39m[37m[41m[1m\[22m[49m[39m[[37m[41m[1m\[22m[49m[39m[data[33m-[39mslot[37m[41m[1m\[22m[49m[39m[33m=[39minput[33m-[39mgroup[33m-[39mcontrol[37m[41m[1m\[22m[49m[39m][37m[41m[1m\[22m[49m[39m[33m:[39mfocus[33m-[39mvisible[37m[41m[1m\[22m[49m[39m][37m[41m[1m\[22m[49m[39m[33m:[39mring[33m-[39m[37m[41m[1m\[22m[49m[39m[[35m3[39mpx[37m[41m[1m\[22m[49m[39m][33m:[39mhas([data[33m-[39mslot[33m=[39minput[33m-[39mgroup[33m-[39mcontrol][33m:[39mfocus[33m-[39mvisible){[33m--[39mtw[33m-[39mring[33m-[39mshadow[33m:[39m[36mvar[39m([33m--[39mtw[33m-[39mring[33m-[39minset[33m,[39m)[35m0[39m [35m0[39m [35m0[39m calc([35m3[39mpx [33m+[39m [36mvar[39m([33m--[39mtw[33m-[39mring[33m-[39moffset[33m-[39mwidth))[36mvar[39m([33m--[39mtw[33m-[39mring[33m-[39mcolor[33m,[39mcurrentcolor)[33m;[39mbox[33m-[39mshadow[33m:[39m[36mvar[39m([33m--[39mtw[33m-[39minset[33m-[39mshadow)[33m,[39m[36mvar[39m([33m--[39mtw[33m-[39minset[33m-[39mring[33m-[39mshadow)[33m,[39m[36mvar[39m([33m--[39mtw[33m-[39mring[33m-[39moffset[33m-[39mshadow)[33m,[39m[36mvar[39m([33m--[39mtw[33m-[39mring[33m-[39mshadow)[33m,[39m[36mvar[39m([33m--[39mtw[33m-[39mshadow)}[33m.[39mhas[33m-[39m[37m[41m[1m\[22m[49m[39m[[37m[41m[1m\[22m[49m[39m[data[33m-[39mslot[37m[41m[1m\[22m[49m[39m[33m=[39minput[33m-[39mgroup[33m-[39mcontrol[37m[41m[1m\[22m[49m[39m][37m[41m[1m\[22m[49m[39m[33m:[39mfocus[33m-[39mvisible[37m[41m[1m\[22m[49m[39m][37m[41m[1m\[22m[49m[39m[33m:[39mring[33m-[39mring[37m[41m[1m\[22m[49m[39m[33m/[39m[35m50[39m[33m:[39mhas([data[33m-[39mslot[33m=[39minput[33m-[39mgroup[33m-[39mcontrol][33m:[39mfocus[33m-[39mvisible){[33m--[39mtw[33m-[39mring[33m-[39mcolor[33m:[39m[36mvar[39m([33m--[39mring)}[33m@[39msupports (color[33m:[39mcolor[33m-[39mmix([36min[39m lab[33m,[39m red[33m,[39m red)){[33m.[39mhas[33m-[39m[37m[41m[1m\[22m[49m[39m[[37m[41m[1m\[22m[49m[39m[data[33m-[39mslot[37m[41m[1m\[22m[49m[39m[33m=[39minput[33m-[39mgroup[33m-[39mcontrol[37m[41m[1m\[22m[49m[39m][37m[41m[1m\[22m[49m[39m[33m:[39mfocus[33m-[39mvisible[37m[41m[1m\[22m[49m[39m][37m[41m[1m\[22m[49m[39m[33m:[39mring[33m-[39mring[37m[41m[1m\[22m[49m[39m[33m/[39m[35m50[39m[33m:[39mhas([data[33m-[39mslot[33m=[39minput[33m-[39mgroup[33m-[39mcontrol][33m:[39mfocus[33m-[39mvisible){[33m--[39mtw[33m-[39mring[33m-[39mcolor[33m:[39mcolor[33m-[39mmix([36min[39m oklab[33m,[39m[36mvar[39m([33m--[39mring)[35m50[39m[33m%[39m[33m,[39mtransparent)}}[33m.[39mhas[33m-[39m[37m[41m[1m\[22m[49m[39m[[37m[41m[1m\[22m[49m[39m[data[33m-[39mslot[37m[41m[1m\[22m[49m[39m][37m[41m[1m\[22m[49m[39m[aria[33m-[39minvalid[37m[41m[1m\[22m[49m[39m[33m=[39m[36mtrue[39m[37m[41m[1m\[22m[49m[39m][37m[41m[1m\[22m[49m[39m][37m[41m[1m\[22m[49m[39m[33m:[39mborder[33m-[39mdestructive[33m:[39mhas([data[33m-[39mslot][aria[33m-[39minvalid[33m=[39m[36mtrue[39m]){border[33m-[39mcolor[33m:[39m[36mvar[39m([33m--[39mdestructive)}[33m.[39mhas[33m-[39m[37m[41m[1m\[22m[49m[39m[[37m[41m[1m\[22m[49m[39m[data[33m-[39mslot[37m[41m[1m\[22m[49m[39m][37m[41m[1m\[22m[49m[39m[aria[33m-[39minvalid[37m[41m[1m\[22m[49m[39m[33m=[39m[36mtrue[39m[37m[41m[1m\[22m[49m[39m][37m[41m[1m\[22m[49m[39m][37m[41m[1m\[22m[49m[39m[33m:[39mring[33m-[39mdestructive[37m[41m[1m\[22m[49m[39m[33m/[39m[35m20[39m[33m:[39mhas([data[33m-[39mslot][aria[33m-[39minvalid[33m=[39m[36mtrue[39m]){[33m--[39mtw[33m-[39mring[33m-[39mcolor[33m:[39m[36mvar[39m([33m--[39mdestructive)}[33m@[39msupports (color[33m:[39mcolor[33m-[39mmix([36min[39m lab[33m,[39m red[33m,[39m red)){[33m.[39mhas[33m-[39m[37m[41m[1m\[22m[49m[39m[[37m[41m[1m\[22m[49m[39m[data[33m-[39mslot[37m[41m[1m\[22m[49m[39m][37m[41m[1m\[22m[49m[39m[aria[33m-[39minvalid[37m[41m[1m\[22m[49m[39m[33m=[39m[36mtrue[39m[37m[41m[1m\[22m[49m[39m][37m[41m[1m\[22m[49m[39m][37m[41m[1m\[22m[49m[39m[33m:[39mring[33m-[39mdestructive[37m[41m[1m\[22m[49m[39m[33m/[39m[35m20[39m[33m:[39mhas([data[33m-[39mslot][aria[33m-[39minvalid[33m=[39m[36mtrue[39m]){[33m--[39mtw[33m-[39mring[33m-[39mcolor[33m:[39mcolor[33m-[39mmix([36min[39m oklab[33m,[39m[36mvar[39m([33m--[39mdestructive)[35m20[39m[33m%[39m[33m,[39mtransparent)}}[33m.[39mhas[33m-[39m[37m[41m[1m\[22m[49m[39m[[37m[41m[1m\[22m[49m[39m[33m>[39m[37m[41m[1m\[22m[49m[39m[data[33m-[39malign[37m[41m[1m\[22m[49m[39m[33m=[39mblock[33m-[39mend[37m[41m[1m\[22m[49m[39m][37m[41m[1m\[22m[49m[39m][37m[41m[1m\[22m[49m[39m[33m:[39mh[33m-[39mauto[33m:[39mhas([33m>[39m[data[33m-[39malign[33m=[39mblock[33m-[39mend]){height[33m:[39mauto}[33m.[39mhas[33m-[39m[37m[41m[1m\[22m[49m[39m[[37m[41m[1m\[22m[49m[39m[33m>[39m[37m[41m[1m\[22m[49m[39m[data[33m-[39malign[37m[41m[1m\[22m[49m[39m[33m=[39mblock[33m-[39mend[37m[41m[1m\[22m[49m[39m][37m[41m[1m\[22m[49m[39m][37m[41m[1m\[22m[49m[39m[33m:[39mflex[33m-[39mcol[33m:[39mhas([33m>[39m[data[33m-[39malign[33m=[39mblock[33m-[39mend]){flex[33m-[39mdirection[33m:[39mcolumn}[33m.[39mhas[33m-[39m[37m[41m[1m\[22m[49m[39m[[37m[41m[1m\[22m[49m[39m[33m>[39m[37m[41m[1m\[22m[49m[39m[data[33m-[39malign[37m[41m[1m\[22m[49m[39m[33m=[39mblock[33m-[39mstart[37m[41m[1m\[22m[49m[39m][37m[41m[1m\[22m[49m[39m][37m[41m[1m\[22m[49m[39m[33m:[39mh[33m-[39mauto[33m:[39mhas([33m>[39m[data[33m-[39malign[33m=[39mblock[33m-[39mstart]){height[33m:[39mauto}[33m.[39mhas[33m-[39m[37m[41m[1m\[22m[49m[39m[[37m[41m[1m\[22m[49m[39m[33m>[39m[37m[41m[1m\[22m[49m[39m[data[33m-[39malign[37m[41m[1m\[22m[49m[39m[33m=[39mblock[33m-[39mstart[37m[41m[1m\[22m[49m[39m][37m[41m[1m\[22m[49m[39m][37m[41m[1m\[22m[49m[39m[33m:[39mflex[33m-[39mcol[33m:[39mhas([33m>[39m[data[33m-[39malign[33m=[39mblock[33m-[39mstart]){flex[33m-[39mdirection[33m:[39mcolumn}[33m.[39mhas[33m-[39m[37m[41m[1m\[22m[49m[39m[[37m[41m[1m\[22m[49m[39m[33m>[39m[37m[41m[1m\[22m[49m[39m[data[33m-[39mslot[37m[41m[1m\[22m[49m[39m[33m=[39mbutton[33m-[39mgroup[37m[41m[1m\[22m[49m[39m][37m[41m[1m\[22m[49m[39m][37m[41m[1m\[22m[49m[39m[33m:[39mgap[33m-[39m[35m2[39m[33m:[39mhas([33m>[39m[data[33m-[39mslot[33m=[39mbutton[33m-[39mgroup]){gap[33m:[39mcalc([36mvar[39m([33m--[39mspacing)[33m*[39m[35m2[39m)}[33m.[39mhas[33m-[39m[37m[41m[1m\[22m[49m[39m[[37m[41m[1m\[22m[49m[39m[33m>[39m[37m[41m[1m\[22m[49m[39m[data[33m-[39mslot[37m[41m[1m\[22m[49m[39m[33m=[39mcheckbox[33m-[39mgroup[37m[41m[1m\[22m[49m[39m][37m[41m[1m\[22m[49m[39m][37m[41m[1m\[22m[49m[39m[33m:[39mgap[33m-[39m[35m3[39m[33m:[39mhas([33m>[39m[data[33m-[39mslot[33m=[39mcheckbox[33m-[39mgroup]){gap[33m:[39mcalc([36mvar[39m([33m--[39mspacing)[33m*[39m[35m3[39m)}[33m.[39mhas[33m-[39m[37m[41m[1m\[22m[49m[39m[[37m[41m[1m\[22m[49m[39m[33m>[39m[37m[41m[1m\[22m[49m[39m[data[33m-[39mslot[37m[41m[1m\[22m[49m[39m[33m=[39mfield[33m-[39mcontent[37m[41m[1m\[22m[49m[39m][37m[41m[1m\[22m[49m[39m][37m[41m[1m\[22m[49m[39m[33m:[39mitems[33m-[39mstart[33m:[39mhas([33m>[39m[data[33m-[39mslot[33m=[39mfield[33m-[39mcontent]){align[33m-[39mitems[33m:[39mflex[33m-[39mstart}[33m.[39mhas[33m-[39m[37m[41m[1m\[22m[49m[39m[[37m[41m[1m\[22m[49m[39m[33m>[39m[37m[41m[1m\[22m[49m[39m[data[33m-[39mslot[37m[41m[1m\[22m[49m[39m[33m=[39mfield[37m[41m[1m\[22m[49m[39m][37m[41m[1m\[22m[49m[39m][37m[41m[1m\[22m[49m[39m[33m:[39mw[33m-[39mfull[33m:[39mhas([33m>[39m[data[33m-[39mslot[33m=[39mfield]){width[33m:[39m[35m100[39m[33m%[39m}[33m.[39mhas[33m-[39m[37m[41m[1m\[22m[49m[39m[[37m[41m[1m\[22m[49m[39m[33m>[39m[37m[41m[1m\[22m[49m[39m[data[33m-[39mslot[37m[41m[1m\[22m[49m[39m[33m=[39mfield[37m[41m[1m\[22m[49m[39m][37m[41m[1m\[22m[49m[39m][37m[41m[1m\[22m[49m[39m[33m:[39mflex[33m-[39mcol[33m:[39mhas([33m>[39m[data[33m-[39mslot[33m=[39mfield]){flex[33m-[39mdirection[33m:[39mcolumn}[33m.[39mhas[33m-[39m[37m[41m[1m\[22m[49m[39m[[37m[41m[1m\[22m[49m[39m[33m>[39m[37m[41m[1m\[22m[49m[39m[data[33m-[39mslot[37m[41m[1m\[22m[49m[39m[33m=[39mfield[37m[41m[1m\[22m[49m[39m][37m[41m[1m\[22m[49m[39m][37m[41m[1m\[22m[49m[39m[33m:[39mrounded[33m-[39mmd[33m:[39mhas([33m>[39m[data[33m-[39mslot[33m=[39mfield]){border[33m-[39mradius[33m:[39mcalc([36mvar[39m([33m--[39mradius) [33m-[39m [35m2[39mpx)}[33m.[39mhas[33m-[39m[37m[41m[1m\[22m[49m[39m[[37m[41m[1m\[22m[49m[39m[33m>[39m[37m[41m[1m\[22m[49m[39m[data[33m-[39mslot[37m[41m[1m\[22m[49m[39m[33m=[39mfield[37m[41m[1m\[22m[49m[39m][37m[41m[1m\[22m[49m[39m][37m[41m[1m\[22m[49m[39m[33m:[39mborder[33m:[39mhas([33m>[39m[data[33m-[39mslot[33m=[39mfield]){border[33m-[39mstyle[33m:[39m[36mvar[39m([33m--[39mtw[33m-[39mborder[33m-[39mstyle)[33m;[39mborder[33m-[39mwidth[33m:[39m[35m1[39mpx}[33m.[39mhas[33m-[39m[37m[41m[1m\[22m[49m[39m[[37m[41m[1m\[22m[49m[39m[33m>[39m[37m[41m[1m\[22m[49m[39m[data[33m-[39mslot[37m[41m[1m\[22m[49m[39m[33m=[39mradio[33m-[39mgroup[37m[41m[1m\[22m[49m[39m][37m[41m[1m\[22m[49m[39m][37m[41m[1m\[22m[49m[39m[33m:[39mgap[33m-[39m[35m3[39m[33m:[39mhas([33m>[39m[data[33m-[39mslot[33m=[39mradio[33m-[39mgroup]){gap[33m:[39mcalc([36mvar[39m([33m--[39mspacing)[33m*[39m[35m3[39m)}[33m.[39mhas[33m-[39m[37m[41m[1m\[22m[49m[39m[[37m[41m[1m\[22m[49m[39m[33m>[39mbutton[37m[41m[1m\[22m[49m[39m][37m[41m[1m\[22m[49m[39m[33m:[39mmr[33m-[39m[37m[41m[1m\[22m[49m[39m[[33m-[39m[35m0[39m[37m[41m[1m\[22m[49m[39m[35m.4[39mrem[37m[41m[1m\[22m[49m[39m][33m:[39mhas([33m>[39mbutton){margin[33m-[39mright[33m:[39m[33m-[39m[35m.4[39mrem}[33m.[39mhas[33m-[39m[37m[41m[1m\[22m[49m[39m[[37m[41m[1m\[22m[49m[39m[33m>[39mbutton[37m[41m[1m\[22m[49m[39m][37m[41m[1m\[22m[49m[39m[33m:[39mml[33m-[39m[37m[41m[1m\[22m[49m[39m[[33m-[39m[35m0[39m[37m[41m[1m\[22m[49m[39m[35m.45[39mrem[37m[41m[1m\[22m[49m[39m][33m:[39mhas([33m>[39mbutton){margin[33m-[39mleft[33m:[39m[33m-[39m[35m.45[39mrem}[33m.[39mhas[33m-[39m[37m[41m[1m\[22m[49m[39m[[37m[41m[1m\[22m[49m[39m[33m>[39mkbd[37m[41m[1m\[22m[49m[39m][37m[41m[1m\[22m[49m[39m[33m:[39mmr[33m-[39m[37m[41m[1m\[22m[49m[39m[[33m-[39m[35m0[39m[37m[41m[1m\[22m[49m[39m[35m.35[39mrem[37m[41m[1m\[22m[49m[39m][33m:[39mhas([33m>[39mkbd){margin[33m-[39mright[33m:[39m[33m-[39m[35m.35[39mrem}[33m.[39mhas[33m-[39m[37m[41m[1m\[22m[49m[39m[[37m[41m[1m\[22m[49m[39m[33m>[39mkbd[37m[41m[1m\[22m[49m[39m][37m[41m[1m\[22m[49m[39m[33m:[39mml[33m-[39m[37m[41m[1m\[22m[49m[39m[[33m-[39m[35m0[39m[37m[41m[1m\[22m[49m[39m[35m.35[39mrem[37m[41m[1m\[22m[49m[39m][33m:[39mhas([33m>[39mkbd){margin[33m-[39mleft[33m:[39m[33m-[39m[35m.35[39mrem}[33m.[39mhas[33m-[39m[37m[41m[1m\[22m[49m[39m[[37m[41m[1m\[22m[49m[39m[33m>[39msvg[37m[41m[1m\[22m[49m[39m][37m[41m[1m\[22m[49m[39m[33m:[39mgrid[33m-[39mcols[33m-[39m[37m[41m[1m\[22m[49m[39m[calc[37m[41m[1m\[22m[49m[39m([36mvar[39m[37m[41m[1m\[22m[49m[39m([33m--[39mspacing[37m[41m[1m\[22m[49m[39m)[37m[41m[1m\[22m[49m[39m[33m*[39m[35m4[39m[37m[41m[1m\[22m[49m[39m)_1fr[37m[41m[1m\[22m[49m[39m][33m:[39mhas([33m>[39msvg){grid[33m-[39mtemplate[33m-[39mcolumns[33m:[39mcalc([36mvar[39m([33m--[39mspacing)[33m*[39m[35m4[39m)[35m1[39mfr}[33m.[39mhas[33m-[39m[37m[41m[1m\[22m[49m[39m[[37m[41m[1m\[22m[49m[39m[33m>[39msvg[37m[41m[1m\[22m[49m[39m][37m[41m[1m\[22m[49m[39m[33m:[39mgap[33m-[39mx[33m-[39m[35m3[39m[33m:[39mhas([33m>[39msvg){column[33m-[39mgap[33m:[39mcalc([36mvar[39m([33m--[39mspacing)[33m*[39m[35m3[39m)}[33m.[39mhas[33m-[39m[37m[41m[1m\[22m[49m[39m[[37m[41m[1m\[22m[49m[39m[33m>[39msvg[37m[41m[1m\[22m[49m[39m][37m[41m[1m\[22m[49m[39m[33m:[39mp[33m-[39m[35m0[39m[33m:[39mhas([33m>[39msvg){padding[33m:[39mcalc([36mvar[39m([33m--[39mspacing)[33m*[39m[35m0[39m)}[33m.[39mhas[33m-[39m[37m[41m[1m\[22m[49m[39m[[37m[41m[1m\[22m[49m[39m[33m>[39msvg[37m[41m[1m\[22m[49m[39m][37m[41m[1m\[22m[49m[39m[33m:[39mpx[33m-[39m[35m2[39m[33m:[39mhas([33m>[39msvg){padding[33m-[39minline[33m:[39mcalc([36mvar[39m([33m--[39mspacing)[33m*[39m[35m2[39m)}[33m.[39mhas[33m-[39m[37m[41m[1m\[22m[49m[39m[[37m[41m[1m\[22m[49m[39m[33m>[39msvg[37m[41m[1m\[22m[49m[39m][37m[41m[1m\[22m[49m[39m[33m:[39mpx[33m-[39m[35m2[39m[37m[41m[1m\[22m[49m[39m[35m.5[39m[33m:[39mhas([33m>[39msvg){padding[33m-[39minline[33m:[39mcalc([36mvar[39m([33m--[39mspacing)[33m*[39m[35m2.5[39m)}[33m.[39mhas[33m-[39m[37m[41m[1m\[22m[49m[39m[[37m[41m[1m\[22m[49m[39m[33m>[39msvg[37m[41m[1m\[22m[49m[39m][37m[41m[1m\[22m[49m[39m[33m:[39mpx[33m-[39m[35m3[39m[33m:[39mhas([33m>[39msvg){padding[33m-[39minline[33m:[39mcalc([36mvar[39m([33m--[39mspacing)[33m*[39m[35m3[39m)}[33m.[39mhas[33m-[39m[37m[41m[1m\[22m[49m[39m[[37m[41m[1m\[22m[49m[39m[33m>[39msvg[37m[41m[1m\[22m[49m[39m][37m[41m[1m\[22m[49m[39m[33m:[39mpx[33m-[39m[35m4[39m[33m:[39mhas([33m>[39msvg){padding[33m-[39minline[33m:[39mcalc([36mvar[39m([33m--[39mspacing)[33m*[39m[35m4[39m)}[33m.[39mhas[33m-[39m[37m[41m[1m\[22m[49m[39m[[37m[41m[1m\[22m[49m[39m[33m>[39mtextarea[37m[41m[1m\[22m[49m[39m][37m[41m[1m\[22m[49m[39m[33m:[39mh[33m-[39mauto[33m:[39mhas([33m>[39mtextarea){height[33m:[39mauto}[33m.[39maria[33m-[39mdisabled[37m[41m[1m\[22m[49m[39m[33m:[39mpointer[33m-[39mevents[33m-[39mnone[aria[33m-[39mdisabled[33m=[39m[36mtrue[39m]{pointer[33m-[39mevents[33m:[39mnone}[33m.[39maria[33m-[39mdisabled[37m[41m[1m\[22m[49m[39m[33m:[39mopacity[33m-[39m[35m50[39m[aria[33m-[39mdisabled[33m=[39m[36mtrue[39m]{opacity[33m:[39m[35m.5[39m}[33m.[39maria[33m-[39minvalid[37m[41m[1m\[22m[49m[39m[33m:[39mborder[33m-[39mdestructive[aria[33m-[39minvalid[33m=[39m[36mtrue[39m]{border[33m-[39mcolor[33m:[39m[36mvar[39m([33m--[39mdestructive)}[33m.[39maria[33m-[39minvalid[37m[41m[1m\[22m[49m[39m[33m:[39mring[33m-[39mdestructive[37m[41m[1m\[22m[49m[39m[33m/[39m[35m20[39m[aria[33m-[39minvalid[33m=[39m[36mtrue[39m]{[33m--[39mtw[33m-[39mring[33m-[39mcolor[33m:[39m[36mvar[39m([33m--[39mdestructive)}[33m@[39msupports (color[33m:[39mcolor[33m-[39mmix([36min[39m lab[33m,[39m red[33m,[39m red)){[33m.[39maria[33m-[39minvalid[37m[41m[1m\[22m[49m[39m[33m:[39mring[33m-[39mdestructive[37m[41m[1m\[22m[49m[39m[33m/[39m[35m20[39m[aria[33m-[39minvalid[33m=[39m[36mtrue[39m]{[33m--[39mtw[33m-[39mring[33m-[39mcolor[33m:[39mcolor[33m-[39mmix([36min[39m oklab[33m,[39m[36mvar[39m([33m--[39mdestructive)[35m20[39m[33m%[39m[33m,[39mtransparent)}}[33m.[39maria[33m-[39mselected[37m[41m[1m\[22m[49m[39m[33m:[39mtext[33m-[39mmuted[33m-[39mforeground[aria[33m-[39mselected[33m=[39m[36mtrue[39m]{color[33m:[39m[36mvar[39m([33m--[39mmuted[33m-[39mforeground)}[33m.[39mdata[33m-[39m[37m[41m[1m\[22m[49m[39m[active[37m[41m[1m\[22m[49m[39m[33m=[39m[36mtrue[39m[37m[41m[1m\[22m[49m[39m][37m[41m[1m\[22m[49m[39m[33m:[39mz[33m-[39m[35m10[39m[data[33m-[39mactive[33m=[39m[36mtrue[39m]{z[33m-[39mindex[33m:[39m[35m10[39m}[33m.[39mdata[33m-[39m[37m[41m[1m\[22m[49m[39m[active[37m[41m[1m\[22m[49m[39m[33m=[39m[36mtrue[39m[37m[41m[1m\[22m[49m[39m][37m[41m[1m\[22m[49m[39m[33m:[39mborder[33m-[39mring[data[33m-[39mactive[33m=[39m[36mtrue[39m]{border[33m-[39mcolor[33m:[39m[36mvar[39m([33m--[39mring)}[33m.[39mdata[33m-[39m[37m[41m[1m\[22m[49m[39m[active[37m[41m[1m\[22m[49m[39m[33m=[39m[36mtrue[39m[37m[41m[1m\[22m[49m[39m][37m[41m[1m\[22m[49m[39m[33m:[39mbg[33m-[39maccent[37m[41m[1m\[22m[49m[39m[33m/[39m[35m50[39m[data[33m-[39mactive[33m=[39m[36mtrue[39m]{background[33m-[39mcolor[33m:[39m[36mvar[39m([33m--[39maccent)}[33m@[39msupports (color[33m:[39mcolor[33m-[39mmix([36min[39m lab[33m,[39m red[33m,[39m red)){[33m.[39mdata[33m-[39m[37m[41m[1m\[22m[49m[39m[active[37m[41m[1m\[22m[49m[39m[33m=[39m[36mtrue[39m[37m[41m[1m\[22m[49m[39m][37m[41m[1m\[22m[49m[39m[33m:[39mbg[33m-[39maccent[37m[41m[1m\[22m[49m[39m[33m/[39m[35m50[39m[data[33m-[39mactive[33m=[39m[36mtrue[39m]{background[33m-[39mcolor[33m:[39mcolor[33m-[39mmix([36min[39m oklab[33m,[39m[36mvar[39m([33m--[39maccent)[35m50[39m[33m%[39m[33m,[39mtransparent)}}[33m.[39mdata[33m-[39m[37m[41m[1m\[22m[49m[39m[active[37m[41m[1m\[22m[49m[39m[33m=[39m[36mtrue[39m[37m[41m[1m\[22m[49m[39m][37m[41m[1m\[22m[49m[39m[33m:[39mfont[33m-[39mmedium[data[33m-[39mactive[33m=[39m[36mtrue[39m]{[33m--[39mtw[33m-[39mfont[33m-[39mweight[33m:[39m[36mvar[39m([33m--[39mfont[33m-[39mweight[33m-[39mmedium)[33m;[39mfont[33m-[39mweight[33m:[39m[36mvar[39m([33m--[39mfont[33m-[39mweight[33m-[39mmedium)}[33m.[39mdata[33m-[39m[37m[41m[1m\[22m[49m[39m[active[37m[41m[1m\[22m[49m[39m[33m=[39m[36mtrue[39m[37m[41m[1m\[22m[49m[39m][37m[41m[1m\[22m[49m[39m[33m:[39mtext[33m-[39maccent[33m-[39mforeground[data[33m-[39mactive[33m=[39m[36mtrue[39m]{color[33m:[39m[36mvar[39m([33m--[39maccent[33m-[39mforeground)}[33m.[39mdata[33m-[39m[37m[41m[1m\[22m[49m[39m[active[37m[41m[1m\[22m[49m[39m[33m=[39m[36mtrue[39m[37m[41m[1m\[22m[49m[39m][37m[41m[1m\[22m[49m[39m[33m:[39mring[33m-[39m[37m[41m[1m\[22m[49m[39m[[35m3[39mpx[37m[41m[1m\[22m[49m[39m][data[33m-[39mactive[33m=[39m[36mtrue[39m]{[33m--[39mtw[33m-[39mring[33m-[39mshadow[33m:[39m[36mvar[39m([33m--[39mtw[33m-[39mring[33m-[39minset[33m,[39m)[35m0[39m [35m0[39m [35m0[39m calc([35m3[39mpx [33m+[39m [36mvar[39m([33m--[39mtw[33m-[39mring[33m-[39moffset[33m-[39mwidth))[36mvar[39m([33m--[39mtw[33m-[39mring[33m-[39mcolor[33m,[39mcurrentcolor)[33m;[39mbox[33m-[39mshadow[33m:[39m[36mvar[39m([33m--[39mtw[33m-[39minset[33m-[39mshadow)[33m,[39m[36mvar[39m([33m--[39mtw[33m-[39minset[33m-[39mring[33m-[39mshadow)[33m,[39m[36mvar[39m([33m--[39mtw[33m-[39mring[33m-[39moffset[33m-[39mshadow)[33m,[39m[36mvar[39m([33m--[39mtw[33m-[39mring[33m-[39mshadow)[33m,[39m[36mvar[39m([33m--[39mtw[33m-[39mshadow)}[33m.[39mdata[33m-[39m[37m[41m[1m\[22m[49m[39m[active[37m[41m[1m\[22m[49m[39m[33m=[39m[36mtrue[39m[37m[41m[1m\[22m[49m[39m][37m[41m[1m\[22m[49m[39m[33m:[39mring[33m-[39mring[37m[41m[1m\[22m[49m[39m[33m/[39m[35m50[39m[data[33m-[39mactive[33m=[39m[36mtrue[39m]{[33m--[39mtw[33m-[39mring[33m-[39mcolor[33m:[39m[36mvar[39m([33m--[39mring)}[33m@[39msupports (color[33m:[39mcolor[33m-[39mmix([36min[39m lab[33m,[39m red[33m,[39m red)){[33m.[39mdata[33m-[39m[37m[41m[1m\[22m[49m[39m[active[37m[41m[1m\[22m[49m[39m[33m=[39m[36mtrue[39m[37m[41m[1m\[22m[49m[39m][37m[41m[1m\[22m[49m[39m[33m:[39mring[33m-[39mring[37m[41m[1m\[22m[49m[39m[33m/[39m[35m50[39m[data[33m-[39mactive[33m=[39m[36mtrue[39m]{[33m--[39mtw[33m-[39mring[33m-[39mcolor[33m:[39mcolor[33m-[39mmix([36min[39m oklab[33m,[39m[36mvar[39m([33m--[39mring)[35m50[39m[33m%[39m[33m,[39mtransparent)}}[33m@[39mmedia (hover[33m:[39mhover){[33m.[39mdata[33m-[39m[37m[41m[1m\[22m[49m[39m[active[37m[41m[1m\[22m[49m[39m[33m=[39m[36mtrue[39m[37m[41m[1m\[22m[49m[39m][37m[41m[1m\[22m[49m[39m[33m:[39mhover[37m[41m[1m\[22m[49m[39m[33m:[39mbg[33m-[39maccent[data[33m-[39mactive[33m=[39m[36mtrue[39m][33m:[39mhover{background[33m-[39mcolor[33m:[39m[36mvar[39m([33m--[39maccent)}}[33m.[39mdata[33m-[39m[37m[41m[1m\[22m[49m[39m[active[37m[41m[1m\[22m[49m[39m[33m=[39m[36mtrue[39m[37m[41m[1m\[22m[49m[39m][37m[41m[1m\[22m[49m[39m[33m:[39mfocus[37m[41m[1m\[22m[49m[39m[33m:[39mbg[33m-[39maccent[data[33m-[39mactive[33m=[39m[36mtrue[39m][33m:[39mfocus{background[33m-[39mcolor[33m:[39m[36mvar[39m([33m--[39maccent)}[33m.[39mdata[33m-[39m[37m[41m[1m\[22m[49m[39m[active[37m[41m[1m\[22m[49m[39m[33m=[39m[36mtrue[39m[37m[41m[1m\[22m[49m[39m][37m[41m[1m\[22m[49m[39m[33m:[39maria[33m-[39minvalid[37m[41m[1m\[22m[49m[39m[33m:[39mborder[33m-[39mdestructive[data[33m-[39mactive[33m=[39m[36mtrue[39m][aria[33m-[39minvalid[33m=[39m[36mtrue[39m]{border[33m-[39mcolor[33m:[39m[36mvar[39m([33m--[39mdestructive)}[33m.[39mdata[33m-[39m[37m[41m[1m\[22m[49m[39m[active[37m[41m[1m\[22m[49m[39m[33m=[39m[36mtrue[39m[37m[41m[1m\[22m[49m[39m][37m[41m[1m\[22m[49m[39m[33m:[39maria[33m-[39minvalid[37m[41m[1m\[22m[49m[39m[33m:[39mring[33m-[39mdestructive[37m[41m[1m\[22m[49m[39m[33m/[39m[35m20[39m[data[33m-[39mactive[33m=[39m[36mtrue[39m][aria[33m-[39minvalid[33m=[39m[36mtrue[39m]{[33m--[39mtw[33m-[39mring[33m-[39mcolor[33m:[39m[36mvar[39m([33m--[39mdestructive)}[33m@[39msupports (color[33m:[39mcolor[33m-[39mmix([36min[39m lab[33m,[39m red[33m,[39m red)){[33m.[39mdata[33m-[39m[37m[41m[1m\[22m[49m[39m[active[37m[41m[1m\[22m[49m[39m[33m=[39m[36mtrue[39m[37m[41m[1m\[22m[49m[39m][37m[41m[1m\[22m[49m[39m[33m:[39maria[33m-[39minvalid[37m[41m[1m\[22m[49m[39m[33m:[39mring[33m-[39mdestructive[37m[41m[1m\[22m[49m[39m[33m/[39m[35m20[39m[data[33m-[39mactive[33m=[39m[36mtrue[39m][aria[33m-[39minvalid[33m=[39m[36mtrue[39m]{[33m--[39mtw[33m-[39mring[33m-[39mcolor[33m:[39mcolor[33m-[39mmix([36min[39m oklab[33m,[39m[36mvar[39m([33m--[39mdestructive)[35m20[39m[33m%[39m[33m,[39mtransparent)}}[33m.[39mdata[33m-[39m[37m[41m[1m\[22m[49m[39m[disabled[37m[41m[1m\[22m[49m[39m][37m[41m[1m\[22m[49m[39m[33m:[39mpointer[33m-[39mevents[33m-[39mnone[data[33m-[39mdisabled]{pointer[33m-[39mevents[33m:[39mnone}[33m.[39mdata[33m-[39m[37m[41m[1m\[22m[49m[39m[disabled[37m[41m[1m\[22m[49m[39m][37m[41m[1m\[22m[49m[39m[33m:[39mopacity[33m-[39m[35m50[39m[data[33m-[39mdisabled]{opacity[33m:[39m[35m.5[39m}[33m.[39mdata[33m-[39m[37m[41m[1m\[22m[49m[39m[disabled[37m[41m[1m\[22m[49m[39m[33m=[39m[36mtrue[39m[37m[41m[1m\[22m[49m[39m][37m[41m[1m\[22m[49m[39m[33m:[39mpointer[33m-[39mevents[33m-[39mnone[data[33m-[39mdisabled[33m=[39m[36mtrue[39m]{pointer[33m-[39mevents[33m:[39mnone}[33m.[39mdata[33m-[39m[37m[41m[1m\[22m[49m[39m[disabled[37m[41m[1m\[22m[49m[39m[33m=[39m[36mtrue[39m[37m[41m[1m\[22m[49m[39m][37m[41m[1m\[22m[49m[39m[33m:[39mopacity[33m-[39m[35m50[39m[data[33m-[39mdisabled[33m=[39m[36mtrue[39m]{opacity[33m:[39m[35m.5[39m}[33m.[39mdata[33m-[39m[37m[41m[1m\[22m[49m[39m[error[37m[41m[1m\[22m[49m[39m[33m=[39m[36mtrue[39m[37m[41m[1m\[22m[49m[39m][37m[41m[1m\[22m[49m[39m[33m:[39mtext[33m-[39mdestructive[data[33m-[39merror[33m=[39m[36mtrue[39m]{color[33m:[39m[36mvar[39m([33m--[39mdestructive)}[33m.[39mdata[33m-[39m[37m[41m[1m\[22m[49m[39m[inset[37m[41m[1m\[22m[49m[39m][37m[41m[1m\[22m[49m[39m[33m:[39mpl[33m-[39m[35m8[39m[data[33m-[39minset]{padding[33m-[39mleft[33m:[39mcalc([36mvar[39m([33m--[39mspacing)[33m*[39m[35m8[39m)}[33m.[39mdata[33m-[39m[37m[41m[1m\[22m[49m[39m[invalid[37m[41m[1m\[22m[49m[39m[33m=[39m[36mtrue[39m[37m[41m[1m\[22m[49m[39m][37m[41m[1m\[22m[49m[39m[33m:[39mtext[33m-[39mdestructive[data[33m-[39minvalid[33m=[39m[36mtrue[39m]{color[33m:[39m[36mvar[39m([33m--[39mdestructive)}[33m.[39mdata[33m-[39m[37m[41m[1m\[22m[49m[39m[motion[37m[41m[1m\[22m[49m[39m[33m=[39m[36mfrom[39m[33m-[39mend[37m[41m[1m\[22m[49m[39m][37m[41m[1m\[22m[49m[39m[33m:[39mslide[33m-[39m[36min[39m[33m-[39m[36mfrom[39m[33m-[39mright[33m-[39m[35m52[39m[data[33m-[39mmotion[33m=[39m[36mfrom[39m[33m-[39mend]{[33m--[39mtw[33m-[39menter[33m-[39mtranslate[33m-[39mx[33m:[39mcalc([35m52[39m[33m*[39m[36mvar[39m([33m--[39mspacing))}[33m.[39mdata[33m-[39m[37m[41m[1m\[22m[49m[39m[motion[37m[41m[1m\[22m[49m[39m[33m=[39m[36mfrom[39m[33m-[39mstart[37m[41m[1m\[22m[49m[39m][37m[41m[1m\[22m[49m[39m[33m:[39mslide[33m-[39m[36min[39m[33m-[39m[36mfrom[39m[33m-[39mleft[33m-[39m[35m52[39m[data[33m-[39mmotion[33m=[39m[36mfrom[39m[33m-[39mstart]{[33m--[39mtw[33m-[39menter[33m-[39mtranslate[33m-[39mx[33m:[39mcalc([35m52[39m[33m*[39m[36mvar[39m([33m--[39mspacing)[33m*[39m[33m-[39m[35m1[39m)}[33m.[39mdata[33m-[39m[37m[41m[1m\[22m[49m[39m[motion[37m[41m[1m\[22m[49m[39m[33m=[39mto[33m-[39mend[37m[41m[1m\[22m[49m[39m][37m[41m[1m\[22m[49m[39m[33m:[39mslide[33m-[39mout[33m-[39mto[33m-[39mright[33m-[39m[35m52[39m[data[33m-[39mmotion[33m=[39mto[33m-[39mend]{[33m--[39mtw[33m-[39mexit[33m-[39mtranslate[33m-[39mx[33m:[39mcalc([35m52[39m[33m*[39m[36mvar[39m([33m--[39mspacing))}[33m.[39mdata[33m-[39m[37m[41m[1m\[22m[49m[39m[motion[37m[41m[1m\[22m[49m[39m[33m=[39mto[33m-[39mstart[37m[41m[1m\[22m[49m[39m][37m[41m[1m\[22m[49m[39m[33m:[39mslide[33m-[39mout[33m-[39mto[33m-[39mleft[33m-[39m[35m52[39m[data[33m-[39mmotion[33m=[39mto[33m-[39mstart]{[33m--[39mtw[33m-[39mexit[33m-[39mtranslate[33m-[39mx[33m:[39mcalc([35m52[39m[33m*[39m[36mvar[39m([33m--[39mspacing)[33m*[39m[33m-[39m[35m1[39m)}[33m.[39mdata[33m-[39m[37m[41m[1m\[22m[49m[39m[motion[37m[41m[1m\[22m[49m[39m[33m^[39m[37m[41m[1m\[22m[49m[39m[33m=[39m[36mfrom[39m[33m-[39m[37m[41m[1m\[22m[49m[39m][37m[41m[1m\[22m[49m[39m[33m:[39manimate[33m-[39m[36min[39m[data[33m-[39mmotion[33m^=[39m[36mfrom[39m[33m-[39m]{animation[33m:[39menter [36mvar[39m([33m--[39mtw[33m-[39manimation[33m-[39mduration[33m,[39m[36mvar[39m([33m--[39mtw[33m-[39mduration[33m,[39m[35m.15[39ms))[36mvar[39m([33m--[39mtw[33m-[39mease[33m,[39mease)[36mvar[39m([33m--[39mtw[33m-[39manimation[33m-[39mdelay[33m,[39m[35m0[39ms)[36mvar[39m([33m--[39mtw[33m-[39manimation[33m-[39miteration[33m-[39mcount[33m,[39m[35m1[39m)[36mvar[39m([33m--[39mtw[33m-[39manimation[33m-[39mdirection[33m,[39mnormal)[36mvar[39m([33m--[39mtw[33m-[39manimation[33m-[39mfill[33m-[39mmode[33m,[39mforwards)}[33m.[39mdata[33m-[39m[37m[41m[1m\[22m[49m[39m[motion[37m[41m[1m\[22m[49m[39m[33m^[39m[37m[41m[1m\[22m[49m[39m[33m=[39m[36mfrom[39m[33m-[39m[37m[41m[1m\[22m[49m[39m][37m[41m[1m\[22m[49m[39m[33m:[39mfade[33m-[39m[36min[39m[data[33m-[39mmotion[33m^=[39m[36mfrom[39m[33m-[39m]{[33m--[39mtw[33m-[39menter[33m-[39mopacity[33m:[39m[35m0[39m}[33m.[39mdata[33m-[39m[37m[41m[1m\[22m[49m[39m[motion[37m[41m[1m\[22m[49m[39m[33m^[39m[37m[41m[1m\[22m[49m[39m[33m=[39mto[33m-[39m[37m[41m[1m\[22m[49m[39m][37m[41m[1m\[22m[49m[39m[33m:[39manimate[33m-[39mout[data[33m-[39mmotion[33m^=[39mto[33m-[39m]{animation[33m:[39mexit [36mvar[39m([33m--[39mtw[33m-[39manimation[33m-[39mduration[33m,[39m[36mvar[39m([33m--[39mtw[33m-[39mduration[33m,[39m[35m.15[39ms))[36mvar[39m([33m--[39mtw[33m-[39mease[33m,[39mease)[36mvar[39m([33m--[39mtw[33m-[39manimation[33m-[39mdelay[33m,[39m[35m0[39ms)[36mvar[39m([33m--[39mtw[33m-[39manimation[33m-[39miteration[33m-[39mcount[33m,[39m[35m1[39m)[36mvar[39m([33m--[39mtw[33m-[39manimation[33m-[39mdirection[33m,[39mnormal)[36mvar[39m([33m--[39mtw[33m-[39manimation[33m-[39mfill[33m-[39mmode[33m,[39mforwards)}[33m.[39mdata[33m-[39m[37m[41m[1m\[22m[49m[39m[motion[37m[41m[1m\[22m[49m[39m[33m^[39m[37m[41m[1m\[22m[49m[39m[33m=[39mto[33m-[39m[37m[41m[1m\[22m[49m[39m][37m[41m[1m\[22m[49m[39m[33m:[39mfade[33m-[39mout[data[33m-[39mmotion[33m^=[39mto[33m-[39m]{[33m--[39mtw[33m-[39mexit[33m-[39mopacity[33m:[39m[35m0[39m}[33m.[39mdata[33m-[39m[37m[41m[1m\[22m[49m[39m[orientation[37m[41m[1m\[22m[49m[39m[33m=[39mhorizontal[37m[41m[1m\[22m[49m[39m][37m[41m[1m\[22m[49m[39m[33m:[39mh[33m-[39m[35m1[39m[37m[41m[1m\[22m[49m[39m[35m.5[39m[data[33m-[39morientation[33m=[39mhorizontal]{height[33m:[39mcalc([36mvar[39m([33m--[39mspacing)[33m*[39m[35m1.5[39m)}[33m.[39mdata[33m-[39m[37m[41m[1m\[22m[49m[39m[orientation[37m[41m[1m\[22m[49m[39m[33m=[39mhorizontal[37m[41m[1m\[22m[49m[39m][37m[41m[1m\[22m[49m[39m[33m:[39mh[33m-[39mfull[data[33m-[39morientation[33m=[39mhorizontal]{height[33m:[39m[35m100[39m[33m%[39m}[33m.[39mdata[33m-[39m[37m[41m[1m\[22m[49m[39m[orientation[37m[41m[1m\[22m[49m[39m[33m=[39mhorizontal[37m[41m[1m\[22m[49m[39m][37m[41m[1m\[22m[49m[39m[33m:[39mh[33m-[39mpx[data[33m-[39morientation[33m=[39mhorizontal]{height[33m:[39m[35m1[39mpx}[33m.[39mdata[33m-[39m[37m[41m[1m\[22m[49m[39m[orientation[37m[41m[1m\[22m[49m[39m[33m=[39mhorizontal[37m[41m[1m\[22m[49m[39m][37m[41m[1m\[22m[49m[39m[33m:[39mw[33m-[39mfull[data[33m-[39morientation[33m=[39mhorizontal]{width[33m:[39m[35m100[39m[33m%[39m}[33m.[39mdata[33m-[39m[37m[41m[1m\[22m[49m[39m[orientation[37m[41m[1m\[22m[49m[39m[33m=[39mvertical[37m[41m[1m\[22m[49m[39m][37m[41m[1m\[22m[49m[39m[33m:[39mh[33m-[39mauto[data[33m-[39morientation[33m=[39mvertical]{height[33m:[39mauto}[33m.[39mdata[33m-[39m[37m[41m[1m\[22m[49m[39m[orientation[37m[41m[1m\[22m[49m[39m[33m=[39mvertical[37m[41m[1m\[22m[49m[39m][37m[41m[1m\[22m[49m[39m[33m:[39mh[33m-[39mfull[data[33m-[39morientation[33m=[39mvertical]{height[33m:[39m[35m100[39m[33m%[39m}[33m.[39mdata[33m-[39m[37m[41m[1m\[22m[49m[39m[orientation[37m[41m[1m\[22m[49m[39m[33m=[39mvertical[37m[41m[1m\[22m[49m[39m][37m[41m[1m\[22m[49m[39m[33m:[39mmin[33m-[39mh[33m-[39m[35m44[39m[data[33m-[39morientation[33m=[39mvertical]{min[33m-[39mheight[33m:[39mcalc([36mvar[39m([33m--[39mspacing)[33m*[39m[35m44[39m)}[33m.[39mdata[33m-[39m[37m[41m[1m\[22m[49m[39m[orientation[37m[41m[1m\[22m[49m[39m[33m=[39mvertical[37m[41m[1m\[22m[49m[39m][37m[41m[1m\[22m[49m[39m[33m:[39mw[33m-[39m[35m1[39m[37m[41m[1m\[22m[49m[39m[35m.5[39m[data[33m-[39morientation[33m=[39mvertical]{width[33m:[39mcalc([36mvar[39m([33m--[39mspacing)[33m*[39m[35m1.5[39m)}[33m.[39mdata[33m-[39m[37m[41m[1m\[22m[49m[39m[orientation[37m[41m[1m\[22m[49m[39m[33m=[39mvertical[37m[41m[1m\[22m[49m[39m][37m[41m[1m\[22m[49m[39m[33m:[39mw[33m-[39mauto[data[33m-[39morientation[33m=[39mvertical]{width[33m:[39mauto}[33m.[39mdata[33m-[39m[37m[41m[1m\[22m[49m[39m[orientation[37m[41m[1m\[22m[49m[39m[33m=[39mvertical[37m[41m[1m\[22m[49m[39m][37m[41m[1m\[22m[49m[39m[33m:[39mw[33m-[39mfull[data[33m-[39morientation[33m=[39mvertical]{width[33m:[39m[35m100[39m[33m%[39m}[33m.[39mdata[33m-[39m[37m[41m[1m\[22m[49m[39m[orientation[37m[41m[1m\[22m[49m[39m[33m=[39mvertical[37m[41m[1m\[22m[49m[39m][37m[41m[1m\[22m[49m[39m[33m:[39mw[33m-[39mpx[data[33m-[39morientation[33m=[39mvertical]{width[33m:[39m[35m1[39mpx}[33m.[39mdata[33m-[39m[37m[41m[1m\[22m[49m[39m[orientation[37m[41m[1m\[22m[49m[39m[33m=[39mvertical[37m[41m[1m\[22m[49m[39m][37m[41m[1m\[22m[49m[39m[33m:[39mflex[33m-[39mcol[data[33m-[39morientation[33m=[39mvertical]{flex[33m-[39mdirection[33m:[39mcolumn}[33m.[39mdata[33m-[39m[37m[41m[1m\[22m[49m[39m[panel[33m-[39mgroup[33m-[39mdirection[37m[41m[1m\[22m[49m[39m[33m=[39mvertical[37m[41m[1m\[22m[49m[39m][37m[41m[1m\[22m[49m[39m[33m:[39mh[33m-[39mpx[data[33m-[39mpanel[33m-[39mgroup[33m-[39mdirection[33m=[39mvertical]{height[33m:[39m[35m1[39mpx}[33m.[39mdata[33m-[39m[37m[41m[1m\[22m[49m[39m[panel[33m-[39mgroup[33m-[39mdirection[37m[41m[1m\[22m[49m[39m[33m=[39mvertical[37m[41m[1m\[22m[49m[39m][37m[41m[1m\[22m[49m[39m[33m:[39mw[33m-[39mfull[data[33m-[39mpanel[33m-[39mgroup[33m-[39mdirection[33m=[39mvertical]{width[33m:[39m[35m100[39m[33m%[39m}[33m.[39mdata[33m-[39m[37m[41m[1m\[22m[49m[39m[panel[33m-[39mgroup[33m-[39mdirection[37m[41m[1m\[22m[49m[39m[33m=[39mvertical[37m[41m[1m\[22m[49m[39m][37m[41m[1m\[22m[49m[39m[33m:[39mflex[33m-[39mcol[data[33m-[39mpanel[33m-[39mgroup[33m-[39mdirection[33m=[39mvertical]{flex[33m-[39mdirection[33m:[39mcolumn}[33m.[39mdata[33m-[39m[37m[41m[1m\[22m[49m[39m[panel[33m-[39mgroup[33m-[39mdirection[37m[41m[1m\[22m[49m[39m[33m=[39mvertical[37m[41m[1m\[22m[49m[39m][37m[41m[1m\[22m[49m[39m[33m:[39mafter[37m[41m[1m\[22m[49m[39m[33m:[39mleft[33m-[39m[35m0[39m[data[33m-[39mpanel[33m-[39mgroup[33m-[39mdirection[33m=[39mvertical][33m:[39mafter{content[33m:[39m[36mvar[39m([33m--[39mtw[33m-[39mcontent)[33m;[39mleft[33m:[39mcalc([36mvar[39m([33m--[39mspacing)[33m*[39m[35m0[39m)}[33m.[39mdata[33m-[39m[37m[41m[1m\[22m[49m[39m[panel[33m-[39mgroup[33m-[39mdirection[37m[41m[1m\[22m[49m[39m[33m=[39mvertical[37m[41m[1m\[22m[49m[39m][37m[41m[1m\[22m[49m[39m[33m:[39mafter[37m[41m[1m\[22m[49m[39m[33m:[39mh[33m-[39m[35m1[39m[data[33m-[39mpanel[33m-[39mgroup[33m-[39mdirection[33m=[39mvertical][33m:[39mafter{content[33m:[39m[36mvar[39m([33m--[39mtw[33m-[39mcontent)[33m;[39mheight[33m:[39mcalc([36mvar[39m([33m--[39mspacing)[33m*[39m[35m1[39m)}[33m.[39mdata[33m-[39m[37m[41m[1m\[22m[49m[39m[panel[33m-[39mgroup[33m-[39mdirection[37m[41m[1m\[22m[49m[39m[33m=[39mvertical[37m[41m[1m\[22m[49m[39m][37m[41m[1m\[22m[49m[39m[33m:[39mafter[37m[41m[1m\[22m[49m[39m[33m:[39mw[33m-[39mfull[data[33m-[39mpanel[33m-[39mgroup[33m-[39mdirection[33m=[39mvertical][33m:[39mafter{content[33m:[39m[36mvar[39m([33m--[39mtw[33m-[39mcontent)[33m;[39mwidth[33m:[39m[35m100[39m[33m%[39m}[33m.[39mdata[33m-[39m[37m[41m[1m\[22m[49m[39m[panel[33m-[39mgroup[33m-[39mdirection[37m[41m[1m\[22m[49m[39m[33m=[39mvertical[37m[41m[1m\[22m[49m[39m][37m[41m[1m\[22m[49m[39m[33m:[39mafter[37m[41m[1m\[22m[49m[39m[33m:[39mtranslate[33m-[39mx[33m-[39m[35m0[39m[data[33m-[39mpanel[33m-[39mgroup[33m-[39mdirection[33m=[39mvertical][33m:[39mafter{content[33m:[39m[36mvar[39m([33m--[39mtw[33m-[39mcontent)[33m;[39m[33m--[39mtw[33m-[39mtranslate[33m-[39mx[33m:[39mcalc([36mvar[39m([33m--[39mspacing)[33m*[39m[35m0[39m)[33m;[39mtranslate[33m:[39m[36mvar[39m([33m--[39mtw[33m-[39mtranslate[33m-[39mx)[36mvar[39m([33m--[39mtw[33m-[39mtranslate[33m-[39my)}[33m.[39mdata[33m-[39m[37m[41m[1m\[22m[49m[39m[panel[33m-[39mgroup[33m-[39mdirection[37m[41m[1m\[22m[49m[39m[33m=[39mvertical[37m[41m[1m\[22m[49m[39m][37m[41m[1m\[22m[49m[39m[33m:[39mafter[37m[41m[1m\[22m[49m[39m[33m:[39m[33m-[39mtranslate[33m-[39my[33m-[39m[35m1[39m[37m[41m[1m\[22m[49m[39m[33m/[39m[35m2[39m[data[33m-[39mpanel[33m-[39mgroup[33m-[39mdirection[33m=[39mvertical][33m:[39mafter{content[33m:[39m[36mvar[39m([33m--[39mtw[33m-[39mcontent)[33m;[39m[33m--[39mtw[33m-[39mtranslate[33m-[39my[33m:[39mcalc(calc([35m1[39m[33m/[39m[35m2[39m[33m*[39m[35m100[39m[33m%[39m)[33m*[39m[33m-[39m[35m1[39m)[33m;[39mtranslate[33m:[39m[36mvar[39m([33m--[39mtw[33m-[39mtranslate[33m-[39mx)[36mvar[39m([33m--[39mtw[33m-[39mtranslate[33m-[39my)}[33m.[39mdata[33m-[39m[37m[41m[1m\[22m[49m[39m[placeholder[37m[41m[1m\[22m[49m[39m][37m[41m[1m\[22m[49m[39m[33m:[39mtext[33m-[39mmuted[33m-[39mforeground[data[33m-[39mplaceholder]{color[33m:[39m[36mvar[39m([33m--[39mmuted[33m-[39mforeground)}[33m.[39mdata[33m-[39m[37m[41m[1m\[22m[49m[39m[range[33m-[39mend[37m[41m[1m\[22m[49m[39m[33m=[39m[36mtrue[39m[37m[41m[1m\[22m[49m[39m][37m[41m[1m\[22m[49m[39m[33m:[39mrounded[33m-[39mmd[data[33m-[39mrange[33m-[39mend[33m=[39m[36mtrue[39m]{border[33m-[39mradius[33m:[39mcalc([36mvar[39m([33m--[39mradius) [33m-[39m [35m2[39mpx)}[33m.[39mdata[33m-[39m[37m[41m[1m\[22m[49m[39m[range[33m-[39mend[37m[41m[1m\[22m[49m[39m[33m=[39m[36mtrue[39m[37m[41m[1m\[22m[49m[39m][37m[41m[1m\[22m[49m[39m[33m:[39mrounded[33m-[39mr[33m-[39mmd[data[33m-[39mrange[33m-[39mend[33m=[39m[36mtrue[39m]{border[33m-[39mtop[33m-[39mright[33m-[39mradius[33m:[39mcalc([36mvar[39m([33m--[39mradius) [33m-[39m [35m2[39mpx)[33m;[39mborder[33m-[39mbottom[33m-[39mright[33m-[39mradius[33m:[39mcalc([36mvar[39m([33m--[39mradius) [33m-[39m [35m2[39mpx)}[33m.[39mdata[33m-[39m[37m[41m[1m\[22m[49m[39m[range[33m-[39mend[37m[41m[1m\[22m[49m[39m[33m=[39m[36mtrue[39m[37m[41m[1m\[22m[49m[39m][37m[41m[1m\[22m[49m[39m[33m:[39mbg[33m-[39mprimary[data[33m-[39mrange[33m-[39mend[33m=[39m[36mtrue[39m]{background[33m-[39mcolor[33m:[39m[36mvar[39m([33m--[39mprimary)}[33m.[39mdata[33m-[39m[37m[41m[1m\[22m[49m[39m[range[33m-[39mend[37m[41m[1m\[22m[49m[39m[33m=[39m[36mtrue[39m[37m[41m[1m\[22m[49m[39m][37m[41m[1m\[22m[49m[39m[33m:[39mtext[33m-[39mprimary[33m-[39mforeground[data[33m-[39mrange[33m-[39mend[33m=[39m[36mtrue[39m]{color[33m:[39m[36mvar[39m([33m--[39mprimary[33m-[39mforeground)}[33m.[39mdata[33m-[39m[37m[41m[1m\[22m[49m[39m[range[33m-[39mmiddle[37m[41m[1m\[22m[49m[39m[33m=[39m[36mtrue[39m[37m[41m[1m\[22m[49m[39m][37m[41m[1m\[22m[49m[39m[33m:[39mrounded[33m-[39mnone[data[33m-[39mrange[33m-[39mmiddle[33m=[39m[36mtrue[39m]{border[33m-[39mradius[33m:[39m[35m0[39m}[33m.[39mdata[33m-[39m[37m[41m[1m\[22m[49m[39m[range[33m-[39mmiddle[37m[41m[1m\[22m[49m[39m[33m=[39m[36mtrue[39m[37m[41m[1m\[22m[49m[39m][37m[41m[1m\[22m[49m[39m[33m:[39mbg[33m-[39maccent[data[33m-[39mrange[33m-[39mmiddle[33m=[39m[36mtrue[39m]{background[33m-[39mcolor[33m:[39m[36mvar[39m([33m--[39maccent)}[33m.[39mdata[33m-[39m[37m[41m[1m\[22m[49m[39m[range[33m-[39mmiddle[37m[41m[1m\[22m[49m[39m[33m=[39m[36mtrue[39m[37m[41m[1m\[22m[49m[39m][37m[41m[1m\[22m[49m[39m[33m:[39mtext[33m-[39maccent[33m-[39mforeground[data[33m-[39mrange[33m-[39mmiddle[33m=[39m[36mtrue[39m]{color[33m:[39m[36mvar[39m([33m--[39maccent[33m-[39mforeground)}[33m.[39mdata[33m-[39m[37m[41m[1m\[22m[49m[39m[range[33m-[39mstart[37m[41m[1m\[22m[49m[39m[33m=[39m[36mtrue[39m[37m[41m[1m\[22m[49m[39m][37m[41m[1m\[22m[49m[39m[33m:[39mrounded[33m-[39mmd[data[33m-[39mrange[33m-[39mstart[33m=[39m[36mtrue[39m]{border[33m-[39mradius[33m:[39mcalc([36mvar[39m([33m--[39mradius) [33m-[39m [35m2[39mpx)}[33m.[39mdata[33m-[39m[37m[41m[1m\[22m[49m[39m[range[33m-[39mstart[37m[41m[1m\[22m[49m[39m[33m=[39m[36mtrue[39m[37m[41m[1m\[22m[49m[39m][37m[41m[1m\[22m[49m[39m[33m:[39mrounded[33m-[39ml[33m-[39mmd[data[33m-[39mrange[33m-[39mstart[33m=[39m[36mtrue[39m]{border[33m-[39mtop[33m-[39mleft[33m-[39mradius[33m:[39mcalc([36mvar[39m([33m--[39mradius) [33m-[39m [35m2[39mpx)[33m;[39mborder[33m-[39mbottom[33m-[39mleft[33m-[39mradius[33m:[39mcalc([36mvar[39m([33m--[39mradius) [33m-[39m [35m2[39mpx)}[33m.[39mdata[33m-[39m[37m[41m[1m\[22m[49m[39m[range[33m-[39mstart[37m[41m[1m\[22m[49m[39m[33m=[39m[36mtrue[39m[37m[41m[1m\[22m[49m[39m][37m[41m[1m\[22m[49m[39m[33m:[39mbg[33m-[39mprimary[data[33m-[39mrange[33m-[39mstart[33m=[39m[36mtrue[39m]{background[33m-[39mcolor[33m:[39m[36mvar[39m([33m--[39mprimary)}[33m.[39mdata[33m-[39m[37m[41m[1m\[22m[49m[39m[range[33m-[39mstart[37m[41m[1m\[22m[49m[39m[33m=[39m[36mtrue[39m[37m[41m[1m\[22m[49m[39m][37m[41m[1m\[22m[49m[39m[33m:[39mtext[33m-[39mprimary[33m-[39mforeground[data[33m-[39mrange[33m-[39mstart[33m=[39m[36mtrue[39m]{color[33m:[39m[36mvar[39m([33m--[39mprimary[33m-[39mforeground)}[33m.[39mdata[33m-[39m[37m[41m[1m\[22m[49m[39m[selected[33m-[39msingle[37m[41m[1m\[22m[49m[39m[33m=[39m[36mtrue[39m[37m[41m[1m\[22m[49m[39m][37m[41m[1m\[22m[49m[39m[33m:[39mbg[33m-[39mprimary[data[33m-[39mselected[33m-[39msingle[33m=[39m[36mtrue[39m]{background[33m-[39mcolor[33m:[39m[36mvar[39m([33m--[39mprimary)}[33m.[39mdata[33m-[39m[37m[41m[1m\[22m[49m[39m[selected[33m-[39msingle[37m[41m[1m\[22m[49m[39m[33m=[39m[36mtrue[39m[37m[41m[1m\[22m[49m[39m][37m[41m[1m\[22m[49m[39m[33m:[39mtext[33m-[39mprimary[33m-[39mforeground[data[33m-[39mselected[33m-[39msingle[33m=[39m[36mtrue[39m]{color[33m:[39m[36mvar[39m([33m--[39mprimary[33m-[39mforeground)}[33m.[39mdata[33m-[39m[37m[41m[1m\[22m[49m[39m[selected[37m[41m[1m\[22m[49m[39m[33m=[39m[36mtrue[39m[37m[41m[1m\[22m[49m[39m][37m[41m[1m\[22m[49m[39m[33m:[39mrounded[33m-[39mnone[data[33m-[39mselected[33m=[39m[36mtrue[39m]{border[33m-[39mradius[33m:[39m[35m0[39m}[33m.[39mdata[33m-[39m[37m[41m[1m\[22m[49m[39m[selected[37m[41m[1m\[22m[49m[39m[33m=[39m[36mtrue[39m[37m[41m[1m\[22m[49m[39m][37m[41m[1m\[22m[49m[39m[33m:[39mbg[33m-[39maccent[data[33m-[39mselected[33m=[39m[36mtrue[39m]{background[33m-[39mcolor[33m:[39m[36mvar[39m([33m--[39maccent)}[33m.[39mdata[33m-[39m[37m[41m[1m\[22m[49m[39m[selected[37m[41m[1m\[22m[49m[39m[33m=[39m[36mtrue[39m[37m[41m[1m\[22m[49m[39m][37m[41m[1m\[22m[49m[39m[33m:[39mtext[33m-[39maccent[33m-[39mforeground[data[33m-[39mselected[33m=[39m[36mtrue[39m]{color[33m:[39m[36mvar[39m([33m--[39maccent[33m-[39mforeground)}[33m.[39mdata[33m-[39m[37m[41m[1m\[22m[49m[39m[side[37m[41m[1m\[22m[49m[39m[33m=[39mbottom[37m[41m[1m\[22m[49m[39m][37m[41m[1m\[22m[49m[39m[33m:[39mtranslate[33m-[39my[33m-[39m[35m1[39m[data[33m-[39mside[33m=[39mbottom]{[33m--[39mtw[33m-[39mtranslate[33m-[39my[33m:[39mcalc([36mvar[39m([33m--[39mspacing)[33m*[39m[35m1[39m)[33m;[39mtranslate[33m:[39m[36mvar[39m([33m--[39mtw[33m-[39mtranslate[33m-[39mx)[36mvar[39m([33m--[39mtw[33m-[39mtranslate[33m-[39my)}[33m.[39mdata[33m-[39m[37m[41m[1m\[22m[49m[39m[side[37m[41m[1m\[22m[49m[39m[33m=[39mbottom[37m[41m[1m\[22m[49m[39m][37m[41m[1m\[22m[49m[39m[33m:[39mslide[33m-[39m[36min[39m[33m-[39m[36mfrom[39m[33m-[39mtop[33m-[39m[35m2[39m[data[33m-[39mside[33m=[39mbottom]{[33m--[39mtw[33m-[39menter[33m-[39mtranslate[33m-[39my[33m:[39mcalc([35m2[39m[33m*[39m[36mvar[39m([33m--[39mspacing)[33m*[39m[33m-[39m[35m1[39m)}[33m.[39mdata[33m-[39m[37m[41m[1m\[22m[49m[39m[side[37m[41m[1m\[22m[49m[39m[33m=[39mleft[37m[41m[1m\[22m[49m[39m][37m[41m[1m\[22m[49m[39m[33m:[39m[33m-[39mtranslate[33m-[39mx[33m-[39m[35m1[39m[data[33m-[39mside[33m=[39mleft]{[33m--[39mtw[33m-[39mtranslate[33m-[39mx[33m:[39mcalc([36mvar[39m([33m--[39mspacing)[33m*[39m[33m-[39m[35m1[39m)[33m;[39mtranslate[33m:[39m[36mvar[39m([33m--[39mtw[33m-[39mtranslate[33m-[39mx)[36mvar[39m([33m--[39mtw[33m-[39mtranslate[33m-[39my)}[33m.[39mdata[33m-[39m[37m[41m[1m\[22m[49m[39m[side[37m[41m[1m\[22m[49m[39m[33m=[39mleft[37m[41m[1m\[22m[49m[39m][37m[41m[1m\[22m[49m[39m[33m:[39mslide[33m-[39m[36min[39m[33m-[39m[36mfrom[39m[33m-[39mright[33m-[39m[35m2[39m[data[33m-[39mside[33m=[39mleft]{[33m--[39mtw[33m-[39menter[33m-[39mtranslate[33m-[39mx[33m:[39mcalc([35m2[39m[33m*[39m[36mvar[39m([33m--[39mspacing))}[33m.[39mdata[33m-[39m[37m[41m[1m\[22m[49m[39m[side[37m[41m[1m\[22m[49m[39m[33m=[39mright[37m[41m[1m\[22m[49m[39m][37m[41m[1m\[22m[49m[39m[33m:[39mtranslate[33m-[39mx[33m-[39m[35m1[39m[data[33m-[39mside[33m=[39mright]{[33m--[39mtw[33m-[39mtranslate[33m-[39mx[33m:[39mcalc([36mvar[39m([33m--[39mspacing)[33m*[39m[35m1[39m)[33m;[39mtranslate[33m:[39m[36mvar[39m([33m--[39mtw[33m-[39mtranslate[33m-[39mx)[36mvar[39m([33m--[39mtw[33m-[39mtranslate[33m-[39my)}[33m.[39mdata[33m-[39m[37m[41m[1m\[22m[49m[39m[side[37m[41m[1m\[22m[49m[39m[33m=[39mright[37m[41m[1m\[22m[49m[39m][37m[41m[1m\[22m[49m[39m[33m:[39mslide[33m-[39m[36min[39m[33m-[39m[36mfrom[39m[33m-[39mleft[33m-[39m[35m2[39m[data[33m-[39mside[33m=[39mright]{[33m--[39mtw[33m-[39menter[33m-[39mtranslate[33m-[39mx[33m:[39mcalc([35m2[39m[33m*[39m[36mvar[39m([33m--[39mspacing)[33m*[39m[33m-[39m[35m1[39m)}[33m.[39mdata[33m-[39m[37m[41m[1m\[22m[49m[39m[side[37m[41m[1m\[22m[49m[39m[33m=[39mtop[37m[41m[1m\[22m[49m[39m][37m[41m[1m\[22m[49m[39m[33m:[39m[33m-[39mtranslate[33m-[39my[33m-[39m[35m1[39m[data[33m-[39mside[33m=[39mtop]{[33m--[39mtw[33m-[39mtranslate[33m-[39my[33m:[39mcalc([36mvar[39m([33m--[39mspacing)[33m*[39m[33m-[39m[35m1[39m)[33m;[39mtranslate[33m:[39m[36mvar[39m([33m--[39mtw[33m-[39mtranslate[33m-[39mx)[36mvar[39m([33m--[39mtw[33m-[39mtranslate[33m-[39my)}[33m.[39mdata[33m-[39m[37m[41m[1m\[22m[49m[39m[side[37m[41m[1m\[22m[49m[39m[33m=[39mtop[37m[41m[1m\[22m[49m[39m][37m[41m[1m\[22m[49m[39m[33m:[39mslide[33m-[39m[36min[39m[33m-[39m[36mfrom[39m[33m-[39mbottom[33m-[39m[35m2[39m[data[33m-[39mside[33m=[39mtop]{[33m--[39mtw[33m-[39menter[33m-[39mtranslate[33m-[39my[33m:[39mcalc([35m2[39m[33m*[39m[36mvar[39m([33m--[39mspacing))}[33m.[39mdata[33m-[39m[37m[41m[1m\[22m[49m[39m[size[37m[41m[1m\[22m[49m[39m[33m=[39m[36mdefault[39m[37m[41m[1m\[22m[49m[39m][37m[41m[1m\[22m[49m[39m[33m:[39mh[33m-[39m[35m9[39m[data[33m-[39msize[33m=[39m[36mdefault[39m]{height[33m:[39mcalc([36mvar[39m([33m--[39mspacing)[33m*[39m[35m9[39m)}[33m.[39mdata[33m-[39m[37m[41m[1m\[22m[49m[39m[size[37m[41m[1m\[22m[49m[39m[33m=[39msm[37m[41m[1m\[22m[49m[39m][37m[41m[1m\[22m[49m[39m[33m:[39mh[33m-[39m[35m8[39m[data[33m-[39msize[33m=[39msm]{height[33m:[39mcalc([36mvar[39m([33m--[39mspacing)[33m*[39m[35m8[39m)}[33m:[39mis([33m.[39m[37m[41m[1m\[22m[49m[39m[33m*[39m[37m[41m[1m\[22m[49m[39m[33m:[39mdata[33m-[39m[37m[41m[1m\[22m[49m[39m[slot[37m[41m[1m\[22m[49m[39m[33m=[39malert[33m-[39mdescription[37m[41m[1m\[22m[49m[39m][37m[41m[1m\[22m[49m[39m[33m:[39mtext[33m-[39mdestructive[37m[41m[1m\[22m[49m[39m[33m/[39m[35m90[39m[33m>[39m[33m*[39m)[data[33m-[39mslot[33m=[39malert[33m-[39mdescription]{color[33m:[39m[36mvar[39m([33m--[39mdestructive)}[33m@[39msupports (color[33m:[39mcolor[33m-[39mmix([36min[39m lab[33m,[39m red[33m,[39m red)){[33m:[39mis([33m.[39m[37m[41m[1m\[22m[49m[39m[33m*[39m[37m[41m[1m\[22m[49m[39m[33m:[39mdata[33m-[39m[37m[41m[1m\[22m[49m[39m[slot[37m[41m[1m\[22m[49m[39m[33m=[39malert[33m-[39mdescription[37m[41m[1m\[22m[49m[39m][37m[41m[1m\[22m[49m[39m[33m:[39mtext[33m-[39mdestructive[37m[41m[1m\[22m[49m[39m[33m/[39m[35m90[39m[33m>[39m[33m*[39m)[data[33m-[39mslot[33m=[39malert[33m-[39mdescription]{color[33m:[39mcolor[33m-[39mmix([36min[39m oklab[33m,[39m[36mvar[39m([33m--[39mdestructive)[35m90[39m[33m%[39m[33m,[39mtransparent)}}[33m.[39mdata[33m-[39m[37m[41m[1m\[22m[49m[39m[slot[37m[41m[1m\[22m[49m[39m[33m=[39mcheckbox[33m-[39mgroup[37m[41m[1m\[22m[49m[39m][37m[41m[1m\[22m[49m[39m[33m:[39mgap[33m-[39m[35m3[39m[data[33m-[39mslot[33m=[39mcheckbox[33m-[39mgroup]{gap[33m:[39mcalc([36mvar[39m([33m--[39mspacing)[33m*[39m[35m3[39m)}[33m:[39mis([33m.[39m[37m[41m[1m\[22m[49m[39m[33m*[39m[37m[41m[1m\[22m[49m[39m[33m*[39m[37m[41m[1m\[22m[49m[39m[33m:[39mdata[33m-[39m[37m[41m[1m\[22m[49m[39m[slot[37m[41m[1m\[22m[49m[39m[33m=[39mcommand[33m-[39minput[33m-[39mwrapper[37m[41m[1m\[22m[49m[39m][37m[41m[1m\[22m[49m[39m[33m:[39mh[33m-[39m[35m12[39m [33m*[39m)[data[33m-[39mslot[33m=[39mcommand[33m-[39minput[33m-[39mwrapper]{height[33m:[39mcalc([36mvar[39m([33m--[39mspacing)[33m*[39m[35m12[39m)}[33m:[39mis([33m.[39m[37m[41m[1m\[22m[49m[39m[33m*[39m[37m[41m[1m\[22m[49m[39m[33m*[39m[37m[41m[1m\[22m[49m[39m[33m:[39mdata[33m-[39m[37m[41m[1m\[22m[49m[39m[slot[37m[41m[1m\[22m[49m[39m[33m=[39mnavigation[33m-[39mmenu[33m-[39mlink[37m[41m[1m\[22m[49m[39m][37m[41m[1m\[22m[49m[39m[33m:[39mfocus[37m[41m[1m\[22m[49m[39m[33m:[39mring[33m-[39m[35m0[39m [33m*[39m)[data[33m-[39mslot[33m=[39mnavigation[33m-[39mmenu[33m-[39mlink][33m:[39mfocus{[33m--[39mtw[33m-[39mring[33m-[39mshadow[33m:[39m[36mvar[39m([33m--[39mtw[33m-[39mring[33m-[39minset[33m,[39m)[35m0[39m [35m0[39m [35m0[39m calc([35m0[39mpx [33m+[39m [36mvar[39m([33m--[39mtw[33m-[39mring[33m-[39moffset[33m-[39mwidth))[36mvar[39m([33m--[39mtw[33m-[39mring[33m-[39mcolor[33m,[39mcurrentcolor)[33m;[39mbox[33m-[39mshadow[33m:[39m[36mvar[39m([33m--[39mtw[33m-[39minset[33m-[39mshadow)[33m,[39m[36mvar[39m([33m--[39mtw[33m-[39minset[33m-[39mring[33m-[39mshadow)[33m,[39m[36mvar[39m([33m--[39mtw[33m-[39mring[33m-[39moffset[33m-[39mshadow)[33m,[39m[36mvar[39m([33m--[39mtw[33m-[39mring[33m-[39mshadow)[33m,[39m[36mvar[39m([33m--[39mtw[33m-[39mshadow)}[33m:[39mis([33m.[39m[37m[41m[1m\[22m[49m[39m[33m*[39m[37m[41m[1m\[22m[49m[39m[33m*[39m[37m[41m[1m\[22m[49m[39m[33m:[39mdata[33m-[39m[37m[41m[1m\[22m[49m[39m[slot[37m[41m[1m\[22m[49m[39m[33m=[39mnavigation[33m-[39mmenu[33m-[39mlink[37m[41m[1m\[22m[49m[39m][37m[41m[1m\[22m[49m[39m[33m:[39mfocus[37m[41m[1m\[22m[49m[39m[33m:[39moutline[33m-[39mnone [33m*[39m)[data[33m-[39mslot[33m=[39mnavigation[33m-[39mmenu[33m-[39mlink][33m:[39mfocus{[33m--[39mtw[33m-[39moutline[33m-[39mstyle[33m:[39mnone[33m;[39moutline[33m-[39mstyle[33m:[39mnone}[33m:[39mis([33m.[39m[37m[41m[1m\[22m[49m[39m[33m*[39m[37m[41m[1m\[22m[49m[39m[33m:[39mdata[33m-[39m[37m[41m[1m\[22m[49m[39m[slot[37m[41m[1m\[22m[49m[39m[33m=[39mselect[33m-[39mvalue[37m[41m[1m\[22m[49m[39m][37m[41m[1m\[22m[49m[39m[33m:[39mline[33m-[39mclamp[33m-[39m[35m1[39m[33m>[39m[33m*[39m)[data[33m-[39mslot[33m=[39mselect[33m-[39mvalue]{[33m-[39mwebkit[33m-[39mline[33m-[39mclamp[33m:[39m[35m1[39m[33m;[39m[33m-[39mwebkit[33m-[39mbox[33m-[39morient[33m:[39mvertical[33m;[39mdisplay[33m:[39m[33m-[39mwebkit[33m-[39mbox[33m;[39moverflow[33m:[39mhidden}[33m:[39mis([33m.[39m[37m[41m[1m\[22m[49m[39m[33m*[39m[37m[41m[1m\[22m[49m[39m[33m:[39mdata[33m-[39m[37m[41m[1m\[22m[49m[39m[slot[37m[41m[1m\[22m[49m[39m[33m=[39mselect[33m-[39mvalue[37m[41m[1m\[22m[49m[39m][37m[41m[1m\[22m[49m[39m[33m:[39mflex[33m>[39m[33m*[39m)[data[33m-[39mslot[33m=[39mselect[33m-[39mvalue]{display[33m:[39mflex}[33m:[39mis([33m.[39m[37m[41m[1m\[22m[49m[39m[33m*[39m[37m[41m[1m\[22m[49m[39m[33m:[39mdata[33m-[39m[37m[41m[1m\[22m[49m[39m[slot[37m[41m[1m\[22m[49m[39m[33m=[39mselect[33m-[39mvalue[37m[41m[1m\[22m[49m[39m][37m[41m[1m\[22m[49m[39m[33m:[39mitems[33m-[39mcenter[33m>[39m[33m*[39m)[data[33m-[39mslot[33m=[39mselect[33m-[39mvalue]{align[33m-[39mitems[33m:[39mcenter}[33m:[39mis([33m.[39m[37m[41m[1m\[22m[49m[39m[33m*[39m[37m[41m[1m\[22m[49m[39m[33m:[39mdata[33m-[39m[37m[41m[1m\[22m[49m[39m[slot[37m[41m[1m\[22m[49m[39m[33m=[39mselect[33m-[39mvalue[37m[41m[1m\[22m[49m[39m][37m[41m[1m\[22m[49m[39m[33m:[39mgap[33m-[39m[35m2[39m[33m>[39m[33m*[39m)[data[33m-[39mslot[33m=[39mselect[33m-[39mvalue]{gap[33m:[39mcalc([36mvar[39m([33m--[39mspacing)[33m*[39m[35m2[39m)}[33m.[39mdata[33m-[39m[37m[41m[1m\[22m[49m[39m[state[37m[41m[1m\[22m[49m[39m[33m=[39mactive[37m[41m[1m\[22m[49m[39m][37m[41m[1m\[22m[49m[39m[33m:[39mbg[33m-[39mbackground[data[33m-[39mstate[33m=[39mactive]{background[33m-[39mcolor[33m:[39m[36mvar[39m([33m--[39mbackground)}[33m.[39mdata[33m-[39m[37m[41m[1m\[22m[49m[39m[state[37m[41m[1m\[22m[49m[39m[33m=[39mactive[37m[41m[1m\[22m[49m[39m][37m[41m[1m\[22m[49m[39m[33m:[39mshadow[33m-[39msm[data[33m-[39mstate[33m=[39mactive]{[33m--[39mtw[33m-[39mshadow[33m:[39m[35m0[39m [35m1[39mpx [35m3[39mpx [35m0[39m [36mvar[39m([33m--[39mtw[33m-[39mshadow[33m-[39mcolor[33m,[39m[33m#[39m[35m0000001[39ma)[33m,[39m[35m0[39m [35m1[39mpx [35m2[39mpx [33m-[39m[35m1[39mpx [36mvar[39m([33m--[39mtw[33m-[39mshadow[33m-[39mcolor[33m,[39m[33m#[39m[35m0000001[39ma)[33m;[39mbox[33m-[39mshadow[33m:[39m[36mvar[39m([33m--[39mtw[33m-[39minset[33m-[39mshadow)[33m,[39m[36mvar[39m([33m--[39mtw[33m-[39minset[33m-[39mring[33m-[39mshadow)[33m,[39m[36mvar[39m([33m--[39mtw[33m-[39mring[33m-[39moffset[33m-[39mshadow)[33m,[39m[36mvar[39m([33m--[39mtw[33m-[39mring[33m-[39mshadow)[33m,[39m[36mvar[39m([33m--[39mtw[33m-[39mshadow)}[33m.[39mdata[33m-[39m[37m[41m[1m\[22m[49m[39m[state[37m[41m[1m\[22m[49m[39m[33m=[39mchecked[37m[41m[1m\[22m[49m[39m][37m[41m[1m\[22m[49m[39m[33m:[39mtranslate[33m-[39mx[33m-[39m[37m[41m[1m\[22m[49m[39m[calc[37m[41m[1m\[22m[49m[39m([35m100[39m[37m[41m[1m\[22m[49m[39m[33m%[39m[33m-[39m[35m2[39mpx[37m[41m[1m\[22m[49m[39m)[37m[41m[1m\[22m[49m[39m][data[33m-[39mstate[33m=[39mchecked]{[33m--[39mtw[33m-[39mtranslate[33m-[39mx[33m:[39mcalc([35m100[39m[33m%[39m [33m-[39m [35m2[39mpx)[33m;[39mtranslate[33m:[39m[36mvar[39m([33m--[39mtw[33m-[39mtranslate[33m-[39mx)[36mvar[39m([33m--[39mtw[33m-[39mtranslate[33m-[39my)}[33m.[39mdata[33m-[39m[37m[41m[1m\[22m[49m[39m[state[37m[41m[1m\[22m[49m[39m[33m=[39mchecked[37m[41m[1m\[22m[49m[39m][37m[41m[1m\[22m[49m[39m[33m:[39mborder[33m-[39mprimary[data[33m-[39mstate[33m=[39mchecked]{border[33m-[39mcolor[33m:[39m[36mvar[39m([33m--[39mprimary)}[33m.[39mdata[33m-[39m[37m[41m[1m\[22m[49m[39m[state[37m[41m[1m\[22m[49m[39m[33m=[39mchecked[37m[41m[1m\[22m[49m[39m][37m[41m[1m\[22m[49m[39m[33m:[39mbg[33m-[39mprimary[data[33m-[39mstate[33m=[39mchecked]{background[33m-[39mcolor[33m:[39m[36mvar[39m([33m--[39mprimary)}[33m.[39mdata[33m-[39m[37m[41m[1m\[22m[49m[39m[state[37m[41m[1m\[22m[49m[39m[33m=[39mchecked[37m[41m[1m\[22m[49m[39m][37m[41m[1m\[22m[49m[39m[33m:[39mtext[33m-[39mprimary[33m-[39mforeground[data[33m-[39mstate[33m=[39mchecked]{color[33m:[39m[36mvar[39m([33m--[39mprimary[33m-[39mforeground)}[33m.[39mdata[33m-[39m[37m[41m[1m\[22m[49m[39m[state[37m[41m[1m\[22m[49m[39m[33m=[39mclosed[37m[41m[1m\[22m[49m[39m][37m[41m[1m\[22m[49m[39m[33m:[39manimate[33m-[39maccordion[33m-[39mup[data[33m-[39mstate[33m=[39mclosed]{animation[33m:[39maccordion[33m-[39mup [36mvar[39m([33m--[39mtw[33m-[39manimation[33m-[39mduration[33m,[39m[36mvar[39m([33m--[39mtw[33m-[39mduration[33m,[39m[35m.2[39ms))ease[33m-[39mout}[33m.[39mdata[33m-[39m[37m[41m[1m\[22m[49m[39m[state[37m[41m[1m\[22m[49m[39m[33m=[39mclosed[37m[41m[1m\[22m[49m[39m][37m[41m[1m\[22m[49m[39m[33m:[39manimate[33m-[39mout[data[33m-[39mstate[33m=[39mclosed]{animation[33m:[39mexit [36mvar[39m([33m--[39mtw[33m-[39manimation[33m-[39mduration[33m,[39m[36mvar[39m([33m--[39mtw[33m-[39mduration[33m,[39m[35m.15[39ms))[36mvar[39m([33m--[39mtw[33m-[39mease[33m,[39mease)[36mvar[39m([33m--[39mtw[33m-[39manimation[33m-[39mdelay[33m,[39m[35m0[39ms)[36mvar[39m([33m--[39mtw[33m-[39manimation[33m-[39miteration[33m-[39mcount[33m,[39m[35m1[39m)[36mvar[39m([33m--[39mtw[33m-[39manimation[33m-[39mdirection[33m,[39mnormal)[36mvar[39m([33m--[39mtw[33m-[39manimation[33m-[39mfill[33m-[39mmode[33m,[39mforwards)}[33m.[39mdata[33m-[39m[37m[41m[1m\[22m[49m[39m[state[37m[41m[1m\[22m[49m[39m[33m=[39mclosed[37m[41m[1m\[22m[49m[39m][37m[41m[1m\[22m[49m[39m[33m:[39mduration[33m-[39m[35m300[39m[data[33m-[39mstate[33m=[39mclosed]{[33m--[39mtw[33m-[39mduration[33m:[39m[35m.3[39ms[33m;[39mtransition[33m-[39mduration[33m:[39m[35m.3[39ms}[33m.[39mdata[33m-[39m[37m[41m[1m\[22m[49m[39m[state[37m[41m[1m\[22m[49m[39m[33m=[39mclosed[37m[41m[1m\[22m[49m[39m][37m[41m[1m\[22m[49m[39m[33m:[39mfade[33m-[39mout[33m-[39m[35m0[39m[data[33m-[39mstate[33m=[39mclosed]{[33m--[39mtw[33m-[39mexit[33m-[39mopacity[33m:[39m[35m0[39m}[33m.[39mdata[33m-[39m[37m[41m[1m\[22m[49m[39m[state[37m[41m[1m\[22m[49m[39m[33m=[39mclosed[37m[41m[1m\[22m[49m[39m][37m[41m[1m\[22m[49m[39m[33m:[39mfade[33m-[39mout[33m-[39m[35m80[39m[data[33m-[39mstate[33m=[39mclosed]{[33m--[39mtw[33m-[39mexit[33m-[39mopacity[33m:[39m[35m.8[39m}[33m.[39mdata[33m-[39m[37m[41m[1m\[22m[49m[39m[state[37m[41m[1m\[22m[49m[39m[33m=[39mclosed[37m[41m[1m\[22m[49m[39m][37m[41m[1m\[22m[49m[39m[33m:[39mzoom[33m-[39mout[33m-[39m[35m95[39m[data[33m-[39mstate[33m=[39mclosed]{[33m--[39mtw[33m-[39mexit[33m-[39mscale[33m:[39m[35m.95[39m}[33m.[39mdata[33m-[39m[37m[41m[1m\[22m[49m[39m[state[37m[41m[1m\[22m[49m[39m[33m=[39mclosed[37m[41m[1m\[22m[49m[39m][37m[41m[1m\[22m[49m[39m[33m:[39mslide[33m-[39mout[33m-[39mto[33m-[39mbottom[data[33m-[39mstate[33m=[39mclosed]{[33m--[39mtw[33m-[39mexit[33m-[39mtranslate[33m-[39my[33m:[39m[35m100[39m[33m%[39m}[33m.[39mdata[33m-[39m[37m[41m[1m\[22m[49m[39m[state[37m[41m[1m\[22m[49m[39m[33m=[39mclosed[37m[41m[1m\[22m[49m[39m][37m[41m[1m\[22m[49m[39m[33m:[39mslide[33m-[39mout[33m-[39mto[33m-[39mleft[data[33m-[39mstate[33m=[39mclosed]{[33m--[39mtw[33m-[39mexit[33m-[39mtranslate[33m-[39mx[33m:[39m[33m-[39m[35m100[39m[33m%[39m}[33m.[39mdata[33m-[39m[37m[41m[1m\[22m[49m[39m[state[37m[41m[1m\[22m[49m[39m[33m=[39mclosed[37m[41m[1m\[22m[49m[39m][37m[41m[1m\[22m[49m[39m[33m:[39mslide[33m-[39mout[33m-[39mto[33m-[39mright[data[33m-[39mstate[33m=[39mclosed]{[33m--[39mtw[33m-[39mexit[33m-[39mtranslate[33m-[39mx[33m:[39m[35m100[39m[33m%[39m}[33m.[39mdata[33m-[39m[37m[41m[1m\[22m[49m[39m[state[37m[41m[1m\[22m[49m[39m[33m=[39mclosed[37m[41m[1m\[22m[49m[39m][37m[41m[1m\[22m[49m[39m[33m:[39mslide[33m-[39mout[33m-[39mto[33m-[39mright[33m-[39mfull[data[33m-[39mstate[33m=[39mclosed]{[33m--[39mtw[33m-[39mexit[33m-[39mtranslate[33m-[39mx[33m:[39mcalc([35m1[39m[33m*[39m[35m100[39m[33m%[39m)}[33m.[39mdata[33m-[39m[37m[41m[1m\[22m[49m[39m[state[37m[41m[1m\[22m[49m[39m[33m=[39mclosed[37m[41m[1m\[22m[49m[39m][37m[41m[1m\[22m[49m[39m[33m:[39mslide[33m-[39mout[33m-[39mto[33m-[39mtop[data[33m-[39mstate[33m=[39mclosed]{[33m--[39mtw[33m-[39mexit[33m-[39mtranslate[33m-[39my[33m:[39m[33m-[39m[35m100[39m[33m%[39m}[33m.[39mgroup[33m-[39mdata[33m-[39m[37m[41m[1m\[22m[49m[39m[viewport[37m[41m[1m\[22m[49m[39m[33m=[39m[36mfalse[39m[37m[41m[1m\[22m[49m[39m][37m[41m[1m\[22m[49m[39m[33m/[39mnavigation[33m-[39mmenu[37m[41m[1m\[22m[49m[39m[33m:[39mdata[33m-[39m[37m[41m[1m\[22m[49m[39m[state[37m[41m[1m\[22m[49m[39m[33m=[39mclosed[37m[41m[1m\[22m[49m[39m][37m[41m[1m\[22m[49m[39m[33m:[39manimate[33m-[39mout[33m:[39mis([33m:[39mwhere([33m.[39mgroup[37m[41m[1m\[22m[49m[39m[33m/[39mnavigation[33m-[39mmenu)[data[33m-[39mviewport[33m=[39m[36mfalse[39m] [33m*[39m)[data[33m-[39mstate[33m=[39mclosed]{animation[33m:[39mexit [36mvar[39m([33m--[39mtw[33m-[39manimation[33m-[39mduration[33m,[39m[36mvar[39m([33m--[39mtw[33m-[39mduration[33m,[39m[35m.15[39ms))[36mvar[39m([33m--[39mtw[33m-[39mease[33m,[39mease)[36mvar[39m([33m--[39mtw[33m-[39manimation[33m-[39mdelay[33m,[39m[35m0[39ms)[36mvar[39m([33m--[39mtw[33m-[39manimation[33m-[39miteration[33m-[39mcount[33m,[39m[35m1[39m)[36mvar[39m([33m--[39mtw[33m-[39manimation[33m-[39mdirection[33m,[39mnormal)[36mvar[39m([33m--[39mtw[33m-[39manimation[33m-[39mfill[33m-[39mmode[33m,[39mforwards)}[33m.[39mgroup[33m-[39mdata[33m-[39m[37m[41m[1m\[22m[49m[39m[viewport[37m[41m[1m\[22m[49m[39m[33m=[39m[36mfalse[39m[37m[41m[1m\[22m[49m[39m][37m[41m[1m\[22m[49m[39m[33m/[39mnavigation[33m-[39mmenu[37m[41m[1m\[22m[49m[39m[33m:[39mdata[33m-[39m[37m[41m[1m\[22m[49m[39m[state[37m[41m[1m\[22m[49m[39m[33m=[39mclosed[37m[41m[1m\[22m[49m[39m][37m[41m[1m\[22m[49m[39m[33m:[39mfade[33m-[39mout[33m-[39m[35m0[39m[33m:[39mis([33m:[39mwhere([33m.[39mgroup[37m[41m[1m\[22m[49m[39m[33m/[39mnavigation[33m-[39mmenu)[data[33m-[39mviewport[33m=[39m[36mfalse[39m] [33m*[39m)[data[33m-[39mstate[33m=[39mclosed]{[33m--[39mtw[33m-[39mexit[33m-[39mopacity[33m:[39m[35m0[39m}[33m.[39mgroup[33m-[39mdata[33m-[39m[37m[41m[1m\[22m[49m[39m[viewport[37m[41m[1m\[22m[49m[39m[33m=[39m[36mfalse[39m[37m[41m[1m\[22m[49m[39m][37m[41m[1m\[22m[49m[39m[33m/[39mnavigation[33m-[39mmenu[37m[41m[1m\[22m[49m[39m[33m:[39mdata[33m-[39m[37m[41m[1m\[22m[49m[39m[state[37m[41m[1m\[22m[49m[39m[33m=[39mclosed[37m[41m[1m\[22m[49m[39m][37m[41m[1m\[22m[49m[39m[33m:[39mzoom[33m-[39mout[33m-[39m[35m95[39m[33m:[39mis([33m:[39mwhere([33m.[39mgroup[37m[41m[1m\[22m[49m[39m[33m/[39mnavigation[33m-[39mmenu)[data[33m-[39mviewport[33m=[39m[36mfalse[39m] [33m*[39m)[data[33m-[39mstate[33m=[39mclosed]{[33m--[39mtw[33m-[39mexit[33m-[39mscale[33m:[39m[35m.95[39m}[33m.[39mdata[33m-[39m[37m[41m[1m\[22m[49m[39m[state[37m[41m[1m\[22m[49m[39m[33m=[39mhidden[37m[41m[1m\[22m[49m[39m][37m[41m[1m\[22m[49m[39m[33m:[39manimate[33m-[39mout[data[33m-[39mstate[33m=[39mhidden]{animation[33m:[39mexit [36mvar[39m([33m--[39mtw[33m-[39manimation[33m-[39mduration[33m,[39m[36mvar[39m([33m--[39mtw[33m-[39mduration[33m,[39m[35m.15[39ms))[36mvar[39m([33m--[39mtw[33m-[39mease[33m,[39mease)[36mvar[39m([33m--[39mtw[33m-[39manimation[33m-[39mdelay[33m,[39m[35m0[39ms)[36mvar[39m([33m--[39mtw[33m-[39manimation[33m-[39miteration[33m-[39mcount[33m,[39m[35m1[39m)[36mvar[39m([33m--[39mtw[33m-[39manimation[33m-[39mdirection[33m,[39mnormal)[36mvar[39m([33m--[39mtw[33m-[39manimation[33m-[39mfill[33m-[39mmode[33m,[39mforwards)}[33m.[39mdata[33m-[39m[37m[41m[1m\[22m[49m[39m[state[37m[41m[1m\[22m[49m[39m[33m=[39mhidden[37m[41m[1m\[22m[49m[39m][37m[41m[1m\[22m[49m[39m[33m:[39mfade[33m-[39mout[data[33m-[39mstate[33m=[39mhidden]{[33m--[39mtw[33m-[39mexit[33m-[39mopacity[33m:[39m[35m0[39m}[33m.[39mdata[33m-[39m[37m[41m[1m\[22m[49m[39m[state[37m[41m[1m\[22m[49m[39m[33m=[39mon[37m[41m[1m\[22m[49m[39m][37m[41m[1m\[22m[49m[39m[33m:[39mbg[33m-[39maccent[data[33m-[39mstate[33m=[39mon]{background[33m-[39mcolor[33m:[39m[36mvar[39m([33m--[39maccent)}[33m.[39mdata[33m-[39m[37m[41m[1m\[22m[49m[39m[state[37m[41m[1m\[22m[49m[39m[33m=[39mon[37m[41m[1m\[22m[49m[39m][37m[41m[1m\[22m[49m[39m[33m:[39mtext[33m-[39maccent[33m-[39mforeground[data[33m-[39mstate[33m=[39mon]{color[33m:[39m[36mvar[39m([33m--[39maccent[33m-[39mforeground)}[33m.[39mdata[33m-[39m[37m[41m[1m\[22m[49m[39m[state[37m[41m[1m\[22m[49m[39m[33m=[39mopen[37m[41m[1m\[22m[49m[39m][37m[41m[1m\[22m[49m[39m[33m:[39manimate[33m-[39maccordion[33m-[39mdown[data[33m-[39mstate[33m=[39mopen]{animation[33m:[39maccordion[33m-[39mdown [36mvar[39m([33m--[39mtw[33m-[39manimation[33m-[39mduration[33m,[39m[36mvar[39m([33m--[39mtw[33m-[39mduration[33m,[39m[35m.2[39ms))ease[33m-[39mout}[33m.[39mdata[33m-[39m[37m[41m[1m\[22m[49m[39m[state[37m[41m[1m\[22m[49m[39m[33m=[39mopen[37m[41m[1m\[22m[49m[39m][37m[41m[1m\[22m[49m[39m[33m:[39manimate[33m-[39m[36min[39m[data[33m-[39mstate[33m=[39mopen]{animation[33m:[39menter [36mvar[39m([33m--[39mtw[33m-[39manimation[33m-[39mduration[33m,[39m[36mvar[39m([33m--[39mtw[33m-[39mduration[33m,[39m[35m.15[39ms))[36mvar[39m([33m--[39mtw[33m-[39mease[33m,[39mease)[36mvar[39m([33m--[39mtw[33m-[39manimation[33m-[39mdelay[33m,[39m[35m0[39ms)[36mvar[39m([33m--[39mtw[33m-[39manimation[33m-[39miteration[33m-[39mcount[33m,[39m[35m1[39m)[36mvar[39m([33m--[39mtw[33m-[39manimation[33m-[39mdirection[33m,[39mnormal)[36mvar[39m([33m--[39mtw[33m-[39manimation[33m-[39mfill[33m-[39mmode[33m,[39mforwards)}[33m.[39mdata[33m-[39m[37m[41m[1m\[22m[49m[39m[state[37m[41m[1m\[22m[49m[39m[33m=[39mopen[37m[41m[1m\[22m[49m[39m][37m[41m[1m\[22m[49m[39m[33m:[39mbg[33m-[39maccent[data[33m-[39mstate[33m=[39mopen][33m,[39m[33m.[39mdata[33m-[39m[37m[41m[1m\[22m[49m[39m[state[37m[41m[1m\[22m[49m[39m[33m=[39mopen[37m[41m[1m\[22m[49m[39m][37m[41m[1m\[22m[49m[39m[33m:[39mbg[33m-[39maccent[37m[41m[1m\[22m[49m[39m[33m/[39m[35m50[39m[data[33m-[39mstate[33m=[39mopen]{background[33m-[39mcolor[33m:[39m[36mvar[39m([33m--[39maccent)}[33m@[39msupports (color[33m:[39mcolor[33m-[39mmix([36min[39m lab[33m,[39m red[33m,[39m red)){[33m.[39mdata[33m-[39m[37m[41m[1m\[22m[49m[39m[state[37m[41m[1m\[22m[49m[39m[33m=[39mopen[37m[41m[1m\[22m[49m[39m][37m[41m[1m\[22m[49m[39m[33m:[39mbg[33m-[39maccent[37m[41m[1m\[22m[49m[39m[33m/[39m[35m50[39m[data[33m-[39mstate[33m=[39mopen]{background[33m-[39mcolor[33m:[39mcolor[33m-[39mmix([36min[39m oklab[33m,[39m[36mvar[39m([33m--[39maccent)[35m50[39m[33m%[39m[33m,[39mtransparent)}}[33m.[39mdata[33m-[39m[37m[41m[1m\[22m[49m[39m[state[37m[41m[1m\[22m[49m[39m[33m=[39mopen[37m[41m[1m\[22m[49m[39m][37m[41m[1m\[22m[49m[39m[33m:[39mbg[33m-[39msecondary[data[33m-[39mstate[33m=[39mopen]{background[33m-[39mcolor[33m:[39m[36mvar[39m([33m--[39msecondary)}[33m.[39mdata[33m-[39m[37m[41m[1m\[22m[49m[39m[state[37m[41m[1m\[22m[49m[39m[33m=[39mopen[37m[41m[1m\[22m[49m[39m][37m[41m[1m\[22m[49m[39m[33m:[39mtext[33m-[39maccent[33m-[39mforeground[data[33m-[39mstate[33m=[39mopen]{color[33m:[39m[36mvar[39m([33m--[39maccent[33m-[39mforeground)}[33m.[39mdata[33m-[39m[37m[41m[1m\[22m[49m[39m[state[37m[41m[1m\[22m[49m[39m[33m=[39mopen[37m[41m[1m\[22m[49m[39m][37m[41m[1m\[22m[49m[39m[33m:[39mtext[33m-[39mmuted[33m-[39mforeground[data[33m-[39mstate[33m=[39mopen]{color[33m:[39m[36mvar[39m([33m--[39mmuted[33m-[39mforeground)}[33m.[39mdata[33m-[39m[37m[41m[1m\[22m[49m[39m[state[37m[41m[1m\[22m[49m[39m[33m=[39mopen[37m[41m[1m\[22m[49m[39m][37m[41m[1m\[22m[49m[39m[33m:[39mopacity[33m-[39m[35m100[39m[data[33m-[39mstate[33m=[39mopen]{opacity[33m:[39m[35m1[39m}[33m.[39mdata[33m-[39m[37m[41m[1m\[22m[49m[39m[state[37m[41m[1m\[22m[49m[39m[33m=[39mopen[37m[41m[1m\[22m[49m[39m][37m[41m[1m\[22m[49m[39m[33m:[39mduration[33m-[39m[35m500[39m[data[33m-[39mstate[33m=[39mopen]{[33m--[39mtw[33m-[39mduration[33m:[39m[35m.5[39ms[33m;[39mtransition[33m-[39mduration[33m:[39m[35m.5[39ms}[33m.[39mdata[33m-[39m[37m[41m[1m\[22m[49m[39m[state[37m[41m[1m\[22m[49m[39m[33m=[39mopen[37m[41m[1m\[22m[49m[39m][37m[41m[1m\[22m[49m[39m[33m:[39mfade[33m-[39m[36min[39m[33m-[39m[35m0[39m[data[33m-[39mstate[33m=[39mopen]{[33m--[39mtw[33m-[39menter[33m-[39mopacity[33m:[39m[35m0[39m}[33m.[39mdata[33m-[39m[37m[41m[1m\[22m[49m[39m[state[37m[41m[1m\[22m[49m[39m[33m=[39mopen[37m[41m[1m\[22m[49m[39m][37m[41m[1m\[22m[49m[39m[33m:[39mzoom[33m-[39m[36min[39m[33m-[39m[35m90[39m[data[33m-[39mstate[33m=[39mopen]{[33m--[39mtw[33m-[39menter[33m-[39mscale[33m:[39m[35m.9[39m}[33m.[39mdata[33m-[39m[37m[41m[1m\[22m[49m[39m[state[37m[41m[1m\[22m[49m[39m[33m=[39mopen[37m[41m[1m\[22m[49m[39m][37m[41m[1m\[22m[49m[39m[33m:[39mzoom[33m-[39m[36min[39m[33m-[39m[35m95[39m[data[33m-[39mstate[33m=[39mopen]{[33m--[39mtw[33m-[39menter[33m-[39mscale[33m:[39m[35m.95[39m}[33m.[39mdata[33m-[39m[37m[41m[1m\[22m[49m[39m[state[37m[41m[1m\[22m[49m[39m[33m=[39mopen[37m[41m[1m\[22m[49m[39m][37m[41m[1m\[22m[49m[39m[33m:[39mslide[33m-[39m[36min[39m[33m-[39m[36mfrom[39m[33m-[39mbottom[data[33m-[39mstate[33m=[39mopen]{[33m--[39mtw[33m-[39menter[33m-[39mtranslate[33m-[39my[33m:[39m[35m100[39m[33m%[39m}[33m.[39mdata[33m-[39m[37m[41m[1m\[22m[49m[39m[state[37m[41m[1m\[22m[49m[39m[33m=[39mopen[37m[41m[1m\[22m[49m[39m][37m[41m[1m\[22m[49m[39m[33m:[39mslide[33m-[39m[36min[39m[33m-[39m[36mfrom[39m[33m-[39mleft[data[33m-[39mstate[33m=[39mopen]{[33m--[39mtw[33m-[39menter[33m-[39mtranslate[33m-[39mx[33m:[39m[33m-[39m[35m100[39m[33m%[39m}[33m.[39mdata[33m-[39m[37m[41m[1m\[22m[49m[39m[state[37m[41m[1m\[22m[49m[39m[33m=[39mopen[37m[41m[1m\[22m[49m[39m][37m[41m[1m\[22m[49m[39m[33m:[39mslide[33m-[39m[36min[39m[33m-[39m[36mfrom[39m[33m-[39mright[data[33m-[39mstate[33m=[39mopen]{[33m--[39mtw[33m-[39menter[33m-[39mtranslate[33m-[39mx[33m:[39m[35m100[39m[33m%[39m}[33m.[39mdata[33m-[39m[37m[41m[1m\[22m[49m[39m[state[37m[41m[1m\[22m[49m[39m[33m=[39mopen[37m[41m[1m\[22m[49m[39m][37m[41m[1m\[22m[49m[39m[33m:[39mslide[33m-[39m[36min[39m[33m-[39m[36mfrom[39m[33m-[39mtop[data[33m-[39mstate[33m=[39mopen]{[33m--[39mtw[33m-[39menter[33m-[39mtranslate[33m-[39my[33m:[39m[33m-[39m[35m100[39m[33m%[39m}[33m.[39mdata[33m-[39m[37m[41m[1m\[22m[49m[39m[state[37m[41m[1m\[22m[49m[39m[33m=[39mopen[37m[41m[1m\[22m[49m[39m][37m[41m[1m\[22m[49m[39m[33m:[39mslide[33m-[39m[36min[39m[33m-[39m[36mfrom[39m[33m-[39mtop[33m-[39mfull[data[33m-[39mstate[33m=[39mopen]{[33m--[39mtw[33m-[39menter[33m-[39mtranslate[33m-[39my[33m:[39mcalc([35m1[39m[33m*[39m[33m-[39m[35m100[39m[33m%[39m)}[33m.[39mgroup[33m-[39mdata[33m-[39m[37m[41m[1m\[22m[49m[39m[viewport[37m[41m[1m\[22m[49m[39m[33m=[39m[36mfalse[39m[37m[41m[1m\[22m[49m[39m][37m[41m[1m\[22m[49m[39m[33m/[39mnavigation[33m-[39mmenu[37m[41m[1m\[22m[49m[39m[33m:[39mdata[33m-[39m[37m[41m[1m\[22m[49m[39m[state[37m[41m[1m\[22m[49m[39m[33m=[39mopen[37m[41m[1m\[22m[49m[39m][37m[41m[1m\[22m[49m[39m[33m:[39manimate[33m-[39m[36min[39m[33m:[39mis([33m:[39mwhere([33m.[39mgroup[37m[41m[1m\[22m[49m[39m[33m/[39mnavigation[33m-[39mmenu)[data[33m-[39mviewport[33m=[39m[36mfalse[39m] [33m*[39m)[data[33m-[39mstate[33m=[39mopen]{animation[33m:[39menter [36mvar[39m([33m--[39mtw[33m-[39manimation[33m-[39mduration[33m,[39m[36mvar[39m([33m--[39mtw[33m-[39mduration[33m,[39m[35m.15[39ms))[36mvar[39m([33m--[39mtw[33m-[39mease[33m,[39mease)[36mvar[39m([33m--[39mtw[33m-[39manimation[33m-[39mdelay[33m,[39m[35m0[39ms)[36mvar[39m([33m--[39mtw[33m-[39manimation[33m-[39miteration[33m-[39mcount[33m,[39m[35m1[39m)[36mvar[39m([33m--[39mtw[33m-[39manimation[33m-[39mdirection[33m,[39mnormal)[36mvar[39m([33m--[39mtw[33m-[39manimation[33m-[39mfill[33m-[39mmode[33m,[39mforwards)}[33m.[39mgroup[33m-[39mdata[33m-[39m[37m[41m[1m\[22m[49m[39m[viewport[37m[41m[1m\[22m[49m[39m[33m=[39m[36mfalse[39m[37m[41m[1m\[22m[49m[39m][37m[41m[1m\[22m[49m[39m[33m/[39mnavigation[33m-[39mmenu[37m[41m[1m\[22m[49m[39m[33m:[39mdata[33m-[39m[37m[41m[1m\[22m[49m[39m[state[37m[41m[1m\[22m[49m[39m[33m=[39mopen[37m[41m[1m\[22m[49m[39m][37m[41m[1m\[22m[49m[39m[33m:[39mfade[33m-[39m[36min[39m[33m-[39m[35m0[39m[33m:[39mis([33m:[39mwhere([33m.[39mgroup[37m[41m[1m\[22m[49m[39m[33m/[39mnavigation[33m-[39mmenu)[data[33m-[39mviewport[33m=[39m[36mfalse[39m] [33m*[39m)[data[33m-[39mstate[33m=[39mopen]{[33m--[39mtw[33m-[39menter[33m-[39mopacity[33m:[39m[35m0[39m}[33m.[39mgroup[33m-[39mdata[33m-[39m[37m[41m[1m\[22m[49m[39m[viewport[37m[41m[1m\[22m[49m[39m[33m=[39m[36mfalse[39m[37m[41m[1m\[22m[49m[39m][37m[41m[1m\[22m[49m[39m[33m/[39mnavigation[33m-[39mmenu[37m[41m[1m\[22m[49m[39m[33m:[39mdata[33m-[39m[37m[41m[1m\[22m[49m[39m[state[37m[41m[1m\[22m[49m[39m[33m=[39mopen[37m[41m[1m\[22m[49m[39m][37m[41m[1m\[22m[49m[39m[33m:[39mzoom[33m-[39m[36min[39m[33m-[39m[35m95[39m[33m:[39mis([33m:[39mwhere([33m.[39mgroup[37m[41m[1m\[22m[49m[39m[33m/[39mnavigation[33m-[39mmenu)[data[33m-[39mviewport[33m=[39m[36mfalse[39m] [33m*[39m)[data[33m-[39mstate[33m=[39mopen]{[33m--[39mtw[33m-[39menter[33m-[39mscale[33m:[39m[35m.95[39m}[33m@[39mmedia (hover[33m:[39mhover){[33m.[39mdata[33m-[39m[37m[41m[1m\[22m[49m[39m[state[37m[41m[1m\[22m[49m[39m[33m=[39mopen[37m[41m[1m\[22m[49m[39m][37m[41m[1m\[22m[49m[39m[33m:[39mhover[37m[41m[1m\[22m[49m[39m[33m:[39mbg[33m-[39maccent[data[33m-[39mstate[33m=[39mopen][33m:[39mhover{background[33m-[39mcolor[33m:[39m[36mvar[39m([33m--[39maccent)}}[33m.[39mdata[33m-[39m[37m[41m[1m\[22m[49m[39m[state[37m[41m[1m\[22m[49m[39m[33m=[39mopen[37m[41m[1m\[22m[49m[39m][37m[41m[1m\[22m[49m[39m[33m:[39mfocus[37m[41m[1m\[22m[49m[39m[33m:[39mbg[33m-[39maccent[data[33m-[39mstate[33m=[39mopen][33m:[39mfocus{background[33m-[39mcolor[33m:[39m[36mvar[39m([33m--[39maccent)}[33m.[39mdata[33m-[39m[37m[41m[1m\[22m[49m[39m[state[37m[41m[1m\[22m[49m[39m[33m=[39mselected[37m[41m[1m\[22m[49m[39m][37m[41m[1m\[22m[49m[39m[33m:[39mbg[33m-[39mmuted[data[33m-[39mstate[33m=[39mselected]{background[33m-[39mcolor[33m:[39m[36mvar[39m([33m--[39mmuted)}[33m.[39mdata[33m-[39m[37m[41m[1m\[22m[49m[39m[state[37m[41m[1m\[22m[49m[39m[33m=[39munchecked[37m[41m[1m\[22m[49m[39m][37m[41m[1m\[22m[49m[39m[33m:[39mtranslate[33m-[39mx[33m-[39m[35m0[39m[data[33m-[39mstate[33m=[39munchecked]{[33m--[39mtw[33m-[39mtranslate[33m-[39mx[33m:[39mcalc([36mvar[39m([33m--[39mspacing)[33m*[39m[35m0[39m)[33m;[39mtranslate[33m:[39m[36mvar[39m([33m--[39mtw[33m-[39mtranslate[33m-[39mx)[36mvar[39m([33m--[39mtw[33m-[39mtranslate[33m-[39my)}[33m.[39mdata[33m-[39m[37m[41m[1m\[22m[49m[39m[state[37m[41m[1m\[22m[49m[39m[33m=[39munchecked[37m[41m[1m\[22m[49m[39m][37m[41m[1m\[22m[49m[39m[33m:[39mbg[33m-[39minput[data[33m-[39mstate[33m=[39munchecked]{background[33m-[39mcolor[33m:[39m[36mvar[39m([33m--[39minput)}[33m.[39mdata[33m-[39m[37m[41m[1m\[22m[49m[39m[state[37m[41m[1m\[22m[49m[39m[33m=[39mvisible[37m[41m[1m\[22m[49m[39m][37m[41m[1m\[22m[49m[39m[33m:[39manimate[33m-[39m[36min[39m[data[33m-[39mstate[33m=[39mvisible]{animation[33m:[39menter [36mvar[39m([33m--[39mtw[33m-[39manimation[33m-[39mduration[33m,[39m[36mvar[39m([33m--[39mtw[33m-[39mduration[33m,[39m[35m.15[39ms))[36mvar[39m([33m--[39mtw[33m-[39mease[33m,[39mease)[36mvar[39m([33m--[39mtw[33m-[39manimation[33m-[39mdelay[33m,[39m[35m0[39ms)[36mvar[39m([33m--[39mtw[33m-[39manimation[33m-[39miteration[33m-[39mcount[33m,[39m[35m1[39m)[36mvar[39m([33m--[39mtw[33m-[39manimation[33m-[39mdirection[33m,[39mnormal)[36mvar[39m([33m--[39mtw[33m-[39manimation[33m-[39mfill[33m-[39mmode[33m,[39mforwards)}[33m.[39mdata[33m-[39m[37m[41m[1m\[22m[49m[39m[state[37m[41m[1m\[22m[49m[39m[33m=[39mvisible[37m[41m[1m\[22m[49m[39m][37m[41m[1m\[22m[49m[39m[33m:[39mfade[33m-[39m[36min[39m[data[33m-[39mstate[33m=[39mvisible]{[33m--[39mtw[33m-[39menter[33m-[39mopacity[33m:[39m[35m0[39m}[33m.[39mdata[33m-[39m[37m[41m[1m\[22m[49m[39m[swipe[37m[41m[1m\[22m[49m[39m[33m=[39mcancel[37m[41m[1m\[22m[49m[39m][37m[41m[1m\[22m[49m[39m[33m:[39mtranslate[33m-[39mx[33m-[39m[35m0[39m[data[33m-[39mswipe[33m=[39mcancel]{[33m--[39mtw[33m-[39mtranslate[33m-[39mx[33m:[39mcalc([36mvar[39m([33m--[39mspacing)[33m*[39m[35m0[39m)[33m;[39mtranslate[33m:[39m[36mvar[39m([33m--[39mtw[33m-[39mtranslate[33m-[39mx)[36mvar[39m([33m--[39mtw[33m-[39mtranslate[33m-[39my)}[33m.[39mdata[33m-[39m[37m[41m[1m\[22m[49m[39m[swipe[37m[41m[1m\[22m[49m[39m[33m=[39mend[37m[41m[1m\[22m[49m[39m][37m[41m[1m\[22m[49m[39m[33m:[39mtranslate[33m-[39mx[33m-[39m[37m[41m[1m\[22m[49m[39m[[36mvar[39m[37m[41m[1m\[22m[49m[39m([33m--[39mradix[33m-[39mtoast[33m-[39mswipe[33m-[39mend[33m-[39mx[37m[41m[1m\[22m[49m[39m)[37m[41m[1m\[22m[49m[39m][data[33m-[39mswipe[33m=[39mend]{[33m--[39mtw[33m-[39mtranslate[33m-[39mx[33m:[39m[36mvar[39m([33m--[39mradix[33m-[39mtoast[33m-[39mswipe[33m-[39mend[33m-[39mx)[33m;[39mtranslate[33m:[39m[36mvar[39m([33m--[39mtw[33m-[39mtranslate[33m-[39mx)[36mvar[39m([33m--[39mtw[33m-[39mtranslate[33m-[39my)}[33m.[39mdata[33m-[39m[37m[41m[1m\[22m[49m[39m[swipe[37m[41m[1m\[22m[49m[39m[33m=[39mend[37m[41m[1m\[22m[49m[39m][37m[41m[1m\[22m[49m[39m[33m:[39manimate[33m-[39mout[data[33m-[39mswipe[33m=[39mend]{animation[33m:[39mexit [36mvar[39m([33m--[39mtw[33m-[39manimation[33m-[39mduration[33m,[39m[36mvar[39m([33m--[39mtw[33m-[39mduration[33m,[39m[35m.15[39ms))[36mvar[39m([33m--[39mtw[33m-[39mease[33m,[39mease)[36mvar[39m([33m--[39mtw[33m-[39manimation[33m-[39mdelay[33m,[39m[35m0[39ms)[36mvar[39m([33m--[39mtw[33m-[39manimation[33m-[39miteration[33m-[39mcount[33m,[39m[35m1[39m)[36mvar[39m([33m--[39mtw[33m-[39manimation[33m-[39mdirection[33m,[39mnormal)[36mvar[39m([33m--[39mtw[33m-[39manimation[33m-[39mfill[33m-[39mmode[33m,[39mforwards)}[33m.[39mdata[33m-[39m[37m[41m[1m\[22m[49m[39m[swipe[37m[41m[1m\[22m[49m[39m[33m=[39mmove[37m[41m[1m\[22m[49m[39m][37m[41m[1m\[22m[49m[39m[33m:[39mtranslate[33m-[39mx[33m-[39m[37m[41m[1m\[22m[49m[39m[[36mvar[39m[37m[41m[1m\[22m[49m[39m([33m--[39mradix[33m-[39mtoast[33m-[39mswipe[33m-[39mmove[33m-[39mx[37m[41m[1m\[22m[49m[39m)[37m[41m[1m\[22m[49m[39m][data[33m-[39mswipe[33m=[39mmove]{[33m--[39mtw[33m-[39mtranslate[33m-[39mx[33m:[39m[36mvar[39m([33m--[39mradix[33m-[39mtoast[33m-[39mswipe[33m-[39mmove[33m-[39mx)[33m;[39mtranslate[33m:[39m[36mvar[39m([33m--[39mtw[33m-[39mtranslate[33m-[39mx)[36mvar[39m([33m--[39mtw[33m-[39mtranslate[33m-[39my)}[33m.[39mdata[33m-[39m[37m[41m[1m\[22m[49m[39m[swipe[37m[41m[1m\[22m[49m[39m[33m=[39mmove[37m[41m[1m\[22m[49m[39m][37m[41m[1m\[22m[49m[39m[33m:[39mtransition[33m-[39mnone[data[33m-[39mswipe[33m=[39mmove]{transition[33m-[39mproperty[33m:[39mnone}[33m.[39mdata[33m-[39m[37m[41m[1m\[22m[49m[39m[variant[37m[41m[1m\[22m[49m[39m[33m=[39mdestructive[37m[41m[1m\[22m[49m[39m][37m[41m[1m\[22m[49m[39m[33m:[39mtext[33m-[39mdestructive[data[33m-[39mvariant[33m=[39mdestructive]{color[33m:[39m[36mvar[39m([33m--[39mdestructive)}[33m.[39mdata[33m-[39m[37m[41m[1m\[22m[49m[39m[variant[37m[41m[1m\[22m[49m[39m[33m=[39mdestructive[37m[41m[1m\[22m[49m[39m][37m[41m[1m\[22m[49m[39m[33m:[39mfocus[37m[41m[1m\[22m[49m[39m[33m:[39mbg[33m-[39mdestructive[37m[41m[1m\[22m[49m[39m[33m/[39m[35m10[39m[data[33m-[39mvariant[33m=[39mdestructive][33m:[39mfocus{background[33m-[39mcolor[33m:[39m[36mvar[39m([33m--[39mdestructive)}[33m@[39msupports (color[33m:[39mcolor[33m-[39mmix([36min[39m lab[33m,[39m red[33m,[39m red)){[33m.[39mdata[33m-[39m[37m[41m[1m\[22m[49m[39m[variant[37m[41m[1m\[22m[49m[39m[33m=[39mdestructive[37m[41m[1m\[22m[49m[39m][37m[41m[1m\[22m[49m[39m[33m:[39mfocus[37m[41m[1m\[22m[49m[39m[33m:[39mbg[33m-[39mdestructive[37m[41m[1m\[22m[49m[39m[33m/[39m[35m10[39m[data[33m-[39mvariant[33m=[39mdestructive][33m:[39mfocus{background[33m-[39mcolor[33m:[39mcolor[33m-[39mmix([36min[39m oklab[33m,[39m[36mvar[39m([33m--[39mdestructive)[35m10[39m[33m%[39m[33m,[39mtransparent)}}[33m.[39mdata[33m-[39m[37m[41m[1m\[22m[49m[39m[variant[37m[41m[1m\[22m[49m[39m[33m=[39mdestructive[37m[41m[1m\[22m[49m[39m][37m[41m[1m\[22m[49m[39m[33m:[39mfocus[37m[41m[1m\[22m[49m[39m[33m:[39mtext[33m-[39mdestructive[data[33m-[39mvariant[33m=[39mdestructive][33m:[39mfocus{color[33m:[39m[36mvar[39m([33m--[39mdestructive)}[33m.[39mdata[33m-[39m[37m[41m[1m\[22m[49m[39m[variant[37m[41m[1m\[22m[49m[39m[33m=[39mlabel[37m[41m[1m\[22m[49m[39m][37m[41m[1m\[22m[49m[39m[33m:[39mtext[33m-[39msm[data[33m-[39mvariant[33m=[39mlabel]{font[33m-[39msize[33m:[39m[36mvar[39m([33m--[39mtext[33m-[39msm)[33m;[39mline[33m-[39mheight[33m:[39m[36mvar[39m([33m--[39mtw[33m-[39mleading[33m,[39m[36mvar[39m([33m--[39mtext[33m-[39msm[33m--[39mline[33m-[39mheight))}[33m.[39mdata[33m-[39m[37m[41m[1m\[22m[49m[39m[variant[37m[41m[1m\[22m[49m[39m[33m=[39mlegend[37m[41m[1m\[22m[49m[39m][37m[41m[1m\[22m[49m[39m[33m:[39mtext[33m-[39mbase[data[33m-[39mvariant[33m=[39mlegend]{font[33m-[39msize[33m:[39m[36mvar[39m([33m--[39mtext[33m-[39mbase)[33m;[39mline[33m-[39mheight[33m:[39m[36mvar[39m([33m--[39mtw[33m-[39mleading[33m,[39m[36mvar[39m([33m--[39mtext[33m-[39mbase[33m--[39mline[33m-[39mheight))}[33m.[39mdata[33m-[39m[37m[41m[1m\[22m[49m[39m[variant[37m[41m[1m\[22m[49m[39m[33m=[39moutline[37m[41m[1m\[22m[49m[39m][37m[41m[1m\[22m[49m[39m[33m:[39mborder[33m-[39ml[33m-[39m[35m0[39m[data[33m-[39mvariant[33m=[39moutline]{border[33m-[39mleft[33m-[39mstyle[33m:[39m[36mvar[39m([33m--[39mtw[33m-[39mborder[33m-[39mstyle)[33m;[39mborder[33m-[39mleft[33m-[39mwidth[33m:[39m[35m0[39m}[33m.[39mdata[33m-[39m[37m[41m[1m\[22m[49m[39m[variant[37m[41m[1m\[22m[49m[39m[33m=[39moutline[37m[41m[1m\[22m[49m[39m][37m[41m[1m\[22m[49m[39m[33m:[39mshadow[33m-[39mxs[data[33m-[39mvariant[33m=[39moutline]{[33m--[39mtw[33m-[39mshadow[33m:[39m[35m0[39m [35m1[39mpx [35m2[39mpx [35m0[39m [36mvar[39m([33m--[39mtw[33m-[39mshadow[33m-[39mcolor[33m,[39m[33m#[39m[35m0000000[39md)[33m;[39mbox[33m-[39mshadow[33m:[39m[36mvar[39m([33m--[39mtw[33m-[39minset[33m-[39mshadow)[33m,[39m[36mvar[39m([33m--[39mtw[33m-[39minset[33m-[39mring[33m-[39mshadow)[33m,[39m[36mvar[39m([33m--[39mtw[33m-[39mring[33m-[39moffset[33m-[39mshadow)[33m,[39m[36mvar[39m([33m--[39mtw[33m-[39mring[33m-[39mshadow)[33m,[39m[36mvar[39m([33m--[39mtw[33m-[39mshadow)}[33m.[39mdata[33m-[39m[37m[41m[1m\[22m[49m[39m[variant[37m[41m[1m\[22m[49m[39m[33m=[39moutline[37m[41m[1m\[22m[49m[39m][37m[41m[1m\[22m[49m[39m[33m:[39mfirst[37m[41m[1m\[22m[49m[39m[33m:[39mborder[33m-[39ml[data[33m-[39mvariant[33m=[39moutline][33m:[39mfirst[33m-[39mchild{border[33m-[39mleft[33m-[39mstyle[33m:[39m[36mvar[39m([33m--[39mtw[33m-[39mborder[33m-[39mstyle)[33m;[39mborder[33m-[39mleft[33m-[39mwidth[33m:[39m[35m1[39mpx}[33m.[39mdata[33m-[39m[37m[41m[1m\[22m[49m[39m[vaul[33m-[39mdrawer[33m-[39mdirection[37m[41m[1m\[22m[49m[39m[33m=[39mbottom[37m[41m[1m\[22m[49m[39m][37m[41m[1m\[22m[49m[39m[33m:[39minset[33m-[39mx[33m-[39m[35m0[39m[data[33m-[39mvaul[33m-[39mdrawer[33m-[39mdirection[33m=[39mbottom]{inset[33m-[39minline[33m:[39mcalc([36mvar[39m([33m--[39mspacing)[33m*[39m[35m0[39m)}[33m.[39mdata[33m-[39m[37m[41m[1m\[22m[49m[39m[vaul[33m-[39mdrawer[33m-[39mdirection[37m[41m[1m\[22m[49m[39m[33m=[39mbottom[37m[41m[1m\[22m[49m[39m][37m[41m[1m\[22m[49m[39m[33m:[39mbottom[33m-[39m[35m0[39m[data[33m-[39mvaul[33m-[39mdrawer[33m-[39mdirection[33m=[39mbottom]{bottom[33m:[39mcalc([36mvar[39m([33m--[39mspacing)[33m*[39m[35m0[39m)}[33m.[39mdata[33m-[39m[37m[41m[1m\[22m[49m[39m[vaul[33m-[39mdrawer[33m-[39mdirection[37m[41m[1m\[22m[49m[39m[33m=[39mbottom[37m[41m[1m\[22m[49m[39m][37m[41m[1m\[22m[49m[39m[33m:[39mmt[33m-[39m[35m24[39m[data[33m-[39mvaul[33m-[39mdrawer[33m-[39mdirection[33m=[39mbottom]{margin[33m-[39mtop[33m:[39mcalc([36mvar[39m([33m--[39mspacing)[33m*[39m[35m24[39m)}[33m.[39mdata[33m-[39m[37m[41m[1m\[22m[49m[39m[vaul[33m-[39mdrawer[33m-[39mdirection[37m[41m[1m\[22m[49m[39m[33m=[39mbottom[37m[41m[1m\[22m[49m[39m][37m[41m[1m\[22m[49m[39m[33m:[39mmax[33m-[39mh[33m-[39m[37m[41m[1m\[22m[49m[39m[[35m80[39mvh[37m[41m[1m\[22m[49m[39m][data[33m-[39mvaul[33m-[39mdrawer[33m-[39mdirection[33m=[39mbottom]{max[33m-[39mheight[33m:[39m[35m80[39mvh}[33m.[39mdata[33m-[39m[37m[41m[1m\[22m[49m[39m[vaul[33m-[39mdrawer[33m-[39mdirection[37m[41m[1m\[22m[49m[39m[33m=[39mbottom[37m[41m[1m\[22m[49m[39m][37m[41m[1m\[22m[49m[39m[33m:[39mrounded[33m-[39mt[33m-[39mlg[data[33m-[39mvaul[33m-[39mdrawer[33m-[39mdirection[33m=[39mbottom]{border[33m-[39mtop[33m-[39mleft[33m-[39mradius[33m:[39m[36mvar[39m([33m--[39mradius)[33m;[39mborder[33m-[39mtop[33m-[39mright[33m-[39mradius[33m:[39m[36mvar[39m([33m--[39mradius)}[33m.[39mdata[33m-[39m[37m[41m[1m\[22m[49m[39m[vaul[33m-[39mdrawer[33m-[39mdirection[37m[41m[1m\[22m[49m[39m[33m=[39mbottom[37m[41m[1m\[22m[49m[39m][37m[41m[1m\[22m[49m[39m[33m:[39mborder[33m-[39mt[data[33m-[39mvaul[33m-[39mdrawer[33m-[39mdirection[33m=[39mbottom]{border[33m-[39mtop[33m-[39mstyle[33m:[39m[36mvar[39m([33m--[39mtw[33m-[39mborder[33m-[39mstyle)[33m;[39mborder[33m-[39mtop[33m-[39mwidth[33m:[39m[35m1[39mpx}[33m.[39mdata[33m-[39m[37m[41m[1m\[22m[49m[39m[vaul[33m-[39mdrawer[33m-[39mdirection[37m[41m[1m\[22m[49m[39m[33m=[39mleft[37m[41m[1m\[22m[49m[39m][37m[41m[1m\[22m[49m[39m[33m:[39minset[33m-[39my[33m-[39m[35m0[39m[data[33m-[39mvaul[33m-[39mdrawer[33m-[39mdirection[33m=[39mleft]{inset[33m-[39mblock[33m:[39mcalc([36mvar[39m([33m--[39mspacing)[33m*[39m[35m0[39m)}[33m.[39mdata[33m-[39m[37m[41m[1m\[22m[49m[39m[vaul[33m-[39mdrawer[33m-[39mdirection[37m[41m[1m\[22m[49m[39m[33m=[39mleft[37m[41m[1m\[22m[49m[39m][37m[41m[1m\[22m[49m[39m[33m:[39mleft[33m-[39m[35m0[39m[data[33m-[39mvaul[33m-[39mdrawer[33m-[39mdirection[33m=[39mleft]{left[33m:[39mcalc([36mvar[39m([33m--[39mspacing)[33m*[39m[35m0[39m)}[33m.[39mdata[33m-[39m[37m[41m[1m\[22m[49m[39m[vaul[33m-[39mdrawer[33m-[39mdirection[37m[41m[1m\[22m[49m[39m[33m=[39mleft[37m[41m[1m\[22m[49m[39m][37m[41m[1m\[22m[49m[39m[33m:[39mw[33m-[39m[35m3[39m[37m[41m[1m\[22m[49m[39m[33m/[39m[35m4[39m[data[33m-[39mvaul[33m-[39mdrawer[33m-[39mdirection[33m=[39mleft]{width[33m:[39m[35m75[39m[33m%[39m}[33m.[39mdata[33m-[39m[37m[41m[1m\[22m[49m[39m[vaul[33m-[39mdrawer[33m-[39mdirection[37m[41m[1m\[22m[49m[39m[33m=[39mleft[37m[41m[1m\[22m[49m[39m][37m[41m[1m\[22m[49m[39m[33m:[39mborder[33m-[39mr[data[33m-[39mvaul[33m-[39mdrawer[33m-[39mdirection[33m=[39mleft]{border[33m-[39mright[33m-[39mstyle[33m:[39m[36mvar[39m([33m--[39mtw[33m-[39mborder[33m-[39mstyle)[33m;[39mborder[33m-[39mright[33m-[39mwidth[33m:[39m[35m1[39mpx}[33m.[39mdata[33m-[39m[37m[41m[1m\[22m[49m[39m[vaul[33m-[39mdrawer[33m-[39mdirection[37m[41m[1m\[22m[49m[39m[33m=[39mright[37m[41m[1m\[22m[49m[39m][37m[41m[1m\[22m[49m[39m[33m:[39minset[33m-[39my[33m-[39m[35m0[39m[data[33m-[39mvaul[33m-[39mdrawer[33m-[39mdirection[33m=[39mright]{inset[33m-[39mblock[33m:[39mcalc([36mvar[39m([33m--[39mspacing)[33m*[39m[35m0[39m)}[33m.[39mdata[33m-[39m[37m[41m[1m\[22m[49m[39m[vaul[33m-[39mdrawer[33m-[39mdirection[37m[41m[1m\[22m[49m[39m[33m=[39mright[37m[41m[1m\[22m[49m[39m][37m[41m[1m\[22m[49m[39m[33m:[39mright[33m-[39m[35m0[39m[data[33m-[39mvaul[33m-[39mdrawer[33m-[39mdirection[33m=[39mright]{right[33m:[39mcalc([36mvar[39m([33m--[39mspacing)[33m*[39m[35m0[39m)}[33m.[39mdata[33m-[39m[37m[41m[1m\[22m[49m[39m[vaul[33m-[39mdrawer[33m-[39mdirection[37m[41m[1m\[22m[49m[39m[33m=[39mright[37m[41m[1m\[22m[49m[39m][37m[41m[1m\[22m[49m[39m[33m:[39mw[33m-[39m[35m3[39m[37m[41m[1m\[22m[49m[39m[33m/[39m[35m4[39m[data[33m-[39mvaul[33m-[39mdrawer[33m-[39mdirection[33m=[39mright]{width[33m:[39m[35m75[39m[33m%[39m}[33m.[39mdata[33m-[39m[37m[41m[1m\[22m[49m[39m[vaul[33m-[39mdrawer[33m-[39mdirection[37m[41m[1m\[22m[49m[39m[33m=[39mright[37m[41m[1m\[22m[49m[39m][37m[41m[1m\[22m[49m[39m[33m:[39mborder[33m-[39ml[data[33m-[39mvaul[33m-[39mdrawer[33m-[39mdirection[33m=[39mright]{border[33m-[39mleft[33m-[39mstyle[33m:[39m[36mvar[39m([33m--[39mtw[33m-[39mborder[33m-[39mstyle)[33m;[39mborder[33m-[39mleft[33m-[39mwidth[33m:[39m[35m1[39mpx}[33m.[39mdata[33m-[39m[37m[41m[1m\[22m[49m[39m[vaul[33m-[39mdrawer[33m-[39mdirection[37m[41m[1m\[22m[49m[39m[33m=[39mtop[37m[41m[1m\[22m[49m[39m][37m[41m[1m\[22m[49m[39m[33m:[39minset[33m-[39mx[33m-[39m[35m0[39m[data[33m-[39mvaul[33m-[39mdrawer[33m-[39mdirection[33m=[39mtop]{inset[33m-[39minline[33m:[39mcalc([36mvar[39m([33m--[39mspacing)[33m*[39m[35m0[39m)}[33m.[39mdata[33m-[39m[37m[41m[1m\[22m[49m[39m[vaul[33m-[39mdrawer[33m-[39mdirection[37m[41m[1m\[22m[49m[39m[33m=[39mtop[37m[41m[1m\[22m[49m[39m][37m[41m[1m\[22m[49m[39m[33m:[39mtop[33m-[39m[35m0[39m[data[33m-[39mvaul[33m-[39mdrawer[33m-[39mdirection[33m=[39mtop]{top[33m:[39mcalc([36mvar[39m([33m--[39mspacing)[33m*[39m[35m0[39m)}[33m.[39mdata[33m-[39m[37m[41m[1m\[22m[49m[39m[vaul[33m-[39mdrawer[33m-[39mdirection[37m[41m[1m\[22m[49m[39m[33m=[39mtop[37m[41m[1m\[22m[49m[39m][37m[41m[1m\[22m[49m[39m[33m:[39mmb[33m-[39m[35m24[39m[data[33m-[39mvaul[33m-[39mdrawer[33m-[39mdirection[33m=[39mtop]{margin[33m-[39mbottom[33m:[39mcalc([36mvar[39m([33m--[39mspacing)[33m*[39m[35m24[39m)}[33m.[39mdata[33m-[39m[37m[41m[1m\[22m[49m[39m[vaul[33m-[39mdrawer[33m-[39mdirection[37m[41m[1m\[22m[49m[39m[33m=[39mtop[37m[41m[1m\[22m[49m[39m][37m[41m[1m\[22m[49m[39m[33m:[39mmax[33m-[39mh[33m-[39m[37m[41m[1m\[22m[49m[39m[[35m80[39mvh[37m[41m[1m\[22m[49m[39m][data[33m-[39mvaul[33m-[39mdrawer[33m-[39mdirection[33m=[39mtop]{max[33m-[39mheight[33m:[39m[35m80[39mvh}[33m.[39mdata[33m-[39m[37m[41m[1m\[22m[49m[39m[vaul[33m-[39mdrawer[33m-[39mdirection[37m[41m[1m\[22m[49m[39m[33m=[39mtop[37m[41m[1m\[22m[49m[39m][37m[41m[1m\[22m[49m[39m[33m:[39mrounded[33m-[39mb[33m-[39mlg[data[33m-[39mvaul[33m-[39mdrawer[33m-[39mdirection[33m=[39mtop]{border[33m-[39mbottom[33m-[39mright[33m-[39mradius[33m:[39m[36mvar[39m([33m--[39mradius)[33m;[39mborder[33m-[39mbottom[33m-[39mleft[33m-[39mradius[33m:[39m[36mvar[39m([33m--[39mradius)}[33m.[39mdata[33m-[39m[37m[41m[1m\[22m[49m[39m[vaul[33m-[39mdrawer[33m-[39mdirection[37m[41m[1m\[22m[49m[39m[33m=[39mtop[37m[41m[1m\[22m[49m[39m][37m[41m[1m\[22m[49m[39m[33m:[39mborder[33m-[39mb[data[33m-[39mvaul[33m-[39mdrawer[33m-[39mdirection[33m=[39mtop]{border[33m-[39mbottom[33m-[39mstyle[33m:[39m[36mvar[39m([33m--[39mtw[33m-[39mborder[33m-[39mstyle)[33m;[39mborder[33m-[39mbottom[33m-[39mwidth[33m:[39m[35m1[39mpx}[33m.[39mnth[33m-[39mlast[33m-[39m[35m2[39m[37m[41m[1m\[22m[49m[39m[33m:[39m[33m-[39mmt[33m-[39m[35m1[39m[33m:[39mnth[33m-[39mlast[33m-[39mchild([35m2[39m){margin[33m-[39mtop[33m:[39mcalc([36mvar[39m([33m--[39mspacing)[33m*[39m[33m-[39m[35m1[39m)}[33m@[39mmedia (min[33m-[39mwidth[33m:[39m[35m40[39mrem){[33m.[39msm[37m[41m[1m\[22m[49m[39m[33m:[39mtop[33m-[39mauto{top[33m:[39mauto}[33m.[39msm[37m[41m[1m\[22m[49m[39m[33m:[39mright[33m-[39m[35m0[39m{right[33m:[39mcalc([36mvar[39m([33m--[39mspacing)[33m*[39m[35m0[39m)}[33m.[39msm[37m[41m[1m\[22m[49m[39m[33m:[39mbottom[33m-[39m[35m0[39m{bottom[33m:[39mcalc([36mvar[39m([33m--[39mspacing)[33m*[39m[35m0[39m)}[33m.[39msm[37m[41m[1m\[22m[49m[39m[33m:[39mblock{display[33m:[39mblock}[33m.[39msm[37m[41m[1m\[22m[49m[39m[33m:[39mflex{display[33m:[39mflex}[33m.[39msm[37m[41m[1m\[22m[49m[39m[33m:[39minline{display[33m:[39minline}[33m.[39msm[37m[41m[1m\[22m[49m[39m[33m:[39mmax[33m-[39mw[33m-[39mlg{max[33m-[39mwidth[33m:[39m[36mvar[39m([33m--[39mcontainer[33m-[39mlg)}[33m.[39msm[37m[41m[1m\[22m[49m[39m[33m:[39mmax[33m-[39mw[33m-[39msm{max[33m-[39mwidth[33m:[39m[36mvar[39m([33m--[39mcontainer[33m-[39msm)}[33m.[39msm[37m[41m[1m\[22m[49m[39m[33m:[39mgrid[33m-[39mcols[33m-[39m[35m2[39m{grid[33m-[39mtemplate[33m-[39mcolumns[33m:[39mrepeat([35m2[39m[33m,[39mminmax([35m0[39m[33m,[39m[35m1[39mfr))}[33m.[39msm[37m[41m[1m\[22m[49m[39m[33m:[39mflex[33m-[39mcol{flex[33m-[39mdirection[33m:[39mcolumn}[33m.[39msm[37m[41m[1m\[22m[49m[39m[33m:[39mflex[33m-[39mrow{flex[33m-[39mdirection[33m:[39mrow}[33m.[39msm[37m[41m[1m\[22m[49m[39m[33m:[39mjustify[33m-[39mend{justify[33m-[39mcontent[33m:[39mflex[33m-[39mend}[33m.[39msm[37m[41m[1m\[22m[49m[39m[33m:[39mgap[33m-[39m[35m2[39m[37m[41m[1m\[22m[49m[39m[35m.5[39m{gap[33m:[39mcalc([36mvar[39m([33m--[39mspacing)[33m*[39m[35m2.5[39m)}[33m.[39msm[37m[41m[1m\[22m[49m[39m[33m:[39mp[33m-[39m[35m8[39m{padding[33m:[39mcalc([36mvar[39m([33m--[39mspacing)[33m*[39m[35m8[39m)}[33m.[39msm[37m[41m[1m\[22m[49m[39m[33m:[39mpx[33m-[39m[35m8[39m{padding[33m-[39minline[33m:[39mcalc([36mvar[39m([33m--[39mspacing)[33m*[39m[35m8[39m)}[33m.[39msm[37m[41m[1m\[22m[49m[39m[33m:[39mpr[33m-[39m[35m2[39m[37m[41m[1m\[22m[49m[39m[35m.5[39m{padding[33m-[39mright[33m:[39mcalc([36mvar[39m([33m--[39mspacing)[33m*[39m[35m2.5[39m)}[33m.[39msm[37m[41m[1m\[22m[49m[39m[33m:[39mpl[33m-[39m[35m2[39m[37m[41m[1m\[22m[49m[39m[35m.5[39m{padding[33m-[39mleft[33m:[39mcalc([36mvar[39m([33m--[39mspacing)[33m*[39m[35m2.5[39m)}[33m.[39msm[37m[41m[1m\[22m[49m[39m[33m:[39mtext[33m-[39mleft{text[33m-[39malign[33m:[39mleft}[33m.[39mdata[33m-[39m[37m[41m[1m\[22m[49m[39m[state[37m[41m[1m\[22m[49m[39m[33m=[39mopen[37m[41m[1m\[22m[49m[39m][37m[41m[1m\[22m[49m[39m[33m:[39msm[37m[41m[1m\[22m[49m[39m[33m:[39mslide[33m-[39m[36min[39m[33m-[39m[36mfrom[39m[33m-[39mbottom[33m-[39mfull[data[33m-[39mstate[33m=[39mopen]{[33m--[39mtw[33m-[39menter[33m-[39mtranslate[33m-[39my[33m:[39mcalc([35m1[39m[33m*[39m[35m100[39m[33m%[39m)}[33m.[39mdata[33m-[39m[37m[41m[1m\[22m[49m[39m[vaul[33m-[39mdrawer[33m-[39mdirection[37m[41m[1m\[22m[49m[39m[33m=[39mleft[37m[41m[1m\[22m[49m[39m][37m[41m[1m\[22m[49m[39m[33m:[39msm[37m[41m[1m\[22m[49m[39m[33m:[39mmax[33m-[39mw[33m-[39msm[data[33m-[39mvaul[33m-[39mdrawer[33m-[39mdirection[33m=[39mleft][33m,[39m[33m.[39mdata[33m-[39m[37m[41m[1m\[22m[49m[39m[vaul[33m-[39mdrawer[33m-[39mdirection[37m[41m[1m\[22m[49m[39m[33m=[39mright[37m[41m[1m\[22m[49m[39m][37m[41m[1m\[22m[49m[39m[33m:[39msm[37m[41m[1m\[22m[49m[39m[33m:[39mmax[33m-[39mw[33m-[39msm[data[33m-[39mvaul[33m-[39mdrawer[33m-[39mdirection[33m=[39mright]{max[33m-[39mwidth[33m:[39m[36mvar[39m([33m--[39mcontainer[33m-[39msm)}}[33m@[39mmedia (min[33m-[39mwidth[33m:[39m[35m48[39mrem){[33m.[39mmd[37m[41m[1m\[22m[49m[39m[33m:[39mabsolute{position[33m:[39mabsolute}[33m.[39mmd[37m[41m[1m\[22m[49m[39m[33m:[39mcol[33m-[39mspan[33m-[39m[35m2[39m{grid[33m-[39mcolumn[33m:[39mspan [35m2[39m[33m/[39mspan [35m2[39m}[33m.[39mmd[37m[41m[1m\[22m[49m[39m[33m:[39mmb[33m-[39m[35m12[39m{margin[33m-[39mbottom[33m:[39mcalc([36mvar[39m([33m--[39mspacing)[33m*[39m[35m12[39m)}[33m.[39mmd[37m[41m[1m\[22m[49m[39m[33m:[39mblock{display[33m:[39mblock}[33m.[39mmd[37m[41m[1m\[22m[49m[39m[33m:[39mflex{display[33m:[39mflex}[33m.[39mmd[37m[41m[1m\[22m[49m[39m[33m:[39minline{display[33m:[39minline}[33m.[39mmd[37m[41m[1m\[22m[49m[39m[33m:[39mh[33m-[39m[35m7[39m{height[33m:[39mcalc([36mvar[39m([33m--[39mspacing)[33m*[39m[35m7[39m)}[33m.[39mmd[37m[41m[1m\[22m[49m[39m[33m:[39mw[33m-[39m[35m7[39m{width[33m:[39mcalc([36mvar[39m([33m--[39mspacing)[33m*[39m[35m7[39m)}[33m.[39mmd[37m[41m[1m\[22m[49m[39m[33m:[39mw[33m-[39m[37m[41m[1m\[22m[49m[39m[[36mvar[39m[37m[41m[1m\[22m[49m[39m([33m--[39mradix[33m-[39mnavigation[33m-[39mmenu[33m-[39mviewport[33m-[39mwidth[37m[41m[1m\[22m[49m[39m)[37m[41m[1m\[22m[49m[39m]{width[33m:[39m[36mvar[39m([33m--[39mradix[33m-[39mnavigation[33m-[39mmenu[33m-[39mviewport[33m-[39mwidth)}[33m.[39mmd[37m[41m[1m\[22m[49m[39m[33m:[39mw[33m-[39mauto{width[33m:[39mauto}[33m.[39mmd[37m[41m[1m\[22m[49m[39m[33m:[39mmax[33m-[39mw[33m-[39m[37m[41m[1m\[22m[49m[39m[[35m420[39mpx[37m[41m[1m\[22m[49m[39m]{max[33m-[39mwidth[33m:[39m[35m420[39mpx}[33m.[39mmd[37m[41m[1m\[22m[49m[39m[33m:[39mgrid[33m-[39mcols[33m-[39m[35m3[39m{grid[33m-[39mtemplate[33m-[39mcolumns[33m:[39mrepeat([35m3[39m[33m,[39mminmax([35m0[39m[33m,[39m[35m1[39mfr))}[33m.[39mmd[37m[41m[1m\[22m[49m[39m[33m:[39mflex[33m-[39mrow{flex[33m-[39mdirection[33m:[39mrow}[33m.[39mmd[37m[41m[1m\[22m[49m[39m[33m:[39mgap[33m-[39m[35m1[39m[37m[41m[1m\[22m[49m[39m[35m.5[39m{gap[33m:[39mcalc([36mvar[39m([33m--[39mspacing)[33m*[39m[35m1.5[39m)}[33m.[39mmd[37m[41m[1m\[22m[49m[39m[33m:[39mgap[33m-[39m[35m6[39m{gap[33m:[39mcalc([36mvar[39m([33m--[39mspacing)[33m*[39m[35m6[39m)}[33m.[39mmd[37m[41m[1m\[22m[49m[39m[33m:[39mp[33m-[39m[35m6[39m{padding[33m:[39mcalc([36mvar[39m([33m--[39mspacing)[33m*[39m[35m6[39m)}[33m.[39mmd[37m[41m[1m\[22m[49m[39m[33m:[39mp[33m-[39m[35m12[39m{padding[33m:[39mcalc([36mvar[39m([33m--[39mspacing)[33m*[39m[35m12[39m)}[33m.[39mmd[37m[41m[1m\[22m[49m[39m[33m:[39mpx[33m-[39m[35m8[39m{padding[33m-[39minline[33m:[39mcalc([36mvar[39m([33m--[39mspacing)[33m*[39m[35m8[39m)}[33m.[39mmd[37m[41m[1m\[22m[49m[39m[33m:[39mpb[33m-[39m[35m8[39m{padding[33m-[39mbottom[33m:[39mcalc([36mvar[39m([33m--[39mspacing)[33m*[39m[35m8[39m)}[33m.[39mmd[37m[41m[1m\[22m[49m[39m[33m:[39mtext[33m-[39mleft{text[33m-[39malign[33m:[39mleft}[33m.[39mmd[37m[41m[1m\[22m[49m[39m[33m:[39mtext[33m-[39m[35m2[39mxl{font[33m-[39msize[33m:[39m[36mvar[39m([33m--[39mtext[33m-[39m[35m2[39mxl)[33m;[39mline[33m-[39mheight[33m:[39m[36mvar[39m([33m--[39mtw[33m-[39mleading[33m,[39m[36mvar[39m([33m--[39mtext[33m-[39m[35m2[39mxl[33m--[39mline[33m-[39mheight))}[33m.[39mmd[37m[41m[1m\[22m[49m[39m[33m:[39mtext[33m-[39m[35m4[39mxl{font[33m-[39msize[33m:[39m[36mvar[39m([33m--[39mtext[33m-[39m[35m4[39mxl)[33m;[39mline[33m-[39mheight[33m:[39m[36mvar[39m([33m--[39mtw[33m-[39mleading[33m,[39m[36mvar[39m([33m--[39mtext[33m-[39m[35m4[39mxl[33m--[39mline[33m-[39mheight))}[33m.[39mmd[37m[41m[1m\[22m[49m[39m[33m:[39mtext[33m-[39msm{font[33m-[39msize[33m:[39m[36mvar[39m([33m--[39mtext[33m-[39msm)[33m;[39mline[33m-[39mheight[33m:[39m[36mvar[39m([33m--[39mtw[33m-[39mleading[33m,[39m[36mvar[39m([33m--[39mtext[33m-[39msm[33m--[39mline[33m-[39mheight))}[33m.[39mmd[37m[41m[1m\[22m[49m[39m[33m:[39mtext[33m-[39mxl{font[33m-[39msize[33m:[39m[36mvar[39m([33m--[39mtext[33m-[39mxl)[33m;[39mline[33m-[39mheight[33m:[39m[36mvar[39m([33m--[39mtw[33m-[39mleading[33m,[39m[36mvar[39m([33m--[39mtext[33m-[39mxl[33m--[39mline[33m-[39mheight))}[33m.[39mmd[37m[41m[1m\[22m[49m[39m[33m:[39mopacity[33m-[39m[35m0[39m{opacity[33m:[39m[35m0[39m}[33m.[39mmd[37m[41m[1m\[22m[49m[39m[33m:[39mpeer[33m-[39mdata[33m-[39m[37m[41m[1m\[22m[49m[39m[variant[37m[41m[1m\[22m[49m[39m[33m=[39minset[37m[41m[1m\[22m[49m[39m][37m[41m[1m\[22m[49m[39m[33m:[39mm[33m-[39m[35m2[39m[33m:[39mis([33m:[39mwhere([33m.[39mpeer)[data[33m-[39mvariant[33m=[39minset][33m~[39m[33m*[39m){margin[33m:[39mcalc([36mvar[39m([33m--[39mspacing)[33m*[39m[35m2[39m)}[33m.[39mmd[37m[41m[1m\[22m[49m[39m[33m:[39mpeer[33m-[39mdata[33m-[39m[37m[41m[1m\[22m[49m[39m[variant[37m[41m[1m\[22m[49m[39m[33m=[39minset[37m[41m[1m\[22m[49m[39m][37m[41m[1m\[22m[49m[39m[33m:[39mml[33m-[39m[35m0[39m[33m:[39mis([33m:[39mwhere([33m.[39mpeer)[data[33m-[39mvariant[33m=[39minset][33m~[39m[33m*[39m){margin[33m-[39mleft[33m:[39mcalc([36mvar[39m([33m--[39mspacing)[33m*[39m[35m0[39m)}[33m.[39mmd[37m[41m[1m\[22m[49m[39m[33m:[39mpeer[33m-[39mdata[33m-[39m[37m[41m[1m\[22m[49m[39m[variant[37m[41m[1m\[22m[49m[39m[33m=[39minset[37m[41m[1m\[22m[49m[39m][37m[41m[1m\[22m[49m[39m[33m:[39mrounded[33m-[39mxl[33m:[39mis([33m:[39mwhere([33m.[39mpeer)[data[33m-[39mvariant[33m=[39minset][33m~[39m[33m*[39m){border[33m-[39mradius[33m:[39mcalc([36mvar[39m([33m--[39mradius) [33m+[39m [35m6[39mpx)}[33m.[39mmd[37m[41m[1m\[22m[49m[39m[33m:[39mpeer[33m-[39mdata[33m-[39m[37m[41m[1m\[22m[49m[39m[variant[37m[41m[1m\[22m[49m[39m[33m=[39minset[37m[41m[1m\[22m[49m[39m][37m[41m[1m\[22m[49m[39m[33m:[39mshadow[33m-[39msm[33m:[39mis([33m:[39mwhere([33m.[39mpeer)[data[33m-[39mvariant[33m=[39minset][33m~[39m[33m*[39m){[33m--[39mtw[33m-[39mshadow[33m:[39m[35m0[39m [35m1[39mpx [35m3[39mpx [35m0[39m [36mvar[39m([33m--[39mtw[33m-[39mshadow[33m-[39mcolor[33m,[39m[33m#[39m[35m0000001[39ma)[33m,[39m[35m0[39m [35m1[39mpx [35m2[39mpx [33m-[39m[35m1[39mpx [36mvar[39m([33m--[39mtw[33m-[39mshadow[33m-[39mcolor[33m,[39m[33m#[39m[35m0000001[39ma)[33m;[39mbox[33m-[39mshadow[33m:[39m[36mvar[39m([33m--[39mtw[33m-[39minset[33m-[39mshadow)[33m,[39m[36mvar[39m([33m--[39mtw[33m-[39minset[33m-[39mring[33m-[39mshadow)[33m,[39m[36mvar[39m([33m--[39mtw[33m-[39mring[33m-[39moffset[33m-[39mshadow)[33m,[39m[36mvar[39m([33m--[39mtw[33m-[39mring[33m-[39mshadow)[33m,[39m[36mvar[39m([33m--[39mtw[33m-[39mshadow)}[33m.[39mmd[37m[41m[1m\[22m[49m[39m[33m:[39mpeer[33m-[39mdata[33m-[39m[37m[41m[1m\[22m[49m[39m[variant[37m[41m[1m\[22m[49m[39m[33m=[39minset[37m[41m[1m\[22m[49m[39m][37m[41m[1m\[22m[49m[39m[33m:[39mpeer[33m-[39mdata[33m-[39m[37m[41m[1m\[22m[49m[39m[state[37m[41m[1m\[22m[49m[39m[33m=[39mcollapsed[37m[41m[1m\[22m[49m[39m][37m[41m[1m\[22m[49m[39m[33m:[39mml[33m-[39m[35m2[39m[33m:[39mis([33m:[39mwhere([33m.[39mpeer)[data[33m-[39mvariant[33m=[39minset][33m~[39m[33m*[39m)[33m:[39mis([33m:[39mwhere([33m.[39mpeer)[data[33m-[39mstate[33m=[39mcollapsed][33m~[39m[33m*[39m){margin[33m-[39mleft[33m:[39mcalc([36mvar[39m([33m--[39mspacing)[33m*[39m[35m2[39m)}[33m.[39mmd[37m[41m[1m\[22m[49m[39m[33m:[39mafter[37m[41m[1m\[22m[49m[39m[33m:[39mhidden[33m:[39mafter{content[33m:[39m[36mvar[39m([33m--[39mtw[33m-[39mcontent)[33m;[39mdisplay[33m:[39mnone}}[33m@[39mmedia (min[33m-[39mwidth[33m:[39m[35m64[39mrem){[33m.[39mlg[37m[41m[1m\[22m[49m[39m[33m:[39mcol[33m-[39mspan[33m-[39m[35m2[39m{grid[33m-[39mcolumn[33m:[39mspan [35m2[39m[33m/[39mspan [35m2[39m}[33m.[39mlg[37m[41m[1m\[22m[49m[39m[33m:[39mgrid[33m-[39mcols[33m-[39m[35m3[39m{grid[33m-[39mtemplate[33m-[39mcolumns[33m:[39mrepeat([35m3[39m[33m,[39mminmax([35m0[39m[33m,[39m[35m1[39mfr))}[33m.[39mlg[37m[41m[1m\[22m[49m[39m[33m:[39mgrid[33m-[39mcols[33m-[39m[35m4[39m{grid[33m-[39mtemplate[33m-[39mcolumns[33m:[39mrepeat([35m4[39m[33m,[39mminmax([35m0[39m[33m,[39m[35m1[39mfr))}[33m.[39mlg[37m[41m[1m\[22m[49m[39m[33m:[39mtext[33m-[39m[35m5[39mxl{font[33m-[39msize[33m:[39m[36mvar[39m([33m--[39mtext[33m-[39m[35m5[39mxl)[33m;[39mline[33m-[39mheight[33m:[39m[36mvar[39m([33m--[39mtw[33m-[39mleading[33m,[39m[36mvar[39m([33m--[39mtext[33m-[39m[35m5[39mxl[33m--[39mline[33m-[39mheight))}}[33m@[39mcontainer field[33m-[39mgroup (min[33m-[39mwidth[33m:[39m[35m28[39mrem){[33m.[39m[37m[41m[1m\[22m[49m[39m[33m@[39mmd[37m[41m[1m\[22m[49m[39m[33m/[39mfield[33m-[39mgroup[37m[41m[1m\[22m[49m[39m[33m:[39mflex[33m-[39mrow{flex[33m-[39mdirection[33m:[39mrow}[33m.[39m[37m[41m[1m\[22m[49m[39m[33m@[39mmd[37m[41m[1m\[22m[49m[39m[33m/[39mfield[33m-[39mgroup[37m[41m[1m\[22m[49m[39m[33m:[39mitems[33m-[39mcenter{align[33m-[39mitems[33m:[39mcenter}[33m.[39m[37m[41m[1m\[22m[49m[39m[33m@[39mmd[37m[41m[1m\[22m[49m[39m[33m/[39mfield[33m-[39mgroup[37m[41m[1m\[22m[49m[39m[33m:[39mhas[33m-[39m[37m[41m[1m\[22m[49m[39m[[37m[41m[1m\[22m[49m[39m[33m>[39m[37m[41m[1m\[22m[49m[39m[data[33m-[39mslot[37m[41m[1m\[22m[49m[39m[33m=[39mfield[33m-[39mcontent[37m[41m[1m\[22m[49m[39m][37m[41m[1m\[22m[49m[39m][37m[41m[1m\[22m[49m[39m[33m:[39mitems[33m-[39mstart[33m:[39mhas([33m>[39m[data[33m-[39mslot[33m=[39mfield[33m-[39mcontent]){align[33m-[39mitems[33m:[39mflex[33m-[39mstart}}[33m.[39mdark[37m[41m[1m\[22m[49m[39m[33m:[39mborder[33m-[39minput[33m:[39mis([33m.[39mdark [33m*[39m){border[33m-[39mcolor[33m:[39m[36mvar[39m([33m--[39minput)}[33m.[39mdark[37m[41m[1m\[22m[49m[39m[33m:[39mbg[33m-[39mdestructive[37m[41m[1m\[22m[49m[39m[33m/[39m[35m60[39m[33m:[39mis([33m.[39mdark [33m*[39m){background[33m-[39mcolor[33m:[39m[36mvar[39m([33m--[39mdestructive)}[33m@[39msupports (color[33m:[39mcolor[33m-[39mmix([36min[39m lab[33m,[39m red[33m,[39m red)){[33m.[39mdark[37m[41m[1m\[22m[49m[39m[33m:[39mbg[33m-[39mdestructive[37m[41m[1m\[22m[49m[39m[33m/[39m[35m60[39m[33m:[39mis([33m.[39mdark [33m*[39m){background[33m-[39mcolor[33m:[39mcolor[33m-[39mmix([36min[39m oklab[33m,[39m[36mvar[39m([33m--[39mdestructive)[35m60[39m[33m%[39m[33m,[39mtransparent)}}[33m.[39mdark[37m[41m[1m\[22m[49m[39m[33m:[39mbg[33m-[39minput[37m[41m[1m\[22m[49m[39m[33m/[39m[35m30[39m[33m:[39mis([33m.[39mdark [33m*[39m){background[33m-[39mcolor[33m:[39m[36mvar[39m([33m--[39minput)}[33m@[39msupports (color[33m:[39mcolor[33m-[39mmix([36min[39m lab[33m,[39m red[33m,[39m red)){[33m.[39mdark[37m[41m[1m\[22m[49m[39m[33m:[39mbg[33m-[39minput[37m[41m[1m\[22m[49m[39m[33m/[39m[35m30[39m[33m:[39mis([33m.[39mdark [33m*[39m){background[33m-[39mcolor[33m:[39mcolor[33m-[39mmix([36min[39m oklab[33m,[39m[36mvar[39m([33m--[39minput)[35m30[39m[33m%[39m[33m,[39mtransparent)}}[33m.[39mdark[37m[41m[1m\[22m[49m[39m[33m:[39mbg[33m-[39mtransparent[33m:[39mis([33m.[39mdark [33m*[39m){background[33m-[39mcolor[33m:[39m[33m#[39m[35m0000[39m}[33m.[39mdark[37m[41m[1m\[22m[49m[39m[33m:[39mtext[33m-[39mgreen[33m-[39m[35m400[39m[33m:[39mis([33m.[39mdark [33m*[39m){color[33m:[39m[36mvar[39m([33m--[39mcolor[33m-[39mgreen[33m-[39m[35m400[39m)}[33m.[39mdark[37m[41m[1m\[22m[49m[39m[33m:[39mtext[33m-[39mmuted[33m-[39mforeground[33m:[39mis([33m.[39mdark [33m*[39m){color[33m:[39m[36mvar[39m([33m--[39mmuted[33m-[39mforeground)}[33m@[39mmedia (hover[33m:[39mhover){[33m.[39mdark[37m[41m[1m\[22m[49m[39m[33m:[39mhover[37m[41m[1m\[22m[49m[39m[33m:[39mbg[33m-[39maccent[37m[41m[1m\[22m[49m[39m[33m/[39m[35m50[39m[33m:[39mis([33m.[39mdark [33m*[39m)[33m:[39mhover{background[33m-[39mcolor[33m:[39m[36mvar[39m([33m--[39maccent)}[33m@[39msupports (color[33m:[39mcolor[33m-[39mmix([36min[39m lab[33m,[39m red[33m,[39m red)){[33m.[39mdark[37m[41m[1m\[22m[49m[39m[33m:[39mhover[37m[41m[1m\[22m[49m[39m[33m:[39mbg[33m-[39maccent[37m[41m[1m\[22m[49m[39m[33m/[39m[35m50[39m[33m:[39mis([33m.[39mdark [33m*[39m)[33m:[39mhover{background[33m-[39mcolor[33m:[39mcolor[33m-[39mmix([36min[39m oklab[33m,[39m[36mvar[39m([33m--[39maccent)[35m50[39m[33m%[39m[33m,[39mtransparent)}}[33m.[39mdark[37m[41m[1m\[22m[49m[39m[33m:[39mhover[37m[41m[1m\[22m[49m[39m[33m:[39mbg[33m-[39minput[37m[41m[1m\[22m[49m[39m[33m/[39m[35m50[39m[33m:[39mis([33m.[39mdark [33m*[39m)[33m:[39mhover{background[33m-[39mcolor[33m:[39m[36mvar[39m([33m--[39minput)}[33m@[39msupports (color[33m:[39mcolor[33m-[39mmix([36min[39m lab[33m,[39m red[33m,[39m red)){[33m.[39mdark[37m[41m[1m\[22m[49m[39m[33m:[39mhover[37m[41m[1m\[22m[49m[39m[33m:[39mbg[33m-[39minput[37m[41m[1m\[22m[49m[39m[33m/[39m[35m50[39m[33m:[39mis([33m.[39mdark [33m*[39m)[33m:[39mhover{background[33m-[39mcolor[33m:[39mcolor[33m-[39mmix([36min[39m oklab[33m,[39m[36mvar[39m([33m--[39minput)[35m50[39m[33m%[39m[33m,[39mtransparent)}}[33m.[39mdark[37m[41m[1m\[22m[49m[39m[33m:[39mhover[37m[41m[1m\[22m[49m[39m[33m:[39mtext[33m-[39maccent[33m-[39mforeground[33m:[39mis([33m.[39mdark [33m*[39m)[33m:[39mhover{color[33m:[39m[36mvar[39m([33m--[39maccent[33m-[39mforeground)}}[33m.[39mdark[37m[41m[1m\[22m[49m[39m[33m:[39mfocus[33m-[39mvisible[37m[41m[1m\[22m[49m[39m[33m:[39mring[33m-[39mdestructive[37m[41m[1m\[22m[49m[39m[33m/[39m[35m40[39m[33m:[39mis([33m.[39mdark [33m*[39m)[33m:[39mfocus[33m-[39mvisible{[33m--[39mtw[33m-[39mring[33m-[39mcolor[33m:[39m[36mvar[39m([33m--[39mdestructive)}[33m@[39msupports (color[33m:[39mcolor[33m-[39mmix([36min[39m lab[33m,[39m red[33m,[39m red)){[33m.[39mdark[37m[41m[1m\[22m[49m[39m[33m:[39mfocus[33m-[39mvisible[37m[41m[1m\[22m[49m[39m[33m:[39mring[33m-[39mdestructive[37m[41m[1m\[22m[49m[39m[33m/[39m[35m40[39m[33m:[39mis([33m.[39mdark [33m*[39m)[33m:[39mfocus[33m-[39mvisible{[33m--[39mtw[33m-[39mring[33m-[39mcolor[33m:[39mcolor[33m-[39mmix([36min[39m oklab[33m,[39m[36mvar[39m([33m--[39mdestructive)[35m40[39m[33m%[39m[33m,[39mtransparent)}}[33m.[39mdark[37m[41m[1m\[22m[49m[39m[33m:[39mhas[33m-[39mdata[33m-[39m[37m[41m[1m\[22m[49m[39m[state[37m[41m[1m\[22m[49m[39m[33m=[39mchecked[37m[41m[1m\[22m[49m[39m][37m[41m[1m\[22m[49m[39m[33m:[39mbg[33m-[39mprimary[37m[41m[1m\[22m[49m[39m[33m/[39m[35m10[39m[33m:[39mis([33m.[39mdark [33m*[39m)[33m:[39mhas([data[33m-[39mstate[33m=[39mchecked]){background[33m-[39mcolor[33m:[39m[36mvar[39m([33m--[39mprimary)}[33m@[39msupports (color[33m:[39mcolor[33m-[39mmix([36min[39m lab[33m,[39m red[33m,[39m red)){[33m.[39mdark[37m[41m[1m\[22m[49m[39m[33m:[39mhas[33m-[39mdata[33m-[39m[37m[41m[1m\[22m[49m[39m[state[37m[41m[1m\[22m[49m[39m[33m=[39mchecked[37m[41m[1m\[22m[49m[39m][37m[41m[1m\[22m[49m[39m[33m:[39mbg[33m-[39mprimary[37m[41m[1m\[22m[49m[39m[33m/[39m[35m10[39m[33m:[39mis([33m.[39mdark [33m*[39m)[33m:[39mhas([data[33m-[39mstate[33m=[39mchecked]){background[33m-[39mcolor[33m:[39mcolor[33m-[39mmix([36min[39m oklab[33m,[39m[36mvar[39m([33m--[39mprimary)[35m10[39m[33m%[39m[33m,[39mtransparent)}}[33m.[39mdark[37m[41m[1m\[22m[49m[39m[33m:[39mhas[33m-[39m[37m[41m[1m\[22m[49m[39m[[37m[41m[1m\[22m[49m[39m[data[33m-[39mslot[37m[41m[1m\[22m[49m[39m][37m[41m[1m\[22m[49m[39m[aria[33m-[39minvalid[37m[41m[1m\[22m[49m[39m[33m=[39m[36mtrue[39m[37m[41m[1m\[22m[49m[39m][37m[41m[1m\[22m[49m[39m][37m[41m[1m\[22m[49m[39m[33m:[39mring[33m-[39mdestructive[37m[41m[1m\[22m[49m[39m[33m/[39m[35m40[39m[33m:[39mis([33m.[39mdark [33m*[39m)[33m:[39mhas([data[33m-[39mslot][aria[33m-[39minvalid[33m=[39m[36mtrue[39m]){[33m--[39mtw[33m-[39mring[33m-[39mcolor[33m:[39m[36mvar[39m([33m--[39mdestructive)}[33m@[39msupports (color[33m:[39mcolor[33m-[39mmix([36min[39m lab[33m,[39m red[33m,[39m red)){[33m.[39mdark[37m[41m[1m\[22m[49m[39m[33m:[39mhas[33m-[39m[37m[41m[1m\[22m[49m[39m[[37m[41m[1m\[22m[49m[39m[data[33m-[39mslot[37m[41m[1m\[22m[49m[39m][37m[41m[1m\[22m[49m[39m[aria[33m-[39minvalid[37m[41m[1m\[22m[49m[39m[33m=[39m[36mtrue[39m[37m[41m[1m\[22m[49m[39m][37m[41m[1m\[22m[49m[39m][37m[41m[1m\[22m[49m[39m[33m:[39mring[33m-[39mdestructive[37m[41m[1m\[22m[49m[39m[33m/[39m[35m40[39m[33m:[39mis([33m.[39mdark [33m*[39m)[33m:[39mhas([data[33m-[39mslot][aria[33m-[39minvalid[33m=[39m[36mtrue[39m]){[33m--[39mtw[33m-[39mring[33m-[39mcolor[33m:[39mcolor[33m-[39mmix([36min[39m oklab[33m,[39m[36mvar[39m([33m--[39mdestructive)[35m40[39m[33m%[39m[33m,[39mtransparent)}}[33m.[39mdark[37m[41m[1m\[22m[49m[39m[33m:[39maria[33m-[39minvalid[37m[41m[1m\[22m[49m[39m[33m:[39mring[33m-[39mdestructive[37m[41m[1m\[22m[49m[39m[33m/[39m[35m40[39m[33m:[39mis([33m.[39mdark [33m*[39m)[aria[33m-[39minvalid[33m=[39m[36mtrue[39m]{[33m--[39mtw[33m-[39mring[33m-[39mcolor[33m:[39m[36mvar[39m([33m--[39mdestructive)}[33m@[39msupports (color[33m:[39mcolor[33m-[39mmix([36min[39m lab[33m,[39m red[33m,[39m red)){[33m.[39mdark[37m[41m[1m\[22m[49m[39m[33m:[39maria[33m-[39minvalid[37m[41m[1m\[22m[49m[39m[33m:[39mring[33m-[39mdestructive[37m[41m[1m\[22m[49m[39m[33m/[39m[35m40[39m[33m:[39mis([33m.[39mdark [33m*[39m)[aria[33m-[39minvalid[33m=[39m[36mtrue[39m]{[33m--[39mtw[33m-[39mring[33m-[39mcolor[33m:[39mcolor[33m-[39mmix([36min[39m oklab[33m,[39m[36mvar[39m([33m--[39mdestructive)[35m40[39m[33m%[39m[33m,[39mtransparent)}}[33m.[39mdark[37m[41m[1m\[22m[49m[39m[33m:[39mdata[33m-[39m[37m[41m[1m\[22m[49m[39m[active[37m[41m[1m\[22m[49m[39m[33m=[39m[36mtrue[39m[37m[41m[1m\[22m[49m[39m][37m[41m[1m\[22m[49m[39m[33m:[39maria[33m-[39minvalid[37m[41m[1m\[22m[49m[39m[33m:[39mring[33m-[39mdestructive[37m[41m[1m\[22m[49m[39m[33m/[39m[35m40[39m[33m:[39mis([33m.[39mdark [33m*[39m)[data[33m-[39mactive[33m=[39m[36mtrue[39m][aria[33m-[39minvalid[33m=[39m[36mtrue[39m]{[33m--[39mtw[33m-[39mring[33m-[39mcolor[33m:[39m[36mvar[39m([33m--[39mdestructive)}[33m@[39msupports (color[33m:[39mcolor[33m-[39mmix([36min[39m lab[33m,[39m red[33m,[39m red)){[33m.[39mdark[37m[41m[1m\[22m[49m[39m[33m:[39mdata[33m-[39m[37m[41m[1m\[22m[49m[39m[active[37m[41m[1m\[22m[49m[39m[33m=[39m[36mtrue[39m[37m[41m[1m\[22m[49m[39m][37m[41m[1m\[22m[49m[39m[33m:[39maria[33m-[39minvalid[37m[41m[1m\[22m[49m[39m[33m:[39mring[33m-[39mdestructive[37m[41m[1m\[22m[49m[39m[33m/[39m[35m40[39m[33m:[39mis([33m.[39mdark [33m*[39m)[data[33m-[39mactive[33m=[39m[36mtrue[39m][aria[33m-[39minvalid[33m=[39m[36mtrue[39m]{[33m--[39mtw[33m-[39mring[33m-[39mcolor[33m:[39mcolor[33m-[39mmix([36min[39m oklab[33m,[39m[36mvar[39m([33m--[39mdestructive)[35m40[39m[33m%[39m[33m,[39mtransparent)}}[33m.[39mdark[37m[41m[1m\[22m[49m[39m[33m:[39mdata[33m-[39m[37m[41m[1m\[22m[49m[39m[state[37m[41m[1m\[22m[49m[39m[33m=[39mactive[37m[41m[1m\[22m[49m[39m][37m[41m[1m\[22m[49m[39m[33m:[39mborder[33m-[39minput[33m:[39mis([33m.[39mdark [33m*[39m)[data[33m-[39mstate[33m=[39mactive]{border[33m-[39mcolor[33m:[39m[36mvar[39m([33m--[39minput)}[33m.[39mdark[37m[41m[1m\[22m[49m[39m[33m:[39mdata[33m-[39m[37m[41m[1m\[22m[49m[39m[state[37m[41m[1m\[22m[49m[39m[33m=[39mactive[37m[41m[1m\[22m[49m[39m][37m[41m[1m\[22m[49m[39m[33m:[39mbg[33m-[39minput[37m[41m[1m\[22m[49m[39m[33m/[39m[35m30[39m[33m:[39mis([33m.[39mdark [33m*[39m)[data[33m-[39mstate[33m=[39mactive]{background[33m-[39mcolor[33m:[39m[36mvar[39m([33m--[39minput)}[33m@[39msupports (color[33m:[39mcolor[33m-[39mmix([36min[39m lab[33m,[39m red[33m,[39m red)){[33m.[39mdark[37m[41m[1m\[22m[49m[39m[33m:[39mdata[33m-[39m[37m[41m[1m\[22m[49m[39m[state[37m[41m[1m\[22m[49m[39m[33m=[39mactive[37m[41m[1m\[22m[49m[39m][37m[41m[1m\[22m[49m[39m[33m:[39mbg[33m-[39minput[37m[41m[1m\[22m[49m[39m[33m/[39m[35m30[39m[33m:[39mis([33m.[39mdark [33m*[39m)[data[33m-[39mstate[33m=[39mactive]{background[33m-[39mcolor[33m:[39mcolor[33m-[39mmix([36min[39m oklab[33m,[39m[36mvar[39m([33m--[39minput)[35m30[39m[33m%[39m[33m,[39mtransparent)}}[33m.[39mdark[37m[41m[1m\[22m[49m[39m[33m:[39mdata[33m-[39m[37m[41m[1m\[22m[49m[39m[state[37m[41m[1m\[22m[49m[39m[33m=[39mactive[37m[41m[1m\[22m[49m[39m][37m[41m[1m\[22m[49m[39m[33m:[39mtext[33m-[39mforeground[33m:[39mis([33m.[39mdark [33m*[39m)[data[33m-[39mstate[33m=[39mactive]{color[33m:[39m[36mvar[39m([33m--[39mforeground)}[33m.[39mdark[37m[41m[1m\[22m[49m[39m[33m:[39mdata[33m-[39m[37m[41m[1m\[22m[49m[39m[state[37m[41m[1m\[22m[49m[39m[33m=[39mchecked[37m[41m[1m\[22m[49m[39m][37m[41m[1m\[22m[49m[39m[33m:[39mbg[33m-[39mprimary[33m:[39mis([33m.[39mdark [33m*[39m)[data[33m-[39mstate[33m=[39mchecked]{background[33m-[39mcolor[33m:[39m[36mvar[39m([33m--[39mprimary)}[33m.[39mdark[37m[41m[1m\[22m[49m[39m[33m:[39mdata[33m-[39m[37m[41m[1m\[22m[49m[39m[state[37m[41m[1m\[22m[49m[39m[33m=[39mchecked[37m[41m[1m\[22m[49m[39m][37m[41m[1m\[22m[49m[39m[33m:[39mbg[33m-[39mprimary[33m-[39mforeground[33m:[39mis([33m.[39mdark [33m*[39m)[data[33m-[39mstate[33m=[39mchecked]{background[33m-[39mcolor[33m:[39m[36mvar[39m([33m--[39mprimary[33m-[39mforeground)}[33m.[39mdark[37m[41m[1m\[22m[49m[39m[33m:[39mdata[33m-[39m[37m[41m[1m\[22m[49m[39m[state[37m[41m[1m\[22m[49m[39m[33m=[39munchecked[37m[41m[1m\[22m[49m[39m][37m[41m[1m\[22m[49m[39m[33m:[39mbg[33m-[39mforeground[33m:[39mis([33m.[39mdark [33m*[39m)[data[33m-[39mstate[33m=[39munchecked]{background[33m-[39mcolor[33m:[39m[36mvar[39m([33m--[39mforeground)}[33m.[39mdark[37m[41m[1m\[22m[49m[39m[33m:[39mdata[33m-[39m[37m[41m[1m\[22m[49m[39m[state[37m[41m[1m\[22m[49m[39m[33m=[39munchecked[37m[41m[1m\[22m[49m[39m][37m[41m[1m\[22m[49m[39m[33m:[39mbg[33m-[39minput[37m[41m[1m\[22m[49m[39m[33m/[39m[35m80[39m[33m:[39mis([33m.[39mdark [33m*[39m)[data[33m-[39mstate[33m=[39munchecked]{background[33m-[39mcolor[33m:[39m[36mvar[39m([33m--[39minput)}[33m@[39msupports (color[33m:[39mcolor[33m-[39mmix([36min[39m lab[33m,[39m red[33m,[39m red)){[33m.[39mdark[37m[41m[1m\[22m[49m[39m[33m:[39mdata[33m-[39m[37m[41m[1m\[22m[49m[39m[state[37m[41m[1m\[22m[49m[39m[33m=[39munchecked[37m[41m[1m\[22m[49m[39m][37m[41m[1m\[22m[49m[39m[33m:[39mbg[33m-[39minput[37m[41m[1m\[22m[49m[39m[33m/[39m[35m80[39m[33m:[39mis([33m.[39mdark [33m*[39m)[data[33m-[39mstate[33m=[39munchecked]{background[33m-[39mcolor[33m:[39mcolor[33m-[39mmix([36min[39m oklab[33m,[39m[36mvar[39m([33m--[39minput)[35m80[39m[33m%[39m[33m,[39mtransparent)}}[33m.[39mdark[37m[41m[1m\[22m[49m[39m[33m:[39mdata[33m-[39m[37m[41m[1m\[22m[49m[39m[variant[37m[41m[1m\[22m[49m[39m[33m=[39mdestructive[37m[41m[1m\[22m[49m[39m][37m[41m[1m\[22m[49m[39m[33m:[39mfocus[37m[41m[1m\[22m[49m[39m[33m:[39mbg[33m-[39mdestructive[37m[41m[1m\[22m[49m[39m[33m/[39m[35m20[39m[33m:[39mis([33m.[39mdark [33m*[39m)[data[33m-[39mvariant[33m=[39mdestructive][33m:[39mfocus{background[33m-[39mcolor[33m:[39m[36mvar[39m([33m--[39mdestructive)}[33m@[39msupports (color[33m:[39mcolor[33m-[39mmix([36min[39m lab[33m,[39m red[33m,[39m red)){[33m.[39mdark[37m[41m[1m\[22m[49m[39m[33m:[39mdata[33m-[39m[37m[41m[1m\[22m[49m[39m[variant[37m[41m[1m\[22m[49m[39m[33m=[39mdestructive[37m[41m[1m\[22m[49m[39m][37m[41m[1m\[22m[49m[39m[33m:[39mfocus[37m[41m[1m\[22m[49m[39m[33m:[39mbg[33m-[39mdestructive[37m[41m[1m\[22m[49m[39m[33m/[39m[35m20[39m[33m:[39mis([33m.[39mdark [33m*[39m)[data[33m-[39mvariant[33m=[39mdestructive][33m:[39mfocus{background[33m-[39mcolor[33m:[39mcolor[33m-[39mmix([36min[39m oklab[33m,[39m[36mvar[39m([33m--[39mdestructive)[35m20[39m[33m%[39m[33m,[39mtransparent)}}[33m@[39mmedia print{[33m.[39mprint[37m[41m[1m\[22m[49m[39m[33m:[39mhidden{display[33m:[39mnone}}[33m.[39m[37m[41m[1m\[22m[49m[39m[[37m[41m[1m\[22m[49m[39m[33m&[39m_[37m[41m[1m\[22m[49m[39m[33m.[39mrecharts[33m-[39mcartesian[33m-[39maxis[33m-[39mtick_text[37m[41m[1m\[22m[49m[39m][37m[41m[1m\[22m[49m[39m[33m:[39mfill[33m-[39mmuted[33m-[39mforeground [33m.[39mrecharts[33m-[39mcartesian[33m-[39maxis[33m-[39mtick text{fill[33m:[39m[36mvar[39m([33m--[39mmuted[33m-[39mforeground)}[33m.[39m[37m[41m[1m\[22m[49m[39m[[37m[41m[1m\[22m[49m[39m[33m&[39m_[37m[41m[1m\[22m[49m[39m[33m.[39mrecharts[33m-[39mcartesian[33m-[39mgrid_line[37m[41m[1m\[22m[49m[39m[stroke[37m[41m[1m\[22m[49m[39m[33m=[39m[37m[41m[1m\[22m[49m[39m[32m'\#ccc\'\]\]\:stroke-border\/50 .recharts-cartesian-grid line[stroke=\#ccc]{stroke:var(--border)}@supports (color:color-mix(in lab, red, red)){.\[\&_\.recharts-cartesian-grid_line\[stroke\=\'\#ccc\'\]\]\:stroke-border\/50 .recharts-cartesian-grid line[stroke=\#ccc]{stroke:color-mix(in oklab,var(--border)50%,transparent)}}.\[\&_\.recharts-curve\.recharts-tooltip-cursor\]\:stroke-border .recharts-curve.recharts-tooltip-cursor{stroke:var(--border)}.\[\&_\.recharts-dot\[stroke\=\'\#fff\'\]\]\:stroke-transparent .recharts-dot[stroke=\#fff]{stroke:#0000}.\[\&_\.recharts-layer\]\:outline-hidden .recharts-layer{--tw-outline-style:none;outline-style:none}@media (forced-colors:active){.\[\&_\.recharts-layer\]\:outline-hidden .recharts-layer{outline-offset:2px;outline:2px solid #0000}}.\[\&_\.recharts-polar-grid_\[stroke\=\'\#ccc\'\]\]\:stroke-border .recharts-polar-grid [stroke=\#ccc]{stroke:var(--border)}.\[\&_\.recharts-radial-bar-background-sector\]\:fill-muted .recharts-radial-bar-background-sector,.\[\&_\.recharts-rectangle\.recharts-tooltip-cursor\]\:fill-muted .recharts-rectangle.recharts-tooltip-cursor{fill:var(--muted)}.\[\&_\.recharts-reference-line_\[stroke\=\'\#ccc\'\]\]\:stroke-border .recharts-reference-line [stroke=\#ccc]{stroke:var(--border)}.\[\&_\.recharts-sector\]\:outline-hidden .recharts-sector{--tw-outline-style:none;outline-style:none}@media (forced-colors:active){.\[\&_\.recharts-sector\]\:outline-hidden .recharts-sector{outline-offset:2px;outline:2px solid #0000}}.\[\&_\.recharts-sector\[stroke\=\'\#fff\'\]\]\:stroke-transparent .recharts-sector[stroke=\#fff]{stroke:#0000}.\[\&_\.recharts-surface\]\:outline-hidden .recharts-surface{--tw-outline-style:none;outline-style:none}@media (forced-colors:active){.\[\&_\.recharts-surface\]\:outline-hidden .recharts-surface{outline-offset:2px;outline:2px solid #0000}}.\[\&_\[cmdk-group-heading\]\]\:px-2 [cmdk-group-heading]{padding-inline:calc(var(--spacing)*2)}.\[\&_\[cmdk-group-heading\]\]\:py-1\.5 [cmdk-group-heading]{padding-block:calc(var(--spacing)*1.5)}.\[\&_\[cmdk-group-heading\]\]\:text-xs [cmdk-group-heading]{font-size:var(--text-xs);line-height:var(--tw-leading,var(--text-xs--line-height))}.\[\&_\[cmdk-group-heading\]\]\:font-medium [cmdk-group-heading]{--tw-font-weight:var(--font-weight-medium);font-weight:var(--font-weight-medium)}.\[\&_\[cmdk-group-heading\]\]\:text-muted-foreground [cmdk-group-heading]{color:var(--muted-foreground)}.\[\&_\[cmdk-group\]\]\:px-2 [cmdk-group]{padding-inline:calc(var(--spacing)*2)}.\[\&_\[cmdk-group\]\:not\(\[hidden\]\)_\~\[cmdk-group\]\]\:pt-0 [cmdk-group]:not([hidden])~[cmdk-group]{padding-top:calc(var(--spacing)*0)}.\[\&_\[cmdk-input-wrapper\]_svg\]\:h-5 [cmdk-input-wrapper] svg{height:calc(var(--spacing)*5)}.\[\&_\[cmdk-input-wrapper\]_svg\]\:w-5 [cmdk-input-wrapper] svg{width:calc(var(--spacing)*5)}.\[\&_\[cmdk-input\]\]\:h-12 [cmdk-input]{height:calc(var(--spacing)*12)}.\[\&_\[cmdk-item\]\]\:px-2 [cmdk-item]{padding-inline:calc(var(--spacing)*2)}.\[\&_\[cmdk-item\]\]\:py-3 [cmdk-item]{padding-block:calc(var(--spacing)*3)}.\[\&_\[cmdk-item\]_svg\]\:h-5 [cmdk-item] svg{height:calc(var(--spacing)*5)}.\[\&_\[cmdk-item\]_svg\]\:w-5 [cmdk-item] svg{width:calc(var(--spacing)*5)}.\[\&_img\]\:size-full img{width:100%;height:100%}.\[\&_img\]\:object-cover img{object-fit:cover}.\[\&_p\]\:leading-relaxed p{--tw-leading:var(--leading-relaxed);line-height:var(--leading-relaxed)}.\[\&_svg\]\:pointer-events-none svg{pointer-events:none}.\[\&_svg\]\:shrink-0 svg{flex-shrink:0}.\[\&_svg\:not\(\[class\*\=\'size-\'\]\)\]\:size-3 svg:not([class*=size-]){width:calc(var(--spacing)*3);height:calc(var(--spacing)*3)}.\[\&_svg\:not\(\[class\*\=\'size-\'\]\)\]\:size-4 svg:not([class*=size-]){width:calc(var(--spacing)*4);height:calc(var(--spacing)*4)}.\[\&_svg\:not\(\[class\*\=\'size-\'\]\)\]\:size-6 svg:not([class*=size-]){width:calc(var(--spacing)*6);height:calc(var(--spacing)*6)}.\[\&_svg\:not\(\[class\*\=\'text-\'\]\)\]\:text-muted-foreground svg:not([class*=text-]){color:var(--muted-foreground)}.\[\&_tr\]\:border-b tr{border-bottom-style:var(--tw-border-style);border-bottom-width:1px}.\[\&_tr\:last-child\]\:border-0 tr:last-child{border-style:var(--tw-border-style);border-width:0}.\[\&\+\[data-slot\=item-content\]\]\:flex-none+[data-slot=item-content]{flex:none}.\[\&\:first-child\[data-selected\=true\]_button\]\:rounded-l-md:first-child[data-selected=true] button{border-top-left-radius:calc(var(--radius) - 2px);border-bottom-left-radius:calc(var(--radius) - 2px)}.\[\&\:has\(\[role\=checkbox\]\)\]\:pr-0:has([role=checkbox]){padding-right:calc(var(--spacing)*0)}.\[\.border-b\]\:pb-3.border-b{padding-bottom:calc(var(--spacing)*3)}.\[\.border-b\]\:pb-6.border-b{padding-bottom:calc(var(--spacing)*6)}.\[\.border-t\]\:pt-3.border-t{padding-top:calc(var(--spacing)*3)}.\[\.border-t\]\:pt-6.border-t{padding-top:calc(var(--spacing)*6)}:is(.rtl\:\*\*\:\[\.rdp-button\\_next\>svg\]\:rotate-180:where(:dir(rtl),[dir=rtl],[dir=rtl] *) *):is(.rdp-button_next>svg),:is(.rtl\:\*\*\:\[\.rdp-button\\_previous\>svg\]\:rotate-180:where(:dir(rtl),[dir=rtl],[dir=rtl] *) *):is(.rdp-button_previous>svg){rotate:180deg}:is(.\*\:\[span\]\:last\:flex>*):is(span):last-child{display:flex}:is(.\*\:\[span\]\:last\:items-center>*):is(span):last-child{align-items:center}:is(.\*\:\[span\]\:last\:gap-2>*):is(span):last-child{gap:calc(var(--spacing)*2)}:is(.data-\[variant\=destructive\]\:\*\:\[svg\]\:\!text-destructive[data-variant=destructive]>*):is(svg){color:var(--destructive)!important}.\[\&\:last-child\[data-selected\=true\]_button\]\:rounded-r-md:last-child[data-selected=true] button{border-top-right-radius:calc(var(--radius) - 2px);border-bottom-right-radius:calc(var(--radius) - 2px)}.\[\&\>\*\]\:w-full>*{width:100%}.\[\&\>\*\]\:focus-visible\:relative>:focus-visible{position:relative}.\[\&\>\*\]\:focus-visible\:z-10>:focus-visible{z-index:10}.\[\&\>\*\]\:data-\[slot\=field\]\:p-4>[data-slot=field]{padding:calc(var(--spacing)*4)}@container field-group (min-width:28rem){.\@md\/field-group\:\[\&\>\*\]\:w-auto>*{width:auto}}.\[\&\>\*\:not\(\:first-child\)\]\:rounded-t-none>:not(:first-child){border-top-left-radius:0;border-top-right-radius:0}.\[\&\>\*\:not\(\:first-child\)\]\:rounded-l-none>:not(:first-child){border-top-left-radius:0;border-bottom-left-radius:0}.\[\&\>\*\:not\(\:first-child\)\]\:border-t-0>:not(:first-child){border-top-style:var(--tw-border-style);border-top-width:0}.\[\&\>\*\:not\(\:first-child\)\]\:border-l-0>:not(:first-child){border-left-style:var(--tw-border-style);border-left-width:0}.\[\&\>\*\:not\(\:last-child\)\]\:rounded-r-none>:not(:last-child){border-top-right-radius:0;border-bottom-right-radius:0}.\[\&\>\*\:not\(\:last-child\)\]\:rounded-b-none>:not(:last-child){border-bottom-right-radius:0;border-bottom-left-radius:0}.\[\&\>\.sr-only\]\:w-auto>.sr-only{width:auto}.\[\&\>\[data-slot\=field-group\]\]\:gap-4>[data-slot=field-group]{gap:calc(var(--spacing)*4)}.\[\&\>\[data-slot\=field-label\]\]\:flex-auto>[data-slot=field-label]{flex:auto}@container field-group (min-width:28rem){.\@md\/field-group\:\[\&\>\[data-slot\=field-label\]\]\:flex-auto>[data-slot=field-label]{flex:auto}}.has-\[select\[aria-hidden\=true\]\:last-child\]\:\[\&\>\[data-slot\=select-trigger\]\:last-of-type\]\:rounded-r-md:has(:is(select[aria-hidden=true]:last-child))>[data-slot=select-trigger]:last-of-type{border-top-right-radius:calc(var(--radius) - 2px);border-bottom-right-radius:calc(var(--radius) - 2px)}.\[\&\>\[data-slot\=select-trigger\]\:not\(\[class\*\=\'w-\'\]\)\]\:w-fit>[data-slot=select-trigger]:not([class*=w-]){width:fit-content}.\[\&\>\[role\=checkbox\]\]\:translate-y-\[2px\]>[role=checkbox]{--tw-translate-y:2px;translate:var(--tw-translate-x)var(--tw-translate-y)}.has-\[\>\[data-slot\=field-content\]\]\:\[\&\>\[role\=checkbox\]\,\[role\=radio\]\]\:mt-px:has(>[data-slot=field-content])>[role=checkbox],.has-\[\>\[data-slot\=field-content\]\]\:\[\&\>\[role\=checkbox\]\,\[role\=radio\]\]\:mt-px:has(>[data-slot=field-content]) [role=radio]{margin-top:1px}@container field-group (min-width:28rem){.\@md\/field-group\:has-\[\>\[data-slot\=field-content\]\]\:\[\&\>\[role\=checkbox\]\,\[role\=radio\]\]\:mt-px:has(>[data-slot=field-content])>[role=checkbox],.\@md\/field-group\:has-\[\>\[data-slot\=field-content\]\]\:\[\&\>\[role\=checkbox\]\,\[role\=radio\]\]\:mt-px:has(>[data-slot=field-content]) [role=radio]{margin-top:1px}}.\[\&\>a\]\:underline>a{text-decoration-line:underline}.\[\&\>a\]\:underline-offset-4>a{text-underline-offset:4px}.\[\&\>a\:hover\]\:text-primary>a:hover{color:var(--primary)}.\[\&\>button\]\:hidden>button{display:none}.\[\&\>input\]\:flex-1>input{flex:1}.has-\[\>\[data-align\=block-end\]\]\:\[\&\>input\]\:pt-3:has(>[data-align=block-end])>input{padding-top:calc(var(--spacing)*3)}.has-\[\>\[data-align\=block-start\]\]\:\[\&\>input\]\:pb-3:has(>[data-align=block-start])>input{padding-bottom:calc(var(--spacing)*3)}.has-\[\>\[data-align\=inline-end\]\]\:\[\&\>input\]\:pr-2:has(>[data-align=inline-end])>input{padding-right:calc(var(--spacing)*2)}.has-\[\>\[data-align\=inline-start\]\]\:\[\&\>input\]\:pl-2:has(>[data-align=inline-start])>input{padding-left:calc(var(--spacing)*2)}.\[\&\>kbd\]\:rounded-\[calc\(var\(--radius\)-5px\)\]>kbd{border-radius:calc(var(--radius) - 5px)}.\[\&\>span\]\:text-xs>span{font-size:var(--text-xs);line-height:var(--tw-leading,var(--text-xs--line-height))}.\[\&\>span\]\:opacity-70>span{opacity:.7}.\[\&\>span\:last-child\]\:truncate>span:last-child{text-overflow:ellipsis;white-space:nowrap;overflow:hidden}.\[\&\>svg\]\:pointer-events-none>svg{pointer-events:none}.\[\&\>svg\]\:size-3>svg{width:calc(var(--spacing)*3);height:calc(var(--spacing)*3)}.\[\&\>svg\]\:size-3\.5>svg{width:calc(var(--spacing)*3.5);height:calc(var(--spacing)*3.5)}.\[\&\>svg\]\:size-4>svg{width:calc(var(--spacing)*4);height:calc(var(--spacing)*4)}.\[\&\>svg\]\:h-2\.5>svg{height:calc(var(--spacing)*2.5)}.\[\&\>svg\]\:h-3>svg{height:calc(var(--spacing)*3)}.\[\&\>svg\]\:w-2\.5>svg{width:calc(var(--spacing)*2.5)}.\[\&\>svg\]\:w-3>svg{width:calc(var(--spacing)*3)}.\[\&\>svg\]\:shrink-0>svg{flex-shrink:0}.\[\&\>svg\]\:translate-y-0\.5>svg{--tw-translate-y:calc(var(--spacing)*.5);translate:var(--tw-translate-x)var(--tw-translate-y)}.\[\&\>svg\]\:text-current>svg{color:currentColor}.\[\&\>svg\]\:text-muted-foreground>svg{color:var(--muted-foreground)}.\[\&\>svg\:not\(\[class\*\=\'size-\'\]\)\]\:size-3\.5>svg:not([class*=size-]){width:calc(var(--spacing)*3.5);height:calc(var(--spacing)*3.5)}.\[\&\>svg\:not\(\[class\*\=\'size-\'\]\)\]\:size-4>svg:not([class*=size-]){width:calc(var(--spacing)*4);height:calc(var(--spacing)*4)}.\[\&\>tr\]\:last\:border-b-0>tr:last-child{border-bottom-style:var(--tw-border-style);border-bottom-width:0}.\[\&\[data-panel-group-direction\=vertical\]\>div\]\:rotate-90[data-panel-group-direction=vertical]>div{rotate:90deg}.\[\&\[data-state\=open\]\>svg\]\:rotate-180[data-state=open]>svg{rotate:180deg}[data-side=left][data-collapsible=offcanvas] .\[\[data-side\=left\]\[data-collapsible\=offcanvas\]_\&\]\:-right-2{right:calc(var(--spacing)*-2)}[data-side=left][data-state=collapsed] .\[\[data-side\=left\]\[data-state\=collapsed\]_\&\]\:cursor-e-resize{cursor:e-resize}[data-side=right][data-collapsible=offcanvas] .\[\[data-side\=right\]\[data-collapsible\=offcanvas\]_\&\]\:-left-2{left:calc(var(--spacing)*-2)}[data-side=right][data-state=collapsed] .\[\[data-side\=right\]\[data-state\=collapsed\]_\&\]\:cursor-w-resize{cursor:w-resize}[data-slot=card-content] .\[\[data-slot\=card-content\]_\&\]\:bg-transparent,[data-slot=popover-content] .\[\[data-slot\=popover-content\]_\&\]\:bg-transparent{background-color:#0000}[data-slot=tooltip-content] .\[\[data-slot\=tooltip-content\]_\&\]\:bg-background\/20{background-color:var(--background)}@supports (color:color-mix(in lab, red, red)){[data-slot=tooltip-content] .\[\[data-slot\=tooltip-content\]_\&\]\:bg-background\/20{background-color:color-mix(in oklab,var(--background)20%,transparent)}}[data-slot=tooltip-content] .\[\[data-slot\=tooltip-content\]_\&\]\:text-background{color:var(--background)}[data-slot=tooltip-content] .dark\:\[\[data-slot\=tooltip-content\]_\&\]\:bg-background\/10:is(.dark *){background-color:var(--background)}@supports (color:color-mix(in lab, red, red)){[data-slot=tooltip-content] .dark\:\[\[data-slot\=tooltip-content\]_\&\]\:bg-background\/10:is(.dark *){background-color:color-mix(in oklab,var(--background)10%,transparent)}}[data-variant=legend]+.\[\[data-variant\=legend\]\+\&\]\:-mt-1\.5{margin-top:calc(var(--spacing)*-1.5)}a.\[a\&\]\:transition-colors{transition-property:color,background-color,border-color,outline-color,text-decoration-color,fill,stroke,--tw-gradient-from,--tw-gradient-via,--tw-gradient-to;transition-timing-function:var(--tw-ease,var(--default-transition-timing-function));transition-duration:var(--tw-duration,var(--default-transition-duration))}@media (hover:hover){a.\[a\&\]\:hover\:bg-accent:hover,a.\[a\&\]\:hover\:bg-accent\/50:hover{background-color:var(--accent)}@supports (color:color-mix(in lab, red, red)){a.\[a\&\]\:hover\:bg-accent\/50:hover{background-color:color-mix(in oklab,var(--accent)50%,transparent)}}a.\[a\&\]\:hover\:bg-destructive\/90:hover{background-color:var(--destructive)}@supports (color:color-mix(in lab, red, red)){a.\[a\&\]\:hover\:bg-destructive\/90:hover{background-color:color-mix(in oklab,var(--destructive)90%,transparent)}}a.\[a\&\]\:hover\:bg-primary\/90:hover{background-color:var(--primary)}@supports (color:color-mix(in lab, red, red)){a.\[a\&\]\:hover\:bg-primary\/90:hover{background-color:color-mix(in oklab,var(--primary)90%,transparent)}}a.\[a\&\]\:hover\:bg-secondary\/90:hover{background-color:var(--secondary)}@supports (color:color-mix(in lab, red, red)){a.\[a\&\]\:hover\:bg-secondary\/90:hover{background-color:color-mix(in oklab,var(--secondary)90%,transparent)}}a.\[a\&\]\:hover\:text-accent-foreground:hover{color:var(--accent-foreground)}}.text-gradient-orange{--tw-gradient-position:to right in oklab;background-image:linear-gradient(var(--tw-gradient-stops));--tw-gradient-from:var(--primary);--tw-gradient-to:var(--color-orange-500);--tw-gradient-stops:var(--tw-gradient-via-stops,var(--tw-gradient-position),var(--tw-gradient-from)var(--tw-gradient-from-position),var(--tw-gradient-to)var(--tw-gradient-to-position));color:#0000;-webkit-background-clip:text;background-clip:text}.text-gradient-green{--tw-gradient-position:to right in oklab;background-image:linear-gradient(var(--tw-gradient-stops));--tw-gradient-from:var(--accent);--tw-gradient-to:var(--color-emerald-500);--tw-gradient-stops:var(--tw-gradient-via-stops,var(--tw-gradient-position),var(--tw-gradient-from)var(--tw-gradient-from-position),var(--tw-gradient-to)var(--tw-gradient-to-position));color:#0000;-webkit-background-clip:text;background-clip:text}@keyframes confetti{0%{opacity:1;transform:translateY(0)rotate(0)}to{opacity:0;transform:translateY(-100vh)rotate(720deg)}}.animate-confetti{animation:3s ease-out forwards confetti}@keyframes pulse-glow{0%,to{box-shadow:0 0 20px #ff6a004d}50%{box-shadow:0 0 40px #ff6a0099}}.animate-pulse-glow{animation:2s ease-in-out infinite pulse-glow}@keyframes slide-up{0%{opacity:0;transform:translateY(20px)}to{opacity:1;transform:translateY(0)}}.animate-slide-up{animation:.4s ease-out slide-up}.breathing-space{padding:calc(var(--spacing)*8)}@media (min-width:48rem){.breathing-space{padding:calc(var(--spacing)*10)}}@media (min-width:64rem){.breathing-space{padding:calc(var(--spacing)*12)}}.breathing-space-sm{padding:calc(var(--spacing)*6)}@media (min-width:48rem){.breathing-space-sm{padding:calc(var(--spacing)*8)}}}@property --tw-animation-delay{syntax:"*";inherits:false;initial-value:0s}@property --tw-animation-direction{syntax:"*";inherits:false;initial-value:normal}@property --tw-animation-duration{syntax:"*";inherits:false}@property --tw-animation-fill-mode{syntax:"*";inherits:false;initial-value:forwards}@property --tw-animation-iteration-count{syntax:"*";inherits:false;initial-value:1}@property --tw-enter-opacity{syntax:"*";inherits:false;initial-value:1}@property --tw-enter-rotate{syntax:"*";inherits:false;initial-value:0}@property --tw-enter-scale{syntax:"*";inherits:false;initial-value:1}@property --tw-enter-translate-x{syntax:"*";inherits:false;initial-value:0}@property --tw-enter-translate-y{syntax:"*";inherits:false;initial-value:0}@property --tw-exit-opacity{syntax:"*";inherits:false;initial-value:1}@property --tw-exit-rotate{syntax:"*";inherits:false;initial-value:0}@property --tw-exit-scale{syntax:"*";inherits:false;initial-value:1}@property --tw-exit-translate-x{syntax:"*";inherits:false;initial-value:0}@property --tw-exit-translate-y{syntax:"*";inherits:false;initial-value:0}:root{--background:#fafafa;--foreground:#1a1a1a;--card:#fff;--card-foreground:#1a1a1a;--popover:#fff;--popover-foreground:#1a1a1a;--primary:#ff6a00;--primary-foreground:#fff;--primary-hover:#e65f00;--secondary:#fffcf5;--secondary-foreground:#1a1a1a;--muted:#f5f5f5;--muted-foreground:#737373;--accent:#22c55e;--accent-foreground:#fff;--destructive:#ef4444;--destructive-foreground:#fff;--border:#e5e5e5;--input:#fff;--ring:#ff6a00;--chart-1:#ff6a00;--chart-2:#22c55e;--chart-3:#fbbf24;--chart-4:#8b5cf6;--chart-5:#ec4899;--radius:.75rem;--pattern-opacity:.03}.dark{--background:#0f0f0f;--foreground:#fafafa;--card:#1a1a1a;--card-foreground:#fafafa;--popover:#1a1a1a;--popover-foreground:#fafafa;--primary:#ff7a1a;--primary-foreground:#fff;--primary-hover:#ff6a00;--secondary:#2a2a2a;--secondary-foreground:#fafafa;--muted:#262626;--muted-foreground:#a3a3a3;--accent:#22c55e;--accent-foreground:#fff;--destructive:#ef4444;--destructive-foreground:#fff;--border:#2a2a2a;--input:#1f1f1f;--ring:#ff7a1a}@media print{body:before{display:none}.print\\:hidden{display:none!important}.fab,.bottom-nav{display:none!important}}@property --tw-translate-x{syntax:"*";inherits:false;initial-value:0}@property --tw-translate-y{syntax:"*";inherits:false;initial-value:0}@property --tw-translate-z{syntax:"*";inherits:false;initial-value:0}@property --tw-scale-x{syntax:"*";inherits:false;initial-value:1}@property --tw-scale-y{syntax:"*";inherits:false;initial-value:1}@property --tw-scale-z{syntax:"*";inherits:false;initial-value:1}@property --tw-rotate-x{syntax:"*";inherits:false}@property --tw-rotate-y{syntax:"*";inherits:false}@property --tw-rotate-z{syntax:"*";inherits:false}@property --tw-skew-x{syntax:"*";inherits:false}@property --tw-skew-y{syntax:"*";inherits:false}@property --tw-space-y-reverse{syntax:"*";inherits:false;initial-value:0}@property --tw-space-x-reverse{syntax:"*";inherits:false;initial-value:0}@property --tw-divide-y-reverse{syntax:"*";inherits:false;initial-value:0}@property --tw-border-style{syntax:"*";inherits:false;initial-value:solid}@property --tw-gradient-position{syntax:"*";inherits:false}@property --tw-gradient-from{syntax:"<color>";inherits:false;initial-value:#0000}@property --tw-gradient-via{syntax:"<color>";inherits:false;initial-value:#0000}@property --tw-gradient-to{syntax:"<color>";inherits:false;initial-value:#0000}@property --tw-gradient-stops{syntax:"*";inherits:false}@property --tw-gradient-via-stops{syntax:"*";inherits:false}@property --tw-gradient-from-position{syntax:"<length-percentage>";inherits:false;initial-value:0%}@property --tw-gradient-via-position{syntax:"<length-percentage>";inherits:false;initial-value:50%}@property --tw-gradient-to-position{syntax:"<length-percentage>";inherits:false;initial-value:100%}@property --tw-leading{syntax:"*";inherits:false}@property --tw-font-weight{syntax:"*";inherits:false}@property --tw-tracking{syntax:"*";inherits:false}@property --tw-ordinal{syntax:"*";inherits:false}@property --tw-slashed-zero{syntax:"*";inherits:false}@property --tw-numeric-figure{syntax:"*";inherits:false}@property --tw-numeric-spacing{syntax:"*";inherits:false}@property --tw-numeric-fraction{syntax:"*";inherits:false}@property --tw-shadow{syntax:"*";inherits:false;initial-value:0 0 #0000}@property --tw-shadow-color{syntax:"*";inherits:false}@property --tw-shadow-alpha{syntax:"<percentage>";inherits:false;initial-value:100%}@property --tw-inset-shadow{syntax:"*";inherits:false;initial-value:0 0 #0000}@property --tw-inset-shadow-color{syntax:"*";inherits:false}@property --tw-inset-shadow-alpha{syntax:"<percentage>";inherits:false;initial-value:100%}@property --tw-ring-color{syntax:"*";inherits:false}@property --tw-ring-shadow{syntax:"*";inherits:false;initial-value:0 0 #0000}@property --tw-inset-ring-color{syntax:"*";inherits:false}@property --tw-inset-ring-shadow{syntax:"*";inherits:false;initial-value:0 0 #0000}@property --tw-ring-inset{syntax:"*";inherits:false}@property --tw-ring-offset-width{syntax:"<length>";inherits:false;initial-value:0}@property --tw-ring-offset-color{syntax:"*";inherits:false;initial-value:#fff}@property --tw-ring-offset-shadow{syntax:"*";inherits:false;initial-value:0 0 #0000}@property --tw-outline-style{syntax:"*";inherits:false;initial-value:solid}@property --tw-duration{syntax:"*";inherits:false}@property --tw-ease{syntax:"*";inherits:false}@property --tw-content{syntax:"*";inherits:false;initial-value:""}@keyframes spin{to{transform:rotate(360deg)}}@keyframes pulse{50%{opacity:.5}}@keyframes enter{0%{opacity:var(--tw-enter-opacity,1);transform:translate3d(var(--tw-enter-translate-x,0),var(--tw-enter-translate-y,0),0)scale3d(var(--tw-enter-scale,1),var(--tw-enter-scale,1),var(--tw-enter-scale,1))rotate(var(--tw-enter-rotate,0))}}@keyframes exit{to{opacity:var(--tw-exit-opacity,1);transform:translate3d(var(--tw-exit-translate-x,0),var(--tw-exit-translate-y,0),0)scale3d(var(--tw-exit-scale,1),var(--tw-exit-scale,1),var(--tw-exit-scale,1))rotate(var(--tw-exit-rotate,0))}}@keyframes accordion-down{0%{height:0}to{height:var(--radix-accordion-content-height,var(--bits-accordion-content-height,var(--reka-accordion-content-height,var(--kb-accordion-content-height,auto))))}}@keyframes accordion-up{0%{height:var(--radix-accordion-content-height,var(--bits-accordion-content-height,var(--reka-accordion-content-height,var(--kb-accordion-content-height,auto))))}to{height:0}}@keyframes caret-blink{0%,70%,to{opacity:1}20%,50%{opacity:0}}[39m
 [90m   |[39m                                                                                                                                                                                                                                                                                                                                                                                                                                                                                                                                                                                                                                                                                                                                                                                                                                                                                                                                                                                                                                                                                                                                                                                                                                                                                                                                                                                                                                                                                                                                                                                                                                                                                                                                                                                                                                                                                                                                                                                                                                                                                                                                                                                                                                                                                                                                                                                                                                                                                                                                                                                                                                                                                                                                                                                                                                                                                                                                                                                                                                                                                                                                                                                                                                                                                                                                                                                                                                                                                                                                                                                                                                                                                                                                                                                                                                                                                                                                                                                                                                                                                                                                                                                                                                                                                                                                                                                                                                                                                                                                                                                                                                                                                                                                                                                                                                                                                                                                                                                                                                                                                                                                                                                                                                                                                                                                                                                                                                                                                                                                                                                                                                                                                                                                                                                                                                                                                                                                                                                                                                                                                                                                                                                                                                                                                                                                                                                                                                                                                                                                                                                                                                                                                                                                                                                                                                                                                                                                                                                                                                                                                                                                                                                                                                                                                                                                                                                                                                                                                                                                                                                                                                                                                                                                                                                                                                                                                                                                                                                                                                                                                                                                                                                                                                                                                                                                                                                                                                                                                                                                                                                                                                                                                                                                                                                                                                                                                                                                                                                                                                                                                                                                                                                                                                                                                                                                                                                                                                                                                                                                                                                                                                                                                                                                                                                                                                                                                                                                                                                                                                                                                                                                                                                                                                                                                                                                                                                                                                                                                                                                                                                                                                                                                                                                                                                                                                                                                                                                                                                                                                                                                                                                                                                                                                                                                                                                                                                                                                                                                                                                                                                                                                                                                                                                                                                                                                                                                                                                                                                                                                                                                                                                                                                                                                                                                                                                                                                                                                                                                                                                                                                                                                                                                                                                                                                                                                                                                                                                                                                                                                                                                                                                                                                                                                                                                                                                                                                                                                                                                                                                                                                                                                                                                                                                                                                                                                                                                                                                                                                                                                                                                                                                                                                                                                                                                                                                                                                                                                                                                                                                                                                                                                                                                                                                                                                                                                                                                                                                                                                                                                                                                                                                                                                                                                                                                                                                                                                                                                                                                                                                                                                                                                                                                                                                                                                                                                                                                                                                                                                                                                                                                                                                                                                                                                                                                                                                                                                                                                                                                                                                                                                                                                                                                                                                                                                                                                                                                                                                                                                                                                                                                                                                                                                                                                                                                                                                                                                                                                                                                                                                                                                                                                                                                                                                                                                                                                                                                                                                                                                                                                                                                                                                                                                                                                                                                                                                                                                                                                                                                                                                                                                                                                                                                                                                                                                                                                                                                                                                                                                                                                                                                                                                                                                                                                                                                                                                                                                                                                                                                                                                                                                                                                                                                                                                                                                                                                                                                                                                                                                                                                                                                                                                                                                                                                                                                                                                                                                                                                                                                                                                                                                                                                                                                                                                                                                                                                                                                                                                                                                                                                                                                                                                                                                                                                                                                                                                                                                                                                                                                                                                                                                                                                                                                                                                                                                                                                                                                                                                                                                                                                                                                                                                                                                                                                                                                                                                                                                                                                                                                                                                                                                                                                                                                                                                                                                                                                                                                                                                                                                                                                                                                                                                                                                                                                                                                                                                                                                                                                                                                                                                                                                                                                                                                                                                                                                                                                                                                                                                                                                                                                                                                                                                                                                                                                                                                                                                                                                                                                                                                                                                                                                                                                                                                                                                                                                                                                                                                                                                                                                                                                                                                                                                                                                                                                                                                                                                                                                                                                                                                                                                                                                                                                                                                                                                                                                                                                                                                                                                                                                                                                                                                                                                                                                                                                                                                                                                                                                                                                                                                                                                                                                                                                                                                                                                                                                                                                                                                                                                                                                                                                                                                                                                                                                                                                                                                                                                                                                                                                                                                                                                                                                                                                                                                                                                                                                                                                                                                                                                                                                                                                                                                                                                                                                                                                                                                                                                                                                                                                                                                                                                                                                                                                                                                                                                                                                                                                                                                                                                                                                                                                                                                                                                                                                                                                                                                                                                                                                                                                                                                                                                                                                                                                                                                                                                                                                                                                                                                                                                                                                                                                                                                                                                                                                                                                                                                                                                                                                                                                                                                                                                                                                                                                                                                                                                                                                                                                                                                                                                                                                                                                                                                                                                                                                                                                                                                                                                                                                                                                                                                                                                                                                                                                                                                                                                                                                                                                                                                                                                                                                                                                                                                                                                                                                                                                                                                                                                                                                                                                                                                                                                                                                                                                                                                                                                                                                                                                                                                                                                                                                                                                                                                                                                                                                                                                                                                                                                                                                                                                                                                                                                                                                                                                                                                                                                                                                                                                                                                                                                                                                                                                                                                                                                                                                                                                                                                                                                                                                                                                                                                                                                                                                                                                                                                                                                                                                                                                                                                                                                                                                                                                                                                                                                                                                                                                                                                                                                                                                                                                                                                                                                                                                                                                                                                                                                                                                                                                                                                                                                                                                                                                                                                                                                                                                                                                                                                                                                                                                                                                                                                                                                                                                                                                                                                                                                                                                                                                                                                                                                                                                                                                                                                                                                                                                                                                                                                                                                                                                                                                                                                                                                                                                                                                                                                                                                                                                                                                                                                                                                                                                                                                                                                                                                                                                                                                                                                                                                                                                                                                                                                                                                                                                                                                                                                                                                                                                                                                                                                                                                                                                                                                                                                                                                                                                                                                                                                                                                                                                                                                                                                                                                                                                                                                                                                                                                                                                                                                                                                                                                                                                                                                                                                                                                                                                                                                                                                                                                                                                                                                                                                                                                                                                                                                                                                                                                                                                                                                                                                                                                                                                                                                                                                                                                                                                                                                                                                                                                                                                                                                                                                                                                                                                                                                                                                                                                                                                                                                                                                                                                                                                                                                                                                                                                                                                                                                                                                                                                                                                                                                                                                                                                                                                                                                                                                                                                                                                                                                                                                                                                                                                                                                                                                                                                                                                                                                                                                                                                                                                                                                                                                                                                                                                                                                                                                                                                                                                                                                                                                                                                                                                                                                                                                                                                                                                                                                                                                                                                                                                                                                                                                                                                                                                                                                                                                                                                                                                                                                                                                                                                                                                                                                                                                                                                                                                                                                                                                                                                                                                                                                                                                                                                                                                                                                                                                                                                                                                                                                                                                                                                                                                                                                                                                                                                                                                                                                                                                                                                                                                                                                                                                                                                                                                                                                                                                                                                                                                                                                                                                                                                                                                                                                                                                                                                                                                                                                                                                                                                                                                                                                                                                                                                                                                                                                                                                                                                                                                                                                                                                                                                                                                                                                                                                                                                                                                                                                                                                                                                                                                                                                                                                                                                                                                                                                                                                                                                                                                                                                                                                                                                                                                                                                                                                                                                                                                                                                                                                                                                                                                                                                                                                                                                                                                                                                                                                                                                                                                                                                                                                                                                                                                                                                                                                                                                                                                                                                                                                                                                                                                                                                                                                                                                                                                                                                                                                                                                                                                                                                                                                                                                                                                                                                                                                                                                                                                                                                                                                                                                                                                                                                                                                                                                                                                                                                                                                                                                                                                                                                                                                                                                                                                                                                                                                                                                                                                                                                                                                                                                                                                                                                                                                                                                                                                                                                                                                                                                                                                                                                                                                                                                                                                                                                                                                                                                                                                                                                                                                                                                                                                                                                                                                                                                                                                                                                                                                                                                                                                                                                                                                                                                                                                                                                                                                                                                                                                                                                                                                                                                                                                                                                                                                                                                                                                                                                                                                                                                                                                                                                                                                                                                                                                                                                                                                                                                                                                                                                                                                                                                                                                                                                                                                                                                                                                                                                                                                                                                                                                                                                                                                                                                                                                                                                                                                                                                                                                                                                                                                                                                                                                                                                                                                                                                                                                                                                                                                                                                                                                                                                                                                                                                                                                                                                                                                                                                                                                                                                                                                                                                                                                                                                                                                                                                                                                                                                                                                                                                                                                                                                                                                                                                                                                                                                                                                                                                                                                                                                                                                                                                                                                                                                                                                                                                                                                                                                                                                                                                                                                                                                                                                                                                                                                                                                                                                                                                                                                                                                                                                                                                                                                                                                                                                                                                                                                                                                                                                                                                                                                                                                                                                                                                                                                                                                                                                                                                                                                                                                                                                                                                                                                                                                                                                                                                                                                                                                                                                                                                                                                                                                                                                                                                                                                                                                                                                                                                                                                                                                                                                                                                                                                                                                                                                                                                                                                                                                                                                                                                                                                                                                                                                                                                                                                                                                                                                                                                                                                                                                                                                                                                                                                                                                                                                                                                                                                                                                                                                                                                                                                                                                                                                                                                                                                                                                                                                                                                                                                                                                                                                                                                                                                                                                                                                                                                                                                                                                                                                                                                                                                                                                                                                                                                                                                                                                                                                                                                                                                                                                                                                                                                                                                                                                                                                                                                                                                                                                                                                                                                                                                                                                                                                                                                                                                                                                                                                                                                                                                                                                                                                                                                                                                                                                                                                                                                                                                                                                                                                                                                                                                                                                                                                                                                                                                                                                                                                                                                                                                                                                                                                                                                                                                                                                                                                                                                                                                                                                                                                                                                                                                                                                                                                                                                                                                                                                                                                                                                                                                                                                                                                                                                                                                                                                                                                                                                                                                                                                                                                                                                                                                                                                                                                                                                                                                                                                                                                                                                                                                                                                                                                                                                                                                                                                                                                                                                                                                                                                                                                                                                                                                                                                                                                                                                                                                                                                                                                                                                                                                                                                                                                                                                                                                                                                                                                                                                                                                                                                                                                                                                                                                                                                                                                                                                                                                                                                                                                                                                                                                                                                                                                                                                                                                                                                                                                                                                                                                                                                                                                                                                                                                                                                                                                                                                                                                                                                                                                                                                                                                                                                                                                                                                                                                                                                                                                                                                                                                                                                                                                                                                                                                                                                                                                                                                                                                                                                                                                                                                                                                                                                                                                                                                                                                                                                                                                                                                                                                                                                                                                                                                                                                                                                                                                                                                                                                                                                                                                                                                                                                                                                                                                                                                                                                                                                                                                                                                                                                                                                                                                                                                                                                                                                                                                                                                                                                                                                                                                                                                                                                                                                                                                                                                                                                                                                                                                                                                                                                                                                                                                                                                                                                                                                                                                                                                                                                                                                                                                                                                                                                                                                                                                                                                                                                                                                                                                                                                                                                                                                                                                                                                                                                                                                                                                                                                                                                                                                                                                                                                                                                                                                                                                                                                                                                                                                                                                                                                                                                                                                                                                                                                                                                                                                                                                                                                                                                                                                                                                                                                                                                                                                                                                                                                                                                                                                                                                                                                                                                                                                                                                                                                                                                                                                                                                                                                                                                                                                                                                                                                                                                                                                                                                                                                                                                                                                                                                                                                                                                                                                                                                                                                                                                                                                                                                                                                                                                                                                                                                                                                                                                                                                                                                                                                                                                                                                                                                                                                                                                                                                                                                                                                                                                                                                                                                                                                                                                                                                                                                                                                                                                                                                                                                                                                                                                                                                                                                                                                                                                                                                                                                                                                                                                                                                                                                                                                                                                                                                                                                                                                                                                                                                                                                                                                                                                                                                                                                                                                                                                                                                                                                                                                                                                                                                                                                                                                                                                                                                                                                                                                                                                                                                                                                                                                                                                                                                                                                                                                                                                                                                                                                                                                                                                                                                                                                                                                                                                                                                                                                                                                                                                                                                                                                                                                                                                                                                                                                                                                                                                                                                                                                                                                                                                                                                                                                                                                                                                                                                                                                                                                                                                                                                                                                                                                                                                                                                                                                                                                                                                                                                                                                                                                                                                                                                                                                                                                                                                                                                                                                                                                                                                                                                                                                                                                                                                                                                                                                                                                                                                                                                                                                                                                                                                                                                                                                                                                                                                                                                                                                                                                                                                                                                                                                                                                                                                                                                                                                                                                                                                                                                                                                                                                                                                                                                                                                                                                                                                                                                                                                                                                                                                                                                                                                                                                                                                                                                                                                                                                                                                                                                                                                                                                                                                                                                                                                                                                                                                                                                                                                                                                                                                                                                                                                                                                                                                                                                                                                                                                                                                                                                                                                                                                                                                                                                                                                                                                                                                                                                                                                                                                                                                                                                                                                                                                                                                                                                                                                                                                                                                                                                                                                                                                                                                                                                                                                                                                                                                                                                                                                                                                                                                                                                                                                                                                                                                                                                                                                                                                                                                                                                                                                                                                                                                                                                                                                                                                                                                                                                                                                                                                                                                                                                                                                                                                                                                                                                                                                                                                                                                                                                                                                                                                                                                                                                                                                                                                                                                                                                                                                                                                                                                                                                                                                                                                                                                                                                                                                                                                                                                                                                                                                                                                                                                                                                                                                                                                                                                                                                                                                                                                                                                                                                                                                                                                                                                                                                                                                                                                                                                                                                                                                                                                                                                                                                                                                                                                                                                                                                                                                                                                                                                                                                                                                                                                                                                                                                                                                                                                                                                                                                                                                                                                                                                                                                                                                                                                                                                                                                                                                                                                                                                                                                                                                                                                                                                                                                                                                                                                                                                                                                                                                                                                                                                                                                                                                                                                                                                                                                                                                                                                                                                                                                                                                                                                                                                                                                                                                                                                                                                                                                                                                                                                                                                                                                                                                                                                                                                                                                                                                                                                                                                                                                                                                                                                                                                                                                                                                                                                                                                                                                                                                                                                                                                                                                                                                                                                                                                                                                                                                                                                                                                                                                                                                                                                                                                                                                                                                                                                                                                                                                                                                                                                                                                                                                                                                                                                                                                                                                                                                                                                                                                                                                                                                                                                                                                                                                                                                                                                                                                                                                                                                                                                                                                                                                                                                                                                                                                                                                                                                                                                                                                                                                                                                                                                                                                                                                                                                                                                                                                                                                                                                                                                                                                                                                                                                                                                                                                                                                                                                                                                                                                                                                                                                                                                                                                                                                                                                                                                                                                                                                                                                                                                                                                                                                                                                                                                                                                                                                                                                                                                                                                                                                                                                                                                                                                                                                                                                                                                                                                                                                                                                                                                                                                                                                                                                                                                                                                                                                                                                                                                                                                                                                                                                                                                                                                                                                                                                                                                                                                                                                                                                                                                                                                                                                                                                                                                                                                                                                                                                                                                                                                                                                                                                                                                                                                                                                                                                                                                                                                                                                                                                                                                                                                                                                                                                                                                                                                                                                                                                                                                                                                                                                                                                                                                                                                                                                                                                                                                                                                                                                                                                                                                                                                                                                                                                                                                                                                                                                                                                                                                                                                                                                                                                                                                                                                                                                                                                                                                                                                                                                                                                                                                                                                                                                                                                                                                                                                                                                                                                                                                                                                                                                                                                                                                                                                                                                                                                                                                                                                                                                                                                                                                                                                                                                                                                                                                                                                                                                                                                                                                                                                                                                                                                                                                                                                                                                                                                                                                                                                                                                                                                                                                                                                                                                                                                                                                                                                                                                                                                                                                                                                                                                                                                                                                                                                                                                                                                                                                                                                                                                                                                                                                                                                                                                                                                                                                                                                                                                                                                                                                                                                                                                                                                                                                                                                                                                                                                                                                                                                                                                                                                                                                                                                                                                                                                                                                                                                                                                                                                                                                                                                                                                                                                                                                                                                                                                                                                                                                                                                                                                                                                                                                                                                                                                                                                                                                                                                                                                                                                                                                                                                                                                                                                                                                                                                                                                                                                                                                                                                                                                                                                                                                                                                                                                                                                                                                                                                                                                                                                                                                                                                                                                                                                                                                                                                                                                                                                                                                                                                                                                                                                                                                                                                                                                                                                                                                                                                                                                                                                                                                                                                                                                                                                                                                                                                                                                                                                                                                                                                                                                                                                                                                                                                                                                                                                                                                                                                                                                                                                                                                                                                                                                                                                                                                                                                                                                                                                                                                                                                                                                                                                                                                                                                                                                                                                                                                                                                                                                                                                                                                                                                                                                                                                                                                                                                                                                                                                                                                                                                                                                                                                                                                                                                                                                                                                                                                                                                                                                                                                                                                                                                                                                                                                                                                                                                                                                                                                                                                                                                                                                                                                                                                                                                                                                                                                                                                                                                                                                                                                                                                                                                                                                                                                                                                                                                                                                                                                                                                                                                                                                                                                                                                                                                                                                                                                                                                                                                                                                                                                                                                                                                                                                                                                                                                                                                                                                                                                                                                                                                                                                                                                                                                                                                                                                                                                                                                                                                                                                                                                                                                                                                                                                                                                                                                                                                                                                                                                                                                                                                                                                                                                                                                                                                                                                                                                                                                                                                                                                                                                                                                                                                                                                                                                                                                                                                                                                                                                                                                                                                                                                                                                                                                                                                                                                                                                                                                                                                                                                                                                                                                                                                                                                                                                                                                                                                                                                                                                                                                                                                                                                                                                                                                                                                                                                                                                                                                                                                                                                                                                                                                                                                                                                                                                                                                                                                                                                                                                                                                                                                                                                                                                                                                                                                                                                                                                                                                                                                                                                                                                                                                                                                                                                                                                                                                                                                                                                                                                                                                                                                                                                                                                                                                                                                                                                                                                                                                                                                                                                                                                                                                                                                                                                                                                                                                                                                                                                                                                                                                                                                                                                                                                                                                                                                                                                                                                                                                                                                                                                                                                                                                                                                                                                                                                                                                                                                                                                                                                                                                                                                                                                                                                                                                                                                                                                                                                                                                                                                             [31m[1m^[22m[39m[0m

'hidden' is not recognized as a valid pseudo-class. Did you mean '::hidden' (pseudo-element) or is this a typo?

Import trace:
  Client Component Browser:
    ./app/globals.css [Client Component Browser]
    ./app/layout.tsx [Server Component]


    at <unknown> (./app/globals.css:2:121917)
